=========================================
               VMC RUN LOG               
=========================================
Date and time             : 2026-08-31 00:34:31
-----------------------------------------
[ SYSTEM & MODELS ]
Hamiltonian               : LennardJonesHO
WF Train Type             : LJGaussian
WaveFunction              : LJGaussian
Solver                    : SwappingMH
useUmrigarDrift           : true
preferAnalytic            : true
numberOfThreads           : 4
-----------------------------------------
[ PHYSICAL PARAMETERS ]
dimensions (D)            : 3
particles (N)             : 4
kinetic_factor            : 0.1
min_dist                  : 0.1
max_radius                : 10
omega                     : 0.027951
omega_z                   : 0.027951
LJsigma                   : 1
LJenEps                   : 1
LJalpha                   : 0.4
LJGaussian_loc_Ken_method : 0
rep_a_factor              : 0.0043
rep_strength              : inf
maxStrength               : 1
pre-optimization params   : [ 16, 1.1, 1.1 ]
param-optimization mask   : [ true, true, true ]
use_jsonParams            : true
json params               : [ 4.8579, 5, 0 ]
-----------------------------------------
[ MONTE CARLO & OPTIMIZATION ENGINES ]
optimizer                 : NLOPT_NELDERMEAD
log_grads                 : false
time Step                 : 0.1
Equilibr. Steps           : 500000
optimizationMCsteps       : 8000000
Final MC Steps            : 2^27 (134217728)
NLOPT_tol                 : 1e-05
Adam_lr                   : 0.03
Adam_nSteps               : 120
Adam_min_improvement      : 0.0001
Adam_max_patience         : 40
NelderMead first guess    : + [ 0.5, 0.05, 0.05 ]
varOpt_weight             : 0.05
LJ_request_Ekin           : false
log_blocking              : true
-----------------------------------------
[ PARAMETER MESH ]
lower bounds              : [ 2, 1, 1 ]
upper bounds              : [ 3.5, 1.2, 1.2 ]
number of points          : [ 5, 5, 5 ]
Mesh MC Steps             : 2^23 (8388608)
-----------------------------------------
[ NEURAL NETWORK ]
Nhid                      : 12
Activation Func           : tanh
NN Learning Rate          : 0.1
Pretrain Steps            : 1000
Energy Steps              : 4000
Adiab Steps               : 1500
Adam_ktol                 : 0.99
max_patience              : 50
min_improvement           : 0.02
helpDecay                 : 0.05
-----------------------------------------
[ OBSERVABLES & MISC ]
Normalize by nParticles   : true
calc_normalized_PCF       : true
PCF reference params      : [ 4, 0, 0 ]
1bodyDens. Steps          : 15000000
1bodyDens. rMax           : 9
1bodyDens. nBins          : 150
Seed                      : 0
=========================================
Called toggles            : [ true, true, true, false ]
=========================================

Initial parameters: 16, 	1.1, 	1.1, 	
Optimal parameters: 15.360336, 	1.11559887, 	1.06971551, 	
VMC Optimization done (in 11291.5518 s).

FinalMC energy: 7.047120036e-02 +- 5.651817948e-06
Acceptance ratio: 9.032455608e-01
FinalMC done (in 95.0255497 s).

Blocking_0 energy: 7.044184837e-02 +- 2.365962291e-05
Blocking_1 energy: 7.044797771e-02 +- 2.179966786e-05
Blocking_2 energy: 7.048997354e-02 +- 1.866860712e-05
Blocking_3 energy: 7.050500182e-02 +- 1.946824421e-05
Final blocking energy: 7.047120036e-02 +- 1.049563213e-05
Blocking analysis done (in 3.48972559 s).

Spatial distribution done (in 30.1640907 s).

=========================================
