=========================================
               VMC RUN LOG               
=========================================
Date and time             : 2026-08-13 14:11:43
-----------------------------------------
[ SYSTEM & MODELS ]
Hamiltonian               : LennardJonesHO
WF Train Type             : EllipticGaussian
WaveFunction              : LJGaussian
Solver                    : SwappingMH
preferAnalytic            : true
-----------------------------------------
[ PHYSICAL PARAMETERS ]
dimensions (D)            : 3
particles (N)             : 2
min_dist                  : 1
max_radius                : 1e+06
omega                     : 0.111803
omega_z                   : 0.027951
LJsigma                   : 1
LJenEps                   : 1
LJalpha                   : 0.4
LJGaussian_loc_Ken_method : 0
rep_a_factor              : 0.01
rep_strength              : inf
maxStrength               : 1
pre-optimization params   : [ 4.5, 1, 1.1 ]
param-optimization mask   : [ true, false, true ]
use_jsonParams            : true
json params               : [ 6, 1, 1 ]
-----------------------------------------
[ MONTE CARLO & OPTIMIZATION ENGINES ]
optimizer                 : NLOPT
time Step                 : 0.1
Equilibr. Steps           : 200000
optimizationMCsteps       : 3000000
BFGS_tol                  : 1e-08
Adam_lr                   : 0.03
Adam_nSteps               : 100
Adam_min_improvement      : 0.01
Adam_max_patience         : 40
varOpt_weight             : 0
Final MC Steps            : 2^22 (4194304)
-----------------------------------------
[ PARAMETER MESH ]
lower bounds              : [ 2, 1, 0.8 ]
upper bounds              : [ 6, 1, 1.3 ]
number of points          : [ 9, 1, 9 ]
Mesh MC Steps             : 2^20 (1048576)
-----------------------------------------
[ NEURAL NETWORK ]
Nhid                      : 10
Activation Func           : tanh
NN Learning Rate          : 0.05
Pretrain Steps            : 200
Energy Steps              : 1100
Adiab Steps               : 100
Adam_ktol                 : 0.99
max_patience              : 80
min_improvement           : 0.02
helpDecay                 : 0.4
-----------------------------------------
[ OBSERVABLES & MISC ]
1bodyDens. Steps          : 10000000
1bodyDens. rMax           : 5.5
1bodyDens. nBins          : 100
Seed                      : 0
=========================================
Called toggles            : [ true, true, true, false ]
=========================================

Initial parameters: 4.5, 	1, 	1.1, 	
Optimal parameters: 4.49999847, 	1, 	1.10000203, 	
VMC Optimization done (in 14.7569867 s).

FinalMC energy: 1.613802090e-01 +- 1.263951569e-05
Acceptance ratio: 8.982887268e-01
FinalMC done (in 1.36120757 s).

Blocking_0 energy: 1.612682549e-01 +- 5.239136036e-05
Blocking_1 energy: 1.617476382e-01 +- 5.356939874e-05
Blocking_2 energy: 1.613107144e-01 +- 5.188755271e-05
Blocking_3 energy: 1.611942284e-01 +- 5.239768948e-05
Final blocking energy: 1.613802090e-01 +- 2.628256446e-05
Blocking analysis done (in 0.060547143 s).

One-body density done (in 5.74692064 s).

=========================================
