=========================================
               VMC RUN LOG               
=========================================
Date and time             : 2026-08-09 14:50:17
-----------------------------------------
[ SYSTEM & MODELS ]
Hamiltonian               : LennardJonesHO_noInteraction
WF Train Type             : EllipticGaussian
WaveFunction              : LJGaussian
Solver                    : MetropolisHastings
preferAnalytic            : true
-----------------------------------------
[ PHYSICAL PARAMETERS ]
dimensions (D)            : 3
particles (N)             : 2
min_dist                  : 1
max_radius                : 10000
omega                     : 1
omega_z                   : 2.8
LJsigma                   : 0.5
LJenEps                   : 5
LJalpha                   : 1
LJGaussian_loc_Ken_method : 0
rep_a_factor              : 0.05
rep_strength              : inf
maxStrength               : 1
pre-optimization params   : [ 1, 0, 5 ]
param-optimization mask   : [ true, false, false ]
-----------------------------------------
[ MONTE CARLO & OPTIMIZATION ENGINES ]
time Step                 : 0.15
Equilibr. Steps           : 10000
BFGS MC Steps             : 10000
BFGS_tol                  : 1e-05
Final MC Steps            : 2^23 (8388608)
-----------------------------------------
[ PARAMETER MESH ]
lower bounds              : [ 0.08, 0, 5 ]
upper bounds              : [ 2.1, 0, 5 ]
number of points          : [ 30, 1, 1 ]
Mesh MC Steps             : 2^18 (262144)
-----------------------------------------
[ NEURAL NETWORK ]
Nhid                      : 10
Activation Func           : tanh
Learning Rate             : 0.05
Pretrain Steps            : 200
Energy Steps              : 1100
Adiab Steps               : 100
Adam_ktol                 : 0.99
max_patience              : 80
min_improvement           : 0.02
helpDecay                 : 0.4
-----------------------------------------
[ OBSERVABLES & MISC ]
1bodyDens. Steps          : 100000
1bodyDens. rMax           : 3.5
1bodyDens. nBins          : 50
Seed                      : 0
=========================================

Initial parameters: 1, 	0, 	5, 	
Optimal parameters: 0.500274382, 	0, 	5, 	
VMC Optimization done (in 0.43609819 s).

FinalMC energy: 1.500000442e+00 +- 1.637887755e-07
Acceptance ratio: 9.264018536e-01
FinalMC done (in 3.66587684 s).

Blocking_0 energy: 1.500001575e+00 +- 8.770067574e-07
Blocking_1 energy: 1.500000553e+00 +- 8.651810359e-07
Blocking_2 energy: 1.499999915e+00 +- 8.601070439e-07
Blocking_3 energy: 1.499999723e+00 +- 8.685119742e-07
Final blocking energy: 1.500000442e+00 +- 4.338617474e-07
Blocking analysis done (in 0.115973215 s).

One-body density done (in 0.066128809 s).

Mesh plot done (in 3.84142876 s).

=========================================
