=========================================
               VMC RUN LOG               
=========================================
Date and time             : 2026-08-09 17:08:35
-----------------------------------------
[ SYSTEM & MODELS ]
Hamiltonian               : LennardJonesHO
WF Train Type             : EllipticGaussian
WaveFunction              : LJGaussian
Solver                    : MetropolisHastings
preferAnalytic            : true
-----------------------------------------
[ PHYSICAL PARAMETERS ]
dimensions (D)            : 3
particles (N)             : 2
min_dist                  : 1
max_radius                : 1e+06
omega                     : 0.111803
omega_z                   : 0.027951
LJsigma                   : 1
LJenEps                   : 1
LJalpha                   : 1
LJGaussian_loc_Ken_method : 0
rep_a_factor              : 0.05
rep_strength              : inf
maxStrength               : 1
pre-optimization params   : [ 4, 1, 5 ]
param-optimization mask   : [ true, true, false ]
-----------------------------------------
[ MONTE CARLO & OPTIMIZATION ENGINES ]
time Step                 : 0.15
Equilibr. Steps           : 10000
BFGS MC Steps             : 1000000
BFGS_tol                  : 1e-05
Final MC Steps            : 2^23 (8388608)
-----------------------------------------
[ PARAMETER MESH ]
lower bounds              : [ 3, 1.05, 5 ]
upper bounds              : [ 4, 1.2, 5 ]
number of points          : [ 10, 10, 1 ]
Mesh MC Steps             : 2^20 (1048576)
-----------------------------------------
[ NEURAL NETWORK ]
Nhid                      : 10
Activation Func           : tanh
Learning Rate             : 0.05
Pretrain Steps            : 200
Energy Steps              : 1100
Adiab Steps               : 100
Adam_ktol                 : 0.99
max_patience              : 80
min_improvement           : 0.02
helpDecay                 : 0.4
-----------------------------------------
[ OBSERVABLES & MISC ]
1bodyDens. Steps          : 500000
1bodyDens. rMax           : 4.5
1bodyDens. nBins          : 70
Seed                      : 0
=========================================

Initial parameters: 4, 	1, 	5, 	
Optimal parameters: 3.98059027, 	1.11262869, 	5, 	
VMC Optimization done (in 12.6485745 s).

FinalMC energy: 1.337088642e-01 +- 2.432374980e-05
Acceptance ratio: 9.871747494e-01
FinalMC done (in 2.96945589 s).

Blocking_0 energy: 1.337551765e-01 +- 1.993681843e-04
Blocking_1 energy: 1.333312340e-01 +- 1.187796028e-04
Blocking_2 energy: 1.336887947e-01 +- 2.747793603e-04
Blocking_3 energy: 1.340602515e-01 +- 6.455253057e-04
Final blocking energy: 1.337088642e-01 +- 1.847401696e-04
Blocking analysis done (in 0.12448113 s).

One-body density done (in 0.360812232 s).

Mesh plot done (in 40.4067646 s).

=========================================
