=========================================
               VMC RUN LOG               
=========================================
Date and time             : 2026-09-02 13:46:51
-----------------------------------------
[ SYSTEM & MODELS ]
Hamiltonian               : LennardJonesHO
WF Train Type             : LJGaussian
WaveFunction              : LJGaussian
Solver                    : SwappingMH
useUmrigarDrift           : true
preferAnalytic            : true
numberOfThreads           : 4
-----------------------------------------
[ PHYSICAL PARAMETERS ]
dimensions (D)            : 3
particles (N)             : 16
kinetic_factor            : 0.1
min_dist                  : 0.1
max_radius                : 10
omega                     : 0
omega_z                   : 0.027951
LJsigma                   : 1
LJenEps                   : 1
LJalpha                   : 0.4
LJGaussian_loc_Ken_method : 0
rep_a_factor              : 0.0043
rep_strength              : inf
maxStrength               : 1
pre-optimization params   : [ 9.0017, 1.1025, 1.0835 ]
param-optimization mask   : [ true, true, true ]
use_jsonParams            : true
json params               : [ 2, 1.123, 2.5 ]
-----------------------------------------
[ MONTE CARLO & OPTIMIZATION ENGINES ]
optimizer                 : Adam
log_grads                 : true
time Step                 : 0.1
Equilibr. Steps           : 500000
optimizationMCsteps       : 1000000
autoMCincr_wait           : 100
Final MC Steps            : 2^27 (134217728)
NLOPT_tol                 : 1e-05
Adam_lr                   : 0.03
Adam_nSteps               : 1000
Adam_min_improvement      : 0.0001
Adam_max_patience         : 300
NelderMead first guess    : + [ 0.5, 0.05, 0.05 ]
varOpt_weight             : 0.0005
LJ_request_Ekin           : false
log_blocking              : true
-----------------------------------------
[ PARAMETER MESH ]
lower bounds              : [ 1.8, 1, 1 ]
upper bounds              : [ 2.2, 1.25, 1.25 ]
number of points          : [ 4, 5, 5 ]
Mesh MC Steps             : 2^23 (8388608)
-----------------------------------------
[ NEURAL NETWORK ]
Nhid                      : 12
Activation Func           : tanh
NN Learning Rate          : 0.1
Pretrain Steps            : 1000
Energy Steps              : 4000
Adiab Steps               : 1500
Adam_ktol                 : 0.99
max_patience              : 50
min_improvement           : 0.02
helpDecay                 : 0.05
-----------------------------------------
[ OBSERVABLES & MISC ]
Normalize by nParticles   : true
calc_normalized_PCF       : true
PCF reference params      : [ 16, 0, 0 ]
1bodyDens. Steps          : 15000000
1bodyDens. rMax           : 9
1bodyDens. nBins          : 150
Seed                      : 0
=========================================
Called toggles            : [ true, true, true, false ]
=========================================

Initial parameters: 9.0017, 	1.1025, 	1.0835, 	
Optimal parameters: 11.6605971, 	1.10278142, 	1.08369159, 	
VMC Optimization done (in 5008.95558 s).

FinalMC energy: 3.195618350e-03 +- 4.180236792e-05
Acceptance ratio: 9.112698287e-01
FinalMC done (in 1211.64029 s).

Blocking_0 energy: 2.587898032e-03 +- 3.239464336e-04
Blocking_1 energy: 3.378733175e-03 +- 3.341096745e-04
Blocking_2 energy: 3.407577224e-03 +- 3.268421774e-04
Blocking_3 energy: 3.408264969e-03 +- 3.074079630e-04
Final blocking energy: 3.195618350e-03 +- 1.616121962e-04
Blocking analysis done (in 3.02674079 s).

Spatial distribution done (in 143.674964 s).

=========================================
