=========================================
               VMC RUN LOG               
=========================================
Date and time    : 2026-08-04 17:25:41
-----------------------------------------
[ SYSTEM & MODELS ]
Hamiltonian      : RepulsiveHO
WF Train Type    : EllipticGaussian
WaveFunction     : EllipticGaussian
Solver           : MetropolisHastings
preferAnalytic   : false
useCache         : false
-----------------------------------------
[ PHYSICAL PARAMETERS ]
dimensions (D)   : 3
particles (N)    : 2
omega            : 1
omega_z          : 2.8243
rep_a_factor     : 0.0043
rep_strength     : inf
maxStrength      : 1
-----------------------------------------
[ MONTE CARLO & OPTIMIZATION ]
time Step        : 0.15
Equilibr. Steps  : 10000
BFGS MC Steps    : 1000000
BFGS_tol         : 1e-05
Final MC Steps   : 2^16 (65536)
-----------------------------------------
[ NEURAL NETWORK ]
Nhid             : 12
Activation Func  : tanh
Learning Rate    : 0.05
Pretrain Steps   : 1000
Energy Steps     : 3000
Adiab Steps      : 1000
Adam_ktol        : 0.99
max_patience     : 80
min_improvement  : 0.02
helpDecay        : 0.4
-----------------------------------------
[ OBSERVABLES & MISC ]
1bodyDens. Steps : 5000000
1bodyDens. rMax  : 3.5
1bodyDens. nBins : 50
Seed             : 0
=========================================

Initial parameters: 0.6, 	2.9, 	
Optimal parameters: 0.493883639, 	2.88331692, 	
VMC Optimization done (in 7.34652714 s).

FinalMC energy: 4.823823195e+00 +- 1.156078926e-04
Acceptance ratio: 9.320373535e-01
FinalMC done (in 0.020022418 s).

Blocking_0 energy: 4.822807487e+00 +- 6.441682760e-04
Blocking_1 energy: 4.824023498e+00 +- 5.988032792e-04
Blocking_2 energy: 4.824100080e+00 +- 6.038006214e-04
Blocking_3 energy: 4.824361713e+00 +- 5.685819378e-04
Final blocking energy: 4.823823195e+00 +- 3.022187479e-04
Blocking analysis done (in 0.002355213 s).

One-body density done (in 1.60429739 s).

=========================================
