=========================================
               VMC RUN LOG               
=========================================
Date and time             : 2026-08-13 13:30:44
-----------------------------------------
[ SYSTEM & MODELS ]
Hamiltonian               : LennardJonesHO
WF Train Type             : EllipticGaussian
WaveFunction              : LJGaussian
Solver                    : SwappingMH
preferAnalytic            : true
-----------------------------------------
[ PHYSICAL PARAMETERS ]
dimensions (D)            : 3
particles (N)             : 2
min_dist                  : 1
max_radius                : 1e+06
omega                     : 0.111803
omega_z                   : 0.027951
LJsigma                   : 1
LJenEps                   : 1
LJalpha                   : 1
LJGaussian_loc_Ken_method : 0
rep_a_factor              : 0.01
rep_strength              : inf
maxStrength               : 1
pre-optimization params   : [ 4.2, 0.9, 0.9 ]
param-optimization mask   : [ true, true, true ]
use_jsonParams            : true
json params               : [ 6, 1, 1 ]
-----------------------------------------
[ MONTE CARLO & OPTIMIZATION ENGINES ]
optimizer                 : Adam
time Step                 : 0.1
Equilibr. Steps           : 200000
optimizationMCsteps       : 3000000
BFGS_tol                  : 1e-08
Adam_lr                   : 0.03
Adam_nSteps               : 100
Adam_min_improvement      : 0.01
Adam_max_patience         : 40
varOpt_weight             : 0
Final MC Steps            : 2^22 (4194304)
-----------------------------------------
[ PARAMETER MESH ]
lower bounds              : [ 2, 1, 0.5 ]
upper bounds              : [ 6, 1, 2 ]
number of points          : [ 10, 1, 10 ]
Mesh MC Steps             : 2^20 (1048576)
-----------------------------------------
[ NEURAL NETWORK ]
Nhid                      : 10
Activation Func           : tanh
NN Learning Rate          : 0.05
Pretrain Steps            : 200
Energy Steps              : 1100
Adiab Steps               : 100
Adam_ktol                 : 0.99
max_patience              : 80
min_improvement           : 0.02
helpDecay                 : 0.4
-----------------------------------------
[ OBSERVABLES & MISC ]
1bodyDens. Steps          : 10000000
1bodyDens. rMax           : 5.5
1bodyDens. nBins          : 100
Seed                      : 0
=========================================
Called toggles            : [ false, true, false, false ]
=========================================

FinalMC energy: 1.747440989e-01 +- 3.873064144e-05
Acceptance ratio: 9.040997028e-01
FinalMC done (in 1.21257336 s).

Blocking_0 energy: 1.745021498e-01 +- 2.387383718e-04
Blocking_1 energy: 1.743760069e-01 +- 2.418984794e-04
Blocking_2 energy: 1.729429492e-01 +- 2.387036302e-04
Blocking_3 energy: 1.771552897e-01 +- 2.501666800e-04
Final blocking energy: 1.747440989e-01 +- 1.212109925e-04
Blocking analysis done (in 0.061519529 s).

=========================================
