=========================================
               VMC RUN LOG               
=========================================
Date and time    : 2026-08-06 13:42:30
-----------------------------------------
[ SYSTEM & MODELS ]
Hamiltonian      : LennardJonesHO
WF Train Type    : EllipticGaussian
WaveFunction     : LJGaussian
Solver           : MetropolisHastings
preferAnalytic   : false
-----------------------------------------
[ PHYSICAL PARAMETERS ]
dimensions (D)   : 1
particles (N)    : 2
omega            : 1
omega_z          : 1
LJsigma          : 1
LJenEps          : 5
LJalpha          : 1
rep_a_factor     : 0.05
rep_strength     : inf
maxStrength      : 1
-----------------------------------------
[ MONTE CARLO & OPTIMIZATION ]
time Step        : 0.15
Equilibr. Steps  : 10000
BFGS MC Steps    : 1000000
BFGS_tol         : 1e-05
Final MC Steps   : 2^23 (8.38861e+06)
-----------------------------------------
[ NEURAL NETWORK ]
Nhid             : 10
Activation Func  : tanh
Learning Rate    : 0.05
Pretrain Steps   : 200
Energy Steps     : 1100
Adiab Steps      : 100
Adam_ktol        : 0.99
max_patience     : 80
min_improvement  : 0.02
helpDecay        : 0.4
-----------------------------------------
[ OBSERVABLES & MISC ]
1bodyDens. Steps : 100000
1bodyDens. rMax  : 3.5
1bodyDens. nBins : 50
Seed             : 0
=========================================

Initial parameters: 1, 	1, 	1, 	
Optimal parameters: 100, 	1, 	1, 	
VMC Optimization done (in 0.572315124 s).

FinalMC energy: 6.999901778e+12 +- 4.186080853e+09
Acceptance ratio: 7.481670380e-01
FinalMC done (in 2.44304212 s).

Blocking_0 energy: 1.374609566e+05 +- 3.549472204e+04
Blocking_1 energy: 9.236686886e+04 +- 2.270528570e+04
Blocking_2 energy: 2.799960658e+13 +- 2.910407298e+02
Blocking_3 energy: 2.969684133e+05 +- 2.017368789e+05
Final blocking energy: 6.999901778e+12 +- 5.152260323e+04
Blocking analysis done (in 0.116106261 s).

One-body density done (in 0.051716083 s).

=========================================
