=========================================
               VMC RUN LOG               
=========================================
Date and time             : 2026-09-04 21:58:51
-----------------------------------------
[ SYSTEM & MODELS ]
Hamiltonian               : LennardJonesHO
WF Train Type             : LJGaussian
WaveFunction              : LJGaussian
Solver                    : SwappingMH
enSamplerType             : Separate
useUmrigarDrift           : true
preferAnalytic            : true
numberOfThreads           : 4
-----------------------------------------
[ PHYSICAL PARAMETERS ]
dimensions (D)            : 3
particles (N)             : 6
kinetic_factor            : 0.1
min_dist                  : 0.1
max_radius                : 10
omega                     : 0.027951
omega_z                   : 0.027951
LJsigma                   : 1
LJenEps                   : 1
LJalpha                   : 0.4
LJGaussian_loc_Ken_method : 0
rep_a_factor              : 0.0043
rep_strength              : inf
maxStrength               : 1
pre-optimization params   : [ 4, 0, 1 ]
param-optimization mask   : [ true, false, true ]
use_jsonParams            : true
json params               : [ 13.716, 1.1108, 1.0646 ]
-----------------------------------------
[ MONTE CARLO & OPTIMIZATION ENGINES ]
optimizer                 : NLOPT_BFGS
log_grads                 : true
time Step                 : 0.1
Equilibr. Steps           : 500000
optimizationMCsteps       : 8000000
autoMCincr_wait           : 100
Final MC Steps            : 2^24 (16777216)
NLOPT_tol                 : 1e-05
Adam_lr                   : 0.03
Adam_nSteps               : 1000
Adam_min_improvement      : 0.0001
Adam_max_patience         : 300
NelderMead first guess    : + [ 0.5, 0.05, 0.05 ]
varOpt_weight             : 0.0005
LJ_request_Ekin           : false
log_blocking              : true
-----------------------------------------
[ PARAMETER MESH ]
lower bounds              : [ 2, 0, 0 ]
upper bounds              : [ 7, 0, 0 ]
number of points          : [ 5, 1, 1 ]
Mesh MC Steps             : 2^23 (8388608)
-----------------------------------------
[ NEURAL NETWORK ]
Nhid                      : 12
Activation Func           : tanh
NN Learning Rate          : 0.1
Pretrain Steps            : 1000
Energy Steps              : 4000
Adiab Steps               : 1500
Adam_ktol                 : 0.99
max_patience              : 50
min_improvement           : 0.02
helpDecay                 : 0.05
-----------------------------------------
[ OBSERVABLES & MISC ]
Normalize by nParticles   : true
calc_normalized_PCF       : true
PCF reference params      : [ 16, 0, 0 ]
1bodyDens. Steps          : 20000000
1bodyDens. rMax           : 9
1bodyDens. nBins          : 150
uncorrRefDraws            : 30000000
Seed                      : 0
=========================================
Called toggles            : [ false, true, false, false ]
=========================================

FinalMC energy: 9.642220889e-02 +- 2.562057983e-05
Acceptance ratio: 8.985594511e-01
Printing specials:
energies[0]:   9.6422208892808e-02
energies_var[0]:   1.1012801324090e-02
energies[1]:   1.1990684175627e-01
energies_var[1]:   1.7508518828830e-01
energies[2]:   4.9719835328442e-02
energies_var[2]:   2.5685207082502e-04
energies[3]:  -4.6472312495890e-02
energies_var[3]:   1.0391133838636e-01
energies[4]:  -2.6732155696017e-02
energies_var[4]:   7.0438972081409e-02
FinalMC done (in 29.279312902 s).

Blocking_0 energy: 9.640182276e-02 +- 1.279178437e-04
Blocking_1 energy: 9.651867872e-02 +- 1.079121936e-04
Blocking_2 energy: 9.624136632e-02 +- 1.301924311e-04
Blocking_3 energy: 9.652696777e-02 +- 1.066043668e-04
Final blocking energy: 9.642220889e-02 +- 5.933094491e-05
Blocking analysis done (in 0.337298455 s).

=========================================
