=========================================
               VMC RUN LOG               
=========================================
Date and time    : 2026-08-05 20:36:24
-----------------------------------------
[ SYSTEM & MODELS ]
Hamiltonian      : LennardJonesHO
WF Train Type    : EllipticGaussian
WaveFunction     : LJGaussian
Solver           : MetropolisHastings
preferAnalytic   : true
-----------------------------------------
[ PHYSICAL PARAMETERS ]
dimensions (D)   : 1
particles (N)    : 1
omega            : 1
omega_z          : 1
rep_a_factor     : 0.05
rep_strength     : inf
maxStrength      : 1
-----------------------------------------
[ MONTE CARLO & OPTIMIZATION ]
time Step        : 0.15
Equilibr. Steps  : 10000
BFGS MC Steps    : 500000
BFGS_tol         : 1e-05
Final MC Steps   : 2^20 (1.04858e+06)
-----------------------------------------
[ NEURAL NETWORK ]
Nhid             : 10
Activation Func  : tanh
Learning Rate    : 0.05
Pretrain Steps   : 200
Energy Steps     : 1100
Adiab Steps      : 100
Adam_ktol        : 0.99
max_patience     : 80
min_improvement  : 0.02
helpDecay        : 0.4
-----------------------------------------
[ OBSERVABLES & MISC ]
1bodyDens. Steps : 100000
1bodyDens. rMax  : 3.5
1bodyDens. nBins : 50
Seed             : 0
=========================================

Initial parameters: 0.5, 	3, 	
Optimal parameters: 1, 	2.99996617, 	
VMC Optimization done (in 1.29687146 s).

FinalMC energy: 2.249821943e-01 +- 3.447569302e-05
Acceptance ratio: 9.628610611e-01
FinalMC done (in 0.131615092 s).

Blocking_0 energy: 2.248270774e-01 +- 1.131692361e-04
Blocking_1 energy: 2.250683852e-01 +- 1.154662101e-04
Blocking_2 energy: 2.250805673e-01 +- 1.158428198e-04
Blocking_3 energy: 2.249527474e-01 +- 1.138921311e-04
Final blocking energy: 2.249821943e-01 +- 5.729894093e-05
Blocking analysis done (in 0.014821999 s).

One-body density done (in 0.033357198 s).

=========================================
