=========================================
               VMC RUN LOG               
=========================================
Date and time             : 2026-08-06 17:55:55
-----------------------------------------
[ SYSTEM & MODELS ]
Hamiltonian               : LennardJonesHO
WF Train Type             : EllipticGaussian
WaveFunction              : LJGaussian
Solver                    : MetropolisHastings
preferAnalytic            : true
-----------------------------------------
[ PHYSICAL PARAMETERS ]
dimensions (D)            : 1
particles (N)             : 2
omega                     : 1
omega_z                   : 1
LJsigma                   : 1
LJenEps                   : 5
LJalpha                   : 1
LJGaussian_loc_Ken_method : 0
rep_a_factor              : 0.05
rep_strength              : inf
maxStrength               : 1
pre-optimization params   : [ 1, 1, 5 ]
param-optimization mask   : [ false, true, false ]
-----------------------------------------
[ MONTE CARLO & OPTIMIZATION ENGINES ]
time Step                 : 0.15
Equilibr. Steps           : 10000
BFGS MC Steps             : 1000000
BFGS_tol                  : 1e-05
Final MC Steps            : 2^23 (8388608)
-----------------------------------------
[ NEURAL NETWORK ]
Nhid                      : 10
Activation Func           : tanh
Learning Rate             : 0.05
Pretrain Steps            : 200
Energy Steps              : 1100
Adiab Steps               : 100
Adam_ktol                 : 0.99
max_patience              : 80
min_improvement           : 0.02
helpDecay                 : 0.4
-----------------------------------------
[ OBSERVABLES & MISC ]
1bodyDens. Steps          : 100000
1bodyDens. rMax           : 3.5
1bodyDens. nBins          : 50
Seed                      : 0
=========================================

Initial parameters: 1, 	1, 	5, 	
Optimal parameters: 1, 	6250.9375, 	5, 	
VMC Optimization done (in 3.56002275 s).

FinalMC energy: nan +- nan
Acceptance ratio: 0.000000000e+00
FinalMC done (in 1.8491529 s).

Blocking_0 energy: -6.710467413e+29 +- 1.110848032e+19
Blocking_1 energy: -3.393230989e+31 +- 3.831797671e+20
Blocking_2 energy: nan +- 1.276877688e-161
Blocking_3 energy: -1.807801645e+29 +- 2.748268896e+18
Final blocking energy: nan +- 9.583765088e+19
Blocking analysis done (in 0.185514769 s).

One-body density done (in 0.043018192 s).

=========================================
