=========================================
               VMC RUN LOG               
=========================================
Date and time             : 2026-08-22 00:18:14
-----------------------------------------
[ SYSTEM & MODELS ]
Hamiltonian               : LennardJonesHO_noInteraction
WF Train Type             : LJGaussian
WaveFunction              : LJGaussian
Solver                    : SwappingMH
useUmrigarDrift           : true
preferAnalytic            : true
numberOfThreads           : 4
-----------------------------------------
[ PHYSICAL PARAMETERS ]
dimensions (D)            : 3
particles (N)             : 2
kinetic_factor            : 0.1
min_dist                  : 0.1
max_radius                : 10
omega                     : 0.111803
omega_z                   : 0.027951
LJsigma                   : 1
LJenEps                   : 1
LJalpha                   : 1
LJGaussian_loc_Ken_method : 0
rep_a_factor              : 0.0043
rep_strength              : inf
maxStrength               : 1
pre-optimization params   : [ 4, 0, 0 ]
param-optimization mask   : [ true, true, true ]
use_jsonParams            : true
json params               : [ 4, 0, 0 ]
-----------------------------------------
[ MONTE CARLO & OPTIMIZATION ENGINES ]
optimizer                 : NLOPT_NELDERMEAD
time Step                 : 0.1
Equilibr. Steps           : 1000
optimizationMCsteps       : 5000
NLOPT_tol                 : 1e-05
Adam_lr                   : 0.04
Adam_nSteps               : 50
Adam_min_improvement      : 0.01
Adam_max_patience         : 20
varOpt_weight             : 0.05
Final MC Steps            : 2^15 (32768)
-----------------------------------------
[ PARAMETER MESH ]
lower bounds              : [ 15, 0, 0.75 ]
upper bounds              : [ 23, 0, 1.25 ]
number of points          : [ 16, 1, 10 ]
Mesh MC Steps             : 2^23 (8388608)
-----------------------------------------
[ NEURAL NETWORK ]
Nhid                      : 5
Activation Func           : tanh
NN Learning Rate          : 0.05
Pretrain Steps            : 200
Energy Steps              : 300
Adiab Steps               : 100
Adam_ktol                 : 0.99
max_patience              : 50
min_improvement           : 0.02
helpDecay                 : 0.2
-----------------------------------------
[ OBSERVABLES & MISC ]
Normalize by nParticles   : 0
1bodyDens. Steps          : 10000000
1bodyDens. rMax           : 5.5
1bodyDens. nBins          : 100
Seed                      : 0
=========================================
Called toggles            : [ false, true, false, false ]
=========================================

FinalMC energy: 1.499994301e-01 +- 1.773613363e-09
Acceptance ratio: 9.993591309e-01
FinalMC done (in 0.02191501 s).

Blocking_0 energy: 1.499994978e-01 +- 4.121000159e-08
Blocking_1 energy: 1.499994046e-01 +- 4.169108413e-08
Blocking_2 energy: 1.499994374e-01 +- 2.827547623e-08
Blocking_3 energy: 1.499993808e-01 +- 3.025709149e-08
Final blocking energy: 1.499994301e-01 +- 1.794332200e-08
Blocking analysis done (in 0.0005836 s).

=========================================
