=========================================
               VMC RUN LOG               
=========================================
Date and time             : 2026-08-19 01:01:19
-----------------------------------------
[ SYSTEM & MODELS ]
Hamiltonian               : LennardJonesHO
WF Train Type             : EllipticGaussian
WaveFunction              : LJGaussian
Solver                    : SwappingMH
useUmrigarDrift           : true
preferAnalytic            : true
numberOfThreads           : 4
-----------------------------------------
[ PHYSICAL PARAMETERS ]
dimensions (D)            : 3
particles (N)             : 2
kinetic_factor            : 0.1
min_dist                  : 0.1
max_radius                : 10
omega                     : 0.027951
omega_z                   : 0.111803
LJsigma                   : 1
LJenEps                   : 1
LJalpha                   : 1
LJGaussian_loc_Ken_method : 0
rep_a_factor              : 0.0043
rep_strength              : inf
maxStrength               : 1
pre-optimization params   : [ 13.6, 0, 1.1 ]
param-optimization mask   : [ true, false, true ]
use_jsonParams            : true
json params               : [ 3.47841797, 0, 1.12333984 ]
-----------------------------------------
[ MONTE CARLO & OPTIMIZATION ENGINES ]
optimizer                 : NLOPT_NELDERMEAD
time Step                 : 0.1
Equilibr. Steps           : 500000
optimizationMCsteps       : 10000000
NLOPT_tol                 : 1e-05
Adam_lr                   : 0.04
Adam_nSteps               : 200
Adam_min_improvement      : 0.01
Adam_max_patience         : 20
varOpt_weight             : 0.05
Final MC Steps            : 2^27 (134217728)
-----------------------------------------
[ PARAMETER MESH ]
lower bounds              : [ 13, 0, 1.05 ]
upper bounds              : [ 15, 0, 1.15 ]
number of points          : [ 10, 1, 10 ]
Mesh MC Steps             : 2^25 (33554432)
-----------------------------------------
[ NEURAL NETWORK ]
Nhid                      : 10
Activation Func           : tanh
NN Learning Rate          : 0.05
Pretrain Steps            : 200
Energy Steps              : 1100
Adiab Steps               : 100
Adam_ktol                 : 0.99
max_patience              : 80
min_improvement           : 0.02
helpDecay                 : 0.4
-----------------------------------------
[ OBSERVABLES & MISC ]
1bodyDens. Steps          : 10000000
1bodyDens. rMax           : 5.5
1bodyDens. nBins          : 100
Seed                      : 0
=========================================
Called toggles            : [ true, true, true, true ]
=========================================

Initial parameters: 13.6, 	0, 	1.1, 	
Optimal parameters: 13.6017578, 	0, 	1.11289062, 	
VMC Optimization done (in 1558.08453 s).

FinalMC energy: 3.388872700e-02 +- 2.482306324e-06
Acceptance ratio: 9.003199488e-01
FinalMC done (in 53.0168719 s).

Blocking_0 energy: 3.389174421e-02 +- 6.965534242e-06
Blocking_1 energy: 3.389426224e-02 +- 7.084048971e-06
Blocking_2 energy: 3.388180141e-02 +- 7.025858413e-06
Blocking_3 energy: 3.388710013e-02 +- 7.322049776e-06
Final blocking energy: 3.388872700e-02 +- 3.550330235e-06
Blocking analysis done (in 2.12616856 s).

One-body density done (in 6.43675595 s).

Mesh plot done (in 1368.14759 s).

=========================================
