=========================================
               VMC RUN LOG               
=========================================
Date and time             : 2026-08-13 21:37:14
-----------------------------------------
[ SYSTEM & MODELS ]
Hamiltonian               : LennardJonesHO
WF Train Type             : EllipticGaussian
WaveFunction              : LJGaussian
Solver                    : SwappingMH
preferAnalytic            : true
-----------------------------------------
[ PHYSICAL PARAMETERS ]
dimensions (D)            : 3
particles (N)             : 2
min_dist                  : 0.01
max_radius                : 1e+06
omega                     : 0.111803
omega_z                   : 0.027951
LJsigma                   : 1
LJenEps                   : 1
LJalpha                   : 0.4
LJGaussian_loc_Ken_method : 0
rep_a_factor              : 0.01
rep_strength              : inf
maxStrength               : 1
pre-optimization params   : [ 3.65242879, 1, 0.941403151 ]
param-optimization mask   : [ true, true, true ]
use_jsonParams            : true
json params               : [ 3.98009743, 1.12619699, 5 ]
-----------------------------------------
[ MONTE CARLO & OPTIMIZATION ENGINES ]
optimizer                 : Adam
time Step                 : 0.1
Equilibr. Steps           : 200000
optimizationMCsteps       : 3000000
NLOPT_tol                 : 1e-05
Adam_lr                   : 0.005
Adam_nSteps               : 200
Adam_min_improvement      : 0.01
Adam_max_patience         : 40
varOpt_weight             : 0.05
Final MC Steps            : 2^27 (134217728)
-----------------------------------------
[ PARAMETER MESH ]
lower bounds              : [ 3.1, 1, 0.93 ]
upper bounds              : [ 4, 1, 1.2 ]
number of points          : [ 8, 1, 8 ]
Mesh MC Steps             : 2^21 (2097152)
-----------------------------------------
[ NEURAL NETWORK ]
Nhid                      : 10
Activation Func           : tanh
NN Learning Rate          : 0.05
Pretrain Steps            : 200
Energy Steps              : 1100
Adiab Steps               : 100
Adam_ktol                 : 0.99
max_patience              : 80
min_improvement           : 0.02
helpDecay                 : 0.4
-----------------------------------------
[ OBSERVABLES & MISC ]
1bodyDens. Steps          : 10000000
1bodyDens. rMax           : 5.5
1bodyDens. nBins          : 100
Seed                      : 0
=========================================
Called toggles            : [ true, true, true, true ]
=========================================

Initial parameters: 3.65242879, 	1, 	0.941403151, 	
Optimal parameters: 4.02780067, 	1, 	1.32024609, 	
VMC Optimization done (in 246.992921 s).

FinalMC energy: 1.668016805e-01 +- 4.008249237e-06
Acceptance ratio: 9.023269787e-01
FinalMC done (in 22.9411082 s).

Blocking_0 energy: 1.660328660e-01 +- 2.760860832e-05
Blocking_1 energy: 1.669392530e-01 +- 2.936894333e-05
Blocking_2 energy: 1.678753646e-01 +- 3.199054220e-05
Blocking_3 energy: 1.667265090e-01 +- 2.900254086e-05
Blocking_4 energy: 1.671585506e-01 +- 2.986827322e-05
Blocking_5 energy: 1.664631728e-01 +- 2.841353629e-05
Blocking_6 energy: 1.669913990e-01 +- 2.959419792e-05
Blocking_7 energy: 1.676300166e-01 +- 3.112828044e-05
Blocking_8 energy: 1.670936154e-01 +- 2.742182688e-05
Blocking_9 energy: 1.660778466e-01 +- 2.789741156e-05
Blocking_10 energy: 1.662097112e-01 +- 2.769376306e-05
Blocking_11 energy: 1.668167052e-01 +- 2.936840139e-05
Blocking_12 energy: 1.674566163e-01 +- 3.084434924e-05
Blocking_13 energy: 1.672785063e-01 +- 3.042507268e-05
Blocking_14 energy: 1.659977144e-01 +- 2.755948187e-05
Blocking_15 energy: 1.660790411e-01 +- 2.755655389e-05
Final blocking energy: 1.668016805e-01 +- 7.285784195e-06
Blocking analysis done (in 1.33349738 s).

One-body density done (in 3.7347791 s).

Mesh plot done (in 41.7119987 s).

=========================================
