=========================================
               VMC RUN LOG               
=========================================
Date and time    : 2026-08-05 19:51:55
-----------------------------------------
[ SYSTEM & MODELS ]
Hamiltonian      : HarmonicOscillator
WF Train Type    : EllipticGaussian
WaveFunction     : EllipticGaussian
Solver           : MetropolisHastings
preferAnalytic   : false
-----------------------------------------
[ PHYSICAL PARAMETERS ]
dimensions (D)   : 3
particles (N)    : 10
omega            : 1
omega_z          : 2.824
rep_a_factor     : 0.0043
rep_strength     : inf
maxStrength      : 1
-----------------------------------------
[ MONTE CARLO & OPTIMIZATION ]
time Step        : 0.15
Equilibr. Steps  : 10000
BFGS MC Steps    : 1000000
BFGS_tol         : 1e-05
Final MC Steps   : 2^20 (1.04858e+06)
-----------------------------------------
[ NEURAL NETWORK ]
Nhid             : 10
Activation Func  : tanh
Learning Rate    : 0.05
Pretrain Steps   : 200
Energy Steps     : 1100
Adiab Steps      : 100
Adam_ktol        : 0.99
max_patience     : 80
min_improvement  : 0.02
helpDecay        : 0.4
-----------------------------------------
[ OBSERVABLES & MISC ]
1bodyDens. Steps : 100000
1bodyDens. rMax  : 3.5
1bodyDens. nBins : 50
Seed             : 0
=========================================

Initial parameters: 0.5, 	2.82, 	
Optimal parameters: 0.499895069, 	0.999705011, 	
VMC Optimization done (in 26.8713549 s).

FinalMC energy: 1.500001339e+01 +- 1.273887783e-06
Acceptance ratio: 9.739398956e-01
FinalMC done (in 1.03597447 s).

Blocking_0 energy: 1.500001446e+01 +- 2.115928109e-05
Blocking_1 energy: 1.500003201e+01 +- 2.125608614e-05
Blocking_2 energy: 1.499999913e+01 +- 1.997939986e-05
Blocking_3 energy: 1.500000796e+01 +- 1.962951487e-05
Final blocking energy: 1.500001339e+01 +- 1.025923562e-05
Blocking analysis done (in 0.012905498 s).

One-body density done (in 0.098837787 s).

=========================================
