=========================================
               VMC RUN LOG               
=========================================
Date and time             : 2026-09-04 17:17:11
-----------------------------------------
[ SYSTEM & MODELS ]
Hamiltonian               : LennardJonesHO
WF Train Type             : LJGaussian
WaveFunction              : LJGaussian
Solver                    : SwappingMH
enSamplerType             : Separate
useUmrigarDrift           : true
preferAnalytic            : true
numberOfThreads           : 4
-----------------------------------------
[ PHYSICAL PARAMETERS ]
dimensions (D)            : 3
particles (N)             : 8
kinetic_factor            : 0.1
min_dist                  : 0.1
max_radius                : 10
omega                     : 0.111803
omega_z                   : 0.027951
LJsigma                   : 1
LJenEps                   : 1
LJalpha                   : 0.4
LJGaussian_loc_Ken_method : 0
rep_a_factor              : 0.0043
rep_strength              : inf
maxStrength               : 1
pre-optimization params   : [ 4, 0, 1 ]
param-optimization mask   : [ true, false, true ]
use_jsonParams            : true
json params               : [ 4.1691, 1.1196, 1.0768 ]
-----------------------------------------
[ MONTE CARLO & OPTIMIZATION ENGINES ]
optimizer                 : NLOPT_BFGS
log_grads                 : true
time Step                 : 0.1
Equilibr. Steps           : 500000
optimizationMCsteps       : 8000000
autoMCincr_wait           : 100
Final MC Steps            : 2^24 (16777216)
NLOPT_tol                 : 1e-05
Adam_lr                   : 0.03
Adam_nSteps               : 1000
Adam_min_improvement      : 0.0001
Adam_max_patience         : 300
NelderMead first guess    : + [ 0.5, 0.05, 0.05 ]
varOpt_weight             : 0.0005
LJ_request_Ekin           : false
log_blocking              : true
-----------------------------------------
[ PARAMETER MESH ]
lower bounds              : [ 2, 0, 0 ]
upper bounds              : [ 7, 0, 0 ]
number of points          : [ 5, 1, 1 ]
Mesh MC Steps             : 2^23 (8388608)
-----------------------------------------
[ NEURAL NETWORK ]
Nhid                      : 12
Activation Func           : tanh
NN Learning Rate          : 0.1
Pretrain Steps            : 1000
Energy Steps              : 4000
Adiab Steps               : 1500
Adam_ktol                 : 0.99
max_patience              : 50
min_improvement           : 0.02
helpDecay                 : 0.05
-----------------------------------------
[ OBSERVABLES & MISC ]
Normalize by nParticles   : true
calc_normalized_PCF       : true
PCF reference params      : [ 16, 0, 0 ]
1bodyDens. Steps          : 20000000
1bodyDens. rMax           : 9
1bodyDens. nBins          : 150
uncorrRefDraws            : 30000000
Seed                      : 0
=========================================
Called toggles            : [ false, true, false, false ]
=========================================

FinalMC energy: 5.551854555e-01 +- 8.699268272e-05
Acceptance ratio: 8.998259902e-01
Printing specials:
energies[0]:   5.5518545546810e-01
energies_var[0]:   1.2696538792632e-01
energies[1]:   7.7157191823787e-01
energies_var[1]:   1.7480928972553e+00
energies[2]:   3.7119152657743e-01
energies_var[2]:   7.9824997517704e-03
energies[3]:  -3.8849971037686e-01
energies_var[3]:   9.7831813440254e-01
energies[4]:  -1.9907827897034e-01
energies_var[4]:   5.0342797045297e-01
FinalMC done (in 46.623881686 s).

Blocking_0 energy: 5.549190073e-01 +- 5.046199237e-04
Blocking_1 energy: 5.555265464e-01 +- 5.084760980e-04
Blocking_2 energy: 5.545763906e-01 +- 5.338605917e-04
Blocking_3 energy: 5.557198776e-01 +- 4.940606065e-04
Final blocking energy: 5.551854555e-01 +- 2.552317848e-04
Blocking analysis done (in 0.376904974 s).

=========================================
