=========================================
               VMC RUN LOG               
=========================================
Date and time             : 2026-09-04 17:07:24
-----------------------------------------
[ SYSTEM & MODELS ]
Hamiltonian               : LennardJonesHO
WF Train Type             : LJGaussian
WaveFunction              : LJGaussian
Solver                    : SwappingMH
enSamplerType             : Separate
useUmrigarDrift           : true
preferAnalytic            : true
numberOfThreads           : 4
-----------------------------------------
[ PHYSICAL PARAMETERS ]
dimensions (D)            : 3
particles (N)             : 6
kinetic_factor            : 0.1
min_dist                  : 0.1
max_radius                : 10
omega                     : 0.111803
omega_z                   : 0.027951
LJsigma                   : 1
LJenEps                   : 1
LJalpha                   : 1
LJGaussian_loc_Ken_method : 0
rep_a_factor              : 0.0043
rep_strength              : inf
maxStrength               : 1
pre-optimization params   : [ 4, 0, 1 ]
param-optimization mask   : [ true, false, true ]
use_jsonParams            : true
json params               : [ 2.3881, 1.1263, 1.1246 ]
-----------------------------------------
[ MONTE CARLO & OPTIMIZATION ENGINES ]
optimizer                 : NLOPT_BFGS
log_grads                 : true
time Step                 : 0.1
Equilibr. Steps           : 500000
optimizationMCsteps       : 8000000
autoMCincr_wait           : 100
Final MC Steps            : 2^24 (16777216)
NLOPT_tol                 : 1e-05
Adam_lr                   : 0.03
Adam_nSteps               : 1000
Adam_min_improvement      : 0.0001
Adam_max_patience         : 300
NelderMead first guess    : + [ 0.5, 0.05, 0.05 ]
varOpt_weight             : 0.0005
LJ_request_Ekin           : false
log_blocking              : true
-----------------------------------------
[ PARAMETER MESH ]
lower bounds              : [ 2, 0, 0 ]
upper bounds              : [ 7, 0, 0 ]
number of points          : [ 5, 1, 1 ]
Mesh MC Steps             : 2^23 (8388608)
-----------------------------------------
[ NEURAL NETWORK ]
Nhid                      : 12
Activation Func           : tanh
NN Learning Rate          : 0.1
Pretrain Steps            : 1000
Energy Steps              : 4000
Adiab Steps               : 1500
Adam_ktol                 : 0.99
max_patience              : 50
min_improvement           : 0.02
helpDecay                 : 0.05
-----------------------------------------
[ OBSERVABLES & MISC ]
Normalize by nParticles   : true
calc_normalized_PCF       : true
PCF reference params      : [ 16, 0, 0 ]
1bodyDens. Steps          : 20000000
1bodyDens. rMax           : 9
1bodyDens. nBins          : 150
uncorrRefDraws            : 30000000
Seed                      : 0
=========================================
Called toggles            : [ false, true, false, false ]
=========================================

FinalMC energy: 1.739612897e-01 +- 5.654264619e-05
Acceptance ratio: 9.030076265e-01
Printing specials:
energies[0]:   1.7396128966027e-01
energies_var[0]:   5.3637948012069e-02
energies[1]:   9.1855074943275e-01
energies_var[1]:   2.2141260491115e+00
energies[2]:   1.7108742929090e-01
energies_var[2]:   1.9764754898250e-03
energies[3]:  -3.6630489201813e-01
energies_var[3]:   9.8509229305792e-01
energies[4]:  -5.4937199704525e-01
energies_var[4]:   1.5574436690624e+00
FinalMC done (in 27.383591313 s).

Blocking_0 energy: 1.738070735e-01 +- 3.840840647e-04
Blocking_1 energy: 1.746749256e-01 +- 4.051595207e-04
Blocking_2 energy: 1.732616753e-01 +- 3.760833533e-04
Blocking_3 energy: 1.741014843e-01 +- 3.830309652e-04
Final blocking energy: 1.739612897e-01 +- 1.936211208e-04
Blocking analysis done (in 0.311189025 s).

=========================================
