=========================================
               VMC RUN LOG               
=========================================
Date and time             : 2026-08-11 19:35:43
-----------------------------------------
[ SYSTEM & MODELS ]
Hamiltonian               : LennardJonesHO
WF Train Type             : EllipticGaussian
WaveFunction              : LJGaussian
Solver                    : SwappingMH
preferAnalytic            : true
-----------------------------------------
[ PHYSICAL PARAMETERS ]
dimensions (D)            : 3
particles (N)             : 2
min_dist                  : 1
max_radius                : 1e+06
omega                     : 0.111803
omega_z                   : 0.027951
LJsigma                   : 1
LJenEps                   : 1
LJalpha                   : 1
LJGaussian_loc_Ken_method : 0
rep_a_factor              : 0.01
rep_strength              : inf
maxStrength               : 1
pre-optimization params   : [ 4, 1, 5 ]
param-optimization mask   : [ true, true, false ]
use_jsonParams            : true
json params               : [ 3.98009743, 1.12619699, 5 ]
-----------------------------------------
[ MONTE CARLO & OPTIMIZATION ENGINES ]
time Step                 : 0.1
Equilibr. Steps           : 200000
BFGS MC Steps             : 10000000
BFGS_tol                  : 1e-05
BFGS_VarOpt_weight        : 0.05
Final MC Steps            : 2^24 (16777216)
-----------------------------------------
[ PARAMETER MESH ]
lower bounds              : [ 1.5, 0.95, 5 ]
upper bounds              : [ 4.5, 1.25, 5 ]
number of points          : [ 9, 9, 1 ]
Mesh MC Steps             : 2^21 (2097152)
-----------------------------------------
[ NEURAL NETWORK ]
Nhid                      : 10
Activation Func           : tanh
Learning Rate             : 0.05
Pretrain Steps            : 200
Energy Steps              : 1100
Adiab Steps               : 100
Adam_ktol                 : 0.99
max_patience              : 80
min_improvement           : 0.02
helpDecay                 : 0.4
-----------------------------------------
[ OBSERVABLES & MISC ]
1bodyDens. Steps          : 10000000
1bodyDens. rMax           : 5.5
1bodyDens. nBins          : 100
Seed                      : 0
=========================================
Called toggles            : [ true, true, true, true ]
=========================================

Initial parameters: 4, 	1, 	5, 	
Optimal parameters: 3.99435336, 	1.08817715, 	5, 	
VMC Optimization done (in 53.0470834 s).

FinalMC energy: 1.318914573e-01 +- 1.556536310e-05
Acceptance ratio: 8.996836543e-01
FinalMC done (in 5.92036807 s).

Blocking_0 energy: 1.321727684e-01 +- 4.999914707e-04
Blocking_1 energy: 1.314132783e-01 +- 2.449077608e-04
Blocking_2 energy: 1.320322706e-01 +- 9.142029325e-04
Blocking_3 energy: 1.319475117e-01 +- 2.555512531e-04
Final blocking energy: 1.318914573e-01 +- 2.751186933e-04
Blocking analysis done (in 0.280614815 s).

One-body density done (in 6.67884346 s).

Mesh plot done (in 75.888153 s).

=========================================
