=========================================
               VMC RUN LOG               
=========================================
Date and time             : 2026-08-18 19:58:04
-----------------------------------------
[ SYSTEM & MODELS ]
Hamiltonian               : LennardJonesHO
WF Train Type             : EllipticGaussian
WaveFunction              : LJGaussian
Solver                    : SwappingMH
useUmrigarDrift           : true
preferAnalytic            : true
numberOfThreads           : 4
-----------------------------------------
[ PHYSICAL PARAMETERS ]
dimensions (D)            : 3
particles (N)             : 2
kinetic_factor            : 0.1
min_dist                  : 0.1
max_radius                : 10
omega                     : 0.027951
omega_z                   : 0.111803
LJsigma                   : 1
LJenEps                   : 1
LJalpha                   : 1
LJGaussian_loc_Ken_method : 0
rep_a_factor              : 0.0043
rep_strength              : inf
maxStrength               : 1
pre-optimization params   : [ 14, 0, 1.1 ]
param-optimization mask   : [ true, false, true ]
use_jsonParams            : true
json params               : [ 3.47841797, 0, 1.12333984 ]
-----------------------------------------
[ MONTE CARLO & OPTIMIZATION ENGINES ]
optimizer                 : NLOPT_BFGS
time Step                 : 0.1
Equilibr. Steps           : 500000
optimizationMCsteps       : 10000000
NLOPT_tol                 : 1e-05
Adam_lr                   : 0.02
Adam_nSteps               : 400
Adam_min_improvement      : 0.01
Adam_max_patience         : 20
varOpt_weight             : 0.05
Final MC Steps            : 2^27 (134217728)
-----------------------------------------
[ PARAMETER MESH ]
lower bounds              : [ 11, 0, 0.9 ]
upper bounds              : [ 16, 0, 1.2 ]
number of points          : [ 10, 1, 9 ]
Mesh MC Steps             : 2^24 (16777216)
-----------------------------------------
[ NEURAL NETWORK ]
Nhid                      : 10
Activation Func           : tanh
NN Learning Rate          : 0.05
Pretrain Steps            : 200
Energy Steps              : 1100
Adiab Steps               : 100
Adam_ktol                 : 0.99
max_patience              : 80
min_improvement           : 0.02
helpDecay                 : 0.4
-----------------------------------------
[ OBSERVABLES & MISC ]
1bodyDens. Steps          : 10000000
1bodyDens. rMax           : 5.5
1bodyDens. nBins          : 100
Seed                      : 0
=========================================
Called toggles            : [ true, true, true, true ]
=========================================

Initial parameters: 14, 	0, 	1.1, 	
Optimal parameters: 13.9997696, 	0, 	1.10410024, 	
VMC Optimization done (in 461.605504 s).

FinalMC energy: 3.386231703e-02 +- 3.349409872e-06
Acceptance ratio: 9.009143263e-01
FinalMC done (in 59.0301613 s).

Blocking_0 energy: 3.385659260e-02 +- 8.301840018e-06
Blocking_1 energy: 3.385916485e-02 +- 9.478713673e-06
Blocking_2 energy: 3.387216605e-02 +- 8.532028639e-06
Blocking_3 energy: 3.386134462e-02 +- 8.579962961e-06
Final blocking energy: 3.386231703e-02 +- 4.367334983e-06
Blocking analysis done (in 2.21608111 s).

One-body density done (in 6.54387557 s).

Mesh plot done (in 675.05611 s).

=========================================
