=========================================
               VMC RUN LOG               
=========================================
Date and time    : 2026-08-05 19:53:58
-----------------------------------------
[ SYSTEM & MODELS ]
Hamiltonian      : HarmonicOscillator
WF Train Type    : EllipticGaussian
WaveFunction     : EllipticGaussian
Solver           : MetropolisHastings
preferAnalytic   : true
-----------------------------------------
[ PHYSICAL PARAMETERS ]
dimensions (D)   : 3
particles (N)    : 10
omega            : 1
omega_z          : 2.824
rep_a_factor     : 0.0043
rep_strength     : inf
maxStrength      : 1
-----------------------------------------
[ MONTE CARLO & OPTIMIZATION ]
time Step        : 0.15
Equilibr. Steps  : 10000
BFGS MC Steps    : 1000000
BFGS_tol         : 1e-05
Final MC Steps   : 2^20 (1.04858e+06)
-----------------------------------------
[ NEURAL NETWORK ]
Nhid             : 10
Activation Func  : tanh
Learning Rate    : 0.05
Pretrain Steps   : 200
Energy Steps     : 1100
Adiab Steps      : 100
Adam_ktol        : 0.99
max_patience     : 80
min_improvement  : 0.02
helpDecay        : 0.4
-----------------------------------------
[ OBSERVABLES & MISC ]
1bodyDens. Steps : 100000
1bodyDens. rMax  : 3.5
1bodyDens. nBins : 50
Seed             : 0
=========================================

Initial parameters: 0.5, 	2.82, 	
Optimal parameters: 0.500020301, 	0.999994646, 	
VMC Optimization done (in 7.96451014 s).

FinalMC energy: 1.500000071e+01 +- 1.446219772e-07
Acceptance ratio: 9.739952087e-01
FinalMC done (in 0.175246165 s).

Blocking_0 energy: 1.500000259e+01 +- 2.410273118e-06
Blocking_1 energy: 1.499999627e+01 +- 2.274945751e-06
Blocking_2 energy: 1.500000266e+01 +- 2.159218846e-06
Blocking_3 energy: 1.500000133e+01 +- 2.183829224e-06
Final blocking energy: 1.500000071e+01 +- 1.129605318e-06
Blocking analysis done (in 0.014842106 s).

One-body density done (in 0.049254418 s).

=========================================
