=========================================
               VMC RUN LOG               
=========================================
Date and time             : 2026-08-18 16:20:31
-----------------------------------------
[ SYSTEM & MODELS ]
Hamiltonian               : LennardJonesHO
WF Train Type             : EllipticGaussian
WaveFunction              : LJGaussian
Solver                    : SwappingMH
useUmrigarDrift           : true
preferAnalytic            : true
numberOfThreads           : 16
-----------------------------------------
[ PHYSICAL PARAMETERS ]
dimensions (D)            : 3
particles (N)             : 2
kinetic_factor            : 0.1
min_dist                  : 0.1
max_radius                : 10
omega                     : 0.111803
omega_z                   : 0.027951
LJsigma                   : 1
LJenEps                   : 1
LJalpha                   : 0.05
LJGaussian_loc_Ken_method : 0
rep_a_factor              : 0.0043
rep_strength              : inf
maxStrength               : 1
pre-optimization params   : [ 4.6, 0, 1 ]
param-optimization mask   : [ true, false, true ]
use_jsonParams            : true
json params               : [ 4.6, 0, 1.01 ]
-----------------------------------------
[ MONTE CARLO & OPTIMIZATION ENGINES ]
optimizer                 : NLOPT_NELDERMEAD
time Step                 : 0.1
Equilibr. Steps           : 500000
optimizationMCsteps       : 8000000
NLOPT_tol                 : 1e-05
Adam_lr                   : 0.01
Adam_nSteps               : 120
Adam_min_improvement      : 0.01
Adam_max_patience         : 20
varOpt_weight             : 0.05
Final MC Steps            : 2^27 (134217728)
-----------------------------------------
[ PARAMETER MESH ]
lower bounds              : [ 3, 0, 0.8 ]
upper bounds              : [ 5, 0, 1.5 ]
number of points          : [ 10, 1, 10 ]
Mesh MC Steps             : 2^23 (8388608)
-----------------------------------------
[ NEURAL NETWORK ]
Nhid                      : 10
Activation Func           : tanh
NN Learning Rate          : 0.05
Pretrain Steps            : 200
Energy Steps              : 1100
Adiab Steps               : 100
Adam_ktol                 : 0.99
max_patience              : 80
min_improvement           : 0.02
helpDecay                 : 0.4
-----------------------------------------
[ OBSERVABLES & MISC ]
1bodyDens. Steps          : 10000000
1bodyDens. rMax           : 5.5
1bodyDens. nBins          : 100
Seed                      : 0
=========================================
Called toggles            : [ true, true, true, true ]
=========================================

Initial parameters: 4.6, 	0, 	1, 	
Optimal parameters: 4.6, 	0, 	0.95, 	
VMC Optimization done (in 257.130629 s).

FinalMC energy: 1.687130155e-01 +- 1.591321951e-05
Acceptance ratio: 9.015570059e-01
FinalMC done (in 28.1357433 s).

Blocking_0 energy: 1.686159978e-01 +- 8.265478649e-05
Blocking_1 energy: 1.686946600e-01 +- 7.708793635e-05
Blocking_2 energy: 1.687957636e-01 +- 7.840832641e-05
Blocking_3 energy: 1.686011531e-01 +- 7.979296563e-05
Blocking_4 energy: 1.686631209e-01 +- 7.608304702e-05
Blocking_5 energy: 1.686867799e-01 +- 7.806639270e-05
Blocking_6 energy: 1.687794039e-01 +- 8.205129097e-05
Blocking_7 energy: 1.687353522e-01 +- 7.877637764e-05
Blocking_8 energy: 1.687579083e-01 +- 7.535089280e-05
Blocking_9 energy: 1.685869154e-01 +- 7.792310902e-05
Blocking_10 energy: 1.688110082e-01 +- 8.376236817e-05
Blocking_11 energy: 1.687284184e-01 +- 7.533363010e-05
Blocking_12 energy: 1.688195507e-01 +- 7.523691112e-05
Blocking_13 energy: 1.687020258e-01 +- 7.438075060e-05
Blocking_14 energy: 1.687297967e-01 +- 7.762021513e-05
Blocking_15 energy: 1.687003930e-01 +- 7.922108518e-05
Final blocking energy: 1.687130155e-01 +- 1.957011588e-05
Blocking analysis done (in 1.20021406 s).

One-body density done (in 3.87327129 s).

Mesh plot done (in 284.06603 s).

=========================================
