=========================================
               VMC RUN LOG               
=========================================
Date and time             : 2026-08-09 13:21:52
-----------------------------------------
[ SYSTEM & MODELS ]
Hamiltonian               : LennardJonesHO
WF Train Type             : EllipticGaussian
WaveFunction              : LJGaussian
Solver                    : MetropolisHastings
preferAnalytic            : true
-----------------------------------------
[ PHYSICAL PARAMETERS ]
dimensions (D)            : 3
particles (N)             : 10
omega                     : 1
omega_z                   : 2.8
LJsigma                   : 0.5
LJenEps                   : 5
LJalpha                   : 1
LJGaussian_loc_Ken_method : 0
rep_a_factor              : 0.05
rep_strength              : inf
maxStrength               : 1
pre-optimization params   : [ 2, 0.5, 5 ]
param-optimization mask   : [ false, true, false ]
-----------------------------------------
[ MONTE CARLO & OPTIMIZATION ENGINES ]
time Step                 : 0.15
Equilibr. Steps           : 10000
BFGS MC Steps             : 10000
BFGS_tol                  : 1e-05
Final MC Steps            : 2^23 (8388608)
-----------------------------------------
[ NEURAL NETWORK ]
Nhid                      : 10
Activation Func           : tanh
Learning Rate             : 0.05
Pretrain Steps            : 200
Energy Steps              : 1100
Adiab Steps               : 100
Adam_ktol                 : 0.99
max_patience              : 80
min_improvement           : 0.02
helpDecay                 : 0.4
-----------------------------------------
[ OBSERVABLES & MISC ]
1bodyDens. Steps          : 100000
1bodyDens. rMax           : 3.5
1bodyDens. nBins          : 50
Seed                      : 0
=========================================

FinalMC energy: 1.610512773e+01 +- 3.766339046e-03
Acceptance ratio: 9.048221111e-01
FinalMC done (in 38.3298185 s).

Blocking_0 energy: 1.599056635e+01 +- 1.165541528e-01
Blocking_1 energy: 1.609900958e+01 +- 3.500395404e-01
Blocking_2 energy: 1.658077185e+01 +- 5.340577059e-01
Blocking_3 energy: 1.575016313e+01 +- 9.013162626e-02
Final blocking energy: 1.610512773e+01 +- 1.638318295e-01
Blocking analysis done (in 0.117465077 s).

One-body density done (in 0.478587604 s).

Mesh plot done (in 14.0056634 s).

=========================================
