=========================================
               VMC RUN LOG               
=========================================
Date and time             : 2026-08-09 14:21:39
-----------------------------------------
[ SYSTEM & MODELS ]
Hamiltonian               : LennardJonesHO_noInteraction
WF Train Type             : EllipticGaussian
WaveFunction              : LJGaussian
Solver                    : MetropolisHastings
preferAnalytic            : true
-----------------------------------------
[ PHYSICAL PARAMETERS ]
dimensions (D)            : 3
particles (N)             : 2
min_dist                  : 1
max_radius                : 10000
omega                     : 1
omega_z                   : 2.8
LJsigma                   : 0.5
LJenEps                   : 5
LJalpha                   : 1
LJGaussian_loc_Ken_method : 0
rep_a_factor              : 0.05
rep_strength              : inf
maxStrength               : 1
pre-optimization params   : [ 1, 0, 5 ]
param-optimization mask   : [ true, false, false ]
-----------------------------------------
[ MONTE CARLO & OPTIMIZATION ENGINES ]
time Step                 : 0.15
Equilibr. Steps           : 10000
BFGS MC Steps             : 10000
BFGS_tol                  : 1e-05
Final MC Steps            : 2^23 (8388608)
-----------------------------------------
[ PARAMETER MESH ]
lower bounds              : [ 1, 0.1, 5 ]
upper bounds              : [ 1, 10, 5 ]
number of points          : [ 1, 10, 1 ]
Mesh MC Steps             : 2^17 (131072)
-----------------------------------------
[ NEURAL NETWORK ]
Nhid                      : 10
Activation Func           : tanh
Learning Rate             : 0.05
Pretrain Steps            : 200
Energy Steps              : 1100
Adiab Steps               : 100
Adam_ktol                 : 0.99
max_patience              : 80
min_improvement           : 0.02
helpDecay                 : 0.4
-----------------------------------------
[ OBSERVABLES & MISC ]
1bodyDens. Steps          : 100000
1bodyDens. rMax           : 3.5
1bodyDens. nBins          : 50
Seed                      : 0
=========================================

Initial parameters: 1, 	0, 	5, 	
Optimal parameters: 0.001, 	0, 	5, 	
VMC Optimization done (in 0.191149201 s).

FinalMC energy: -2.757371595e+05 +- 2.249875885e+01
Acceptance ratio: 0.000000000e+00
FinalMC done (in 3.6067915 s).

Blocking_0 energy: -3.108985057e+05 +- 3.417466360e-06
Blocking_1 energy: -2.547337004e+05 +- 3.373279469e-07
Blocking_2 energy: -3.558573236e+05 +- 4.487839760e-06
Blocking_3 energy: -1.814591085e+05 +- 3.768363968e-06
Final blocking energy: -2.757371595e+05 +- 1.698052914e-06
Blocking analysis done (in 0.11439824 s).

One-body density done (in 0.066895165 s).

Mesh plot done (in 0.54768821 s).

=========================================
