=========================================
               VMC RUN LOG               
=========================================
Date and time             : 2026-08-09 15:22:43
-----------------------------------------
[ SYSTEM & MODELS ]
Hamiltonian               : LennardJonesHO
WF Train Type             : EllipticGaussian
WaveFunction              : LJGaussian
Solver                    : MetropolisHastings
preferAnalytic            : true
-----------------------------------------
[ PHYSICAL PARAMETERS ]
dimensions (D)            : 3
particles (N)             : 2
min_dist                  : 1
max_radius                : 10000
omega                     : 1
omega_z                   : 2.8
LJsigma                   : 0.5
LJenEps                   : 5
LJalpha                   : 1
LJGaussian_loc_Ken_method : 0
rep_a_factor              : 0.05
rep_strength              : inf
maxStrength               : 1
pre-optimization params   : [ 1, 0.5, 5 ]
param-optimization mask   : [ true, false, false ]
-----------------------------------------
[ MONTE CARLO & OPTIMIZATION ENGINES ]
time Step                 : 0.15
Equilibr. Steps           : 10000
BFGS MC Steps             : 1000000
BFGS_tol                  : 1e-05
Final MC Steps            : 2^23 (8388608)
-----------------------------------------
[ PARAMETER MESH ]
lower bounds              : [ 0.4, 0.5, 5 ]
upper bounds              : [ 0.6, 0.5, 5 ]
number of points          : [ 30, 1, 1 ]
Mesh MC Steps             : 2^21 (2097152)
-----------------------------------------
[ NEURAL NETWORK ]
Nhid                      : 10
Activation Func           : tanh
Learning Rate             : 0.05
Pretrain Steps            : 200
Energy Steps              : 1100
Adiab Steps               : 100
Adam_ktol                 : 0.99
max_patience              : 80
min_improvement           : 0.02
helpDecay                 : 0.4
-----------------------------------------
[ OBSERVABLES & MISC ]
1bodyDens. Steps          : 100000
1bodyDens. rMax           : 3.5
1bodyDens. nBins          : 50
Seed                      : 0
=========================================

Initial parameters: 1, 	0.5, 	5, 	
Optimal parameters: 0.400009558, 	0.5, 	5, 	
VMC Optimization done (in 3.17291152 s).

FinalMC energy: 1.531989825e+00 +- 1.564862855e-03
Acceptance ratio: 8.075925112e-01
FinalMC done (in 2.8894794 s).

Blocking_0 energy: 1.506692206e+00 +- 3.897656580e-02
Blocking_1 energy: 1.457058141e+00 +- 1.734061267e-02
Blocking_2 energy: 1.593398193e+00 +- 9.061946175e-02
Blocking_3 energy: 1.570810759e+00 +- 7.786796146e-02
Final blocking energy: 1.531989825e+00 +- 3.171669099e-02
Blocking analysis done (in 0.125469207 s).

One-body density done (in 0.077735701 s).

Mesh plot done (in 22.8375775 s).

=========================================
