=========================================
               VMC RUN LOG               
=========================================
Date and time             : 2026-08-21 09:23:58
-----------------------------------------
[ SYSTEM & MODELS ]
Hamiltonian               : LennardJonesHO
WF Train Type             : EllipticGaussian
WaveFunction              : LJGaussian
Solver                    : SwappingMH
useUmrigarDrift           : true
preferAnalytic            : true
numberOfThreads           : 4
-----------------------------------------
[ PHYSICAL PARAMETERS ]
dimensions (D)            : 3
particles (N)             : 8
kinetic_factor            : 0.1
min_dist                  : 0.1
max_radius                : 10
omega                     : 0.027951
omega_z                   : 0.111803
LJsigma                   : 1
LJenEps                   : 1
LJalpha                   : 0.4
LJGaussian_loc_Ken_method : 0
rep_a_factor              : 0.0043
rep_strength              : inf
maxStrength               : 1
pre-optimization params   : [ 16, 1, 1 ]
param-optimization mask   : [ true, true, true ]
use_jsonParams            : true
json params               : [ 8, 1.16283293, 1.16611027 ]
-----------------------------------------
[ MONTE CARLO & OPTIMIZATION ENGINES ]
optimizer                 : NLOPT_NELDERMEAD
time Step                 : 0.1
Equilibr. Steps           : 500000
optimizationMCsteps       : 8000000
NLOPT_tol                 : 1e-05
Adam_lr                   : 0.04
Adam_nSteps               : 200
Adam_min_improvement      : 0.01
Adam_max_patience         : 20
varOpt_weight             : 0.05
Final MC Steps            : 2^27 (134217728)
-----------------------------------------
[ PARAMETER MESH ]
lower bounds              : [ 10, 1, 1 ]
upper bounds              : [ 17, 1.3, 1.3 ]
number of points          : [ 14, 5, 5 ]
Mesh MC Steps             : 2^23 (8388608)
-----------------------------------------
[ NEURAL NETWORK ]
Nhid                      : 10
Activation Func           : tanh
NN Learning Rate          : 0.05
Pretrain Steps            : 200
Energy Steps              : 1100
Adiab Steps               : 100
Adam_ktol                 : 0.99
max_patience              : 80
min_improvement           : 0.02
helpDecay                 : 0.4
-----------------------------------------
[ OBSERVABLES & MISC ]
1bodyDens. Steps          : 10000000
1bodyDens. rMax           : 5.5
1bodyDens. nBins          : 100
Seed                      : 0
=========================================
Called toggles            : [ true, true, true, true ]
=========================================

Initial parameters: 16, 	1, 	1, 	
Optimal parameters: 11.9615443, 	1.11541896, 	1.06513965, 	
VMC Optimization done (in 9680.61675 s).

FinalMC energy: 1.150808916e-01 +- 1.320756899e-05
Acceptance ratio: 8.990713581e-01
FinalMC done (in 329.590028 s).

Blocking_0 energy: 1.150246997e-01 +- 7.340965686e-05
Blocking_1 energy: 1.152073917e-01 +- 7.287848228e-05
Blocking_2 energy: 1.149668638e-01 +- 7.386670047e-05
Blocking_3 energy: 1.151246114e-01 +- 7.304492729e-05
Final blocking energy: 1.150808916e-01 +- 3.665046192e-05
Blocking analysis done (in 3.01797762 s).

One-body density done (in 18.644481 s).

Mesh plot done (in 7433.21125 s).

=========================================
