=========================================
               VMC RUN LOG               
=========================================
Date and time             : 2026-08-08 13:42:27
-----------------------------------------
[ SYSTEM & MODELS ]
Hamiltonian               : RepulsiveHO
WF Train Type             : EllipticGaussian
WaveFunction              : EllipticGaussian
Solver                    : MetropolisHastings
preferAnalytic            : true
-----------------------------------------
[ PHYSICAL PARAMETERS ]
dimensions (D)            : 1
particles (N)             : 1
omega                     : 1
omega_z                   : 2.8
LJsigma                   : 1
LJenEps                   : 5
LJalpha                   : 1
LJGaussian_loc_Ken_method : 0
rep_a_factor              : 0.05
rep_strength              : inf
maxStrength               : 1
pre-optimization params   : [ 0.4, 2.75 ]
param-optimization mask   : [ true, true ]
-----------------------------------------
[ MONTE CARLO & OPTIMIZATION ENGINES ]
time Step                 : 0.15
Equilibr. Steps           : 10000
BFGS MC Steps             : 1000000
BFGS_tol                  : 1e-05
Final MC Steps            : 2^23 (8388608)
-----------------------------------------
[ NEURAL NETWORK ]
Nhid                      : 10
Activation Func           : tanh
Learning Rate             : 0.05
Pretrain Steps            : 200
Energy Steps              : 1100
Adiab Steps               : 100
Adam_ktol                 : 0.99
max_patience              : 80
min_improvement           : 0.02
helpDecay                 : 0.4
-----------------------------------------
[ OBSERVABLES & MISC ]
1bodyDens. Steps          : 100000
1bodyDens. rMax           : 3.5
1bodyDens. nBins          : 50
Seed                      : 0
=========================================

Initial parameters: 0.4, 	2.75, 	
Optimal parameters: 0.680604456, 	2.75, 	
VMC Optimization done (in 0.47456844 s).

FinalMC energy: 1.762833071e+00 +- 2.727822112e-04
Acceptance ratio: 9.792253971e-01
FinalMC done (in 0.769250708 s).

Blocking_0 energy: 3.076446743e+00 +- 3.122359606e-04
Blocking_1 energy: 1.324735556e+00 +- 3.141401639e-04
Blocking_2 energy: 1.325194383e+00 +- 3.129509453e-04
Blocking_3 energy: 1.324955601e+00 +- 3.150429123e-04
Final blocking energy: 1.762833071e+00 +- 1.567971756e-04
Blocking analysis done (in 0.120531409 s).

One-body density done (in 0.026724824 s).

Mesh plot done (in 0.098748496 s).

=========================================
