=========================================
               VMC RUN LOG               
=========================================
Date and time    : 2026-08-05 20:01:34
-----------------------------------------
[ SYSTEM & MODELS ]
Hamiltonian      : RepulsiveHO
WF Train Type    : EllipticGaussian
WaveFunction     : RepEllipticGaussian
Solver           : MetropolisHastings
preferAnalytic   : true
-----------------------------------------
[ PHYSICAL PARAMETERS ]
dimensions (D)   : 3
particles (N)    : 10
omega            : 1
omega_z          : 2.824
rep_a_factor     : 0.05
rep_strength     : inf
maxStrength      : 1
-----------------------------------------
[ MONTE CARLO & OPTIMIZATION ]
time Step        : 0.15
Equilibr. Steps  : 10000
BFGS MC Steps    : 100000
BFGS_tol         : 1e-05
Final MC Steps   : 2^20 (1.04858e+06)
-----------------------------------------
[ NEURAL NETWORK ]
Nhid             : 10
Activation Func  : tanh
Learning Rate    : 0.05
Pretrain Steps   : 200
Energy Steps     : 1100
Adiab Steps      : 100
Adam_ktol        : 0.99
max_patience     : 80
min_improvement  : 0.02
helpDecay        : 0.4
-----------------------------------------
[ OBSERVABLES & MISC ]
1bodyDens. Steps : 100000
1bodyDens. rMax  : 3.5
1bodyDens. nBins : 50
Seed             : 0
=========================================

Initial parameters: 0.5, 	3, 	
Optimal parameters: 0.465127375, 	2.99744324, 	
VMC Optimization done (in 16.1676085 s).

FinalMC energy: 2.678133298e+01 +- 3.526416173e-04
Acceptance ratio: 9.104194641e-01
FinalMC done (in 15.6819115 s).

Blocking_0 energy: 2.677906595e+01 +- 3.763119088e-03
Blocking_1 energy: 2.678223961e+01 +- 3.602749070e-03
Blocking_2 energy: 2.677887909e+01 +- 3.494863629e-03
Blocking_3 energy: 2.678514725e+01 +- 4.071461858e-03
Final blocking energy: 2.678133298e+01 +- 1.869688135e-03
Blocking analysis done (in 0.014195403 s).

One-body density done (in 1.06791863 s).

=========================================
