=========================================
               VMC RUN LOG               
=========================================
Date and time             : 2026-09-04 21:52:47
-----------------------------------------
[ SYSTEM & MODELS ]
Hamiltonian               : LennardJonesHO
WF Train Type             : LJGaussian
WaveFunction              : LJGaussian
Solver                    : SwappingMH
enSamplerType             : Separate
useUmrigarDrift           : true
preferAnalytic            : true
numberOfThreads           : 4
-----------------------------------------
[ PHYSICAL PARAMETERS ]
dimensions (D)            : 3
particles (N)             : 4
kinetic_factor            : 0.1
min_dist                  : 0.1
max_radius                : 10
omega                     : 0.027951
omega_z                   : 0.027951
LJsigma                   : 1
LJenEps                   : 1
LJalpha                   : 1
LJGaussian_loc_Ken_method : 0
rep_a_factor              : 0.0043
rep_strength              : inf
maxStrength               : 1
pre-optimization params   : [ 4, 0, 1 ]
param-optimization mask   : [ true, false, true ]
use_jsonParams            : true
json params               : [ 7.4787, 1.1127, 1.1165 ]
-----------------------------------------
[ MONTE CARLO & OPTIMIZATION ENGINES ]
optimizer                 : NLOPT_BFGS
log_grads                 : true
time Step                 : 0.1
Equilibr. Steps           : 500000
optimizationMCsteps       : 8000000
autoMCincr_wait           : 100
Final MC Steps            : 2^24 (16777216)
NLOPT_tol                 : 1e-05
Adam_lr                   : 0.03
Adam_nSteps               : 1000
Adam_min_improvement      : 0.0001
Adam_max_patience         : 300
NelderMead first guess    : + [ 0.5, 0.05, 0.05 ]
varOpt_weight             : 0.0005
LJ_request_Ekin           : false
log_blocking              : true
-----------------------------------------
[ PARAMETER MESH ]
lower bounds              : [ 2, 0, 0 ]
upper bounds              : [ 7, 0, 0 ]
number of points          : [ 5, 1, 1 ]
Mesh MC Steps             : 2^23 (8388608)
-----------------------------------------
[ NEURAL NETWORK ]
Nhid                      : 12
Activation Func           : tanh
NN Learning Rate          : 0.1
Pretrain Steps            : 1000
Energy Steps              : 4000
Adiab Steps               : 1500
Adam_ktol                 : 0.99
max_patience              : 50
min_improvement           : 0.02
helpDecay                 : 0.05
-----------------------------------------
[ OBSERVABLES & MISC ]
Normalize by nParticles   : true
calc_normalized_PCF       : true
PCF reference params      : [ 16, 0, 0 ]
1bodyDens. Steps          : 20000000
1bodyDens. rMax           : 9
1bodyDens. nBins          : 150
uncorrRefDraws            : 30000000
Seed                      : 0
=========================================
Called toggles            : [ false, true, false, false ]
=========================================

FinalMC energy: 4.603723251e-02 +- 2.333944470e-05
Acceptance ratio: 9.064695835e-01
Printing specials:
energies[0]:   4.6037232507954e-02
energies_var[0]:   9.1390474818991e-03
energies[1]:   1.3274564660110e-01
energies_var[1]:   1.6995630739290e-01
energies[2]:   1.8326576848171e-02
energies_var[2]:   5.0645708074247e-05
energies[3]:  -3.4965136026050e-02
energies_var[3]:   7.7900423713771e-02
energies[4]:  -7.0069854915264e-02
energies_var[4]:   1.6214947564596e-01
FinalMC done (in 16.364431334 s).

Blocking_0 energy: 4.589466188e-02 +- 1.149401879e-04
Blocking_1 energy: 4.608100643e-02 +- 1.182811581e-04
Blocking_2 energy: 4.616619274e-02 +- 1.171405436e-04
Blocking_3 energy: 4.600706898e-02 +- 1.165207728e-04
Final blocking energy: 4.603723251e-02 +- 5.836344994e-05
Blocking analysis done (in 0.284094076 s).

=========================================
