=========================================
               VMC RUN LOG               
=========================================
Date and time             : 2026-09-04 17:15:25
-----------------------------------------
[ SYSTEM & MODELS ]
Hamiltonian               : LennardJonesHO
WF Train Type             : LJGaussian
WaveFunction              : LJGaussian
Solver                    : SwappingMH
enSamplerType             : Separate
useUmrigarDrift           : true
preferAnalytic            : true
numberOfThreads           : 4
-----------------------------------------
[ PHYSICAL PARAMETERS ]
dimensions (D)            : 3
particles (N)             : 2
kinetic_factor            : 0.1
min_dist                  : 0.1
max_radius                : 10
omega                     : 0.111803
omega_z                   : 0.027951
LJsigma                   : 1
LJenEps                   : 1
LJalpha                   : 0.4
LJGaussian_loc_Ken_method : 0
rep_a_factor              : 0.0043
rep_strength              : inf
maxStrength               : 1
pre-optimization params   : [ 4, 0, 1 ]
param-optimization mask   : [ true, false, true ]
use_jsonParams            : true
json params               : [ 4.2884, 0, 1.0738 ]
-----------------------------------------
[ MONTE CARLO & OPTIMIZATION ENGINES ]
optimizer                 : NLOPT_BFGS
log_grads                 : true
time Step                 : 0.1
Equilibr. Steps           : 500000
optimizationMCsteps       : 8000000
autoMCincr_wait           : 100
Final MC Steps            : 2^24 (16777216)
NLOPT_tol                 : 1e-05
Adam_lr                   : 0.03
Adam_nSteps               : 1000
Adam_min_improvement      : 0.0001
Adam_max_patience         : 300
NelderMead first guess    : + [ 0.5, 0.05, 0.05 ]
varOpt_weight             : 0.0005
LJ_request_Ekin           : false
log_blocking              : true
-----------------------------------------
[ PARAMETER MESH ]
lower bounds              : [ 2, 0, 0 ]
upper bounds              : [ 7, 0, 0 ]
number of points          : [ 5, 1, 1 ]
Mesh MC Steps             : 2^23 (8388608)
-----------------------------------------
[ NEURAL NETWORK ]
Nhid                      : 12
Activation Func           : tanh
NN Learning Rate          : 0.1
Pretrain Steps            : 1000
Energy Steps              : 4000
Adiab Steps               : 1500
Adam_ktol                 : 0.99
max_patience              : 50
min_improvement           : 0.02
helpDecay                 : 0.05
-----------------------------------------
[ OBSERVABLES & MISC ]
Normalize by nParticles   : true
calc_normalized_PCF       : true
PCF reference params      : [ 16, 0, 0 ]
1bodyDens. Steps          : 20000000
1bodyDens. rMax           : 9
1bodyDens. nBins          : 150
uncorrRefDraws            : 30000000
Seed                      : 0
=========================================
Called toggles            : [ false, true, false, false ]
=========================================

FinalMC energy: 1.574670228e-01 +- 1.964494857e-05
Acceptance ratio: 9.059672952e-01
Printing specials:
energies[0]:   1.5746702282058e-01
energies_var[0]:   6.4747303803963e-03
energies[1]:   8.9041013823211e-02
energies_var[1]:   8.0130749485297e-02
energies[2]:   8.2665778347624e-02
energies_var[2]:   2.1333205681527e-03
energies[3]:   0.0000000000000e+00
energies_var[3]:   0.0000000000000e+00
energies[4]:  -1.4239769350256e-02
energies_var[4]:   4.1383242197720e-02
FinalMC done (in 8.632360682 s).

Blocking_0 energy: 1.574986670e-01 +- 4.964473348e-05
Blocking_1 energy: 1.575438626e-01 +- 4.349776087e-05
Blocking_2 energy: 1.574635779e-01 +- 5.186641327e-05
Blocking_3 energy: 1.573619839e-01 +- 5.826536688e-05
Final blocking energy: 1.574670228e-01 +- 2.554607671e-05
Blocking analysis done (in 0.298277494 s).

=========================================
