=========================================
               VMC RUN LOG               
=========================================
Date and time    : 2026-08-04 16:51:20
-----------------------------------------
[ SYSTEM & MODELS ]
Hamiltonian      : RepulsiveHO
WF Train Type    : EllipticGaussian
WaveFunction     : EllipticGaussian
Solver           : MetropolisHastings
preferAnalytic   : false
useCache         : false
-----------------------------------------
[ PHYSICAL PARAMETERS ]
dimensions (D)   : 3
particles (N)    : 2
omega            : 1
omega_z          : 2.8243
rep_a_factor     : 0.0043
rep_strength     : inf
maxStrength      : 1
-----------------------------------------
[ MONTE CARLO & OPTIMIZATION ]
time Step        : 0.15
Equilibr. Steps  : 10000
BFGS MC Steps    : 1000000
BFGS_tol         : 1e-05
Final MC Steps   : 2^16 (65536)
-----------------------------------------
[ NEURAL NETWORK ]
Nhid             : 12
Activation Func  : tanh
Learning Rate    : 0.05
Pretrain Steps   : 1000
Energy Steps     : 3000
Adiab Steps      : 1000
Adam_ktol        : 0.99
max_patience     : 80
min_improvement  : 0.02
helpDecay        : 0.4
-----------------------------------------
[ OBSERVABLES & MISC ]
1bodyDens. Steps : 5000000
1bodyDens. rMax  : 3.5
1bodyDens. nBins : 50
Seed             : 0
=========================================

Initial parameters: 0.6, 	2.9, 	
Optimal parameters: 0.493740303, 	2.88380033, 	
VMC Optimization done (in 2.69613117 s).

FinalMC energy: 4.824103378e+00 +- 1.135529250e-04
Acceptance ratio: 9.324645996e-01
FinalMC done (in 0.019630974 s).

Blocking_0 energy: 4.822487985e+00 +- 1.211665782e-03
Blocking_1 energy: 4.822622442e+00 +- 9.193860417e-04
Blocking_2 energy: 4.823599939e+00 +- 1.355219672e-03
Blocking_3 energy: 4.822410202e+00 +- 1.040818822e-03
Blocking_4 energy: 4.824643464e+00 +- 1.051917408e-03
Blocking_5 energy: 4.823269403e+00 +- 1.201627415e-03
Blocking_6 energy: 4.827651696e+00 +- 1.312295913e-03
Blocking_7 energy: 4.823826019e+00 +- 1.133041644e-03
Blocking_8 energy: 4.824078541e+00 +- 1.075537127e-03
Blocking_9 energy: 4.825186741e+00 +- 1.332609879e-03
Blocking_10 energy: 4.825605647e+00 +- 9.148027172e-04
Blocking_11 energy: 4.825504414e+00 +- 1.360723741e-03
Blocking_12 energy: 4.824278253e+00 +- 1.211661479e-03
Blocking_13 energy: 4.822148677e+00 +- 1.111489717e-03
Blocking_14 energy: 4.825579436e+00 +- 1.032380028e-03
Blocking_15 energy: 4.822761182e+00 +- 1.087662181e-03
Final blocking energy: 4.824103378e+00 +- 2.888763538e-04
Blocking analysis done (in 0.005277193 s).

One-body density done (in 1.56861014 s).

=========================================
