=========================================
               VMC RUN LOG               
=========================================
Date and time             : 2026-08-14 19:33:35
-----------------------------------------
[ SYSTEM & MODELS ]
Hamiltonian               : LennardJonesHO
WF Train Type             : EllipticGaussian
WaveFunction              : LJGaussian
Solver                    : SwappingMH
useUmrigarDrift           : true
preferAnalytic            : true
numberOfThreads           : 4
-----------------------------------------
[ PHYSICAL PARAMETERS ]
dimensions (D)            : 3
particles (N)             : 2
kinetic_factor            : 0.1
min_dist                  : 0.1
max_radius                : 10
omega                     : 0.111803
omega_z                   : 0.027951
LJsigma                   : 1
LJenEps                   : 1
LJalpha                   : 1
LJGaussian_loc_Ken_method : 0
rep_a_factor              : 0.0043
rep_strength              : inf
maxStrength               : 1
pre-optimization params   : [ 4, 0, 1 ]
param-optimization mask   : [ true, false, true ]
use_jsonParams            : true
json params               : [ 3.47841797, 0, 1.12333984 ]
-----------------------------------------
[ MONTE CARLO & OPTIMIZATION ENGINES ]
optimizer                 : NLOPT_BFGS
time Step                 : 0.1
Equilibr. Steps           : 500000
optimizationMCsteps       : 9000000
NLOPT_tol                 : 0.001
Adam_lr                   : 0.08
Adam_nSteps               : 100
Adam_min_improvement      : 0.01
Adam_max_patience         : 40
varOpt_weight             : 0.05
Final MC Steps            : 2^26 (67108864)
-----------------------------------------
[ PARAMETER MESH ]
lower bounds              : [ 3, 0, 0.92 ]
upper bounds              : [ 5, 0, 1.3 ]
number of points          : [ 5, 1, 8 ]
Mesh MC Steps             : 2^22 (4194304)
-----------------------------------------
[ NEURAL NETWORK ]
Nhid                      : 10
Activation Func           : tanh
NN Learning Rate          : 0.05
Pretrain Steps            : 200
Energy Steps              : 1100
Adiab Steps               : 100
Adam_ktol                 : 0.99
max_patience              : 80
min_improvement           : 0.02
helpDecay                 : 0.4
-----------------------------------------
[ OBSERVABLES & MISC ]
1bodyDens. Steps          : 10000000
1bodyDens. rMax           : 5.5
1bodyDens. nBins          : 100
Seed                      : 0
=========================================
Called toggles            : [ true, true, true, true ]
=========================================

Initial parameters: 4, 	0, 	1, 	
Optimal parameters: 4.00247533, 	0, 	1.27864839, 	
VMC Optimization done (in 117.364864 s).

FinalMC energy: 1.430932792e-01 +- 2.721168780e-05
Acceptance ratio: 9.095726609e-01
FinalMC done (in 28.8272935 s).

Blocking_0 energy: 1.430711153e-01 +- 6.505480632e-05
Blocking_1 energy: 1.431989977e-01 +- 6.463373295e-05
Blocking_2 energy: 1.429642065e-01 +- 6.591060204e-05
Blocking_3 energy: 1.431387972e-01 +- 6.337090040e-05
Final blocking energy: 1.430932792e-01 +- 3.237449395e-05
Blocking analysis done (in 1.31523013 s).

One-body density done (in 6.74356526 s).

Mesh plot done (in 81.1556202 s).

=========================================
