=========================================
               VMC RUN LOG               
=========================================
Date and time             : 2026-08-08 12:22:13
-----------------------------------------
[ SYSTEM & MODELS ]
Hamiltonian               : LennardJonesHO
WF Train Type             : EllipticGaussian
WaveFunction              : LJGaussian
Solver                    : MetropolisHastings
preferAnalytic            : true
-----------------------------------------
[ PHYSICAL PARAMETERS ]
dimensions (D)            : 1
particles (N)             : 2
omega                     : 1
omega_z                   : 1
LJsigma                   : 1
LJenEps                   : 5
LJalpha                   : 1
LJGaussian_loc_Ken_method : 0
rep_a_factor              : 0.05
rep_strength              : inf
maxStrength               : 1
pre-optimization params   : [ 1, 1, 5 ]
param-optimization mask   : [ false, true, false ]
-----------------------------------------
[ MONTE CARLO & OPTIMIZATION ENGINES ]
time Step                 : 0.15
Equilibr. Steps           : 10000
BFGS MC Steps             : 1000000
BFGS_tol                  : 1e-05
Final MC Steps            : 2^23 (8388608)
-----------------------------------------
[ NEURAL NETWORK ]
Nhid                      : 10
Activation Func           : tanh
Learning Rate             : 0.05
Pretrain Steps            : 200
Energy Steps              : 1100
Adiab Steps               : 100
Adam_ktol                 : 0.99
max_patience              : 80
min_improvement           : 0.02
helpDecay                 : 0.4
-----------------------------------------
[ OBSERVABLES & MISC ]
1bodyDens. Steps          : 100000
1bodyDens. rMax           : 3.5
1bodyDens. nBins          : 50
Seed                      : 0
=========================================

Initial parameters: 1, 	1, 	5, 	
Optimal parameters: 1, 	2444.9288, 	5, 	
VMC Optimization done (in 5.1472731 s).

FinalMC energy: -5.983214872e+30 +- 1.956804801e+27
Acceptance ratio: 0.000000000e+00
FinalMC done (in 2.41487849 s).

Blocking_0 energy: -1.164620323e+31 +- 1.414862118e+20
Blocking_1 energy: -6.404020998e+29 +- 2.910451259e+17
Blocking_2 energy: -1.164620323e+31 +- 1.414862118e+20
Blocking_3 energy: -5.093515060e+25 +- 2.915552650e+14
Final blocking energy: -5.983214872e+30 +- 5.002298282e+19
Blocking analysis done (in 0.146302894 s).

One-body density done (in 0.044057668 s).

=========================================
