=========================================
               VMC RUN LOG               
=========================================
Date and time             : 2026-09-04 17:10:06
-----------------------------------------
[ SYSTEM & MODELS ]
Hamiltonian               : LennardJonesHO
WF Train Type             : LJGaussian
WaveFunction              : LJGaussian
Solver                    : SwappingMH
enSamplerType             : Separate
useUmrigarDrift           : true
preferAnalytic            : true
numberOfThreads           : 4
-----------------------------------------
[ PHYSICAL PARAMETERS ]
dimensions (D)            : 3
particles (N)             : 8
kinetic_factor            : 0.1
min_dist                  : 0.1
max_radius                : 10
omega                     : 0.111803
omega_z                   : 0.027951
LJsigma                   : 1
LJenEps                   : 1
LJalpha                   : 1
LJGaussian_loc_Ken_method : 0
rep_a_factor              : 0.0043
rep_strength              : inf
maxStrength               : 1
pre-optimization params   : [ 4, 0, 1 ]
param-optimization mask   : [ true, false, true ]
use_jsonParams            : true
json params               : [ 1.9532, 1.1334, 1.1337 ]
-----------------------------------------
[ MONTE CARLO & OPTIMIZATION ENGINES ]
optimizer                 : NLOPT_BFGS
log_grads                 : true
time Step                 : 0.1
Equilibr. Steps           : 500000
optimizationMCsteps       : 8000000
autoMCincr_wait           : 100
Final MC Steps            : 2^24 (16777216)
NLOPT_tol                 : 1e-05
Adam_lr                   : 0.03
Adam_nSteps               : 1000
Adam_min_improvement      : 0.0001
Adam_max_patience         : 300
NelderMead first guess    : + [ 0.5, 0.05, 0.05 ]
varOpt_weight             : 0.0005
LJ_request_Ekin           : false
log_blocking              : true
-----------------------------------------
[ PARAMETER MESH ]
lower bounds              : [ 2, 0, 0 ]
upper bounds              : [ 7, 0, 0 ]
number of points          : [ 5, 1, 1 ]
Mesh MC Steps             : 2^23 (8388608)
-----------------------------------------
[ NEURAL NETWORK ]
Nhid                      : 12
Activation Func           : tanh
NN Learning Rate          : 0.1
Pretrain Steps            : 1000
Energy Steps              : 4000
Adiab Steps               : 1500
Adam_ktol                 : 0.99
max_patience              : 50
min_improvement           : 0.02
helpDecay                 : 0.05
-----------------------------------------
[ OBSERVABLES & MISC ]
Normalize by nParticles   : true
calc_normalized_PCF       : true
PCF reference params      : [ 16, 0, 0 ]
1bodyDens. Steps          : 20000000
1bodyDens. rMax           : 9
1bodyDens. nBins          : 150
uncorrRefDraws            : 30000000
Seed                      : 0
=========================================
Called toggles            : [ false, true, false, false ]
=========================================

FinalMC energy: 1.039013617e-01 +- 8.667206707e-05
Acceptance ratio: 9.032810330e-01
Printing specials:
energies[0]:   1.0390136166918e-01
energies_var[0]:   1.2603123865181e-01
energies[1]:   1.8078011999121e+00
energies_var[1]:   5.0441101793881e+00
energies[2]:   2.1178052305093e-01
energies_var[2]:   1.8062035178351e-03
energies[3]:  -8.2028524299319e-01
energies_var[3]:   2.2364254089617e+00
energies[4]:  -1.0953951183007e+00
energies_var[4]:   2.7427876855278e+00
FinalMC done (in 44.193706137 s).

Blocking_0 energy: 1.039423438e-01 +- 6.640786266e-04
Blocking_1 energy: 1.054564463e-01 +- 7.269667336e-04
Blocking_2 energy: 1.021550459e-01 +- 7.461341754e-04
Blocking_3 energy: 1.040516106e-01 +- 6.705334344e-04
Final blocking energy: 1.039013617e-01 +- 3.514089808e-04
Blocking analysis done (in 0.274807894 s).

=========================================
