=========================================
               VMC RUN LOG               
=========================================
Date and time             : 2026-08-10 16:13:27
-----------------------------------------
[ SYSTEM & MODELS ]
Hamiltonian               : LennardJonesHO
WF Train Type             : EllipticGaussian
WaveFunction              : LJGaussian
Solver                    : MetropolisHastings
preferAnalytic            : true
-----------------------------------------
[ PHYSICAL PARAMETERS ]
dimensions (D)            : 3
particles (N)             : 8
min_dist                  : 1
max_radius                : 1e+06
omega                     : 0.111803
omega_z                   : 0.027951
LJsigma                   : 1
LJenEps                   : 1
LJalpha                   : 1
LJGaussian_loc_Ken_method : 0
rep_a_factor              : 0.05
rep_strength              : inf
maxStrength               : 1
pre-optimization params   : [ 4, 1, 5 ]
param-optimization mask   : [ true, true, false ]
-----------------------------------------
[ MONTE CARLO & OPTIMIZATION ENGINES ]
time Step                 : 0.1
Equilibr. Steps           : 50000
BFGS MC Steps             : 1000000
BFGS_tol                  : 1e-05
Final MC Steps            : 2^23 (8388608)
-----------------------------------------
[ PARAMETER MESH ]
lower bounds              : [ 3, 0.95, 5 ]
upper bounds              : [ 4.5, 1.25, 5 ]
number of points          : [ 9, 9, 1 ]
Mesh MC Steps             : 2^21 (2097152)
-----------------------------------------
[ NEURAL NETWORK ]
Nhid                      : 10
Activation Func           : tanh
Learning Rate             : 0.05
Pretrain Steps            : 200
Energy Steps              : 1100
Adiab Steps               : 100
Adam_ktol                 : 0.99
max_patience              : 80
min_improvement           : 0.02
helpDecay                 : 0.4
-----------------------------------------
[ OBSERVABLES & MISC ]
1bodyDens. Steps          : 500000
1bodyDens. rMax           : 4.5
1bodyDens. nBins          : 70
Seed                      : 0
=========================================

Initial parameters: 4, 	1, 	5, 	
Optimal parameters: 2.19934264, 	1.11041717, 	5, 	
VMC Optimization done (in 372.213323 s).

FinalMC energy: 1.031177941e-01 +- 2.106528477e-04
Acceptance ratio: 9.053344727e-01
FinalMC done (in 27.7885439 s).

Blocking_0 energy: 1.018226700e-01 +- 5.551437174e-03
Blocking_1 energy: 1.055909048e-01 +- 3.697617397e-03
Blocking_2 energy: 1.009316587e-01 +- 2.356820895e-03
Blocking_3 energy: 1.041259429e-01 +- 7.568787713e-03
Final blocking energy: 1.031177941e-01 +- 2.590028732e-03
Blocking analysis done (in 0.125228111 s).

One-body density done (in 1.76191245 s).

Mesh plot done (in 579.385336 s).

=========================================
