=========================================
               VMC RUN LOG               
=========================================
Date and time             : 2026-08-16 15:43:09
-----------------------------------------
[ SYSTEM & MODELS ]
Hamiltonian               : LennardJonesHO
WF Train Type             : EllipticGaussian
WaveFunction              : LJGaussian
Solver                    : SwappingMH
useUmrigarDrift           : true
preferAnalytic            : true
numberOfThreads           : 16
-----------------------------------------
[ PHYSICAL PARAMETERS ]
dimensions (D)            : 3
particles (N)             : 2
kinetic_factor            : 0.1
min_dist                  : 0.1
max_radius                : 10
omega                     : 0.111803
omega_z                   : 0.027951
LJsigma                   : 1
LJenEps                   : 1
LJalpha                   : 0.4
LJGaussian_loc_Ken_method : 0
rep_a_factor              : 0.0043
rep_strength              : inf
maxStrength               : 1
pre-optimization params   : [ 4.3, 0, 1 ]
param-optimization mask   : [ true, false, true ]
use_jsonParams            : true
json params               : [ 3.47841797, 0, 1.12333984 ]
-----------------------------------------
[ MONTE CARLO & OPTIMIZATION ENGINES ]
optimizer                 : NLOPT_NELDERMEAD
time Step                 : 0.1
Equilibr. Steps           : 500000
optimizationMCsteps       : 8000000
NLOPT_tol                 : 1e-05
Adam_lr                   : 0.01
Adam_nSteps               : 120
Adam_min_improvement      : 0.01
Adam_max_patience         : 20
varOpt_weight             : 0.05
Final MC Steps            : 2^27 (134217728)
-----------------------------------------
[ PARAMETER MESH ]
lower bounds              : [ 3, 0, 0.8 ]
upper bounds              : [ 6, 0, 1.5 ]
number of points          : [ 10, 1, 10 ]
Mesh MC Steps             : 2^23 (8388608)
-----------------------------------------
[ NEURAL NETWORK ]
Nhid                      : 10
Activation Func           : tanh
NN Learning Rate          : 0.05
Pretrain Steps            : 200
Energy Steps              : 1100
Adiab Steps               : 100
Adam_ktol                 : 0.99
max_patience              : 80
min_improvement           : 0.02
helpDecay                 : 0.4
-----------------------------------------
[ OBSERVABLES & MISC ]
1bodyDens. Steps          : 10000000
1bodyDens. rMax           : 5.5
1bodyDens. nBins          : 100
Seed                      : 0
=========================================
Called toggles            : [ true, true, true, true ]
=========================================

Initial parameters: 4.3, 	0, 	1, 	
Optimal parameters: 4.28847656, 	0, 	1.07382813, 	
VMC Optimization done (in 5048.87929 s).

FinalMC energy: 1.574850973e-01 +- 6.684955112e-06
Acceptance ratio: 9.031830505e-01
FinalMC done (in 32.686834 s).

Blocking_0 energy: 1.575271114e-01 +- 3.295643031e-05
Blocking_1 energy: 1.574929951e-01 +- 3.172177840e-05
Blocking_2 energy: 1.574525503e-01 +- 3.418796989e-05
Blocking_3 energy: 1.574178674e-01 +- 3.767448309e-05
Blocking_4 energy: 1.574931178e-01 +- 3.575544353e-05
Blocking_5 energy: 1.574597733e-01 +- 3.114451033e-05
Blocking_6 energy: 1.575052167e-01 +- 3.158182786e-05
Blocking_7 energy: 1.574785806e-01 +- 3.163461740e-05
Blocking_8 energy: 1.575280178e-01 +- 3.039421740e-05
Blocking_9 energy: 1.575010141e-01 +- 3.584740648e-05
Blocking_10 energy: 1.575251535e-01 +- 3.140217603e-05
Blocking_11 energy: 1.574277632e-01 +- 3.514386379e-05
Blocking_12 energy: 1.574843440e-01 +- 3.250336225e-05
Blocking_13 energy: 1.574853962e-01 +- 3.203387277e-05
Blocking_14 energy: 1.574575012e-01 +- 3.320442969e-05
Blocking_15 energy: 1.575251535e-01 +- 3.140217603e-05
Final blocking energy: 1.574850973e-01 +- 8.274696892e-06
Blocking analysis done (in 1.2101007 s).

One-body density done (in 3.9618835 s).

Mesh plot done (in 293.850314 s).

=========================================
