=========================================
               VMC RUN LOG               
=========================================
Date and time             : 2026-08-21 17:21:08
-----------------------------------------
[ SYSTEM & MODELS ]
Hamiltonian               : LennardJonesHO
WF Train Type             : EllipticGaussian
WaveFunction              : LJGaussian
Solver                    : SwappingMH
useUmrigarDrift           : true
preferAnalytic            : true
numberOfThreads           : 16
-----------------------------------------
[ PHYSICAL PARAMETERS ]
dimensions (D)            : 3
particles (N)             : 6
kinetic_factor            : 0.1
min_dist                  : 0.1
max_radius                : 10
omega                     : 0.027951
omega_z                   : 0.111803
LJsigma                   : 1
LJenEps                   : 1
LJalpha                   : 0.05
LJGaussian_loc_Ken_method : 0
rep_a_factor              : 0.0043
rep_strength              : inf
maxStrength               : 1
pre-optimization params   : [ 16, 1.1, 1 ]
param-optimization mask   : [ true, true, true ]
use_jsonParams            : true
json params               : [ 8, 1.16283293, 1.16611027 ]
-----------------------------------------
[ MONTE CARLO & OPTIMIZATION ENGINES ]
optimizer                 : NLOPT_NELDERMEAD
time Step                 : 0.1
Equilibr. Steps           : 500000
optimizationMCsteps       : 8000000
NLOPT_tol                 : 1e-05
Adam_lr                   : 0.04
Adam_nSteps               : 200
Adam_min_improvement      : 0.01
Adam_max_patience         : 20
varOpt_weight             : 0.05
Final MC Steps            : 2^27 (134217728)
-----------------------------------------
[ PARAMETER MESH ]
lower bounds              : [ 12, 1, 0.75 ]
upper bounds              : [ 17, 1.3, 1.25 ]
number of points          : [ 10, 5, 5 ]
Mesh MC Steps             : 2^23 (8388608)
-----------------------------------------
[ NEURAL NETWORK ]
Nhid                      : 10
Activation Func           : tanh
NN Learning Rate          : 0.05
Pretrain Steps            : 200
Energy Steps              : 1100
Adiab Steps               : 100
Adam_ktol                 : 0.99
max_patience              : 80
min_improvement           : 0.02
helpDecay                 : 0.4
-----------------------------------------
[ OBSERVABLES & MISC ]
Normalize by nParticles   : 0
1bodyDens. Steps          : 10000000
1bodyDens. rMax           : 5.5
1bodyDens. nBins          : 100
Seed                      : 0
=========================================
Called toggles            : [ true, true, true, true ]
=========================================

Initial parameters: 16, 	1.1, 	1, 	
Optimal parameters: 16.4166667, 	1.10833333, 	0.9875, 	
VMC Optimization done (in 820.192127 s).

FinalMC energy: 1.160105270e-01 +- 2.126622613e-05
Acceptance ratio: 9.069409743e-01
FinalMC done (in 110.421844 s).

Blocking_0 energy: 1.158012364e-01 +- 1.986000441e-04
Blocking_1 energy: 1.160688840e-01 +- 1.929847829e-04
Blocking_2 energy: 1.161695495e-01 +- 1.745777238e-04
Blocking_3 energy: 1.157110230e-01 +- 2.173280141e-04
Blocking_4 energy: 1.160827175e-01 +- 1.754067385e-04
Blocking_5 energy: 1.160994863e-01 +- 2.404514277e-04
Blocking_6 energy: 1.160274963e-01 +- 2.224041882e-04
Blocking_7 energy: 1.158376808e-01 +- 1.969996812e-04
Blocking_8 energy: 1.160323497e-01 +- 1.719632179e-04
Blocking_9 energy: 1.158477662e-01 +- 2.912264334e-04
Blocking_10 energy: 1.161119887e-01 +- 1.675309421e-04
Blocking_11 energy: 1.163910103e-01 +- 1.629047086e-04
Blocking_12 energy: 1.161381622e-01 +- 1.739421217e-04
Blocking_13 energy: 1.160459769e-01 +- 1.837312157e-04
Blocking_14 energy: 1.156911159e-01 +- 2.367585910e-04
Blocking_15 energy: 1.161119887e-01 +- 1.675309421e-04
Final blocking energy: 1.160105270e-01 +- 5.032604144e-05
Blocking analysis done (in 1.05389332 s).

One-body density done (in 8.686552 s).

Mesh plot done (in 2104.01461 s).

=========================================
