=========================================
               VMC RUN LOG               
=========================================
Date and time             : 2026-08-10 20:19:40
-----------------------------------------
[ SYSTEM & MODELS ]
Hamiltonian               : LennardJonesHO
WF Train Type             : EllipticGaussian
WaveFunction              : LJGaussian
Solver                    : MetropolisHastings
preferAnalytic            : true
-----------------------------------------
[ PHYSICAL PARAMETERS ]
dimensions (D)            : 3
particles (N)             : 8
min_dist                  : 1
max_radius                : 1e+06
omega                     : 0.111803
omega_z                   : 0.027951
LJsigma                   : 1
LJenEps                   : 1
LJalpha                   : 1
LJGaussian_loc_Ken_method : 0
rep_a_factor              : 0.01
rep_strength              : inf
maxStrength               : 1
pre-optimization params   : [ 4, 1, 5 ]
param-optimization mask   : [ true, true, false ]
-----------------------------------------
[ MONTE CARLO & OPTIMIZATION ENGINES ]
time Step                 : 0.1
Equilibr. Steps           : 50000
BFGS MC Steps             : 5000000
BFGS_tol                  : 1e-05
BFGS_VarOpt_weight        : 0.05
Final MC Steps            : 2^24 (16777216)
-----------------------------------------
[ PARAMETER MESH ]
lower bounds              : [ 1.5, 0.95, 5 ]
upper bounds              : [ 4.5, 1.25, 5 ]
number of points          : [ 9, 9, 1 ]
Mesh MC Steps             : 2^21 (2097152)
-----------------------------------------
[ NEURAL NETWORK ]
Nhid                      : 10
Activation Func           : tanh
Learning Rate             : 0.05
Pretrain Steps            : 200
Energy Steps              : 1100
Adiab Steps               : 100
Adam_ktol                 : 0.99
max_patience              : 80
min_improvement           : 0.02
helpDecay                 : 0.4
-----------------------------------------
[ OBSERVABLES & MISC ]
1bodyDens. Steps          : 500000
1bodyDens. rMax           : 4.5
1bodyDens. nBins          : 70
Seed                      : 0
=========================================

Initial parameters: 4, 	1, 	5, 	
Optimal parameters: 3.99781681, 	1.11665779, 	5, 	
VMC Optimization done (in 391.332316 s).

FinalMC energy: 2.326809381e-01 +- 7.972910714e-05
Acceptance ratio: 9.029954441e-01
FinalMC done (in 39.9463205 s).

Blocking_0 energy: -1.000000000e+00 +- -1.000000000e+00
Blocking_1 energy: -1.000000000e+00 +- -1.000000000e+00
Blocking_2 energy: -1.000000000e+00 +- -1.000000000e+00
Blocking_3 energy: -1.000000000e+00 +- -1.000000000e+00
Blocking_4 energy: -1.000000000e+00 +- -1.000000000e+00
Blocking_5 energy: -1.000000000e+00 +- -1.000000000e+00
Final blocking energy: -1.000000000e+00 +- 4.082482905e-01
Blocking analysis done (in 9.55e-05 s).

One-body density done (in 1.71791027 s).

WRN: size of data fed into the blocking algorithm must be a power of 2.
    This may be caused by the number of threads not being a power of 2 itself.
    The blocking estimate will not be evaluated.

WRN: size of data fed into the blocking algorithm must be a power of 2.
    This may be caused by the number of threads not being a power of 2 itself.
    The blocking estimate will not be evaluated.

WRN: size of data fed into the blocking algorithm must be a power of 2.
    This may be caused by the number of threads not being a power of 2 itself.
    The blocking estimate will not be evaluated.

WRN: size of data fed into the blocking algorithm must be a power of 2.
    This may be caused by the number of threads not being a power of 2 itself.
    The blocking estimate will not be evaluated.

WRN: size of data fed into the blocking algorithm must be a power of 2.
    This may be caused by the number of threads not being a power of 2 itself.
    The blocking estimate will not be evaluated.

WRN: size of data fed into the blocking algorithm must be a power of 2.
    This may be caused by the number of threads not being a power of 2 itself.
    The blocking estimate will not be evaluated.

WRN: size of data fed into the blocking algorithm must be a power of 2.
    This may be caused by the number of threads not being a power of 2 itself.
    The blocking estimate will not be evaluated.

WRN: size of data fed into the blocking algorithm must be a power of 2.
    This may be caused by the number of threads not being a power of 2 itself.
    The blocking estimate will not be evaluated.

WRN: size of data fed into the blocking algorithm must be a power of 2.
    This may be caused by the number of threads not being a power of 2 itself.
    The blocking estimate will not be evaluated.

WRN: size of data fed into the blocking algorithm must be a power of 2.
    This may be caused by the number of threads not being a power of 2 itself.
    The blocking estimate will not be evaluated.

WRN: size of data fed into the blocking algorithm must be a power of 2.
    This may be caused by the number of threads not being a power of 2 itself.
    The blocking estimate will not be evaluated.

WRN: size of data fed into the blocking algorithm must be a power of 2.
    This may be caused by the number of threads not being a power of 2 itself.
    The blocking estimate will not be evaluated.

WRN: size of data fed into the blocking algorithm must be a power of 2.
    This may be caused by the number of threads not being a power of 2 itself.
    The blocking estimate will not be evaluated.

WRN: size of data fed into the blocking algorithm must be a power of 2.
    This may be caused by the number of threads not being a power of 2 itself.
    The blocking estimate will not be evaluated.

WRN: size of data fed into the blocking algorithm must be a power of 2.
    This may be caused by the number of threads not being a power of 2 itself.
    The blocking estimate will not be evaluated.

WRN: size of data fed into the blocking algorithm must be a power of 2.
    This may be caused by the number of threads not being a power of 2 itself.
    The blocking estimate will not be evaluated.

WRN: size of data fed into the blocking algorithm must be a power of 2.
    This may be caused by the number of threads not being a power of 2 itself.
    The blocking estimate will not be evaluated.

WRN: size of data fed into the blocking algorithm must be a power of 2.
    This may be caused by the number of threads not being a power of 2 itself.
    The blocking estimate will not be evaluated.

WRN: size of data fed into the blocking algorithm must be a power of 2.
    This may be caused by the number of threads not being a power of 2 itself.
    The blocking estimate will not be evaluated.

WRN: size of data fed into the blocking algorithm must be a power of 2.
    This may be caused by the number of threads not being a power of 2 itself.
    The blocking estimate will not be evaluated.

WRN: size of data fed into the blocking algorithm must be a power of 2.
    This may be caused by the number of threads not being a power of 2 itself.
    The blocking estimate will not be evaluated.

WRN: size of data fed into the blocking algorithm must be a power of 2.
    This may be caused by the number of threads not being a power of 2 itself.
    The blocking estimate will not be evaluated.

WRN: size of data fed into the blocking algorithm must be a power of 2.
    This may be caused by the number of threads not being a power of 2 itself.
    The blocking estimate will not be evaluated.

WRN: size of data fed into the blocking algorithm must be a power of 2.
    This may be caused by the number of threads not being a power of 2 itself.
    The blocking estimate will not be evaluated.

WRN: size of data fed into the blocking algorithm must be a power of 2.
    This may be caused by the number of threads not being a power of 2 itself.
    The blocking estimate will not be evaluated.

WRN: size of data fed into the blocking algorithm must be a power of 2.
    This may be caused by the number of threads not being a power of 2 itself.
    The blocking estimate will not be evaluated.

WRN: size of data fed into the blocking algorithm must be a power of 2.
    This may be caused by the number of threads not being a power of 2 itself.
    The blocking estimate will not be evaluated.

WRN: size of data fed into the blocking algorithm must be a power of 2.
    This may be caused by the number of threads not being a power of 2 itself.
    The blocking estimate will not be evaluated.

WRN: size of data fed into the blocking algorithm must be a power of 2.
    This may be caused by the number of threads not being a power of 2 itself.
    The blocking estimate will not be evaluated.

WRN: size of data fed into the blocking algorithm must be a power of 2.
    This may be caused by the number of threads not being a power of 2 itself.
    The blocking estimate will not be evaluated.

WRN: size of data fed into the blocking algorithm must be a power of 2.
    This may be caused by the number of threads not being a power of 2 itself.
    The blocking estimate will not be evaluated.

WRN: size of data fed into the blocking algorithm must be a power of 2.
    This may be caused by the number of threads not being a power of 2 itself.
    The blocking estimate will not be evaluated.

WRN: size of data fed into the blocking algorithm must be a power of 2.
    This may be caused by the number of threads not being a power of 2 itself.
    The blocking estimate will not be evaluated.

WRN: size of data fed into the blocking algorithm must be a power of 2.
    This may be caused by the number of threads not being a power of 2 itself.
    The blocking estimate will not be evaluated.

WRN: size of data fed into the blocking algorithm must be a power of 2.
    This may be caused by the number of threads not being a power of 2 itself.
    The blocking estimate will not be evaluated.

WRN: size of data fed into the blocking algorithm must be a power of 2.
    This may be caused by the number of threads not being a power of 2 itself.
    The blocking estimate will not be evaluated.

WRN: size of data fed into the blocking algorithm must be a power of 2.
    This may be caused by the number of threads not being a power of 2 itself.
    The blocking estimate will not be evaluated.

WRN: size of data fed into the blocking algorithm must be a power of 2.
    This may be caused by the number of threads not being a power of 2 itself.
    The blocking estimate will not be evaluated.

WRN: size of data fed into the blocking algorithm must be a power of 2.
    This may be caused by the number of threads not being a power of 2 itself.
    The blocking estimate will not be evaluated.

WRN: size of data fed into the blocking algorithm must be a power of 2.
    This may be caused by the number of threads not being a power of 2 itself.
    The blocking estimate will not be evaluated.

WRN: size of data fed into the blocking algorithm must be a power of 2.
    This may be caused by the number of threads not being a power of 2 itself.
    The blocking estimate will not be evaluated.

WRN: size of data fed into the blocking algorithm must be a power of 2.
    This may be caused by the number of threads not being a power of 2 itself.
    The blocking estimate will not be evaluated.

WRN: size of data fed into the blocking algorithm must be a power of 2.
    This may be caused by the number of threads not being a power of 2 itself.
    The blocking estimate will not be evaluated.

WRN: size of data fed into the blocking algorithm must be a power of 2.
    This may be caused by the number of threads not being a power of 2 itself.
    The blocking estimate will not be evaluated.

WRN: size of data fed into the blocking algorithm must be a power of 2.
    This may be caused by the number of threads not being a power of 2 itself.
    The blocking estimate will not be evaluated.

WRN: size of data fed into the blocking algorithm must be a power of 2.
    This may be caused by the number of threads not being a power of 2 itself.
    The blocking estimate will not be evaluated.

WRN: size of data fed into the blocking algorithm must be a power of 2.
    This may be caused by the number of threads not being a power of 2 itself.
    The blocking estimate will not be evaluated.

WRN: size of data fed into the blocking algorithm must be a power of 2.
    This may be caused by the number of threads not being a power of 2 itself.
    The blocking estimate will not be evaluated.

WRN: size of data fed into the blocking algorithm must be a power of 2.
    This may be caused by the number of threads not being a power of 2 itself.
    The blocking estimate will not be evaluated.

WRN: size of data fed into the blocking algorithm must be a power of 2.
    This may be caused by the number of threads not being a power of 2 itself.
    The blocking estimate will not be evaluated.

WRN: size of data fed into the blocking algorithm must be a power of 2.
    This may be caused by the number of threads not being a power of 2 itself.
    The blocking estimate will not be evaluated.

WRN: size of data fed into the blocking algorithm must be a power of 2.
    This may be caused by the number of threads not being a power of 2 itself.
    The blocking estimate will not be evaluated.

WRN: size of data fed into the blocking algorithm must be a power of 2.
    This may be caused by the number of threads not being a power of 2 itself.
    The blocking estimate will not be evaluated.

WRN: size of data fed into the blocking algorithm must be a power of 2.
    This may be caused by the number of threads not being a power of 2 itself.
    The blocking estimate will not be evaluated.

WRN: size of data fed into the blocking algorithm must be a power of 2.
    This may be caused by the number of threads not being a power of 2 itself.
    The blocking estimate will not be evaluated.

WRN: size of data fed into the blocking algorithm must be a power of 2.
    This may be caused by the number of threads not being a power of 2 itself.
    The blocking estimate will not be evaluated.

WRN: size of data fed into the blocking algorithm must be a power of 2.
    This may be caused by the number of threads not being a power of 2 itself.
    The blocking estimate will not be evaluated.

WRN: size of data fed into the blocking algorithm must be a power of 2.
    This may be caused by the number of threads not being a power of 2 itself.
    The blocking estimate will not be evaluated.

WRN: size of data fed into the blocking algorithm must be a power of 2.
    This may be caused by the number of threads not being a power of 2 itself.
    The blocking estimate will not be evaluated.

WRN: size of data fed into the blocking algorithm must be a power of 2.
    This may be caused by the number of threads not being a power of 2 itself.
    The blocking estimate will not be evaluated.

WRN: size of data fed into the blocking algorithm must be a power of 2.
    This may be caused by the number of threads not being a power of 2 itself.
    The blocking estimate will not be evaluated.

WRN: size of data fed into the blocking algorithm must be a power of 2.
    This may be caused by the number of threads not being a power of 2 itself.
    The blocking estimate will not be evaluated.

WRN: size of data fed into the blocking algorithm must be a power of 2.
    This may be caused by the number of threads not being a power of 2 itself.
    The blocking estimate will not be evaluated.

WRN: size of data fed into the blocking algorithm must be a power of 2.
    This may be caused by the number of threads not being a power of 2 itself.
    The blocking estimate will not be evaluated.

WRN: size of data fed into the blocking algorithm must be a power of 2.
    This may be caused by the number of threads not being a power of 2 itself.
    The blocking estimate will not be evaluated.

WRN: size of data fed into the blocking algorithm must be a power of 2.
    This may be caused by the number of threads not being a power of 2 itself.
    The blocking estimate will not be evaluated.

WRN: size of data fed into the blocking algorithm must be a power of 2.
    This may be caused by the number of threads not being a power of 2 itself.
    The blocking estimate will not be evaluated.

WRN: size of data fed into the blocking algorithm must be a power of 2.
    This may be caused by the number of threads not being a power of 2 itself.
    The blocking estimate will not be evaluated.

WRN: size of data fed into the blocking algorithm must be a power of 2.
    This may be caused by the number of threads not being a power of 2 itself.
    The blocking estimate will not be evaluated.

WRN: size of data fed into the blocking algorithm must be a power of 2.
    This may be caused by the number of threads not being a power of 2 itself.
    The blocking estimate will not be evaluated.

WRN: size of data fed into the blocking algorithm must be a power of 2.
    This may be caused by the number of threads not being a power of 2 itself.
    The blocking estimate will not be evaluated.

WRN: size of data fed into the blocking algorithm must be a power of 2.
    This may be caused by the number of threads not being a power of 2 itself.
    The blocking estimate will not be evaluated.

WRN: size of data fed into the blocking algorithm must be a power of 2.
    This may be caused by the number of threads not being a power of 2 itself.
    The blocking estimate will not be evaluated.

WRN: size of data fed into the blocking algorithm must be a power of 2.
    This may be caused by the number of threads not being a power of 2 itself.
    The blocking estimate will not be evaluated.

WRN: size of data fed into the blocking algorithm must be a power of 2.
    This may be caused by the number of threads not being a power of 2 itself.
    The blocking estimate will not be evaluated.

WRN: size of data fed into the blocking algorithm must be a power of 2.
    This may be caused by the number of threads not being a power of 2 itself.
    The blocking estimate will not be evaluated.

WRN: size of data fed into the blocking algorithm must be a power of 2.
    This may be caused by the number of threads not being a power of 2 itself.
    The blocking estimate will not be evaluated.

WRN: size of data fed into the blocking algorithm must be a power of 2.
    This may be caused by the number of threads not being a power of 2 itself.
    The blocking estimate will not be evaluated.

WRN: size of data fed into the blocking algorithm must be a power of 2.
    This may be caused by the number of threads not being a power of 2 itself.
    The blocking estimate will not be evaluated.

WRN: size of data fed into the blocking algorithm must be a power of 2.
    This may be caused by the number of threads not being a power of 2 itself.
    The blocking estimate will not be evaluated.

WRN: size of data fed into the blocking algorithm must be a power of 2.
    This may be caused by the number of threads not being a power of 2 itself.
    The blocking estimate will not be evaluated.

Mesh plot done (in 428.092783 s).

=========================================
