=========================================
               VMC RUN LOG               
=========================================
Date and time             : 2026-08-13 22:38:10
-----------------------------------------
[ SYSTEM & MODELS ]
Hamiltonian               : LennardJonesHO
WF Train Type             : EllipticGaussian
WaveFunction              : LJGaussian
Solver                    : SwappingMH
preferAnalytic            : true
-----------------------------------------
[ PHYSICAL PARAMETERS ]
dimensions (D)            : 3
particles (N)             : 2
min_dist                  : 0.01
max_radius                : 1e+06
omega                     : 0.111803
omega_z                   : 0.027951
LJsigma                   : 1
LJenEps                   : 1
LJalpha                   : 0.4
LJGaussian_loc_Ken_method : 0
rep_a_factor              : 0.01
rep_strength              : inf
maxStrength               : 1
pre-optimization params   : [ 3.377747, 1.033596, 0.900007 ]
param-optimization mask   : [ true, true, true ]
use_jsonParams            : true
json params               : [ 4, 1, 1 ]
-----------------------------------------
[ MONTE CARLO & OPTIMIZATION ENGINES ]
optimizer                 : NLOPT_NELDERMEAD
time Step                 : 0.1
Equilibr. Steps           : 200000
optimizationMCsteps       : 6000000
NLOPT_tol                 : 1e-06
Adam_lr                   : 0.02
Adam_nSteps               : 100
Adam_min_improvement      : 0.01
Adam_max_patience         : 40
varOpt_weight             : 0.05
Final MC Steps            : 2^25 (33554432)
-----------------------------------------
[ PARAMETER MESH ]
lower bounds              : [ 3.1, 1, 0.93 ]
upper bounds              : [ 4, 1, 1.2 ]
number of points          : [ 8, 1, 8 ]
Mesh MC Steps             : 2^21 (2097152)
-----------------------------------------
[ NEURAL NETWORK ]
Nhid                      : 10
Activation Func           : tanh
NN Learning Rate          : 0.05
Pretrain Steps            : 200
Energy Steps              : 1100
Adiab Steps               : 100
Adam_ktol                 : 0.99
max_patience              : 80
min_improvement           : 0.02
helpDecay                 : 0.4
-----------------------------------------
[ OBSERVABLES & MISC ]
1bodyDens. Steps          : 10000000
1bodyDens. rMax           : 5.5
1bodyDens. nBins          : 100
Seed                      : 0
=========================================
Called toggles            : [ true, true, true, true ]
=========================================

Initial parameters: 3.377747, 	1.033596, 	0.900007, 	
Optimal parameters: 3.42684036, 	1.04737879, 	0.910365796, 	
VMC Optimization done (in 265.255479 s).

FinalMC energy: 1.466199425e-01 +- 2.033947877e-05
Acceptance ratio: 9.017123282e-01
FinalMC done (in 12.1875366 s).

Blocking_0 energy: 1.465415993e-01 +- 5.921855386e-05
Blocking_1 energy: 1.468919268e-01 +- 6.194558268e-05
Blocking_2 energy: 1.468885514e-01 +- 6.091132665e-05
Blocking_3 energy: 1.461576923e-01 +- 5.718367573e-05
Final blocking energy: 1.466199425e-01 +- 2.992099474e-05
Blocking analysis done (in 0.47150765 s).

One-body density done (in 5.16353593 s).

Mesh plot done (in 47.6515277 s).

=========================================
