=========================================
               VMC RUN LOG               
=========================================
Date and time             : 2026-09-04 16:57:45
-----------------------------------------
[ SYSTEM & MODELS ]
Hamiltonian               : LennardJonesHO
WF Train Type             : LJGaussian
WaveFunction              : LJGaussian
Solver                    : SwappingMH
enSamplerType             : Separate
useUmrigarDrift           : true
preferAnalytic            : true
numberOfThreads           : 4
-----------------------------------------
[ PHYSICAL PARAMETERS ]
dimensions (D)            : 3
particles (N)             : 4
kinetic_factor            : 0.1
min_dist                  : 0.1
max_radius                : 10
omega                     : 0.111803
omega_z                   : 0.027951
LJsigma                   : 1
LJenEps                   : 1
LJalpha                   : 1
LJGaussian_loc_Ken_method : 0
rep_a_factor              : 0.0043
rep_strength              : inf
maxStrength               : 1
pre-optimization params   : [ 4, 0, 1 ]
param-optimization mask   : [ true, false, true ]
use_jsonParams            : true
json params               : [ 2.7195, 1.1212, 1.121 ]
-----------------------------------------
[ MONTE CARLO & OPTIMIZATION ENGINES ]
optimizer                 : NLOPT_BFGS
log_grads                 : true
time Step                 : 0.1
Equilibr. Steps           : 500000
optimizationMCsteps       : 8000000
autoMCincr_wait           : 100
Final MC Steps            : 2^27 (134217728)
NLOPT_tol                 : 1e-05
Adam_lr                   : 0.03
Adam_nSteps               : 1000
Adam_min_improvement      : 0.0001
Adam_max_patience         : 300
NelderMead first guess    : + [ 0.5, 0.05, 0.05 ]
varOpt_weight             : 0.0005
LJ_request_Ekin           : false
log_blocking              : true
-----------------------------------------
[ PARAMETER MESH ]
lower bounds              : [ 2, 0, 0 ]
upper bounds              : [ 7, 0, 0 ]
number of points          : [ 5, 1, 1 ]
Mesh MC Steps             : 2^23 (8388608)
-----------------------------------------
[ NEURAL NETWORK ]
Nhid                      : 12
Activation Func           : tanh
NN Learning Rate          : 0.1
Pretrain Steps            : 1000
Energy Steps              : 4000
Adiab Steps               : 1500
Adam_ktol                 : 0.99
max_patience              : 50
min_improvement           : 0.02
helpDecay                 : 0.05
-----------------------------------------
[ OBSERVABLES & MISC ]
Normalize by nParticles   : true
calc_normalized_PCF       : true
PCF reference params      : [ 16, 0, 0 ]
1bodyDens. Steps          : 20000000
1bodyDens. rMax           : 9
1bodyDens. nBins          : 150
uncorrRefDraws            : 30000000
Seed                      : 0
=========================================
Called toggles            : [ false, true, false, false ]
=========================================

FinalMC energy: 1.890316453e-01 +- 1.234426836e-05
Acceptance ratio: 9.084152579e-01
Printing specials:
energies[0]:   1.8903164528871e-01
energies_var[0]:   2.0452226420719e-02
energies[1]:   4.2030355137508e-01
energies_var[1]:   7.8370549046987e-01
energies[2]:   1.1751888730720e-01
energies_var[2]:   1.7005154760746e-03
energies[3]:  -1.1618153449209e-01
energies_var[3]:   3.2183059980376e-01
energies[4]:  -2.3260925890148e-01
energies_var[4]:   6.4505607865538e-01
FinalMC done (in 99.2316667 s).

Blocking_0 energy: 1.890472579e-01 +- 6.861739661e-05
Blocking_1 energy: 1.890761082e-01 +- 6.719937332e-05
Blocking_2 energy: 1.890340215e-01 +- 6.760269417e-05
Blocking_3 energy: 1.889691935e-01 +- 6.749822294e-05
Final blocking energy: 1.890316453e-01 +- 3.386576189e-05
Blocking analysis done (in 3.29181287 s).

=========================================
