=========================================
               VMC RUN LOG               
=========================================
Date and time             : 2026-08-20 14:25:21
-----------------------------------------
[ SYSTEM & MODELS ]
Hamiltonian               : LennardJonesHO
WF Train Type             : EllipticGaussian
WaveFunction              : LJGaussian
Solver                    : SwappingMH
useUmrigarDrift           : true
preferAnalytic            : true
numberOfThreads           : 16
-----------------------------------------
[ PHYSICAL PARAMETERS ]
dimensions (D)            : 3
particles (N)             : 6
kinetic_factor            : 0.1
min_dist                  : 0.1
max_radius                : 10
omega                     : 0.027951
omega_z                   : 0.111803
LJsigma                   : 1
LJenEps                   : 1
LJalpha                   : 1
LJGaussian_loc_Ken_method : 0
rep_a_factor              : 0.0043
rep_strength              : inf
maxStrength               : 1
pre-optimization params   : [ 16, 1.1, 1.1 ]
param-optimization mask   : [ true, true, true ]
use_jsonParams            : true
json params               : [ 8, 1.16283293, 1.16611027 ]
-----------------------------------------
[ MONTE CARLO & OPTIMIZATION ENGINES ]
optimizer                 : NLOPT_NELDERMEAD
time Step                 : 0.1
Equilibr. Steps           : 500000
optimizationMCsteps       : 8000000
NLOPT_tol                 : 1e-05
Adam_lr                   : 0.04
Adam_nSteps               : 200
Adam_min_improvement      : 0.01
Adam_max_patience         : 20
varOpt_weight             : 0.05
Final MC Steps            : 2^27 (134217728)
-----------------------------------------
[ PARAMETER MESH ]
lower bounds              : [ 1, 1, 1.3 ]
upper bounds              : [ 17, 1, 1.3 ]
number of points          : [ 16, 3, 3 ]
Mesh MC Steps             : 2^23 (8388608)
-----------------------------------------
[ NEURAL NETWORK ]
Nhid                      : 10
Activation Func           : tanh
NN Learning Rate          : 0.05
Pretrain Steps            : 200
Energy Steps              : 1100
Adiab Steps               : 100
Adam_ktol                 : 0.99
max_patience              : 80
min_improvement           : 0.02
helpDecay                 : 0.4
-----------------------------------------
[ OBSERVABLES & MISC ]
1bodyDens. Steps          : 10000000
1bodyDens. rMax           : 5.5
1bodyDens. nBins          : 100
Seed                      : 0
=========================================
Called toggles            : [ true, true, true, true ]
=========================================

Initial parameters: 16, 	1.1, 	1.1, 	
Optimal parameters: 3.5037898, 	1.12405643, 	1.12279493, 	
VMC Optimization done (in 2099.16402 s).

FinalMC energy: -4.016152353e-03 +- 1.579598473e-05
Acceptance ratio: 9.016125724e-01
FinalMC done (in 106.635493 s).

Blocking_0 energy: -4.069264759e-03 +- 2.260364483e-04
Blocking_1 energy: -4.153953956e-03 +- 2.260909424e-04
Blocking_2 energy: -4.067515098e-03 +- 2.223493346e-04
Blocking_3 energy: -3.666352391e-03 +- 2.398851059e-04
Blocking_4 energy: -3.714715256e-03 +- 2.244955900e-04
Blocking_5 energy: -4.202136882e-03 +- 2.229500167e-04
Blocking_6 energy: -3.887457340e-03 +- 2.366319723e-04
Blocking_7 energy: -4.162262507e-03 +- 2.372076574e-04
Blocking_8 energy: -3.958490023e-03 +- 2.218735991e-04
Blocking_9 energy: -3.785373374e-03 +- 2.253448084e-04
Blocking_10 energy: -3.950482612e-03 +- 2.282099256e-04
Blocking_11 energy: -4.463216605e-03 +- 2.388421351e-04
Blocking_12 energy: -4.318442300e-03 +- 2.053000507e-04
Blocking_13 energy: -3.779355664e-03 +- 2.265106858e-04
Blocking_14 energy: -4.150286592e-03 +- 2.251944622e-04
Blocking_15 energy: -3.929132289e-03 +- 2.345433478e-04
Final blocking energy: -4.016152353e-03 +- 5.693584196e-05
Blocking analysis done (in 1.05297253 s).

One-body density done (in 8.34976891 s).

Mesh plot done (in 1187.41629 s).

=========================================
