=========================================
               VMC RUN LOG               
=========================================
Date and time             : 2026-08-21 19:54:04
-----------------------------------------
[ SYSTEM & MODELS ]
Hamiltonian               : LennardJonesHO
WF Train Type             : EllipticGaussian
WaveFunction              : LJGaussian
Solver                    : SwappingMH
useUmrigarDrift           : true
preferAnalytic            : true
numberOfThreads           : 4
-----------------------------------------
[ PHYSICAL PARAMETERS ]
dimensions (D)            : 3
particles (N)             : 2
kinetic_factor            : 0.1
min_dist                  : 0.1
max_radius                : 10
omega                     : 0.027951
omega_z                   : 0.111803
LJsigma                   : 1
LJenEps                   : 1
LJalpha                   : 0.05
LJGaussian_loc_Ken_method : 0
rep_a_factor              : 0.0043
rep_strength              : inf
maxStrength               : 1
pre-optimization params   : [ 17, 0, 1 ]
param-optimization mask   : [ true, false, true ]
use_jsonParams            : true
json params               : [ 8, 1.16283293, 1.16611027 ]
-----------------------------------------
[ MONTE CARLO & OPTIMIZATION ENGINES ]
optimizer                 : NLOPT_NELDERMEAD
time Step                 : 0.1
Equilibr. Steps           : 500000
optimizationMCsteps       : 8000000
NLOPT_tol                 : 1e-05
Adam_lr                   : 0.04
Adam_nSteps               : 50
Adam_min_improvement      : 0.01
Adam_max_patience         : 20
varOpt_weight             : 0.05
Final MC Steps            : 2^27 (134217728)
-----------------------------------------
[ PARAMETER MESH ]
lower bounds              : [ 15, 0, 0.75 ]
upper bounds              : [ 23, 0, 1.25 ]
number of points          : [ 16, 1, 10 ]
Mesh MC Steps             : 2^23 (8388608)
-----------------------------------------
[ NEURAL NETWORK ]
Nhid                      : 10
Activation Func           : tanh
NN Learning Rate          : 0.05
Pretrain Steps            : 200
Energy Steps              : 1100
Adiab Steps               : 100
Adam_ktol                 : 0.99
max_patience              : 80
min_improvement           : 0.02
helpDecay                 : 0.4
-----------------------------------------
[ OBSERVABLES & MISC ]
Normalize by nParticles   : 0
1bodyDens. Steps          : 10000000
1bodyDens. rMax           : 5.5
1bodyDens. nBins          : 100
Seed                      : 0
=========================================
Called toggles            : [ true, true, true, true ]
=========================================

Initial parameters: 17, 	0, 	1, 	
Optimal parameters: 16.9663086, 	0, 	0.945947266, 	
VMC Optimization done (in 2511.14012 s).

FinalMC energy: 3.998390258e-02 +- 5.658905245e-06
Acceptance ratio: 9.034621119e-01
FinalMC done (in 55.1497715 s).

Blocking_0 energy: 3.999727644e-02 +- 1.306424274e-05
Blocking_1 energy: 3.997301061e-02 +- 1.248522056e-05
Blocking_2 energy: 3.998853265e-02 +- 1.653556331e-05
Blocking_3 energy: 3.997679061e-02 +- 1.299613504e-05
Final blocking energy: 3.998390258e-02 +- 6.932169351e-06
Blocking analysis done (in 2.24025375 s).

One-body density done (in 6.32318371 s).

Mesh plot done (in 586.949172 s).

=========================================
