=========================================
               VMC RUN LOG               
=========================================
Date and time             : 2026-08-09 17:35:00
-----------------------------------------
[ SYSTEM & MODELS ]
Hamiltonian               : LennardJonesHO
WF Train Type             : EllipticGaussian
WaveFunction              : LJGaussian
Solver                    : MetropolisHastings
preferAnalytic            : true
-----------------------------------------
[ PHYSICAL PARAMETERS ]
dimensions (D)            : 3
particles (N)             : 6
min_dist                  : 1
max_radius                : 1e+06
omega                     : 0.111803
omega_z                   : 0.027951
LJsigma                   : 1
LJenEps                   : 1
LJalpha                   : 1
LJGaussian_loc_Ken_method : 0
rep_a_factor              : 0.05
rep_strength              : inf
maxStrength               : 1
pre-optimization params   : [ 4, 1, 5 ]
param-optimization mask   : [ true, true, false ]
-----------------------------------------
[ MONTE CARLO & OPTIMIZATION ENGINES ]
time Step                 : 0.85
Equilibr. Steps           : 10000
BFGS MC Steps             : 1000000
BFGS_tol                  : 1e-05
Final MC Steps            : 2^23 (8388608)
-----------------------------------------
[ PARAMETER MESH ]
lower bounds              : [ 3, 1.05, 5 ]
upper bounds              : [ 4.2, 1.2, 5 ]
number of points          : [ 10, 10, 1 ]
Mesh MC Steps             : 2^20 (1048576)
-----------------------------------------
[ NEURAL NETWORK ]
Nhid                      : 10
Activation Func           : tanh
Learning Rate             : 0.05
Pretrain Steps            : 200
Energy Steps              : 1100
Adiab Steps               : 100
Adam_ktol                 : 0.99
max_patience              : 80
min_improvement           : 0.02
helpDecay                 : 0.4
-----------------------------------------
[ OBSERVABLES & MISC ]
1bodyDens. Steps          : 500000
1bodyDens. rMax           : 4.5
1bodyDens. nBins          : 70
Seed                      : 0
=========================================

Initial parameters: 4, 	1, 	5, 	
Optimal parameters: 4.01854405, 	3.07876649, 	5, 	
VMC Optimization done (in 36.8664906 s).

FinalMC energy: -1.311058459e+05 +- 1.201552195e+01
Acceptance ratio: 0.000000000e+00
FinalMC done (in 17.0273412 s).

Blocking_0 energy: -1.696087199e+05 +- 4.493400620e-07
Blocking_1 energy: -1.592755852e+05 +- 1.515435733e-06
Blocking_2 energy: -8.462187748e+04 +- 2.091334254e-07
Blocking_3 energy: -1.109172011e+05 +- 3.504521853e-07
Final blocking energy: -1.311058459e+05 +- 4.081211121e-07
Blocking analysis done (in 0.126767098 s).

One-body density done (in 1.14348286 s).

Mesh plot done (in 201.872846 s).

=========================================
