=========================================
               VMC RUN LOG               
=========================================
Date and time             : 2026-09-04 00:55:33
-----------------------------------------
[ SYSTEM & MODELS ]
Hamiltonian               : LennardJonesHO_noInteraction
WF Train Type             : LJGaussian
WaveFunction              : LJGaussian
Solver                    : SwappingMetropolis
enSamplerType             : Separate
useUmrigarDrift           : true
preferAnalytic            : true
numberOfThreads           : 4
-----------------------------------------
[ PHYSICAL PARAMETERS ]
dimensions (D)            : 3
particles (N)             : 2
kinetic_factor            : 0.1
min_dist                  : 0.1
max_radius                : 10
omega                     : 0.027951
omega_z                   : 0.027951
LJsigma                   : 1
LJenEps                   : 1
LJalpha                   : 1
LJGaussian_loc_Ken_method : 0
rep_a_factor              : 0.0043
rep_strength              : inf
maxStrength               : 1
pre-optimization params   : [ 12, 0, 0 ]
param-optimization mask   : [ true, false, false ]
use_jsonParams            : true
json params               : [ 16, 0, 0 ]
-----------------------------------------
[ MONTE CARLO & OPTIMIZATION ENGINES ]
optimizer                 : NLOPT_BFGS
log_grads                 : true
time Step                 : 0.1
Equilibr. Steps           : 500000
optimizationMCsteps       : 8000000
autoMCincr_wait           : 100
Final MC Steps            : 2^22 (4194304)
NLOPT_tol                 : 1e-05
Adam_lr                   : 0.03
Adam_nSteps               : 1000
Adam_min_improvement      : 0.0001
Adam_max_patience         : 300
NelderMead first guess    : + [ 0.5, 0.05, 0.05 ]
varOpt_weight             : 0.0005
LJ_request_Ekin           : false
log_blocking              : true
-----------------------------------------
[ PARAMETER MESH ]
lower bounds              : [ 2, 0, 0 ]
upper bounds              : [ 7, 0, 0 ]
number of points          : [ 5, 1, 1 ]
Mesh MC Steps             : 2^23 (8388608)
-----------------------------------------
[ NEURAL NETWORK ]
Nhid                      : 12
Activation Func           : tanh
NN Learning Rate          : 0.1
Pretrain Steps            : 1000
Energy Steps              : 4000
Adiab Steps               : 1500
Adam_ktol                 : 0.99
max_patience              : 50
min_improvement           : 0.02
helpDecay                 : 0.05
-----------------------------------------
[ OBSERVABLES & MISC ]
Normalize by nParticles   : true
calc_normalized_PCF       : true
PCF reference params      : [ 16, 0, 0 ]
1bodyDens. Steps          : 15000000
1bodyDens. rMax           : 9
1bodyDens. nBins          : 150
Seed                      : 0
=========================================
Called toggles            : [ true, true, false, false ]
=========================================

Initial parameters: 12, 	0, 	0, 	
Optimal parameters: 15.9998985, 	0, 	0, 	
VMC Optimization done (in 55.8761019 s).

FinalMC energy: 3.750020163e-02 +- 9.236478240e-12
Acceptance ratio: 9.067840576e-01
Printing specials:
energies[0]:   3.7500201630615e-02
energies_var[0]:   3.5782668701521e-16
energies[1]:   1.8754205921236e-02
energies_var[1]:   1.1720856876682e-04
energies[2]:   1.8745995709378e-02
energies_var[2]:   1.1720815928373e-04
energies[3]:   0.0000000000000e+00
energies_var[3]:   0.0000000000000e+00
FinalMC done (in 2.259204373 s).

Blocking_0 energy: 3.750020165e-02 +- 4.621132108e-11
Blocking_1 energy: 3.750020163e-02 +- 4.733681276e-11
Blocking_2 energy: 3.750020158e-02 +- 4.807825007e-11
Blocking_3 energy: 3.750020166e-02 +- 4.748178778e-11
Final blocking energy: 3.750020163e-02 +- 2.364093158e-11
Blocking analysis done (in 0.067522299 s).

=========================================
