=========================================
               VMC RUN LOG               
=========================================
Date and time             : 2026-08-09 14:29:37
-----------------------------------------
[ SYSTEM & MODELS ]
Hamiltonian               : LennardJonesHO_noInteraction
WF Train Type             : EllipticGaussian
WaveFunction              : LJGaussian
Solver                    : MetropolisHastings
preferAnalytic            : true
-----------------------------------------
[ PHYSICAL PARAMETERS ]
dimensions (D)            : 3
particles (N)             : 2
min_dist                  : 1
max_radius                : 10000
omega                     : 1
omega_z                   : 2.8
LJsigma                   : 0.5
LJenEps                   : 5
LJalpha                   : 1
LJGaussian_loc_Ken_method : 0
rep_a_factor              : 0.05
rep_strength              : inf
maxStrength               : 1
pre-optimization params   : [ 1, 0, 5 ]
param-optimization mask   : [ true, false, false ]
-----------------------------------------
[ MONTE CARLO & OPTIMIZATION ENGINES ]
time Step                 : 0.15
Equilibr. Steps           : 10000
BFGS MC Steps             : 10000
BFGS_tol                  : 1e-05
Final MC Steps            : 2^23 (8388608)
-----------------------------------------
[ PARAMETER MESH ]
lower bounds              : [ 0.8, 0, 5 ]
upper bounds              : [ 1.3, 0, 5 ]
number of points          : [ 5, 1, 1 ]
Mesh MC Steps             : 2^17 (131072)
-----------------------------------------
[ NEURAL NETWORK ]
Nhid                      : 10
Activation Func           : tanh
Learning Rate             : 0.05
Pretrain Steps            : 200
Energy Steps              : 1100
Adiab Steps               : 100
Adam_ktol                 : 0.99
max_patience              : 80
min_improvement           : 0.02
helpDecay                 : 0.4
-----------------------------------------
[ OBSERVABLES & MISC ]
1bodyDens. Steps          : 100000
1bodyDens. rMax           : 3.5
1bodyDens. nBins          : 50
Seed                      : 0
=========================================

Initial parameters: 1, 	0, 	5, 	
Optimal parameters: 0.001, 	0, 	5, 	
VMC Optimization done (in 0.190722473 s).

FinalMC energy: -2.968955998e+05 +- 2.535042601e+01
Acceptance ratio: 0.000000000e+00
FinalMC done (in 3.48534809 s).

Blocking_0 energy: -3.219711467e+05 +- 8.160714060e-07
Blocking_1 energy: -3.977589724e+05 +- 3.633176675e-06
Blocking_2 energy: -2.715495966e+05 +- 5.530921044e-06
Blocking_3 energy: -1.963026833e+05 +- 4.993460607e-06
Final blocking energy: -2.968955998e+05 +- 2.082541742e-06
Blocking analysis done (in 0.119053582 s).

One-body density done (in 0.06806289 s).

Mesh plot done (in 0.337672049 s).

=========================================
