=========================================
               VMC RUN LOG               
=========================================
Date and time             : 2026-08-19 12:10:30
-----------------------------------------
[ SYSTEM & MODELS ]
Hamiltonian               : LennardJonesHO
WF Train Type             : EllipticGaussian
WaveFunction              : LJGaussian
Solver                    : SwappingMH
useUmrigarDrift           : true
preferAnalytic            : true
numberOfThreads           : 16
-----------------------------------------
[ PHYSICAL PARAMETERS ]
dimensions (D)            : 3
particles (N)             : 4
kinetic_factor            : 0.1
min_dist                  : 0.1
max_radius                : 10
omega                     : 0.027951
omega_z                   : 0.111803
LJsigma                   : 1
LJenEps                   : 1
LJalpha                   : 0.05
LJGaussian_loc_Ken_method : 0
rep_a_factor              : 0.0043
rep_strength              : inf
maxStrength               : 1
pre-optimization params   : [ 16, 1, 1 ]
param-optimization mask   : [ true, true, true ]
use_jsonParams            : true
json params               : [ 4.6, 0, 1.01 ]
-----------------------------------------
[ MONTE CARLO & OPTIMIZATION ENGINES ]
optimizer                 : NLOPT_NELDERMEAD
time Step                 : 0.1
Equilibr. Steps           : 500000
optimizationMCsteps       : 8000000
NLOPT_tol                 : 1e-05
Adam_lr                   : 0.01
Adam_nSteps               : 120
Adam_min_improvement      : 0.01
Adam_max_patience         : 20
varOpt_weight             : 0.05
Final MC Steps            : 2^27 (134217728)
-----------------------------------------
[ PARAMETER MESH ]
lower bounds              : [ 15, 0.8, 0.8 ]
upper bounds              : [ 18, 1.5, 1.5 ]
number of points          : [ 10, 10, 10 ]
Mesh MC Steps             : 2^23 (8388608)
-----------------------------------------
[ NEURAL NETWORK ]
Nhid                      : 10
Activation Func           : tanh
NN Learning Rate          : 0.05
Pretrain Steps            : 200
Energy Steps              : 1100
Adiab Steps               : 100
Adam_ktol                 : 0.99
max_patience              : 80
min_improvement           : 0.02
helpDecay                 : 0.4
-----------------------------------------
[ OBSERVABLES & MISC ]
1bodyDens. Steps          : 10000000
1bodyDens. rMax           : 5.5
1bodyDens. nBins          : 100
Seed                      : 0
=========================================
Called toggles            : [ true, true, true, true ]
=========================================

Initial parameters: 16, 	1, 	1, 	
Optimal parameters: 17.6342167, 	1.10769247, 	1.04111216, 	
VMC Optimization done (in 733.071087 s).

FinalMC energy: 7.885653573e-02 +- 1.417669001e-05
Acceptance ratio: 9.009648412e-01
FinalMC done (in 56.1404422 s).

Blocking_0 energy: 7.891437163e-02 +- 9.271512001e-05
Blocking_1 energy: 7.872817252e-02 +- 1.065879759e-04
Blocking_2 energy: 7.888104512e-02 +- 8.791369029e-05
Blocking_3 energy: 7.881478676e-02 +- 1.117742328e-04
Blocking_4 energy: 7.870362877e-02 +- 1.174752825e-04
Blocking_5 energy: 7.863877971e-02 +- 1.502787236e-04
Blocking_6 energy: 7.901386455e-02 +- 8.698874015e-05
Blocking_7 energy: 7.877992068e-02 +- 1.196096332e-04
Blocking_8 energy: 7.891909451e-02 +- 9.510162433e-05
Blocking_9 energy: 7.868626081e-02 +- 1.266983124e-04
Blocking_10 energy: 7.889027696e-02 +- 9.713847863e-05
Blocking_11 energy: 7.896095667e-02 +- 1.017524628e-04
Blocking_12 energy: 7.899197450e-02 +- 8.301360464e-05
Blocking_13 energy: 7.891909451e-02 +- 9.510162433e-05
Blocking_14 energy: 7.895979249e-02 +- 9.466802726e-05
Blocking_15 energy: 7.890255156e-02 +- 9.185117162e-05
Final blocking energy: 7.885653573e-02 +- 2.626915282e-05
Blocking analysis done (in 1.04089903 s).

One-body density done (in 6.12303308 s).

Mesh plot done (in 4726.21717 s).

=========================================
