=========================================
               VMC RUN LOG               
=========================================
Date and time             : 2026-08-10 12:59:16
-----------------------------------------
[ SYSTEM & MODELS ]
Hamiltonian               : HarmonicOscillator
WF Train Type             : EllipticGaussian
WaveFunction              : SimpleGaussian
Solver                    : MetropolisHastings
preferAnalytic            : true
-----------------------------------------
[ PHYSICAL PARAMETERS ]
dimensions (D)            : 3
particles (N)             : 2
min_dist                  : 0
max_radius                : 1e+06
omega                     : 1
omega_z                   : 0.027951
LJsigma                   : 1
LJenEps                   : 1
LJalpha                   : 1
LJGaussian_loc_Ken_method : 0
rep_a_factor              : 0.05
rep_strength              : inf
maxStrength               : 1
pre-optimization params   : [ 0.6 ]
param-optimization mask   : [ true ]
-----------------------------------------
[ MONTE CARLO & OPTIMIZATION ENGINES ]
time Step                 : 0.85
Equilibr. Steps           : 10000
BFGS MC Steps             : 1000000
BFGS_tol                  : 1e-05
Final MC Steps            : 2^23 (8388608)
-----------------------------------------
[ PARAMETER MESH ]
lower bounds              : [ 0.5 ]
upper bounds              : [ 0.5 ]
number of points          : [ 1 ]
Mesh MC Steps             : 2^20 (1048576)
-----------------------------------------
[ NEURAL NETWORK ]
Nhid                      : 10
Activation Func           : tanh
Learning Rate             : 0.05
Pretrain Steps            : 200
Energy Steps              : 1100
Adiab Steps               : 100
Adam_ktol                 : 0.99
max_patience              : 80
min_improvement           : 0.02
helpDecay                 : 0.4
-----------------------------------------
[ OBSERVABLES & MISC ]
1bodyDens. Steps          : 500000
1bodyDens. rMax           : 4.5
1bodyDens. nBins          : 70
Seed                      : 0
=========================================

Initial parameters: 0.6, 	
Optimal parameters: 0.499150344, 	
VMC Optimization done (in 34.1679558 s).

FinalMC energy: 3.000001558e+00 +- 1.016687179e-06
Acceptance ratio: 6.647118330e-01
FinalMC done (in 1.00421258 s).

Blocking_0 energy: 2.999998168e+00 +- 4.744312534e-06
Blocking_1 energy: 2.999999034e+00 +- 4.700337161e-06
Blocking_2 energy: 3.000007891e+00 +- 4.673911772e-06
Blocking_3 energy: 3.000001139e+00 +- 4.768143656e-06
Final blocking energy: 3.000001558e+00 +- 2.360909730e-06
Blocking analysis done (in 0.12522772 s).

One-body density done (in 0.186278282 s).

Mesh plot done (in 0.151349204 s).

=========================================
