=========================================
               VMC RUN LOG               
=========================================
Date and time             : 2026-08-06 15:30:35
-----------------------------------------
[ SYSTEM & MODELS ]
Hamiltonian               : LennardJonesHO
WF Train Type             : EllipticGaussian
WaveFunction              : LJGaussian
Solver                    : MetropolisHastings
preferAnalytic            : false
-----------------------------------------
[ PHYSICAL PARAMETERS ]
dimensions (D)            : 1
particles (N)             : 1
omega                     : 1
omega_z                   : 1
LJsigma                   : 1
LJenEps                   : 5
LJalpha                   : 1
LJGaussian_loc_Ken_method : 2
rep_a_factor              : 0.05
rep_strength              : inf
maxStrength               : 1
pre-optimization params   : [ 0.9, 1, 1 ]
param-optimization mask   : [ true, false, false ]
-----------------------------------------
[ MONTE CARLO & OPTIMIZATION ENGINES ]
time Step                 : 0.15
Equilibr. Steps           : 10000
BFGS MC Steps             : 1000000
BFGS_tol                  : 1e-05
Final MC Steps            : 2^23 (8388608)
-----------------------------------------
[ NEURAL NETWORK ]
Nhid                      : 10
Activation Func           : tanh
Learning Rate             : 0.05
Pretrain Steps            : 200
Energy Steps              : 1100
Adiab Steps               : 100
Adam_ktol                 : 0.99
max_patience              : 80
min_improvement           : 0.02
helpDecay                 : 0.4
-----------------------------------------
[ OBSERVABLES & MISC ]
1bodyDens. Steps          : 100000
1bodyDens. rMax           : 3.5
1bodyDens. nBins          : 50
Seed                      : 0
=========================================

FinalMC energy: 6.258109039e-01 +- 3.058114386e-04
Acceptance ratio: 9.630578756e-01
FinalMC done (in 0.903712183 s).

Blocking_0 energy: 6.269597968e-01 +- 1.018030606e-03
Blocking_1 energy: 6.236821249e-01 +- 1.027463538e-03
Blocking_2 energy: 6.260890041e-01 +- 1.028259538e-03
Blocking_3 energy: 6.265126896e-01 +- 1.032361256e-03
Final blocking energy: 6.258109039e-01 +- 5.132710710e-04
Blocking analysis done (in 0.12403762 s).

=========================================
