=========================================
               VMC RUN LOG               
=========================================
Date and time             : 2026-08-21 19:44:30
-----------------------------------------
[ SYSTEM & MODELS ]
Hamiltonian               : LennardJonesHO
WF Train Type             : EllipticGaussian
WaveFunction              : LJGaussian
Solver                    : SwappingMH
useUmrigarDrift           : true
preferAnalytic            : true
numberOfThreads           : 4
-----------------------------------------
[ PHYSICAL PARAMETERS ]
dimensions (D)            : 3
particles (N)             : 2
kinetic_factor            : 0.1
min_dist                  : 0.1
max_radius                : 10
omega                     : 0.027951
omega_z                   : 0.111803
LJsigma                   : 1
LJenEps                   : 1
LJalpha                   : 0.05
LJGaussian_loc_Ken_method : 0
rep_a_factor              : 0.0043
rep_strength              : inf
maxStrength               : 1
pre-optimization params   : [ 17, 0, 1 ]
param-optimization mask   : [ true, false, true ]
use_jsonParams            : true
json params               : [ 8, 1.16283293, 1.16611027 ]
-----------------------------------------
[ MONTE CARLO & OPTIMIZATION ENGINES ]
optimizer                 : Adam
time Step                 : 0.1
Equilibr. Steps           : 500000
optimizationMCsteps       : 8000000
NLOPT_tol                 : 1e-05
Adam_lr                   : 0.04
Adam_nSteps               : 50
Adam_min_improvement      : 0.01
Adam_max_patience         : 20
varOpt_weight             : 0.05
Final MC Steps            : 2^27 (134217728)
-----------------------------------------
[ PARAMETER MESH ]
lower bounds              : [ 15, 0, 0.75 ]
upper bounds              : [ 23, 0, 1.25 ]
number of points          : [ 16, 1, 10 ]
Mesh MC Steps             : 2^23 (8388608)
-----------------------------------------
[ NEURAL NETWORK ]
Nhid                      : 10
Activation Func           : tanh
NN Learning Rate          : 0.05
Pretrain Steps            : 200
Energy Steps              : 1100
Adiab Steps               : 100
Adam_ktol                 : 0.99
max_patience              : 80
min_improvement           : 0.02
helpDecay                 : 0.4
-----------------------------------------
[ OBSERVABLES & MISC ]
Normalize by nParticles   : 0
1bodyDens. Steps          : 10000000
1bodyDens. rMax           : 5.5
1bodyDens. nBins          : 100
Seed                      : 0
=========================================
Called toggles            : [ true, true, true, false ]
=========================================

Initial parameters: 17, 	0, 	1, 	
Optimal parameters: 17, 	0, 	1, 	
VMC Optimization done (in 422.935883 s).

FinalMC energy: 3.995093211e-02 +- 7.124222108e-06
Acceptance ratio: 9.076036513e-01
FinalMC done (in 57.7157793 s).

Blocking_0 energy: 3.993807053e-02 +- 1.587538518e-05
Blocking_1 energy: 3.996001768e-02 +- 1.580468005e-05
Blocking_2 energy: 3.994154986e-02 +- 1.739377510e-05
Blocking_3 energy: 3.996409039e-02 +- 1.670365896e-05
Final blocking energy: 3.995093211e-02 +- 8.228651929e-06
Blocking analysis done (in 2.25037891 s).

One-body density done (in 6.99256356 s).

=========================================
