=========================================
               VMC RUN LOG               
=========================================
Date and time    : 2026-08-05 19:48:46
-----------------------------------------
[ SYSTEM & MODELS ]
Hamiltonian      : HarmonicOscillator
WF Train Type    : EllipticGaussian
WaveFunction     : EllipticGaussian
Solver           : Metropolis
preferAnalytic   : true
-----------------------------------------
[ PHYSICAL PARAMETERS ]
dimensions (D)   : 3
particles (N)    : 3
omega            : 1
omega_z          : 1
rep_a_factor     : 0.0043
rep_strength     : inf
maxStrength      : 1
-----------------------------------------
[ MONTE CARLO & OPTIMIZATION ]
time Step        : 0.15
Equilibr. Steps  : 10000
BFGS MC Steps    : 1000000
BFGS_tol         : 1e-05
Final MC Steps   : 2^20 (1.04858e+06)
-----------------------------------------
[ NEURAL NETWORK ]
Nhid             : 10
Activation Func  : tanh
Learning Rate    : 0.05
Pretrain Steps   : 200
Energy Steps     : 1100
Adiab Steps      : 100
Adam_ktol        : 0.99
max_patience     : 80
min_improvement  : 0.02
helpDecay        : 0.4
-----------------------------------------
[ OBSERVABLES & MISC ]
1bodyDens. Steps : 100000
1bodyDens. rMax  : 3.5
1bodyDens. nBins : 50
Seed             : 0
=========================================

Initial parameters: 0.48, 	1.2, 	
Optimal parameters: 0.500125279, 	1.00259495, 	
VMC Optimization done (in 1.81203531 s).

FinalMC energy: 4.499823323e+00 +- 3.508571942e-06
Acceptance ratio: 9.598102570e-01
FinalMC done (in 0.096681285 s).

Blocking_0 energy: 4.500079924e+00 +- 2.508930881e-04
Blocking_1 energy: 4.499954752e+00 +- 2.403618695e-04
Blocking_2 energy: 4.499701105e+00 +- 2.488039416e-04
Blocking_3 energy: 4.499557512e+00 +- 2.197303059e-04
Final blocking energy: 4.499823323e+00 +- 1.201316930e-04
Blocking analysis done (in 0.017109897 s).

One-body density done (in 0.02187759 s).

=========================================
