=========================================
               VMC RUN LOG               
=========================================
Date and time    : 2026-08-04 17:21:56
-----------------------------------------
[ SYSTEM & MODELS ]
Hamiltonian      : RepulsiveHO
WF Train Type    : EllipticGaussian
WaveFunction     : EllipticGaussian
Solver           : MetropolisHastings
preferAnalytic   : false
useCache         : false
-----------------------------------------
[ PHYSICAL PARAMETERS ]
dimensions (D)   : 3
particles (N)    : 2
omega            : 1
omega_z          : 2.8243
rep_a_factor     : 0.0043
rep_strength     : inf
maxStrength      : 1
-----------------------------------------
[ MONTE CARLO & OPTIMIZATION ]
time Step        : 0.15
Equilibr. Steps  : 10000
BFGS MC Steps    : 1000000
BFGS_tol         : 1e-05
Final MC Steps   : 2^16 (65536)
-----------------------------------------
[ NEURAL NETWORK ]
Nhid             : 12
Activation Func  : tanh
Learning Rate    : 0.05
Pretrain Steps   : 1000
Energy Steps     : 3000
Adiab Steps      : 1000
Adam_ktol        : 0.99
max_patience     : 80
min_improvement  : 0.02
helpDecay        : 0.4
-----------------------------------------
[ OBSERVABLES & MISC ]
1bodyDens. Steps : 5000000
1bodyDens. rMax  : 3.5
1bodyDens. nBins : 50
Seed             : 0
=========================================

Initial parameters: 0.6, 	2.9, 	
Optimal parameters: 0.494044315, 	2.88322682, 	
VMC Optimization done (in 5.4778869 s).

FinalMC energy: 4.824326538e+00 +- 1.149289811e-04
Acceptance ratio: 9.295916499e-01
FinalMC done (in 0.01866035 s).

Blocking_0 energy: -1.000000000e+00 +- -1.000000000e+00
Blocking_1 energy: -1.000000000e+00 +- -1.000000000e+00
Blocking_2 energy: -1.000000000e+00 +- -1.000000000e+00
Blocking_3 energy: -1.000000000e+00 +- -1.000000000e+00
Blocking_4 energy: -1.000000000e+00 +- -1.000000000e+00
Blocking_5 energy: -1.000000000e+00 +- -1.000000000e+00
Final blocking energy: -1.000000000e+00 +- 4.082482905e-01
Blocking analysis done (in 0.005607284 s).

One-body density done (in 1.61880907 s).

=========================================
