=========================================
               VMC RUN LOG               
=========================================
Date and time             : 2026-08-06 16:36:43
-----------------------------------------
[ SYSTEM & MODELS ]
Hamiltonian               : LennardJonesHO
WF Train Type             : EllipticGaussian
WaveFunction              : LJGaussian
Solver                    : MetropolisHastings
preferAnalytic            : true
-----------------------------------------
[ PHYSICAL PARAMETERS ]
dimensions (D)            : 1
particles (N)             : 2
omega                     : 1
omega_z                   : 1
LJsigma                   : 1
LJenEps                   : 5
LJalpha                   : 1
LJGaussian_loc_Ken_method : 0
rep_a_factor              : 0.05
rep_strength              : inf
maxStrength               : 1
pre-optimization params   : [ 1, 1, 2 ]
param-optimization mask   : [ false, true, false ]
-----------------------------------------
[ MONTE CARLO & OPTIMIZATION ENGINES ]
time Step                 : 0.15
Equilibr. Steps           : 10000
BFGS MC Steps             : 1000000
BFGS_tol                  : 1e-05
Final MC Steps            : 2^23 (8388608)
-----------------------------------------
[ NEURAL NETWORK ]
Nhid                      : 10
Activation Func           : tanh
Learning Rate             : 0.05
Pretrain Steps            : 200
Energy Steps              : 1100
Adiab Steps               : 100
Adam_ktol                 : 0.99
max_patience              : 80
min_improvement           : 0.02
helpDecay                 : 0.4
-----------------------------------------
[ OBSERVABLES & MISC ]
1bodyDens. Steps          : 100000
1bodyDens. rMax           : 3.5
1bodyDens. nBins          : 50
Seed                      : 0
=========================================

Initial parameters: 1, 	1, 	2, 	
Optimal parameters: 1, 	9836.22218, 	2, 	
VMC Optimization done (in 3.46434116 s).

FinalMC energy: -8.603501418e+12 +- 2.820720720e+09
Acceptance ratio: 0.000000000e+00
FinalMC done (in 1.85217905 s).

Blocking_0 energy: -1.918164103e+13 +- 2.955468750e+02
Blocking_1 energy: -1.055482107e+12 +- 2.887695312e+01
Blocking_2 energy: -1.392635868e+13 +- 3.538154297e+02
Blocking_3 energy: -2.505238610e+11 +- 2.816085815e+00
Final blocking energy: -8.603501418e+12 +- 1.154813628e+02
Blocking analysis done (in 0.121334762 s).

One-body density done (in 0.041094487 s).

=========================================
