=========================================
               VMC RUN LOG               
=========================================
Date and time    : 2026-08-05 19:42:19
-----------------------------------------
[ SYSTEM & MODELS ]
Hamiltonian      : RepulsiveHO
WF Train Type    : EllipticGaussian
WaveFunction     : EllipticGaussian
Solver           : MetropolisHastings
preferAnalytic   : false
-----------------------------------------
[ PHYSICAL PARAMETERS ]
dimensions (D)   : 3
particles (N)    : 3
omega            : 1
omega_z          : 1
rep_a_factor     : 0.0043
rep_strength     : inf
maxStrength      : 1
-----------------------------------------
[ MONTE CARLO & OPTIMIZATION ]
time Step        : 0.15
Equilibr. Steps  : 10000
BFGS MC Steps    : 1000000
BFGS_tol         : 1e-05
Final MC Steps   : 2^16 (65536)
-----------------------------------------
[ NEURAL NETWORK ]
Nhid             : 10
Activation Func  : tanh
Learning Rate    : 0.05
Pretrain Steps   : 200
Energy Steps     : 1100
Adiab Steps      : 100
Adam_ktol        : 0.99
max_patience     : 80
min_improvement  : 0.02
helpDecay        : 0.4
-----------------------------------------
[ OBSERVABLES & MISC ]
1bodyDens. Steps : 100000
1bodyDens. rMax  : 3.5
1bodyDens. nBins : 50
Seed             : 0
=========================================

Initial parameters: 0.48, 	1.2, 	
Optimal parameters: 0.500034325, 	0.999709084, 	
VMC Optimization done (in 8.51723823 s).

FinalMC energy: 4.499994145e+00 +- 1.165190569e-06
Acceptance ratio: 9.736633301e-01
FinalMC done (in 0.025860867 s).

Blocking_0 energy: 4.499993145e+00 +- 1.032636444e-05
Blocking_1 energy: 4.499993842e+00 +- 1.126320337e-05
Blocking_2 energy: 4.499999612e+00 +- 9.928231167e-06
Blocking_3 energy: 4.499989981e+00 +- 9.431401038e-06
Final blocking energy: 4.499994145e+00 +- 5.129660394e-06
Blocking analysis done (in 0.001881498 s).

One-body density done (in 0.056380928 s).

=========================================
