=========================================
               VMC RUN LOG               
=========================================
Date and time             : 2026-08-12 19:29:40
-----------------------------------------
[ SYSTEM & MODELS ]
Hamiltonian               : LennardJonesHO
WF Train Type             : EllipticGaussian
WaveFunction              : LJGaussian
Solver                    : SwappingMH
preferAnalytic            : true
-----------------------------------------
[ PHYSICAL PARAMETERS ]
dimensions (D)            : 3
particles (N)             : 6
min_dist                  : 1
max_radius                : 1e+06
omega                     : 0.111803
omega_z                   : 0.027951
LJsigma                   : 1
LJenEps                   : 1
LJalpha                   : 0.4
LJGaussian_loc_Ken_method : 0
rep_a_factor              : 0.01
rep_strength              : inf
maxStrength               : 1
pre-optimization params   : [ 4, 1, 5 ]
param-optimization mask   : [ true, true, false ]
use_jsonParams            : true
json params               : [ 3.98009743, 1.12619699, 5 ]
-----------------------------------------
[ MONTE CARLO & OPTIMIZATION ENGINES ]
optimizer                 : Adam
time Step                 : 0.1
Equilibr. Steps           : 200000
optimizationMCsteps       : 1000000
BFGS_tol                  : 1e-08
Adam_lr                   : 0.02
Adam_nSteps               : 300
Adam_min_improvement      : 0.01
Adam_max_patience         : 40
varOpt_weight             : 0.05
Final MC Steps            : 2^27 (134217728)
-----------------------------------------
[ PARAMETER MESH ]
lower bounds              : [ 1.5, 0.95, 5 ]
upper bounds              : [ 4.5, 1.25, 5 ]
number of points          : [ 9, 9, 1 ]
Mesh MC Steps             : 2^21 (2097152)
-----------------------------------------
[ NEURAL NETWORK ]
Nhid                      : 10
Activation Func           : tanh
NN Learning Rate          : 0.05
Pretrain Steps            : 200
Energy Steps              : 1100
Adiab Steps               : 100
Adam_ktol                 : 0.99
max_patience              : 80
min_improvement           : 0.02
helpDecay                 : 0.4
-----------------------------------------
[ OBSERVABLES & MISC ]
1bodyDens. Steps          : 10000000
1bodyDens. rMax           : 5.5
1bodyDens. nBins          : 100
Seed                      : 0
=========================================
Called toggles            : [ true, true, true, true ]
=========================================

Initial parameters: 4, 	1, 	5, 	
Optimal parameters: 5.34418643, 	2.43016539, 	5, 	
VMC Optimization done (in 4206.42933 s).

FinalMC energy: 9.157235067e-01 +- 2.280217248e-05
Acceptance ratio: 9.018073827e-01
FinalMC done (in 132.685116 s).

Blocking_0 energy: 9.131179310e-01 +- 3.342935604e-04
Blocking_1 energy: 9.126754585e-01 +- 3.395414999e-04
Blocking_2 energy: 9.187337518e-01 +- 3.064961970e-04
Blocking_3 energy: 9.092348759e-01 +- 3.565070095e-04
Blocking_4 energy: 9.156147848e-01 +- 3.279516175e-04
Blocking_5 energy: 9.203184149e-01 +- 3.004940230e-04
Blocking_6 energy: 9.124718714e-01 +- 3.415941008e-04
Blocking_7 energy: 9.172516819e-01 +- 3.149749739e-04
Blocking_8 energy: 9.137285670e-01 +- 3.346916462e-04
Blocking_9 energy: 9.170041943e-01 +- 3.154024780e-04
Blocking_10 energy: 9.161920704e-01 +- 3.200562192e-04
Blocking_11 energy: 9.164211500e-01 +- 3.156611728e-04
Blocking_12 energy: 9.172758483e-01 +- 3.164205970e-04
Blocking_13 energy: 9.136007508e-01 +- 3.406761356e-04
Blocking_14 energy: 9.203184149e-01 +- 3.004940230e-04
Blocking_15 energy: 9.176163413e-01 +- 3.154883512e-04
Final blocking energy: 9.157235067e-01 +- 8.104323278e-05
Blocking analysis done (in 1.12282693 s).

One-body density done (in 12.0550547 s).

Mesh plot done (in 247.155121 s).

=========================================
