=========================================
               VMC RUN LOG               
=========================================
Date and time             : 2026-08-14 16:30:49
-----------------------------------------
[ SYSTEM & MODELS ]
Hamiltonian               : LennardJonesHO_noInteraction
WF Train Type             : EllipticGaussian
WaveFunction              : LJGaussian
Solver                    : SwappingMH
preferAnalytic            : true
-----------------------------------------
[ PHYSICAL PARAMETERS ]
dimensions (D)            : 1
particles (N)             : 2
min_dist                  : 0.1
max_radius                : 10
omega                     : 0.111803
omega_z                   : 0.027951
LJsigma                   : 1
LJenEps                   : 1
LJalpha                   : 0.05
LJGaussian_loc_Ken_method : 0
rep_a_factor              : 0.0043
rep_strength              : inf
maxStrength               : 1
pre-optimization params   : [ 2, 0, 0 ]
param-optimization mask   : [ true, false, false ]
use_jsonParams            : true
json params               : [ 3, 0, 0 ]
-----------------------------------------
[ MONTE CARLO & OPTIMIZATION ENGINES ]
optimizer                 : NLOPT_BFGS
time Step                 : 0.1
Equilibr. Steps           : 500000
optimizationMCsteps       : 9000000
NLOPT_tol                 : 1e-06
Adam_lr                   : 0.08
Adam_nSteps               : 100
Adam_min_improvement      : 0.01
Adam_max_patience         : 40
varOpt_weight             : 0.05
Final MC Steps            : 2^26 (67108864)
-----------------------------------------
[ PARAMETER MESH ]
lower bounds              : [ 1, 0, 0 ]
upper bounds              : [ 6, 0, 0 ]
number of points          : [ 10, 1, 1 ]
Mesh MC Steps             : 2^21 (2097152)
-----------------------------------------
[ NEURAL NETWORK ]
Nhid                      : 10
Activation Func           : tanh
NN Learning Rate          : 0.05
Pretrain Steps            : 200
Energy Steps              : 1100
Adiab Steps               : 100
Adam_ktol                 : 0.99
max_patience              : 80
min_improvement           : 0.02
helpDecay                 : 0.4
-----------------------------------------
[ OBSERVABLES & MISC ]
1bodyDens. Steps          : 10000000
1bodyDens. rMax           : 5.5
1bodyDens. nBins          : 100
Seed                      : 0
=========================================
Called toggles            : [ true, true, true, true ]
=========================================

Initial parameters: 2, 	0, 	0, 	
Optimal parameters: 3.21271199, 	0, 	0, 	
VMC Optimization done (in 97.7620285 s).

FinalMC energy: 4.862126263e-02 +- 1.735493894e-06
Acceptance ratio: 9.143473655e-01
FinalMC done (in 28.5043672 s).

Blocking_0 energy: 4.850851143e-02 +- 9.741389020e-06
Blocking_1 energy: 4.849505115e-02 +- 9.631123833e-06
Blocking_2 energy: 4.878587491e-02 +- 9.702302304e-06
Blocking_3 energy: 4.869561305e-02 +- 9.713130013e-06
Final blocking energy: 4.862126263e-02 +- 4.848535674e-06
Blocking analysis done (in 1.09814538 s).

One-body density done (in 3.83409036 s).

Mesh plot done (in 11.4693107 s).

=========================================
