=========================================
               VMC RUN LOG               
=========================================
Date and time             : 2026-08-21 22:50:33
-----------------------------------------
[ SYSTEM & MODELS ]
Hamiltonian               : LennardJonesHO
WF Train Type             : LJGaussian
WaveFunction              : NN_envelope
Solver                    : SwappingMH
useUmrigarDrift           : true
preferAnalytic            : true
numberOfThreads           : 1
-----------------------------------------
[ PHYSICAL PARAMETERS ]
dimensions (D)            : 3
particles (N)             : 2
kinetic_factor            : 0.1
min_dist                  : 0.1
max_radius                : 10
omega                     : 0.111803
omega_z                   : 0.027951
LJsigma                   : 1
LJenEps                   : 1
LJalpha                   : 1
LJGaussian_loc_Ken_method : 0
rep_a_factor              : 0.0043
rep_strength              : inf
maxStrength               : 1
pre-optimization params   : [ 3.5, 0, 1.1 ]
param-optimization mask   : [ true, true, true ]
use_jsonParams            : true
json params               : [ 4, 0, 1.1 ]
-----------------------------------------
[ MONTE CARLO & OPTIMIZATION ENGINES ]
optimizer                 : NLOPT_NELDERMEAD
time Step                 : 0.1
Equilibr. Steps           : 500000
optimizationMCsteps       : 1000
NLOPT_tol                 : 1e-05
Adam_lr                   : 0.04
Adam_nSteps               : 50
Adam_min_improvement      : 0.01
Adam_max_patience         : 20
varOpt_weight             : 0.05
Final MC Steps            : 2^22 (4194304)
-----------------------------------------
[ PARAMETER MESH ]
lower bounds              : [ 15, 0, 0.75 ]
upper bounds              : [ 23, 0, 1.25 ]
number of points          : [ 16, 1, 10 ]
Mesh MC Steps             : 2^23 (8388608)
-----------------------------------------
[ NEURAL NETWORK ]
Nhid                      : 10
Activation Func           : tanh
NN Learning Rate          : 0.05
Pretrain Steps            : 100
Energy Steps              : 200
Adiab Steps               : 50
Adam_ktol                 : 0.99
max_patience              : 80
min_improvement           : 0.02
helpDecay                 : 0.4
-----------------------------------------
[ OBSERVABLES & MISC ]
Normalize by nParticles   : 0
1bodyDens. Steps          : 10000000
1bodyDens. rMax           : 5.5
1bodyDens. nBins          : 100
Seed                      : 0
=========================================
Called toggles            : [ true, false, false, false ]
=========================================

Initial parameters for psi_train: 3.5, 	0, 	1.1, 	
Optimal parameters: -1.10700581, 	-0.683909821, 	-0.866625664, 	-1.12128888, 	-0.108918273, 	0.538270922, 	0.219364442, 	0.114380026, 	-1.23591812, 	-0.0112063417, 	-2.13918967, 	0.643397809, 	-0.72673418, 	2.06316075, 	-0.0676018336, 	-1.35975252, 	-0.84282473, 	-0.50128487, 	-1.05806341, 	1.57543786, 	1.36106548, 	-0.943733365, 	-0.492373637, 	-0.454707331, 	0.913114125, 	0.436625738, 	0.345466441, 	0.735209688, 	-1.39823508, 	-0.738666522, 	-0.85670536, 	0.717663188, 	0.920558922, 	0.526717495, 	-1.30813031, 	-0.1336499, 	-0.107996992, 	0.134557119, 	-0.132463276, 	1.21928227, 	1.4534336, 	0.756212037, 	0.945899835, 	-1.39805013, 	-1.01414528, 	0.843452518, 	0.440557489, 	0.626845402, 	0.480730723, 	-0.800230809, 	-0.62023738, 	-0.236668719, 	0.208858237, 	0.236443091, 	-0.345052721, 	-0.675192959, 	-0.299445598, 	-1.00913966, 	-1.32138448, 	0.0314029253, 	0.0183797626, 	3.99408659, 	-2.66129401, 	-1.00048966, 	-2.24625397, 	1.23806599, 	2.67335956, 	-2.84694538, 	-0.613563346, 	1.20972208, 	-1.34481047, 	-0.378707806, 	0.529732368, 	2.05795339, 	0.288117985, 	-2.17457197, 	-1.88356342, 	0.284031874, 	0.125234802, 	0.274401813, 	
NN_VMC Optimization done (in 533.111939 s).

=========================================
