=========================================
               VMC RUN LOG               
=========================================
Date and time             : 2026-08-12 19:07:41
-----------------------------------------
[ SYSTEM & MODELS ]
Hamiltonian               : LennardJonesHO
WF Train Type             : EllipticGaussian
WaveFunction              : LJGaussian
Solver                    : SwappingMH
preferAnalytic            : true
-----------------------------------------
[ PHYSICAL PARAMETERS ]
dimensions (D)            : 3
particles (N)             : 2
min_dist                  : 1
max_radius                : 1e+06
omega                     : 0.111803
omega_z                   : 0.027951
LJsigma                   : 1
LJenEps                   : 1
LJalpha                   : 0.4
LJGaussian_loc_Ken_method : 0
rep_a_factor              : 0.01
rep_strength              : inf
maxStrength               : 1
pre-optimization params   : [ 4, 1, 5 ]
param-optimization mask   : [ true, true, false ]
use_jsonParams            : true
json params               : [ 3.98009743, 1.12619699, 5 ]
-----------------------------------------
[ MONTE CARLO & OPTIMIZATION ENGINES ]
optimizer                 : Adam
time Step                 : 0.1
Equilibr. Steps           : 200000
optimizationMCsteps       : 1000000
BFGS_tol                  : 1e-08
Adam_lr                   : 0.02
Adam_nSteps               : 250
Adam_min_improvement      : 0.01
Adam_max_patience         : 40
varOpt_weight             : 0.05
Final MC Steps            : 2^27 (134217728)
-----------------------------------------
[ PARAMETER MESH ]
lower bounds              : [ 1.5, 0.95, 5 ]
upper bounds              : [ 4.5, 1.25, 5 ]
number of points          : [ 9, 9, 1 ]
Mesh MC Steps             : 2^21 (2097152)
-----------------------------------------
[ NEURAL NETWORK ]
Nhid                      : 10
Activation Func           : tanh
NN Learning Rate          : 0.05
Pretrain Steps            : 200
Energy Steps              : 1100
Adiab Steps               : 100
Adam_ktol                 : 0.99
max_patience              : 80
min_improvement           : 0.02
helpDecay                 : 0.4
-----------------------------------------
[ OBSERVABLES & MISC ]
1bodyDens. Steps          : 10000000
1bodyDens. rMax           : 5.5
1bodyDens. nBins          : 100
Seed                      : 0
=========================================
Called toggles            : [ true, true, true, true ]
=========================================

Initial parameters: 4, 	1, 	5, 	
Optimal parameters: 4.93223657, 	2.66285352, 	5, 	
VMC Optimization done (in 1153.02582 s).

FinalMC energy: 2.041113507e-01 +- 5.042044726e-06
Acceptance ratio: 9.085529745e-01
FinalMC done (in 28.2919145 s).

Blocking_0 energy: 2.046028179e-01 +- 3.578369548e-05
Blocking_1 energy: 2.043246592e-01 +- 3.763643963e-05
Blocking_2 energy: 2.043830511e-01 +- 3.690097482e-05
Blocking_3 energy: 2.043587581e-01 +- 3.721091409e-05
Blocking_4 energy: 2.044764871e-01 +- 3.753218608e-05
Blocking_5 energy: 2.036684355e-01 +- 4.023076859e-05
Blocking_6 energy: 2.043873253e-01 +- 3.728831215e-05
Blocking_7 energy: 2.037386113e-01 +- 4.048340402e-05
Blocking_8 energy: 2.039222135e-01 +- 3.927248458e-05
Blocking_9 energy: 2.042018064e-01 +- 3.830102752e-05
Blocking_10 energy: 2.034580506e-01 +- 4.109012412e-05
Blocking_11 energy: 2.040740012e-01 +- 3.831887172e-05
Blocking_12 energy: 2.042897864e-01 +- 3.744096418e-05
Blocking_13 energy: 2.042182256e-01 +- 3.806495115e-05
Blocking_14 energy: 2.040134178e-01 +- 3.839539238e-05
Blocking_15 energy: 2.036639637e-01 +- 4.019933125e-05
Final blocking energy: 2.041113507e-01 +- 9.602815781e-06
Blocking analysis done (in 1.11972999 s).

One-body density done (in 4.47341978 s).

Mesh plot done (in 64.1786849 s).

=========================================
