=========================================
               VMC RUN LOG               
=========================================
Date and time             : 2026-08-13 12:51:22
-----------------------------------------
[ SYSTEM & MODELS ]
Hamiltonian               : LennardJonesHO
WF Train Type             : EllipticGaussian
WaveFunction              : LJGaussian
Solver                    : SwappingMH
preferAnalytic            : true
-----------------------------------------
[ PHYSICAL PARAMETERS ]
dimensions (D)            : 3
particles (N)             : 2
min_dist                  : 1
max_radius                : 1e+06
omega                     : 0.111803
omega_z                   : 0.027951
LJsigma                   : 1
LJenEps                   : 1
LJalpha                   : 0.4
LJGaussian_loc_Ken_method : 0
rep_a_factor              : 0.01
rep_strength              : inf
maxStrength               : 1
pre-optimization params   : [ 4, 1, 1 ]
param-optimization mask   : [ true, true, true ]
use_jsonParams            : true
json params               : [ 3.98009743, 1.12619699, 5 ]
-----------------------------------------
[ MONTE CARLO & OPTIMIZATION ENGINES ]
optimizer                 : Adam
time Step                 : 0.1
Equilibr. Steps           : 200000
optimizationMCsteps       : 1000000
BFGS_tol                  : 1e-08
Adam_lr                   : 0.005
Adam_nSteps               : 150
Adam_min_improvement      : 0.01
Adam_max_patience         : 40
varOpt_weight             : 0.5
Final MC Steps            : 2^27 (134217728)
-----------------------------------------
[ PARAMETER MESH ]
lower bounds              : [ 1.5, 0.95, 5 ]
upper bounds              : [ 4.5, 1.25, 5 ]
number of points          : [ 9, 9, 1 ]
Mesh MC Steps             : 2^21 (2097152)
-----------------------------------------
[ NEURAL NETWORK ]
Nhid                      : 10
Activation Func           : tanh
NN Learning Rate          : 0.05
Pretrain Steps            : 200
Energy Steps              : 1100
Adiab Steps               : 100
Adam_ktol                 : 0.99
max_patience              : 80
min_improvement           : 0.02
helpDecay                 : 0.4
-----------------------------------------
[ OBSERVABLES & MISC ]
1bodyDens. Steps          : 10000000
1bodyDens. rMax           : 5.5
1bodyDens. nBins          : 100
Seed                      : 0
=========================================
Called toggles            : [ true, true, true, false ]
=========================================

Initial parameters: 4, 	1, 	1, 	
Optimal parameters: 4.37269996, 	1, 	1.38971329, 	
VMC Optimization done (in 147.077615 s).

FinalMC energy: 1.711459110e-01 +- 3.958356135e-06
Acceptance ratio: 9.108729064e-01
FinalMC done (in 41.31988 s).

Blocking_0 energy: 1.711247085e-01 +- 1.377648118e-05
Blocking_1 energy: 1.712788069e-01 +- 1.443040314e-05
Blocking_2 energy: 1.710880612e-01 +- 1.360312922e-05
Blocking_3 energy: 1.710920675e-01 +- 1.370334665e-05
Final blocking energy: 1.711459110e-01 +- 6.941068013e-06
Blocking analysis done (in 2.0388558 s).

One-body density done (in 5.72847274 s).

=========================================
