=========================================
               VMC RUN LOG               
=========================================
Date and time             : 2026-08-16 00:32:02
-----------------------------------------
[ SYSTEM & MODELS ]
Hamiltonian               : LennardJonesHO
WF Train Type             : EllipticGaussian
WaveFunction              : LJGaussian
Solver                    : SwappingMH
useUmrigarDrift           : true
preferAnalytic            : true
numberOfThreads           : 16
-----------------------------------------
[ PHYSICAL PARAMETERS ]
dimensions (D)            : 3
particles (N)             : 6
kinetic_factor            : 0.1
min_dist                  : 0.1
max_radius                : 10
omega                     : 0.111803
omega_z                   : 0.027951
LJsigma                   : 1
LJenEps                   : 1
LJalpha                   : 0.4
LJGaussian_loc_Ken_method : 0
rep_a_factor              : 0.0043
rep_strength              : inf
maxStrength               : 1
pre-optimization params   : [ 4.3, 1, 1 ]
param-optimization mask   : [ true, true, true ]
use_jsonParams            : true
json params               : [ 3.47841797, 0, 1.12333984 ]
-----------------------------------------
[ MONTE CARLO & OPTIMIZATION ENGINES ]
optimizer                 : NLOPT_NELDERMEAD
time Step                 : 0.1
Equilibr. Steps           : 500000
optimizationMCsteps       : 8000000
NLOPT_tol                 : 1e-05
Adam_lr                   : 0.01
Adam_nSteps               : 120
Adam_min_improvement      : 0.01
Adam_max_patience         : 20
varOpt_weight             : 0.05
Final MC Steps            : 2^27 (134217728)
-----------------------------------------
[ PARAMETER MESH ]
lower bounds              : [ 3, 0.8, 0.8 ]
upper bounds              : [ 6, 1.5, 1.5 ]
number of points          : [ 10, 10, 10 ]
Mesh MC Steps             : 2^23 (8388608)
-----------------------------------------
[ NEURAL NETWORK ]
Nhid                      : 10
Activation Func           : tanh
NN Learning Rate          : 0.05
Pretrain Steps            : 200
Energy Steps              : 1100
Adiab Steps               : 100
Adam_ktol                 : 0.99
max_patience              : 80
min_improvement           : 0.02
helpDecay                 : 0.4
-----------------------------------------
[ OBSERVABLES & MISC ]
1bodyDens. Steps          : 10000000
1bodyDens. rMax           : 5.5
1bodyDens. nBins          : 100
Seed                      : 0
=========================================
Called toggles            : [ true, true, true, true ]
=========================================

Initial parameters: 4.3, 	1, 	1, 	
Optimal parameters: 4.22282113, 	1.1182284, 	1.06759818, 	
VMC Optimization done (in 1231.4854 s).

FinalMC energy: 4.324623216e-01 +- 2.061509107e-05
Acceptance ratio: 9.052992761e-01
FinalMC done (in 121.078737 s).

Blocking_0 energy: 4.325373200e-01 +- 2.182956375e-04
Blocking_1 energy: 4.326304004e-01 +- 2.052452581e-04
Blocking_2 energy: 4.322967726e-01 +- 2.026382622e-04
Blocking_3 energy: 4.325388838e-01 +- 2.093470005e-04
Blocking_4 energy: 4.324765148e-01 +- 2.108530571e-04
Blocking_5 energy: 4.326916665e-01 +- 1.992408465e-04
Blocking_6 energy: 4.322486320e-01 +- 2.128611223e-04
Blocking_7 energy: 4.321983912e-01 +- 2.159634079e-04
Blocking_8 energy: 4.324835222e-01 +- 2.122686986e-04
Blocking_9 energy: 4.326304004e-01 +- 2.052452581e-04
Blocking_10 energy: 4.322900501e-01 +- 2.089225182e-04
Blocking_11 energy: 4.322486320e-01 +- 2.128611223e-04
Blocking_12 energy: 4.324154821e-01 +- 2.142769758e-04
Blocking_13 energy: 4.325668632e-01 +- 2.121201795e-04
Blocking_14 energy: 4.324494983e-01 +- 2.096030397e-04
Blocking_15 energy: 4.326941167e-01 +- 2.046738288e-04
Final blocking energy: 4.324623216e-01 +- 5.242738679e-05
Blocking analysis done (in 1.12426312 s).

One-body density done (in 9.031953 s).

Mesh plot done (in 9340.71354 s).

=========================================
