=========================================
               VMC RUN LOG               
=========================================
Date and time             : 2026-08-18 20:24:31
-----------------------------------------
[ SYSTEM & MODELS ]
Hamiltonian               : LennardJonesHO
WF Train Type             : EllipticGaussian
WaveFunction              : LJGaussian
Solver                    : SwappingMH
useUmrigarDrift           : true
preferAnalytic            : true
numberOfThreads           : 4
-----------------------------------------
[ PHYSICAL PARAMETERS ]
dimensions (D)            : 3
particles (N)             : 2
kinetic_factor            : 0.1
min_dist                  : 0.1
max_radius                : 10
omega                     : 0.027951
omega_z                   : 0.111803
LJsigma                   : 1
LJenEps                   : 1
LJalpha                   : 1
LJGaussian_loc_Ken_method : 0
rep_a_factor              : 0.0043
rep_strength              : inf
maxStrength               : 1
pre-optimization params   : [ 14, 0, 1.1 ]
param-optimization mask   : [ true, false, true ]
use_jsonParams            : true
json params               : [ 3.47841797, 0, 1.12333984 ]
-----------------------------------------
[ MONTE CARLO & OPTIMIZATION ENGINES ]
optimizer                 : Adam
time Step                 : 0.1
Equilibr. Steps           : 500000
optimizationMCsteps       : 10000000
NLOPT_tol                 : 1e-05
Adam_lr                   : 0.04
Adam_nSteps               : 200
Adam_min_improvement      : 0.01
Adam_max_patience         : 20
varOpt_weight             : 0.05
Final MC Steps            : 2^27 (134217728)
-----------------------------------------
[ PARAMETER MESH ]
lower bounds              : [ 11, 0, 0.9 ]
upper bounds              : [ 16, 0, 1.2 ]
number of points          : [ 10, 1, 9 ]
Mesh MC Steps             : 2^24 (16777216)
-----------------------------------------
[ NEURAL NETWORK ]
Nhid                      : 10
Activation Func           : tanh
NN Learning Rate          : 0.05
Pretrain Steps            : 200
Energy Steps              : 1100
Adiab Steps               : 100
Adam_ktol                 : 0.99
max_patience              : 80
min_improvement           : 0.02
helpDecay                 : 0.4
-----------------------------------------
[ OBSERVABLES & MISC ]
1bodyDens. Steps          : 10000000
1bodyDens. rMax           : 5.5
1bodyDens. nBins          : 100
Seed                      : 0
=========================================
Called toggles            : [ true, true, true, true ]
=========================================

Initial parameters: 14, 	0, 	1.1, 	
Optimal parameters: 13.8965321, 	0, 	1.10982709, 	
VMC Optimization done (in 10010.2289 s).

FinalMC energy: 3.388105290e-02 +- 2.675070524e-06
Acceptance ratio: 8.998037577e-01
FinalMC done (in 58.9988142 s).

Blocking_0 energy: 3.388581536e-02 +- 7.271500479e-06
Blocking_1 energy: 3.387753676e-02 +- 7.430540890e-06
Blocking_2 energy: 3.388208402e-02 +- 7.532146822e-06
Blocking_3 energy: 3.387877547e-02 +- 7.406553762e-06
Final blocking energy: 3.388105290e-02 +- 3.705384018e-06
Blocking analysis done (in 2.30635582 s).

One-body density done (in 6.69144664 s).

Mesh plot done (in 665.623284 s).

=========================================
