=========================================
               VMC RUN LOG               
=========================================
Date and time             : 2026-08-10 12:20:54
-----------------------------------------
[ SYSTEM & MODELS ]
Hamiltonian               : LennardJonesHO
WF Train Type             : EllipticGaussian
WaveFunction              : LJGaussian
Solver                    : MetropolisHastings
preferAnalytic            : true
-----------------------------------------
[ PHYSICAL PARAMETERS ]
dimensions (D)            : 3
particles (N)             : 2
min_dist                  : 1
max_radius                : 1e+06
omega                     : 0.111803
omega_z                   : 0.027951
LJsigma                   : 1
LJenEps                   : 1
LJalpha                   : 1
LJGaussian_loc_Ken_method : 0
rep_a_factor              : 0.05
rep_strength              : inf
maxStrength               : 1
pre-optimization params   : [ 4, 1, 5 ]
param-optimization mask   : [ true, true, false ]
-----------------------------------------
[ MONTE CARLO & OPTIMIZATION ENGINES ]
time Step                 : 0.85
Equilibr. Steps           : 10000
BFGS MC Steps             : 1000000
BFGS_tol                  : 1e-05
Final MC Steps            : 2^23 (8388608)
-----------------------------------------
[ PARAMETER MESH ]
lower bounds              : [ 3, 1.05, 5 ]
upper bounds              : [ 4.2, 1.2, 5 ]
number of points          : [ 10, 10, 1 ]
Mesh MC Steps             : 2^20 (1048576)
-----------------------------------------
[ NEURAL NETWORK ]
Nhid                      : 10
Activation Func           : tanh
Learning Rate             : 0.05
Pretrain Steps            : 200
Energy Steps              : 1100
Adiab Steps               : 100
Adam_ktol                 : 0.99
max_patience              : 80
min_improvement           : 0.02
helpDecay                 : 0.4
-----------------------------------------
[ OBSERVABLES & MISC ]
1bodyDens. Steps          : 500000
1bodyDens. rMax           : 4.5
1bodyDens. nBins          : 70
Seed                      : 0
=========================================

Initial parameters: 4, 	1, 	5, 	
Optimal parameters: 4, 	1, 	5, 	
VMC Optimization done (in 11.6274541 s).

FinalMC energy: 1.379098194e-01 +- 1.414394821e-04
Acceptance ratio: 9.190143347e-01
FinalMC done (in 3.19160173 s).

Blocking_0 energy: 1.378320784e-01 +- 2.661623484e-03
Blocking_1 energy: 1.351702907e-01 +- 2.398703434e-03
Blocking_2 energy: 1.334523024e-01 +- 1.553759283e-03
Blocking_3 energy: 1.451846060e-01 +- 1.334075515e-02
Final blocking energy: 1.379098194e-01 +- 3.475161270e-03
Blocking analysis done (in 0.123722202 s).

One-body density done (in 0.357778206 s).

Mesh plot done (in 45.0115622 s).

=========================================
