=========================================
               VMC RUN LOG               
=========================================
Date and time             : 2026-08-09 16:47:15
-----------------------------------------
[ SYSTEM & MODELS ]
Hamiltonian               : LennardJonesHO
WF Train Type             : EllipticGaussian
WaveFunction              : LJGaussian
Solver                    : MetropolisHastings
preferAnalytic            : true
-----------------------------------------
[ PHYSICAL PARAMETERS ]
dimensions (D)            : 3
particles (N)             : 2
min_dist                  : 1
max_radius                : 1e+06
omega                     : 0.111803
omega_z                   : 0.027951
LJsigma                   : 1
LJenEps                   : 1
LJalpha                   : 1
LJGaussian_loc_Ken_method : 0
rep_a_factor              : 0.05
rep_strength              : inf
maxStrength               : 1
pre-optimization params   : [ 4, 1, 5 ]
param-optimization mask   : [ true, true, false ]
-----------------------------------------
[ MONTE CARLO & OPTIMIZATION ENGINES ]
time Step                 : 0.15
Equilibr. Steps           : 10000
BFGS MC Steps             : 1000000
BFGS_tol                  : 1e-05
Final MC Steps            : 2^23 (8388608)
-----------------------------------------
[ PARAMETER MESH ]
lower bounds              : [ 1, 1, 5 ]
upper bounds              : [ 21, 1, 5 ]
number of points          : [ 20, 1, 1 ]
Mesh MC Steps             : 2^19 (524288)
-----------------------------------------
[ NEURAL NETWORK ]
Nhid                      : 10
Activation Func           : tanh
Learning Rate             : 0.05
Pretrain Steps            : 200
Energy Steps              : 1100
Adiab Steps               : 100
Adam_ktol                 : 0.99
max_patience              : 80
min_improvement           : 0.02
helpDecay                 : 0.4
-----------------------------------------
[ OBSERVABLES & MISC ]
1bodyDens. Steps          : 100000
1bodyDens. rMax           : 3.5
1bodyDens. nBins          : 50
Seed                      : 0
=========================================

Initial parameters: 4, 	1, 	5, 	
Optimal parameters: 3.9828904, 	1.12083897, 	5, 	
VMC Optimization done (in 11.0518581 s).

FinalMC energy: 1.336158085e-01 +- 1.489793851e-05
Acceptance ratio: 9.871441126e-01
FinalMC done (in 3.084022 s).

Blocking_0 energy: 1.336430362e-01 +- 1.046845174e-04
Blocking_1 energy: 1.336982967e-01 +- 1.028141809e-04
Blocking_2 energy: 1.335685798e-01 +- 1.047921007e-04
Blocking_3 energy: 1.335533214e-01 +- 1.049079283e-04
Final blocking energy: 1.336158085e-01 +- 5.215161896e-05
Blocking analysis done (in 0.126307479 s).

One-body density done (in 0.079417687 s).

Mesh plot done (in 3.86090067 s).

=========================================
