=========================================
               VMC RUN LOG               
=========================================
Date and time             : 2026-08-09 13:17:57
-----------------------------------------
[ SYSTEM & MODELS ]
Hamiltonian               : LennardJonesHO
WF Train Type             : EllipticGaussian
WaveFunction              : LJGaussian
Solver                    : MetropolisHastings
preferAnalytic            : true
-----------------------------------------
[ PHYSICAL PARAMETERS ]
dimensions (D)            : 3
particles (N)             : 10
omega                     : 1
omega_z                   : 2.8
LJsigma                   : 0.5
LJenEps                   : 5
LJalpha                   : 1
LJGaussian_loc_Ken_method : 0
rep_a_factor              : 0.05
rep_strength              : inf
maxStrength               : 1
pre-optimization params   : [ 2, 0.5, 5 ]
param-optimization mask   : [ false, true, false ]
-----------------------------------------
[ MONTE CARLO & OPTIMIZATION ENGINES ]
time Step                 : 0.15
Equilibr. Steps           : 10000
BFGS MC Steps             : 10000
BFGS_tol                  : 1e-05
Final MC Steps            : 2^23 (8388608)
-----------------------------------------
[ NEURAL NETWORK ]
Nhid                      : 10
Activation Func           : tanh
Learning Rate             : 0.05
Pretrain Steps            : 200
Energy Steps              : 1100
Adiab Steps               : 100
Adam_ktol                 : 0.99
max_patience              : 80
min_improvement           : 0.02
helpDecay                 : 0.4
-----------------------------------------
[ OBSERVABLES & MISC ]
1bodyDens. Steps          : 100000
1bodyDens. rMax           : 3.5
1bodyDens. nBins          : 50
Seed                      : 0
=========================================

Initial parameters: 2, 	0.5, 	5, 	
Optimal parameters: 2, 	13.2501017, 	5, 	
VMC Optimization done (in 2.92844249 s).

FinalMC energy: -1.159868641e+12 +- 1.520830165e+08
Acceptance ratio: 0.000000000e+00
FinalMC done (in 41.1070668 s).

Blocking_0 energy: -7.905713888e+11 +- 1.240405273e+01
Blocking_1 energy: -8.840801275e+11 +- 1.335516357e+01
Blocking_2 energy: -1.060759384e+12 +- 2.103686523e+01
Blocking_3 energy: -1.904063665e+12 +- 2.694848633e+01
Final blocking energy: -1.159868641e+12 +- 9.685657995e+00
Blocking analysis done (in 0.133211549 s).

One-body density done (in 0.536696582 s).

Mesh plot done (in 17.7327979 s).

=========================================
