=========================================
               VMC RUN LOG               
=========================================
Date and time             : 2026-08-09 16:50:50
-----------------------------------------
[ SYSTEM & MODELS ]
Hamiltonian               : LennardJonesHO
WF Train Type             : EllipticGaussian
WaveFunction              : LJGaussian
Solver                    : MetropolisHastings
preferAnalytic            : true
-----------------------------------------
[ PHYSICAL PARAMETERS ]
dimensions (D)            : 3
particles (N)             : 2
min_dist                  : 1
max_radius                : 1e+06
omega                     : 0.111803
omega_z                   : 0.027951
LJsigma                   : 1
LJenEps                   : 1
LJalpha                   : 1
LJGaussian_loc_Ken_method : 0
rep_a_factor              : 0.05
rep_strength              : inf
maxStrength               : 1
pre-optimization params   : [ 4, 1, 5 ]
param-optimization mask   : [ true, true, false ]
-----------------------------------------
[ MONTE CARLO & OPTIMIZATION ENGINES ]
time Step                 : 0.15
Equilibr. Steps           : 10000
BFGS MC Steps             : 1000000
BFGS_tol                  : 1e-05
Final MC Steps            : 2^23 (8388608)
-----------------------------------------
[ PARAMETER MESH ]
lower bounds              : [ 3, 0.9, 5 ]
upper bounds              : [ 8, 1.2, 5 ]
number of points          : [ 5, 6, 1 ]
Mesh MC Steps             : 2^19 (524288)
-----------------------------------------
[ NEURAL NETWORK ]
Nhid                      : 10
Activation Func           : tanh
Learning Rate             : 0.05
Pretrain Steps            : 200
Energy Steps              : 1100
Adiab Steps               : 100
Adam_ktol                 : 0.99
max_patience              : 80
min_improvement           : 0.02
helpDecay                 : 0.4
-----------------------------------------
[ OBSERVABLES & MISC ]
1bodyDens. Steps          : 500000
1bodyDens. rMax           : 4.5
1bodyDens. nBins          : 70
Seed                      : 0
=========================================

Initial parameters: 4, 	1, 	5, 	
Optimal parameters: 3.7368825, 	1.10396771, 	5, 	
VMC Optimization done (in 20.9792543 s).

FinalMC energy: 1.324207837e-01 +- 2.741156121e-05
Acceptance ratio: 9.860571623e-01
FinalMC done (in 3.50679424 s).

Blocking_0 energy: 1.325858907e-01 +- 2.260720880e-04
Blocking_1 energy: 1.322899134e-01 +- 2.124089895e-04
Blocking_2 energy: 1.324304196e-01 +- 1.768766273e-04
Blocking_3 energy: 1.323769113e-01 +- 2.496467501e-04
Final blocking energy: 1.324207837e-01 +- 1.089251489e-04
Blocking analysis done (in 0.134910388 s).

One-body density done (in 0.393573366 s).

Mesh plot done (in 6.39695769 s).

=========================================
