=========================================
               VMC RUN LOG               
=========================================
Date and time    : 2026-08-05 19:48:03
-----------------------------------------
[ SYSTEM & MODELS ]
Hamiltonian      : HarmonicOscillator
WF Train Type    : EllipticGaussian
WaveFunction     : EllipticGaussian
Solver           : MetropolisHastings
preferAnalytic   : true
-----------------------------------------
[ PHYSICAL PARAMETERS ]
dimensions (D)   : 3
particles (N)    : 3
omega            : 1
omega_z          : 1
rep_a_factor     : 0.0043
rep_strength     : inf
maxStrength      : 1
-----------------------------------------
[ MONTE CARLO & OPTIMIZATION ]
time Step        : 0.15
Equilibr. Steps  : 10000
BFGS MC Steps    : 1000000
BFGS_tol         : 1e-05
Final MC Steps   : 2^20 (1.04858e+06)
-----------------------------------------
[ NEURAL NETWORK ]
Nhid             : 10
Activation Func  : tanh
Learning Rate    : 0.05
Pretrain Steps   : 200
Energy Steps     : 1100
Adiab Steps      : 100
Adam_ktol        : 0.99
max_patience     : 80
min_improvement  : 0.02
helpDecay        : 0.4
-----------------------------------------
[ OBSERVABLES & MISC ]
1bodyDens. Steps : 100000
1bodyDens. rMax  : 3.5
1bodyDens. nBins : 50
Seed             : 0
=========================================

Initial parameters: 0.48, 	1.2, 	
Optimal parameters: 0.503933961, 	0.992410766, 	
VMC Optimization done (in 2.89125966 s).

FinalMC energy: 4.500027605e+00 +- 1.331668582e-05
Acceptance ratio: 9.737167358e-01
FinalMC done (in 0.135261951 s).

Blocking_0 energy: 4.499941569e+00 +- 1.173657682e-04
Blocking_1 energy: 4.500030096e+00 +- 1.157025252e-04
Blocking_2 energy: 4.500034141e+00 +- 1.158631510e-04
Blocking_3 energy: 4.500104613e+00 +- 1.217287601e-04
Final blocking energy: 4.500027605e+00 +- 5.884511378e-05
Blocking analysis done (in 0.015510917 s).

One-body density done (in 0.041443447 s).

=========================================
