=========================================
               VMC RUN LOG               
=========================================
Date and time             : 2026-08-09 14:52:27
-----------------------------------------
[ SYSTEM & MODELS ]
Hamiltonian               : LennardJonesHO_noInteraction
WF Train Type             : EllipticGaussian
WaveFunction              : LJGaussian
Solver                    : MetropolisHastings
preferAnalytic            : true
-----------------------------------------
[ PHYSICAL PARAMETERS ]
dimensions (D)            : 3
particles (N)             : 2
min_dist                  : 1
max_radius                : 10000
omega                     : 1
omega_z                   : 2.8
LJsigma                   : 0.5
LJenEps                   : 5
LJalpha                   : 1
LJGaussian_loc_Ken_method : 0
rep_a_factor              : 0.05
rep_strength              : inf
maxStrength               : 1
pre-optimization params   : [ 1, 0, 5 ]
param-optimization mask   : [ true, false, false ]
-----------------------------------------
[ MONTE CARLO & OPTIMIZATION ENGINES ]
time Step                 : 0.15
Equilibr. Steps           : 10000
BFGS MC Steps             : 10000
BFGS_tol                  : 1e-05
Final MC Steps            : 2^23 (8388608)
-----------------------------------------
[ PARAMETER MESH ]
lower bounds              : [ 0.01, 0, 5 ]
upper bounds              : [ 2.1, 0, 5 ]
number of points          : [ 30, 1, 1 ]
Mesh MC Steps             : 2^18 (262144)
-----------------------------------------
[ NEURAL NETWORK ]
Nhid                      : 10
Activation Func           : tanh
Learning Rate             : 0.05
Pretrain Steps            : 200
Energy Steps              : 1100
Adiab Steps               : 100
Adam_ktol                 : 0.99
max_patience              : 80
min_improvement           : 0.02
helpDecay                 : 0.4
-----------------------------------------
[ OBSERVABLES & MISC ]
1bodyDens. Steps          : 100000
1bodyDens. rMax           : 3.5
1bodyDens. nBins          : 50
Seed                      : 0
=========================================

Initial parameters: 1, 	0, 	5, 	
Optimal parameters: 0.494798312, 	0, 	5, 	
VMC Optimization done (in 0.387820872 s).

FinalMC energy: 1.500089618e+00 +- 3.124276862e-06
Acceptance ratio: 9.249321222e-01
FinalMC done (in 3.76236116 s).

Blocking_0 energy: 1.500081921e+00 +- 1.616752302e-05
Blocking_1 energy: 1.500089083e+00 +- 1.654642346e-05
Blocking_2 energy: 1.500103786e+00 +- 1.621867213e-05
Blocking_3 energy: 1.500083683e+00 +- 1.636021856e-05
Final blocking energy: 1.500089618e+00 +- 8.161935305e-06
Blocking analysis done (in 0.123094647 s).

One-body density done (in 0.069110287 s).

Mesh plot done (in 3.91694315 s).

=========================================
