=========================================
               VMC RUN LOG               
=========================================
Date and time             : 2026-08-17 08:21:40
-----------------------------------------
[ SYSTEM & MODELS ]
Hamiltonian               : LennardJonesHO
WF Train Type             : EllipticGaussian
WaveFunction              : LJGaussian
Solver                    : SwappingMH
useUmrigarDrift           : true
preferAnalytic            : true
numberOfThreads           : 16
-----------------------------------------
[ PHYSICAL PARAMETERS ]
dimensions (D)            : 3
particles (N)             : 8
kinetic_factor            : 0.1
min_dist                  : 0.1
max_radius                : 10
omega                     : 0.111803
omega_z                   : 0.027951
LJsigma                   : 1
LJenEps                   : 1
LJalpha                   : 1
LJGaussian_loc_Ken_method : 0
rep_a_factor              : 0.0043
rep_strength              : inf
maxStrength               : 1
pre-optimization params   : [ 2, 1, 1 ]
param-optimization mask   : [ true, true, true ]
use_jsonParams            : true
json params               : [ 3.47841797, 0, 1.12333984 ]
-----------------------------------------
[ MONTE CARLO & OPTIMIZATION ENGINES ]
optimizer                 : NLOPT_NELDERMEAD
time Step                 : 0.1
Equilibr. Steps           : 500000
optimizationMCsteps       : 8000000
NLOPT_tol                 : 1e-05
Adam_lr                   : 0.01
Adam_nSteps               : 120
Adam_min_improvement      : 0.01
Adam_max_patience         : 20
varOpt_weight             : 0.05
Final MC Steps            : 2^27 (134217728)
-----------------------------------------
[ PARAMETER MESH ]
lower bounds              : [ 1, 0.8, 0.8 ]
upper bounds              : [ 3, 1.5, 1.5 ]
number of points          : [ 10, 10, 10 ]
Mesh MC Steps             : 2^23 (8388608)
-----------------------------------------
[ NEURAL NETWORK ]
Nhid                      : 10
Activation Func           : tanh
NN Learning Rate          : 0.05
Pretrain Steps            : 200
Energy Steps              : 1100
Adiab Steps               : 100
Adam_ktol                 : 0.99
max_patience              : 80
min_improvement           : 0.02
helpDecay                 : 0.4
-----------------------------------------
[ OBSERVABLES & MISC ]
1bodyDens. Steps          : 10000000
1bodyDens. rMax           : 5.5
1bodyDens. nBins          : 100
Seed                      : 0
=========================================
Called toggles            : [ true, true, true, true ]
=========================================

Initial parameters: 2, 	1, 	1, 	
Optimal parameters: 1.95318624, 	1.133359, 	1.13372815, 	
VMC Optimization done (in 1750.52807 s).

FinalMC energy: 1.041142300e-01 +- 3.050586210e-05
Acceptance ratio: 9.076506495e-01
FinalMC done (in 198.115965 s).

Blocking_0 energy: 1.035339370e-01 +- 4.955361779e-04
Blocking_1 energy: 1.036832718e-01 +- 4.995151528e-04
Blocking_2 energy: 1.040941112e-01 +- 4.645882213e-04
Blocking_3 energy: 1.037704272e-01 +- 4.798344604e-04
Blocking_4 energy: 1.037892858e-01 +- 4.844147596e-04
Blocking_5 energy: 1.043669660e-01 +- 5.002538396e-04
Blocking_6 energy: 1.044852163e-01 +- 4.895589822e-04
Blocking_7 energy: 1.040737571e-01 +- 4.822703628e-04
Blocking_8 energy: 1.042833666e-01 +- 5.017313212e-04
Blocking_9 energy: 1.039210928e-01 +- 4.813255247e-04
Blocking_10 energy: 1.048417517e-01 +- 5.109768155e-04
Blocking_11 energy: 1.044122332e-01 +- 5.004727053e-04
Blocking_12 energy: 1.034408746e-01 +- 4.921272344e-04
Blocking_13 energy: 1.042310123e-01 +- 5.065908304e-04
Blocking_14 energy: 1.035399019e-01 +- 4.145790208e-04
Blocking_15 energy: 1.053604744e-01 +- 5.121580479e-04
Final blocking energy: 1.041142300e-01 +- 1.222558634e-04
Blocking analysis done (in 1.2640194 s).

One-body density done (in 11.7281733 s).

Mesh plot done (in 14771.4654 s).

=========================================
