=========================================
               VMC RUN LOG               
=========================================
Date and time             : 2026-09-04 17:16:36
-----------------------------------------
[ SYSTEM & MODELS ]
Hamiltonian               : LennardJonesHO
WF Train Type             : LJGaussian
WaveFunction              : LJGaussian
Solver                    : SwappingMH
enSamplerType             : Separate
useUmrigarDrift           : true
preferAnalytic            : true
numberOfThreads           : 4
-----------------------------------------
[ PHYSICAL PARAMETERS ]
dimensions (D)            : 3
particles (N)             : 6
kinetic_factor            : 0.1
min_dist                  : 0.1
max_radius                : 10
omega                     : 0.111803
omega_z                   : 0.027951
LJsigma                   : 1
LJenEps                   : 1
LJalpha                   : 0.4
LJGaussian_loc_Ken_method : 0
rep_a_factor              : 0.0043
rep_strength              : inf
maxStrength               : 1
pre-optimization params   : [ 4, 0, 1 ]
param-optimization mask   : [ true, false, true ]
use_jsonParams            : true
json params               : [ 4.2228, 1.1182, 1.0676 ]
-----------------------------------------
[ MONTE CARLO & OPTIMIZATION ENGINES ]
optimizer                 : NLOPT_BFGS
log_grads                 : true
time Step                 : 0.1
Equilibr. Steps           : 500000
optimizationMCsteps       : 8000000
autoMCincr_wait           : 100
Final MC Steps            : 2^24 (16777216)
NLOPT_tol                 : 1e-05
Adam_lr                   : 0.03
Adam_nSteps               : 1000
Adam_min_improvement      : 0.0001
Adam_max_patience         : 300
NelderMead first guess    : + [ 0.5, 0.05, 0.05 ]
varOpt_weight             : 0.0005
LJ_request_Ekin           : false
log_blocking              : true
-----------------------------------------
[ PARAMETER MESH ]
lower bounds              : [ 2, 0, 0 ]
upper bounds              : [ 7, 0, 0 ]
number of points          : [ 5, 1, 1 ]
Mesh MC Steps             : 2^23 (8388608)
-----------------------------------------
[ NEURAL NETWORK ]
Nhid                      : 12
Activation Func           : tanh
NN Learning Rate          : 0.1
Pretrain Steps            : 1000
Energy Steps              : 4000
Adiab Steps               : 1500
Adam_ktol                 : 0.99
max_patience              : 50
min_improvement           : 0.02
helpDecay                 : 0.05
-----------------------------------------
[ OBSERVABLES & MISC ]
Normalize by nParticles   : true
calc_normalized_PCF       : true
PCF reference params      : [ 16, 0, 0 ]
1bodyDens. Steps          : 20000000
1bodyDens. rMax           : 9
1bodyDens. nBins          : 150
uncorrRefDraws            : 30000000
Seed                      : 0
=========================================
Called toggles            : [ false, true, false, false ]
=========================================

FinalMC energy: 4.327370717e-01 +- 5.766984149e-05
Acceptance ratio: 9.089665413e-01
Printing specials:
energies[0]:   4.3273707167167e-01
energies_var[0]:   5.5797843113599e-02
energies[1]:   4.7918438707422e-01
energies_var[1]:   9.6407898506078e-01
energies[2]:   2.6952041394745e-01
energies_var[2]:   6.1068735463712e-03
energies[3]:  -2.0150260567280e-01
energies_var[3]:   5.1029633988208e-01
energies[4]:  -1.1446512367721e-01
energies_var[4]:   3.5150756193537e-01
FinalMC done (in 30.689029905 s).

Blocking_0 energy: 4.331425069e-01 +- 2.894335130e-04
Blocking_1 energy: 4.326483125e-01 +- 2.820340102e-04
Blocking_2 energy: 4.324927407e-01 +- 3.082942676e-04
Blocking_3 energy: 4.326647267e-01 +- 2.965068589e-04
Final blocking energy: 4.327370717e-01 +- 1.471131822e-04
Blocking analysis done (in 0.284734798 s).

=========================================
