=========================================
               VMC RUN LOG               
=========================================
Date and time    : 2026-08-04 17:39:05
-----------------------------------------
[ SYSTEM & MODELS ]
Hamiltonian      : RepulsiveHO
WF Train Type    : EllipticGaussian
WaveFunction     : EllipticGaussian
Solver           : MetropolisHastings
preferAnalytic   : false
useCache         : false
-----------------------------------------
[ PHYSICAL PARAMETERS ]
dimensions (D)   : 3
particles (N)    : 2
omega            : 1
omega_z          : 2.8243
rep_a_factor     : 0.0043
rep_strength     : inf
maxStrength      : 1
-----------------------------------------
[ MONTE CARLO & OPTIMIZATION ]
time Step        : 0.15
Equilibr. Steps  : 10000
BFGS MC Steps    : 10000000
BFGS_tol         : 1e-05
Final MC Steps   : 2^16 (65536)
-----------------------------------------
[ NEURAL NETWORK ]
Nhid             : 12
Activation Func  : tanh
Learning Rate    : 0.05
Pretrain Steps   : 1000
Energy Steps     : 3000
Adiab Steps      : 1000
Adam_ktol        : 0.99
max_patience     : 80
min_improvement  : 0.02
helpDecay        : 0.4
-----------------------------------------
[ OBSERVABLES & MISC ]
1bodyDens. Steps : 5000000
1bodyDens. rMax  : 3.5
1bodyDens. nBins : 50
Seed             : 0
=========================================

Initial parameters: 0.6, 	2.9, 	
Optimal parameters: 0.493806384, 	2.8828501, 	
VMC Optimization done (in 56.9343841 s).

FinalMC energy: 4.824798931e+00 +- 1.123864040e-04
Acceptance ratio: 9.313812256e-01
FinalMC done (in 0.025050194 s).

Blocking_0 energy: 4.824620120e+00 +- 6.548957297e-04
Blocking_1 energy: 4.824660128e+00 +- 5.820007953e-04
Blocking_2 energy: 4.825744361e+00 +- 5.714044361e-04
Blocking_3 energy: 4.824171116e+00 +- 6.316755301e-04
Final blocking energy: 4.824798931e+00 +- 3.054842823e-04
Blocking analysis done (in 0.001797499 s).

One-body density done (in 1.60261549 s).

=========================================
