=========================================
               VMC RUN LOG               
=========================================
Date and time             : 2026-08-06 15:30:51
-----------------------------------------
[ SYSTEM & MODELS ]
Hamiltonian               : LennardJonesHO
WF Train Type             : EllipticGaussian
WaveFunction              : LJGaussian
Solver                    : MetropolisHastings
preferAnalytic            : false
-----------------------------------------
[ PHYSICAL PARAMETERS ]
dimensions (D)            : 1
particles (N)             : 1
omega                     : 1
omega_z                   : 1
LJsigma                   : 1
LJenEps                   : 5
LJalpha                   : 1
LJGaussian_loc_Ken_method : 2
rep_a_factor              : 0.05
rep_strength              : inf
maxStrength               : 1
pre-optimization params   : [ 0.9, 1, 1 ]
param-optimization mask   : [ true, false, false ]
-----------------------------------------
[ MONTE CARLO & OPTIMIZATION ENGINES ]
time Step                 : 0.15
Equilibr. Steps           : 10000
BFGS MC Steps             : 1000000
BFGS_tol                  : 1e-05
Final MC Steps            : 2^23 (8388608)
-----------------------------------------
[ NEURAL NETWORK ]
Nhid                      : 10
Activation Func           : tanh
Learning Rate             : 0.05
Pretrain Steps            : 200
Energy Steps              : 1100
Adiab Steps               : 100
Adam_ktol                 : 0.99
max_patience              : 80
min_improvement           : 0.02
helpDecay                 : 0.4
-----------------------------------------
[ OBSERVABLES & MISC ]
1bodyDens. Steps          : 100000
1bodyDens. rMax           : 3.5
1bodyDens. nBins          : 50
Seed                      : 0
=========================================

FinalMC energy: 5.003593858e-01 +- 2.442820015e-04
Acceptance ratio: 9.869346619e-01
FinalMC done (in 0.909718817 s).

Blocking_0 energy: 5.005264212e-01 +- 1.175670470e-03
Blocking_1 energy: 4.994691792e-01 +- 1.172277801e-03
Blocking_2 energy: 5.004551142e-01 +- 1.183980200e-03
Blocking_3 energy: 5.009868285e-01 +- 1.185991571e-03
Final blocking energy: 5.003593858e-01 +- 5.897468428e-04
Blocking analysis done (in 0.121671874 s).

=========================================
