=========================================
               VMC RUN LOG               
=========================================
Date and time             : 2026-08-12 12:34:02
-----------------------------------------
[ SYSTEM & MODELS ]
Hamiltonian               : LennardJonesHO
WF Train Type             : EllipticGaussian
WaveFunction              : LJGaussian
Solver                    : SwappingMH
preferAnalytic            : true
-----------------------------------------
[ PHYSICAL PARAMETERS ]
dimensions (D)            : 3
particles (N)             : 2
min_dist                  : 1
max_radius                : 1e+06
omega                     : 0.111803
omega_z                   : 0.027951
LJsigma                   : 1
LJenEps                   : 1
LJalpha                   : 1
LJGaussian_loc_Ken_method : 0
rep_a_factor              : 0.01
rep_strength              : inf
maxStrength               : 1
pre-optimization params   : [ 4, 1, 5 ]
param-optimization mask   : [ true, true, false ]
use_jsonParams            : true
json params               : [ 3.98009743, 1.12619699, 5 ]
-----------------------------------------
[ MONTE CARLO & OPTIMIZATION ENGINES ]
optimizer                 : Adam
time Step                 : 0.1
Equilibr. Steps           : 200000
optimizationMCsteps       : 10000000
BFGS_tol                  : 1e-08
Adam_lr                   : 0.01
Adam_nMax                 : 200
varOpt_weight             : 0.05
Final MC Steps            : 2^24 (16777216)
-----------------------------------------
[ PARAMETER MESH ]
lower bounds              : [ 1.5, 0.95, 5 ]
upper bounds              : [ 4.5, 1.25, 5 ]
number of points          : [ 9, 9, 1 ]
Mesh MC Steps             : 2^21 (2097152)
-----------------------------------------
[ NEURAL NETWORK ]
Nhid                      : 10
Activation Func           : tanh
NN Learning Rate          : 0.05
Pretrain Steps            : 200
Energy Steps              : 1100
Adiab Steps               : 100
Adam_ktol                 : 0.99
max_patience              : 80
min_improvement           : 0.02
helpDecay                 : 0.4
-----------------------------------------
[ OBSERVABLES & MISC ]
1bodyDens. Steps          : 10000000
1bodyDens. rMax           : 5.5
1bodyDens. nBins          : 100
Seed                      : 0
=========================================
Called toggles            : [ true, true, true, true ]
=========================================

Initial parameters: 4, 	1, 	5, 	
Optimal parameters: 3.35025081, 	1.02627436, 	5, 	
VMC Optimization done (in 2189.58859 s).

FinalMC energy: 1.221544967e-01 +- 2.377532615e-05
Acceptance ratio: 9.364681244e-01
FinalMC done (in 6.42432097 s).

Blocking_0 energy: 1.220138752e-01 +- 7.457117963e-05
Blocking_1 energy: 1.224732268e-01 +- 7.963811664e-05
Blocking_2 energy: 1.223768408e-01 +- 7.931005515e-05
Blocking_3 energy: 1.217540439e-01 +- 6.912205489e-05
Final blocking energy: 1.221544967e-01 +- 3.789049499e-05
Blocking analysis done (in 0.277055573 s).

One-body density done (in 7.02877587 s).

Mesh plot done (in 80.570875 s).

=========================================
