=========================================
               VMC RUN LOG               
=========================================
Date and time             : 2026-08-24 00:32:40
-----------------------------------------
[ SYSTEM & MODELS ]
Hamiltonian               : LennardJonesHO
WF Train Type             : LJGaussian
WaveFunction              : LJGaussian
Solver                    : SwappingMH
useUmrigarDrift           : true
preferAnalytic            : true
numberOfThreads           : 4
-----------------------------------------
[ PHYSICAL PARAMETERS ]
dimensions (D)            : 3
particles (N)             : 12
kinetic_factor            : 0.1
min_dist                  : 0.1
max_radius                : 10
omega                     : 0.111803
omega_z                   : 0.027951
LJsigma                   : 1
LJenEps                   : 1
LJalpha                   : 0.4
LJGaussian_loc_Ken_method : 0
rep_a_factor              : 0.0043
rep_strength              : inf
maxStrength               : 1
pre-optimization params   : [ 4, 1.112, 1.07 ]
param-optimization mask   : [ true, true, true ]
use_jsonParams            : true
json params               : [ 4, 0, 0 ]
-----------------------------------------
[ MONTE CARLO & OPTIMIZATION ENGINES ]
optimizer                 : NLOPT_NELDERMEAD
time Step                 : 0.1
Equilibr. Steps           : 500000
optimizationMCsteps       : 10000000
NLOPT_tol                 : 1e-05
Adam_lr                   : 0.03
Adam_nSteps               : 200
Adam_min_improvement      : 0.0001
Adam_max_patience         : 30
varOpt_weight             : 0.05
Final MC Steps            : 2^27 (134217728)
LJ_request_Ekin           : false
-----------------------------------------
[ PARAMETER MESH ]
lower bounds              : [ 1, 1.112, 0.9 ]
upper bounds              : [ 7, 1.112, 1.15 ]
number of points          : [ 20, 1, 6 ]
Mesh MC Steps             : 2^23 (8388608)
-----------------------------------------
[ NEURAL NETWORK ]
Nhid                      : 12
Activation Func           : tanh
NN Learning Rate          : 0.1
Pretrain Steps            : 1000
Energy Steps              : 4000
Adiab Steps               : 1500
Adam_ktol                 : 0.99
max_patience              : 50
min_improvement           : 0.02
helpDecay                 : 0.05
-----------------------------------------
[ OBSERVABLES & MISC ]
Normalize by nParticles   : true
1bodyDens. Steps          : 15000000
1bodyDens. rMax           : 9
1bodyDens. nBins          : 150
Seed                      : 0
=========================================
Called toggles            : [ true, true, true, true ]
=========================================

Initial parameters: 4, 	1.112, 	1.07, 	
Optimal parameters: 4.02656947, 	1.12257983, 	1.07760165, 	
VMC Optimization done (in 11082.2625 s).

FinalMC energy: 7.843992659e-01 +- 4.951499719e-05
Acceptance ratio: 9.006410688e-01
FinalMC done (in 655.919079 s).

Blocking_0 energy: 7.847273691e-01 +- 4.010690752e-04
Blocking_1 energy: 7.843323547e-01 +- 3.924028504e-04
Blocking_2 energy: 7.837063705e-01 +- 3.913466610e-04
Blocking_3 energy: 7.848309693e-01 +- 3.861327544e-04
Final blocking energy: 7.843992659e-01 +- 1.963872312e-04
Blocking analysis done (in 2.80142856 s).

Spatial distribution done (in 47.7939642 s).

Mesh plot done (in 5077.21957 s).

=========================================
