=========================================
               VMC RUN LOG               
=========================================
Date and time             : 2026-08-26 19:03:50
-----------------------------------------
[ SYSTEM & MODELS ]
Hamiltonian               : LennardJonesHO
WF Train Type             : LJGaussian
WaveFunction              : LJGaussian
Solver                    : SwappingMH
useUmrigarDrift           : true
preferAnalytic            : true
numberOfThreads           : 4
-----------------------------------------
[ PHYSICAL PARAMETERS ]
dimensions (D)            : 3
particles (N)             : 12
kinetic_factor            : 0.1
min_dist                  : 0.1
max_radius                : 10
omega                     : 0.027951
omega_z                   : 0.027951
LJsigma                   : 1
LJenEps                   : 1
LJalpha                   : 1
LJGaussian_loc_Ken_method : 0
rep_a_factor              : 0.0043
rep_strength              : inf
maxStrength               : 1
pre-optimization params   : [ 2, 1.1, 1.1 ]
param-optimization mask   : [ true, true, true ]
use_jsonParams            : true
json params               : [ 4, 0, 0 ]
-----------------------------------------
[ MONTE CARLO & OPTIMIZATION ENGINES ]
optimizer                 : NLOPT_NELDERMEAD
time Step                 : 0.1
Equilibr. Steps           : 500000
optimizationMCsteps       : 8000000
Final MC Steps            : 2^27 (134217728)
NLOPT_tol                 : 1e-05
Adam_lr                   : 0.03
Adam_nSteps               : 200
Adam_min_improvement      : 0.0001
Adam_max_patience         : 30
NelderMead first guess    : + [ 0.5, 0.05, 0.05 ]
varOpt_weight             : 0.05
LJ_request_Ekin           : false
-----------------------------------------
[ PARAMETER MESH ]
lower bounds              : [ 1.5, 1, 1 ]
upper bounds              : [ 4, 1.2, 1.2 ]
number of points          : [ 5, 5, 5 ]
Mesh MC Steps             : 2^23 (8388608)
-----------------------------------------
[ NEURAL NETWORK ]
Nhid                      : 12
Activation Func           : tanh
NN Learning Rate          : 0.1
Pretrain Steps            : 1000
Energy Steps              : 4000
Adiab Steps               : 1500
Adam_ktol                 : 0.99
max_patience              : 50
min_improvement           : 0.02
helpDecay                 : 0.05
-----------------------------------------
[ OBSERVABLES & MISC ]
Normalize by nParticles   : true
1bodyDens. Steps          : 15000000
1bodyDens. rMax           : 9
1bodyDens. nBins          : 150
Seed                      : 0
=========================================
Called toggles            : [ true, true, true, true ]
=========================================

Initial parameters: 2, 	1.1, 	1.1, 	
Optimal parameters: 2.35992194, 	1.13012054, 	1.1314097, 	
VMC Optimization done (in 7487.98762 s).

FinalMC energy: -5.303985218e-01 +- 4.388425758e-05
Acceptance ratio: 9.071484283e-01
FinalMC done (in 712.155229 s).

Blocking_0 energy: -5.303046741e-01 +- 4.369888559e-04
Blocking_1 energy: -5.302505854e-01 +- 4.543748005e-04
Blocking_2 energy: -5.305893041e-01 +- 4.363844498e-04
Blocking_3 energy: -5.304495237e-01 +- 4.348060814e-04
Final blocking energy: -5.303985218e-01 +- 2.203553148e-04
Blocking analysis done (in 3.36179119 s).

Spatial distribution done (in 48.2660735 s).

Mesh plot done (in 5884.65613 s).

=========================================
