=========================================
               VMC RUN LOG               
=========================================
Date and time             : 2026-09-01 13:17:45
-----------------------------------------
[ SYSTEM & MODELS ]
Hamiltonian               : LennardJonesHO
WF Train Type             : LJGaussian
WaveFunction              : LJGaussian
Solver                    : SwappingMH
useUmrigarDrift           : true
preferAnalytic            : true
numberOfThreads           : 4
-----------------------------------------
[ PHYSICAL PARAMETERS ]
dimensions (D)            : 3
particles (N)             : 2
kinetic_factor            : 0.1
min_dist                  : 0.1
max_radius                : 10
omega                     : 0.111803
omega_z                   : 0.027951
LJsigma                   : 1
LJenEps                   : 1
LJalpha                   : 0.05
LJGaussian_loc_Ken_method : 0
rep_a_factor              : 0.0043
rep_strength              : inf
maxStrength               : 1
pre-optimization params   : [ 4.6, 0, 1 ]
param-optimization mask   : [ true, false, true ]
use_jsonParams            : true
json params               : [ 3.05, 1.1259, 1.121 ]
-----------------------------------------
[ MONTE CARLO & OPTIMIZATION ENGINES ]
optimizer                 : Adam
log_grads                 : true
time Step                 : 0.1
Equilibr. Steps           : 500000
optimizationMCsteps       : 500000
autoMCincr_wait           : 500
Final MC Steps            : 2^27 (134217728)
NLOPT_tol                 : 1e-05
Adam_lr                   : 0.05
Adam_nSteps               : 1000
Adam_min_improvement      : 0.0001
Adam_max_patience         : 300
NelderMead first guess    : + [ 0.5, 0.05, 0.05 ]
varOpt_weight             : 0.0005
LJ_request_Ekin           : false
log_blocking              : true
-----------------------------------------
[ PARAMETER MESH ]
lower bounds              : [ 4.2, 0, 0.84 ]
upper bounds              : [ 5.2, 0, 1.7 ]
number of points          : [ 5, 1, 20 ]
Mesh MC Steps             : 2^18 (262144)
-----------------------------------------
[ NEURAL NETWORK ]
Nhid                      : 12
Activation Func           : tanh
NN Learning Rate          : 0.1
Pretrain Steps            : 1000
Energy Steps              : 4000
Adiab Steps               : 1500
Adam_ktol                 : 0.99
max_patience              : 50
min_improvement           : 0.02
helpDecay                 : 0.05
-----------------------------------------
[ OBSERVABLES & MISC ]
Normalize by nParticles   : true
calc_normalized_PCF       : true
PCF reference params      : [ 4, 0, 0 ]
1bodyDens. Steps          : 15000000
1bodyDens. rMax           : 9
1bodyDens. nBins          : 150
Seed                      : 0
=========================================
Called toggles            : [ true, true, true, true ]
=========================================

Initial parameters: 4.6, 	0, 	1, 	
Optimal parameters: 4.63552536, 	0, 	0.980034573, 	
VMC Optimization done (in 1241.5783 s).

FinalMC energy: 1.685847026e-01 +- 1.725342929e-05
Acceptance ratio: 8.983586133e-01
FinalMC done (in 62.4411256 s).

Blocking_0 energy: 1.686263613e-01 +- 4.063992724e-05
Blocking_1 energy: 1.684773874e-01 +- 4.861640836e-05
Blocking_2 energy: 1.686476179e-01 +- 4.171962390e-05
Blocking_3 energy: 1.685874437e-01 +- 4.233315743e-05
Final blocking energy: 1.685847026e-01 +- 2.171949309e-05
Blocking analysis done (in 2.5229532 s).

Spatial distribution done (in 19.1671608 s).

Mesh plot done (in 43.6893804 s).

=========================================
