=========================================
               VMC RUN LOG               
=========================================
Date and time             : 2026-08-23 16:49:02
-----------------------------------------
[ SYSTEM & MODELS ]
Hamiltonian               : LennardJonesHO
WF Train Type             : LJGaussian
WaveFunction              : LJGaussian
Solver                    : SwappingMH
useUmrigarDrift           : true
preferAnalytic            : true
numberOfThreads           : 4
-----------------------------------------
[ PHYSICAL PARAMETERS ]
dimensions (D)            : 3
particles (N)             : 2
kinetic_factor            : 0.1
min_dist                  : 0.1
max_radius                : 10
omega                     : 0.111803
omega_z                   : 0.027951
LJsigma                   : 1
LJenEps                   : 1
LJalpha                   : 1
LJGaussian_loc_Ken_method : 0
rep_a_factor              : 0.0043
rep_strength              : inf
maxStrength               : 1
pre-optimization params   : [ 4, 0, 1.1 ]
param-optimization mask   : [ true, false, false ]
use_jsonParams            : true
json params               : [ 4, 0, 0 ]
-----------------------------------------
[ MONTE CARLO & OPTIMIZATION ENGINES ]
optimizer                 : NLOPT_BFGS
time Step                 : 0.1
Equilibr. Steps           : 500000
optimizationMCsteps       : 40000000
NLOPT_tol                 : 1e-05
Adam_lr                   : 0.03
Adam_nSteps               : 200
Adam_min_improvement      : 0.0001
Adam_max_patience         : 30
varOpt_weight             : 0.05
Final MC Steps            : 2^27 (134217728)
LJ_request_Ekin           : false
-----------------------------------------
[ PARAMETER MESH ]
lower bounds              : [ 3, 0, 1 ]
upper bounds              : [ 6, 0, 1.3 ]
number of points          : [ 6, 1, 3 ]
Mesh MC Steps             : 2^23 (8388608)
-----------------------------------------
[ NEURAL NETWORK ]
Nhid                      : 12
Activation Func           : tanh
NN Learning Rate          : 0.1
Pretrain Steps            : 1000
Energy Steps              : 4000
Adiab Steps               : 1500
Adam_ktol                 : 0.99
max_patience              : 50
min_improvement           : 0.02
helpDecay                 : 0.05
-----------------------------------------
[ OBSERVABLES & MISC ]
Normalize by nParticles   : true
1bodyDens. Steps          : 15000000
1bodyDens. rMax           : 9
1bodyDens. nBins          : 150
Seed                      : 0
=========================================
Called toggles            : [ true, true, true, true ]
=========================================

Initial parameters: 4, 	0, 	1.1, 	
Optimal parameters: 3.52710639, 	0, 	1.1, 	
VMC Optimization done (in 607.69653 s).

FinalMC energy: 1.323869399e-01 +- 1.052119847e-05
Acceptance ratio: 8.930228129e-01
FinalMC done (in 55.3812766 s).

Blocking_0 energy: 1.324281417e-01 +- 2.656614794e-05
Blocking_1 energy: 1.324158292e-01 +- 2.743507684e-05
Blocking_2 energy: 1.323494135e-01 +- 2.622357465e-05
Blocking_3 energy: 1.323543752e-01 +- 2.628459172e-05
Final blocking energy: 1.323869399e-01 +- 1.331587231e-05
Blocking analysis done (in 2.06430096 s).

Spatial distribution done (in 9.36869525 s).

Mesh plot done (in 69.5149085 s).

=========================================
