=========================================
               VMC RUN LOG               
=========================================
Date and time             : 2026-09-01 23:22:55
-----------------------------------------
[ SYSTEM & MODELS ]
Hamiltonian               : LennardJonesHO
WF Train Type             : LJGaussian
WaveFunction              : LJGaussian
Solver                    : SwappingMH
useUmrigarDrift           : true
preferAnalytic            : true
numberOfThreads           : 4
-----------------------------------------
[ PHYSICAL PARAMETERS ]
dimensions (D)            : 3
particles (N)             : 2
kinetic_factor            : 0.1
min_dist                  : 0.1
max_radius                : 10
omega                     : 0.111803
omega_z                   : 0.027951
LJsigma                   : 1
LJenEps                   : 1
LJalpha                   : 1
LJGaussian_loc_Ken_method : 0
rep_a_factor              : 0.0043
rep_strength              : inf
maxStrength               : 1
pre-optimization params   : [ 4, 0, 0.95 ]
param-optimization mask   : [ true, false, true ]
use_jsonParams            : true
json params               : [ 2, 1.10253111, 3 ]
-----------------------------------------
[ MONTE CARLO & OPTIMIZATION ENGINES ]
optimizer                 : Adam
log_grads                 : true
time Step                 : 0.1
Equilibr. Steps           : 500000
optimizationMCsteps       : 1000000
autoMCincr_wait           : 100
Final MC Steps            : 2^27 (134217728)
NLOPT_tol                 : 1e-05
Adam_lr                   : 0.05
Adam_nSteps               : 1000
Adam_min_improvement      : 0.0001
Adam_max_patience         : 300
NelderMead first guess    : + [ 0.5, 0.05, 0.05 ]
varOpt_weight             : 0.0005
LJ_request_Ekin           : false
log_blocking              : true
-----------------------------------------
[ PARAMETER MESH ]
lower bounds              : [ 2.8, 0, 0.9 ]
upper bounds              : [ 4.8, 0, 1.25 ]
number of points          : [ 20, 6, 10 ]
Mesh MC Steps             : 2^23 (8388608)
-----------------------------------------
[ NEURAL NETWORK ]
Nhid                      : 12
Activation Func           : tanh
NN Learning Rate          : 0.1
Pretrain Steps            : 1000
Energy Steps              : 4000
Adiab Steps               : 1500
Adam_ktol                 : 0.99
max_patience              : 50
min_improvement           : 0.02
helpDecay                 : 0.05
-----------------------------------------
[ OBSERVABLES & MISC ]
Normalize by nParticles   : true
calc_normalized_PCF       : true
PCF reference params      : [ 16, 0, 0 ]
1bodyDens. Steps          : 15000000
1bodyDens. rMax           : 9
1bodyDens. nBins          : 150
Seed                      : 0
=========================================
Called toggles            : [ true, true, true, true ]
=========================================

Initial parameters: 4, 	0, 	0.95, 	
Optimal parameters: 3.46759064, 	0, 	1.11374467, 	
VMC Optimization done (in 1083.75958 s).

FinalMC energy: 1.322803757e-01 +- 5.848384961e-06
Acceptance ratio: 9.089044333e-01
FinalMC done (in 80.9182369 s).

Blocking_0 energy: 1.322708622e-01 +- 1.734674093e-05
Blocking_1 energy: 1.322790471e-01 +- 1.687854988e-05
Blocking_2 energy: 1.323000950e-01 +- 1.733937958e-05
Blocking_3 energy: 1.322714985e-01 +- 1.751619948e-05
Final blocking energy: 1.322803757e-01 +- 8.635921329e-06
Blocking analysis done (in 5.17784298 s).

Spatial distribution done (in 20.0984262 s).

Mesh plot done (in 5380.79268 s).

=========================================
