=========================================
               VMC RUN LOG               
=========================================
Date and time             : 2026-08-09 16:24:13
-----------------------------------------
[ SYSTEM & MODELS ]
Hamiltonian               : LennardJonesHO_noInteraction
WF Train Type             : EllipticGaussian
WaveFunction              : LJGaussian
Solver                    : MetropolisHastings
preferAnalytic            : true
-----------------------------------------
[ PHYSICAL PARAMETERS ]
dimensions (D)            : 3
particles (N)             : 10
min_dist                  : 1
max_radius                : 1e+06
omega                     : 0.111803
omega_z                   : 0.027951
LJsigma                   : 1
LJenEps                   : 1
LJalpha                   : 1
LJGaussian_loc_Ken_method : 0
rep_a_factor              : 0.05
rep_strength              : inf
maxStrength               : 1
pre-optimization params   : [ 2, 0, 5 ]
param-optimization mask   : [ true, false, false ]
-----------------------------------------
[ MONTE CARLO & OPTIMIZATION ENGINES ]
time Step                 : 0.15
Equilibr. Steps           : 10000
BFGS MC Steps             : 1000000
BFGS_tol                  : 1e-05
Final MC Steps            : 2^23 (8388608)
-----------------------------------------
[ PARAMETER MESH ]
lower bounds              : [ 0.5, 0, 5 ]
upper bounds              : [ 5, 0, 5 ]
number of points          : [ 40, 1, 1 ]
Mesh MC Steps             : 2^20 (1048576)
-----------------------------------------
[ NEURAL NETWORK ]
Nhid                      : 10
Activation Func           : tanh
Learning Rate             : 0.05
Pretrain Steps            : 200
Energy Steps              : 1100
Adiab Steps               : 100
Adam_ktol                 : 0.99
max_patience              : 80
min_improvement           : 0.02
helpDecay                 : 0.4
-----------------------------------------
[ OBSERVABLES & MISC ]
1bodyDens. Steps          : 100000
1bodyDens. rMax           : 3.5
1bodyDens. nBins          : 50
Seed                      : 0
=========================================

Initial parameters: 2, 	0, 	5, 	
Optimal parameters: 4.00001446, 	0, 	5, 	
VMC Optimization done (in 38.5505321 s).

FinalMC energy: 7.499973241e-01 +- 7.100524423e-11
Acceptance ratio: 9.967528582e-01
FinalMC done (in 32.4680577 s).

Blocking_0 energy: 7.499973229e-01 +- 2.230391836e-09
Blocking_1 energy: 7.499973254e-01 +- 2.275388276e-09
Blocking_2 energy: 7.499973228e-01 +- 2.227799262e-09
Blocking_3 energy: 7.499973251e-01 +- 2.141984794e-09
Final blocking energy: 7.499973241e-01 +- 1.109707956e-09
Blocking analysis done (in 0.121522118 s).

One-body density done (in 0.321870409 s).

Mesh plot done (in 161.299748 s).

=========================================
