=========================================
               VMC RUN LOG               
=========================================
Date and time             : 2026-08-14 16:33:54
-----------------------------------------
[ SYSTEM & MODELS ]
Hamiltonian               : LennardJonesHO_noInteraction
WF Train Type             : EllipticGaussian
WaveFunction              : LJGaussian
Solver                    : SwappingMH
preferAnalytic            : true
-----------------------------------------
[ PHYSICAL PARAMETERS ]
dimensions (D)            : 3
particles (N)             : 2
min_dist                  : 0.1
max_radius                : 10
omega                     : 0.111803
omega_z                   : 0.027951
LJsigma                   : 1
LJenEps                   : 1
LJalpha                   : 0.05
LJGaussian_loc_Ken_method : 0
rep_a_factor              : 0.0043
rep_strength              : inf
maxStrength               : 1
pre-optimization params   : [ 2, 0, 0 ]
param-optimization mask   : [ true, false, false ]
use_jsonParams            : true
json params               : [ 3, 0, 0 ]
-----------------------------------------
[ MONTE CARLO & OPTIMIZATION ENGINES ]
optimizer                 : NLOPT_BFGS
time Step                 : 0.1
Equilibr. Steps           : 500000
optimizationMCsteps       : 9000000
NLOPT_tol                 : 1e-06
Adam_lr                   : 0.08
Adam_nSteps               : 100
Adam_min_improvement      : 0.01
Adam_max_patience         : 40
varOpt_weight             : 0.05
Final MC Steps            : 2^26 (67108864)
-----------------------------------------
[ PARAMETER MESH ]
lower bounds              : [ 1, 0, 0 ]
upper bounds              : [ 6, 0, 0 ]
number of points          : [ 10, 1, 1 ]
Mesh MC Steps             : 2^21 (2097152)
-----------------------------------------
[ NEURAL NETWORK ]
Nhid                      : 10
Activation Func           : tanh
NN Learning Rate          : 0.05
Pretrain Steps            : 200
Energy Steps              : 1100
Adiab Steps               : 100
Adam_ktol                 : 0.99
max_patience              : 80
min_improvement           : 0.02
helpDecay                 : 0.4
-----------------------------------------
[ OBSERVABLES & MISC ]
1bodyDens. Steps          : 10000000
1bodyDens. rMax           : 5.5
1bodyDens. nBins          : 100
Seed                      : 0
=========================================
Called toggles            : [ true, true, true, true ]
=========================================

Initial parameters: 2, 	0, 	0, 	
Optimal parameters: 3.2853315, 	0, 	0, 	
VMC Optimization done (in 93.6121746 s).

FinalMC energy: 1.444399403e-01 +- 2.863151372e-06
Acceptance ratio: 8.974379301e-01
FinalMC done (in 34.9894251 s).

Blocking_0 energy: 1.436013417e-01 +- 1.947367231e-05
Blocking_1 energy: 1.448873257e-01 +- 1.914851410e-05
Blocking_2 energy: 1.450466184e-01 +- 1.935555426e-05
Blocking_3 energy: 1.442244756e-01 +- 1.938895115e-05
Final blocking energy: 1.444399403e-01 +- 9.671021187e-06
Blocking analysis done (in 1.13044244 s).

One-body density done (in 6.04228254 s).

Mesh plot done (in 13.4557296 s).

=========================================
