=========================================
               VMC RUN LOG               
=========================================
Date and time             : 2026-08-09 16:19:36
-----------------------------------------
[ SYSTEM & MODELS ]
Hamiltonian               : LennardJonesHO_noInteraction
WF Train Type             : EllipticGaussian
WaveFunction              : LJGaussian
Solver                    : MetropolisHastings
preferAnalytic            : true
-----------------------------------------
[ PHYSICAL PARAMETERS ]
dimensions (D)            : 3
particles (N)             : 1
min_dist                  : 1
max_radius                : 10000
omega                     : 0.027951
omega_z                   : 0.111803
LJsigma                   : 1
LJenEps                   : 1
LJalpha                   : 1
LJGaussian_loc_Ken_method : 0
rep_a_factor              : 0.05
rep_strength              : inf
maxStrength               : 1
pre-optimization params   : [ 2, 0.5, 5 ]
param-optimization mask   : [ true, false, false ]
-----------------------------------------
[ MONTE CARLO & OPTIMIZATION ENGINES ]
time Step                 : 0.15
Equilibr. Steps           : 10000
BFGS MC Steps             : 1000000
BFGS_tol                  : 1e-05
Final MC Steps            : 2^23 (8388608)
-----------------------------------------
[ PARAMETER MESH ]
lower bounds              : [ 0.5, 0, 5 ]
upper bounds              : [ 5, 0, 5 ]
number of points          : [ 40, 1, 1 ]
Mesh MC Steps             : 2^20 (1048576)
-----------------------------------------
[ NEURAL NETWORK ]
Nhid                      : 10
Activation Func           : tanh
Learning Rate             : 0.05
Pretrain Steps            : 200
Energy Steps              : 1100
Adiab Steps               : 100
Adam_ktol                 : 0.99
max_patience              : 80
min_improvement           : 0.02
helpDecay                 : 0.4
-----------------------------------------
[ OBSERVABLES & MISC ]
1bodyDens. Steps          : 100000
1bodyDens. rMax           : 3.5
1bodyDens. nBins          : 50
Seed                      : 0
=========================================

Initial parameters: 2, 	0.5, 	5, 	
Optimal parameters: 15.9075349, 	0.5, 	5, 	
VMC Optimization done (in 5.83378567 s).

FinalMC energy: 1.875037197e-02 +- 3.065631456e-08
Acceptance ratio: 9.995751381e-01
FinalMC done (in 1.56020384 s).

Blocking_0 energy: 1.874967889e-02 +- 5.975340061e-07
Blocking_1 energy: 1.874989384e-02 +- 6.152525514e-07
Blocking_2 energy: 1.875086370e-02 +- 5.827291845e-07
Blocking_3 energy: 1.875105144e-02 +- 6.070277039e-07
Final blocking energy: 1.875037197e-02 +- 3.003787740e-07
Blocking analysis done (in 0.11738438 s).

One-body density done (in 0.050329391 s).

Mesh plot done (in 10.7153161 s).

=========================================
