=========================================
               VMC RUN LOG               
=========================================
Date and time             : 2026-08-23 15:15:27
-----------------------------------------
[ SYSTEM & MODELS ]
Hamiltonian               : LennardJonesHO_noInteraction
WF Train Type             : LJGaussian
WaveFunction              : LJGaussian
Solver                    : SwappingMH
useUmrigarDrift           : true
preferAnalytic            : true
numberOfThreads           : 4
-----------------------------------------
[ PHYSICAL PARAMETERS ]
dimensions (D)            : 3
particles (N)             : 8
kinetic_factor            : 0.1
min_dist                  : 0.1
max_radius                : 10
omega                     : 0.027951
omega_z                   : 0.111803
LJsigma                   : 1
LJenEps                   : 1
LJalpha                   : 0.05
LJGaussian_loc_Ken_method : 0
rep_a_factor              : 0.0043
rep_strength              : inf
maxStrength               : 1
pre-optimization params   : [ 16, 0, 0 ]
param-optimization mask   : [ true, true, true ]
use_jsonParams            : true
json params               : [ 4, 0, 0 ]
-----------------------------------------
[ MONTE CARLO & OPTIMIZATION ENGINES ]
optimizer                 : NLOPT_BFGS
time Step                 : 0.1
Equilibr. Steps           : 500000
optimizationMCsteps       : 10000000
NLOPT_tol                 : 1e-05
Adam_lr                   : 0.03
Adam_nSteps               : 200
Adam_min_improvement      : 0.0001
Adam_max_patience         : 30
varOpt_weight             : 0.05
Final MC Steps            : 2^27 (134217728)
LJ_request_Ekin           : false
-----------------------------------------
[ PARAMETER MESH ]
lower bounds              : [ 2, 0, 0.75 ]
upper bounds              : [ 8, 0, 1.25 ]
number of points          : [ 12, 1, 10 ]
Mesh MC Steps             : 2^23 (8388608)
-----------------------------------------
[ NEURAL NETWORK ]
Nhid                      : 12
Activation Func           : tanh
NN Learning Rate          : 0.1
Pretrain Steps            : 1000
Energy Steps              : 4000
Adiab Steps               : 1500
Adam_ktol                 : 0.99
max_patience              : 50
min_improvement           : 0.02
helpDecay                 : 0.05
-----------------------------------------
[ OBSERVABLES & MISC ]
Normalize by nParticles   : true
1bodyDens. Steps          : 15000000
1bodyDens. rMax           : 9
1bodyDens. nBins          : 150
Seed                      : 0
=========================================
Called toggles            : [ true, true, true, true ]
=========================================

Initial parameters: 16, 	0, 	0, 	
Optimal parameters: 15.9999517, 	0, 	0, 	
VMC Optimization done (in 189.072223 s).

FinalMC energy: 1.500008064e-01 +- 2.008459285e-11
Acceptance ratio: 9.105382264e-01
FinalMC done (in 302.054863 s).

Blocking_0 energy: 1.500008065e-01 +- 3.502977193e-10
Blocking_1 energy: 1.500008067e-01 +- 3.600346095e-10
Blocking_2 energy: 1.500008062e-01 +- 3.490626159e-10
Blocking_3 energy: 1.500008060e-01 +- 3.409953098e-10
Final blocking energy: 1.500008064e-01 +- 1.750813960e-10
Blocking analysis done (in 2.04100347 s).

Spatial distribution done (in 30.2970997 s).

Mesh plot done (in 2296.00126 s).

=========================================
