=========================================
               VMC RUN LOG               
=========================================
Date and time             : 2026-08-21 01:53:07
-----------------------------------------
[ SYSTEM & MODELS ]
Hamiltonian               : LennardJonesHO
WF Train Type             : EllipticGaussian
WaveFunction              : LJGaussian
Solver                    : SwappingMH
useUmrigarDrift           : true
preferAnalytic            : true
numberOfThreads           : 4
-----------------------------------------
[ PHYSICAL PARAMETERS ]
dimensions (D)            : 3
particles (N)             : 8
kinetic_factor            : 0.1
min_dist                  : 0.1
max_radius                : 10
omega                     : 0.027951
omega_z                   : 0.111803
LJsigma                   : 1
LJenEps                   : 1
LJalpha                   : 0.4
LJGaussian_loc_Ken_method : 0
rep_a_factor              : 0.0043
rep_strength              : inf
maxStrength               : 1
pre-optimization params   : [ 16, 1, 1 ]
param-optimization mask   : [ true, true, true ]
use_jsonParams            : true
json params               : [ 8, 1.16283293, 1.16611027 ]
-----------------------------------------
[ MONTE CARLO & OPTIMIZATION ENGINES ]
optimizer                 : NLOPT_NELDERMEAD
time Step                 : 0.1
Equilibr. Steps           : 500000
optimizationMCsteps       : 8000000
NLOPT_tol                 : 1e-05
Adam_lr                   : 0.04
Adam_nSteps               : 200
Adam_min_improvement      : 0.01
Adam_max_patience         : 20
varOpt_weight             : 0.05
Final MC Steps            : 2^27 (134217728)
-----------------------------------------
[ PARAMETER MESH ]
lower bounds              : [ 16, 1, 1 ]
upper bounds              : [ 24, 1.3, 1.3 ]
number of points          : [ 16, 5, 5 ]
Mesh MC Steps             : 2^23 (8388608)
-----------------------------------------
[ NEURAL NETWORK ]
Nhid                      : 10
Activation Func           : tanh
NN Learning Rate          : 0.05
Pretrain Steps            : 200
Energy Steps              : 1100
Adiab Steps               : 100
Adam_ktol                 : 0.99
max_patience              : 80
min_improvement           : 0.02
helpDecay                 : 0.4
-----------------------------------------
[ OBSERVABLES & MISC ]
1bodyDens. Steps          : 10000000
1bodyDens. rMax           : 5.5
1bodyDens. nBins          : 100
Seed                      : 0
=========================================
Called toggles            : [ true, true, true, true ]
=========================================

Initial parameters: 16, 	1, 	1, 	
Optimal parameters: 11.4238968, 	1.11057229, 	1.0706346, 	
VMC Optimization done (in 10985.4641 s).

FinalMC energy: 1.147605062e-01 +- 1.542809316e-05
Acceptance ratio: 9.008477554e-01
FinalMC done (in 309.424261 s).

Blocking_0 energy: 1.147453116e-01 +- 8.558292461e-05
Blocking_1 energy: 1.147378104e-01 +- 5.434785807e-05
Blocking_2 energy: 1.147212740e-01 +- 8.400665917e-05
Blocking_3 energy: 1.148376286e-01 +- 8.301613328e-05
Final blocking energy: 1.147605062e-01 +- 3.891250107e-05
Blocking analysis done (in 2.44816179 s).

One-body density done (in 18.7993187 s).

Mesh plot done (in 8145.2881 s).

=========================================
