=========================================
               VMC RUN LOG               
=========================================
Date and time             : 2026-08-09 16:32:47
-----------------------------------------
[ SYSTEM & MODELS ]
Hamiltonian               : LennardJonesHO_noInteraction
WF Train Type             : EllipticGaussian
WaveFunction              : LJGaussian
Solver                    : MetropolisHastings
preferAnalytic            : true
-----------------------------------------
[ PHYSICAL PARAMETERS ]
dimensions (D)            : 3
particles (N)             : 2
min_dist                  : 1
max_radius                : 1e+06
omega                     : 0.027951
omega_z                   : 0.111803
LJsigma                   : 1
LJenEps                   : 1
LJalpha                   : 1
LJGaussian_loc_Ken_method : 0
rep_a_factor              : 0.05
rep_strength              : inf
maxStrength               : 1
pre-optimization params   : [ 2, 0, 5 ]
param-optimization mask   : [ true, false, false ]
-----------------------------------------
[ MONTE CARLO & OPTIMIZATION ENGINES ]
time Step                 : 0.15
Equilibr. Steps           : 10000
BFGS MC Steps             : 1000000
BFGS_tol                  : 1e-05
Final MC Steps            : 2^23 (8388608)
-----------------------------------------
[ PARAMETER MESH ]
lower bounds              : [ 1, 0, 5 ]
upper bounds              : [ 10, 0, 5 ]
number of points          : [ 30, 1, 1 ]
Mesh MC Steps             : 2^19 (524288)
-----------------------------------------
[ NEURAL NETWORK ]
Nhid                      : 10
Activation Func           : tanh
Learning Rate             : 0.05
Pretrain Steps            : 200
Energy Steps              : 1100
Adiab Steps               : 100
Adam_ktol                 : 0.99
max_patience              : 80
min_improvement           : 0.02
helpDecay                 : 0.4
-----------------------------------------
[ OBSERVABLES & MISC ]
1bodyDens. Steps          : 100000
1bodyDens. rMax           : 3.5
1bodyDens. nBins          : 50
Seed                      : 0
=========================================

Initial parameters: 2, 	0, 	5, 	
Optimal parameters: 15.9933983, 	0, 	5, 	
VMC Optimization done (in 10.9808775 s).

FinalMC energy: 3.750020104e-02 +- 3.029815468e-09
Acceptance ratio: 9.995864630e-01
FinalMC done (in 3.59053933 s).

Blocking_0 energy: 3.750015175e-02 +- 8.055101362e-08
Blocking_1 energy: 3.750020030e-02 +- 8.477289775e-08
Blocking_2 energy: 3.750021413e-02 +- 8.320977567e-08
Blocking_3 energy: 3.750023797e-02 +- 8.243472230e-08
Final blocking energy: 3.750020104e-02 +- 4.137802874e-08
Blocking analysis done (in 0.115659954 s).

One-body density done (in 0.066441604 s).

Mesh plot done (in 7.12625153 s).

=========================================
