=========================================
               VMC RUN LOG               
=========================================
Date and time             : 2026-08-09 15:27:08
-----------------------------------------
[ SYSTEM & MODELS ]
Hamiltonian               : LennardJonesHO
WF Train Type             : EllipticGaussian
WaveFunction              : LJGaussian
Solver                    : MetropolisHastings
preferAnalytic            : true
-----------------------------------------
[ PHYSICAL PARAMETERS ]
dimensions (D)            : 3
particles (N)             : 4
min_dist                  : 1
max_radius                : 10000
omega                     : 1
omega_z                   : 2.8
LJsigma                   : 0.5
LJenEps                   : 5
LJalpha                   : 1
LJGaussian_loc_Ken_method : 0
rep_a_factor              : 0.05
rep_strength              : inf
maxStrength               : 1
pre-optimization params   : [ 1, 0.5, 5 ]
param-optimization mask   : [ true, false, false ]
-----------------------------------------
[ MONTE CARLO & OPTIMIZATION ENGINES ]
time Step                 : 0.15
Equilibr. Steps           : 10000
BFGS MC Steps             : 1000000
BFGS_tol                  : 1e-05
Final MC Steps            : 2^23 (8388608)
-----------------------------------------
[ PARAMETER MESH ]
lower bounds              : [ 0.3, 0.5, 5 ]
upper bounds              : [ 2.1, 0.5, 5 ]
number of points          : [ 30, 1, 1 ]
Mesh MC Steps             : 2^21 (2097152)
-----------------------------------------
[ NEURAL NETWORK ]
Nhid                      : 10
Activation Func           : tanh
Learning Rate             : 0.05
Pretrain Steps            : 200
Energy Steps              : 1100
Adiab Steps               : 100
Adam_ktol                 : 0.99
max_patience              : 80
min_improvement           : 0.02
helpDecay                 : 0.4
-----------------------------------------
[ OBSERVABLES & MISC ]
1bodyDens. Steps          : 100000
1bodyDens. rMax           : 3.5
1bodyDens. nBins          : 50
Seed                      : 0
=========================================

Initial parameters: 1, 	0.5, 	5, 	
Optimal parameters: 0.4, 	0.5, 	5, 	
VMC Optimization done (in 27.3410859 s).

FinalMC energy: 3.555643448e+00 +- 4.846121281e-03
Acceptance ratio: 6.840651035e-01
FinalMC done (in 7.31328748 s).

Blocking_0 energy: 3.103173220e+00 +- 1.261940881e-01
Blocking_1 energy: 4.960579175e+00 +- 1.859028464e+00
Blocking_2 energy: 3.127982241e+00 +- 1.549122128e-01
Blocking_3 energy: 3.030839156e+00 +- 1.167640579e-01
Final blocking energy: 3.555643448e+00 +- 4.683443856e-01
Blocking analysis done (in 0.120707918 s).

One-body density done (in 0.147040121 s).

Mesh plot done (in 60.2040693 s).

=========================================
