=========================================
               VMC RUN LOG               
=========================================
Date and time             : 2026-08-13 17:36:16
-----------------------------------------
[ SYSTEM & MODELS ]
Hamiltonian               : LennardJonesHO
WF Train Type             : EllipticGaussian
WaveFunction              : LJGaussian
Solver                    : SwappingMH
preferAnalytic            : false
-----------------------------------------
[ PHYSICAL PARAMETERS ]
dimensions (D)            : 3
particles (N)             : 2
min_dist                  : 1e-08
max_radius                : 0.001
omega                     : 0.111803
omega_z                   : 0.027951
LJsigma                   : 1
LJenEps                   : 1
LJalpha                   : 1
LJGaussian_loc_Ken_method : 0
rep_a_factor              : 0.01
rep_strength              : inf
maxStrength               : 1
pre-optimization params   : [ 4.5, 1, 1 ]
param-optimization mask   : [ true, false, true ]
use_jsonParams            : true
json params               : [ 6, 1, 1 ]
-----------------------------------------
[ MONTE CARLO & OPTIMIZATION ENGINES ]
optimizer                 : NLOPT_NELDERMEAD
time Step                 : 0.1
Equilibr. Steps           : 200000
optimizationMCsteps       : 5000000
NLOPT_tol                 : 1e-08
Adam_lr                   : 0.02
Adam_nSteps               : 100
Adam_min_improvement      : 0.01
Adam_max_patience         : 40
varOpt_weight             : 0
Final MC Steps            : 2^22 (4194304)
-----------------------------------------
[ PARAMETER MESH ]
lower bounds              : [ 4.45, 1, 0.95 ]
upper bounds              : [ 4.56, 1, 1.06 ]
number of points          : [ 5, 1, 5 ]
Mesh MC Steps             : 2^22 (4194304)
-----------------------------------------
[ NEURAL NETWORK ]
Nhid                      : 10
Activation Func           : tanh
NN Learning Rate          : 0.05
Pretrain Steps            : 200
Energy Steps              : 1100
Adiab Steps               : 100
Adam_ktol                 : 0.99
max_patience              : 80
min_improvement           : 0.02
helpDecay                 : 0.4
-----------------------------------------
[ OBSERVABLES & MISC ]
1bodyDens. Steps          : 10000000
1bodyDens. rMax           : 5.5
1bodyDens. nBins          : 100
Seed                      : 0
=========================================
Called toggles            : [ true, false, false, false ]
=========================================

Initial parameters: 4.5, 	1, 	1, 	
Optimal parameters: 4.41493073, 	1, 	1.04043732, 	
VMC Optimization done (in 239.806993 s).

=========================================
