=========================================
               VMC RUN LOG               
=========================================
Date and time             : 2026-08-22 13:21:14
-----------------------------------------
[ SYSTEM & MODELS ]
Hamiltonian               : LennardJonesHO
WF Train Type             : LJGaussian
WaveFunction              : LJGaussian
Solver                    : SwappingMH
useUmrigarDrift           : true
preferAnalytic            : true
numberOfThreads           : 4
-----------------------------------------
[ PHYSICAL PARAMETERS ]
dimensions (D)            : 3
particles (N)             : 8
kinetic_factor            : 0.1
min_dist                  : 0.1
max_radius                : 10
omega                     : 0.027951
omega_z                   : 0.111803
LJsigma                   : 1
LJenEps                   : 1
LJalpha                   : 1
LJGaussian_loc_Ken_method : 0
rep_a_factor              : 0.0043
rep_strength              : inf
maxStrength               : 1
pre-optimization params   : [ 5, 1.1296, 1.1268 ]
param-optimization mask   : [ true, true, true ]
use_jsonParams            : false
json params               : [ 3.4999, 0, 1.1177 ]
-----------------------------------------
[ MONTE CARLO & OPTIMIZATION ENGINES ]
optimizer                 : Adam
time Step                 : 0.1
Equilibr. Steps           : 500000
optimizationMCsteps       : 10000000
NLOPT_tol                 : 1e-05
Adam_lr                   : 0.03
Adam_nSteps               : 200
Adam_min_improvement      : 0.01
Adam_max_patience         : 30
varOpt_weight             : 0.05
Final MC Steps            : 2^27 (134217728)
-----------------------------------------
[ PARAMETER MESH ]
lower bounds              : [ 2, 0, 0.75 ]
upper bounds              : [ 8, 0, 1.25 ]
number of points          : [ 12, 1, 10 ]
Mesh MC Steps             : 2^23 (8388608)
-----------------------------------------
[ NEURAL NETWORK ]
Nhid                      : 12
Activation Func           : tanh
NN Learning Rate          : 0.1
Pretrain Steps            : 1000
Energy Steps              : 4000
Adiab Steps               : 1500
Adam_ktol                 : 0.99
max_patience              : 50
min_improvement           : 0.02
helpDecay                 : 0.05
-----------------------------------------
[ OBSERVABLES & MISC ]
Normalize by nParticles   : 0
1bodyDens. Steps          : 10000000
1bodyDens. rMax           : 5.5
1bodyDens. nBins          : 100
Seed                      : 0
=========================================
Called toggles            : [ true, true, true, true ]
=========================================

Initial parameters: 5, 	1.1296, 	1.1268, 	
Optimal parameters: 3.32726031, 	1.11884041, 	1.11878966, 	
VMC Optimization done (in 9358.29274 s).

FinalMC energy: -1.226027346e-01 +- 2.761906415e-05
Acceptance ratio: 9.127074331e-01
FinalMC done (in 317.200785 s).

Blocking_0 energy: -1.225601007e-01 +- 2.323032692e-04
Blocking_1 energy: -1.228186709e-01 +- 2.242787933e-04
Blocking_2 energy: -1.225789651e-01 +- 2.248380951e-04
Blocking_3 energy: -1.224532016e-01 +- 2.225042214e-04
Final blocking energy: -1.226027346e-01 +- 1.130061070e-04
Blocking analysis done (in 2.25718513 s).

One-body density done (in 18.3665254 s).

Mesh plot done (in 2730.3877 s).

=========================================
