=========================================
               VMC RUN LOG               
=========================================
Date and time             : 2026-09-06 09:59:45
-----------------------------------------
[ SYSTEM & MODELS ]
Hamiltonian               : LennardJonesHO
WF Train Type             : LJGaussian
WaveFunction              : LJGaussian
Solver                    : SwappingMH
enSamplerType             : Separate
useUmrigarDrift           : true
preferAnalytic            : true
numberOfThreads           : 4
-----------------------------------------
[ PHYSICAL PARAMETERS ]
dimensions (D)            : 3
particles (N)             : 30
kinetic_factor            : 0.1
min_dist                  : 0.1
max_radius                : 10
omega                     : 0
omega_z                   : 0.027951
LJsigma                   : 1
LJenEps                   : 1
LJalpha                   : 0.4
LJGaussian_loc_Ken_method : 0
rep_a_factor              : 0.0043
rep_strength              : inf
maxStrength               : 1
pre-optimization params   : [ 9.0017, 1.1025, 1.0835 ]
param-optimization mask   : [ true, true, true ]
use_jsonParams            : true
json params               : [ 2.2, 1.1291, 1.1286 ]
-----------------------------------------
[ MONTE CARLO & OPTIMIZATION ENGINES ]
optimizer                 : NLOPT_NELDERMEAD
log_grads                 : true
time Step                 : 0.1
Equilibr. Steps           : 500000
optimizationMCsteps       : 8000000
autoMCincr_wait           : 100
Final MC Steps            : 2^22 (4194304)
NLOPT_tol                 : 1e-05
Adam_lr                   : 0.03
Adam_nSteps               : 1000
Adam_min_improvement      : 0.0001
Adam_max_patience         : 300
NelderMead first guess    : + [ 0.5, 0.05, 0.05 ]
varOpt_weight             : 0.0005
LJ_request_Ekin           : false
log_blocking              : true
-----------------------------------------
[ PARAMETER MESH ]
lower bounds              : [ 2, 0, 0 ]
upper bounds              : [ 7, 0, 0 ]
number of points          : [ 5, 1, 1 ]
Mesh MC Steps             : 2^23 (8388608)
-----------------------------------------
[ NEURAL NETWORK ]
Nhid                      : 12
Activation Func           : tanh
NN Learning Rate          : 0.1
Pretrain Steps            : 1000
Energy Steps              : 4000
Adiab Steps               : 1500
Adam_ktol                 : 0.99
max_patience              : 50
min_improvement           : 0.02
helpDecay                 : 0.05
-----------------------------------------
[ OBSERVABLES & MISC ]
Normalize by nParticles   : true
calc_normalized_PCF       : true
PCF reference params      : [ 16, 0, 0 ]
1bodyDens. Steps          : 25000000
1bodyDens. rMax           : 9
1bodyDens. nBins          : 150
uncorrRefDraws            : 30000000
Seed                      : 0
=========================================
Called toggles            : [ false, true, false, false ]
=========================================

FinalMC energy: 1.568222100e+00 +- 1.607043979e-03
Acceptance ratio: 9.084331989e-01
Printing specials:
energies[0]:   1.5682221003231e+00
energies_var[0]:   1.0832169034956e+01
energies[1]:   1.3142838197832e+01
energies_var[1]:   5.0623202311560e+01
energies[2]:   0.0000000000000e+00
energies_var[2]:   0.0000000000000e+00
energies[3]:  -8.1012791652545e+00
energies_var[3]:   2.7784027135538e+01
energies[4]:  -3.4733369322545e+00
energies_var[4]:   4.7031150260110e+00
FinalMC done (in 135.959661363 s).

Blocking_0 energy: 1.568634692e+00 +- 2.452030303e-02
Blocking_1 energy: 1.553794683e+00 +- 2.553053793e-02
Blocking_2 energy: 1.602784529e+00 +- 2.611140572e-02
Blocking_3 energy: 1.547674498e+00 +- 2.443007283e-02
Final blocking energy: 1.568222100e+00 +- 1.257896954e-02
Blocking analysis done (in 0.064232175 s).

=========================================
