=========================================
               VMC RUN LOG               
=========================================
Date and time             : 2026-08-10 19:18:38
-----------------------------------------
[ SYSTEM & MODELS ]
Hamiltonian               : LennardJonesHO
WF Train Type             : EllipticGaussian
WaveFunction              : LJGaussian
Solver                    : MetropolisHastings
preferAnalytic            : true
-----------------------------------------
[ PHYSICAL PARAMETERS ]
dimensions (D)            : 3
particles (N)             : 4
min_dist                  : 1
max_radius                : 1e+06
omega                     : 0.111803
omega_z                   : 0.027951
LJsigma                   : 1
LJenEps                   : 1
LJalpha                   : 1
LJGaussian_loc_Ken_method : 0
rep_a_factor              : 0.01
rep_strength              : inf
maxStrength               : 1
pre-optimization params   : [ 4, 1, 5 ]
param-optimization mask   : [ true, true, false ]
-----------------------------------------
[ MONTE CARLO & OPTIMIZATION ENGINES ]
time Step                 : 0.1
Equilibr. Steps           : 50000
BFGS MC Steps             : 5000000
BFGS_tol                  : 1e-05
Final MC Steps            : 2^24 (16777216)
-----------------------------------------
[ PARAMETER MESH ]
lower bounds              : [ 1.5, 0.95, 5 ]
upper bounds              : [ 4.5, 1.25, 5 ]
number of points          : [ 9, 9, 1 ]
Mesh MC Steps             : 2^21 (2097152)
-----------------------------------------
[ NEURAL NETWORK ]
Nhid                      : 10
Activation Func           : tanh
Learning Rate             : 0.05
Pretrain Steps            : 200
Energy Steps              : 1100
Adiab Steps               : 100
Adam_ktol                 : 0.99
max_patience              : 80
min_improvement           : 0.02
helpDecay                 : 0.4
-----------------------------------------
[ OBSERVABLES & MISC ]
1bodyDens. Steps          : 500000
1bodyDens. rMax           : 4.5
1bodyDens. nBins          : 70
Seed                      : 0
=========================================

Initial parameters: 4, 	1, 	5, 	
Optimal parameters: 3.02257206, 	1.12451932, 	5, 	
VMC Optimization done (in 200.899952 s).

FinalMC energy: 1.906554453e-01 +- 2.615235945e-05
Acceptance ratio: 9.064588547e-01
FinalMC done (in 16.4108973 s).

Blocking_0 energy: 1.903604938e-01 +- 2.108304747e-04
Blocking_1 energy: 1.911204796e-01 +- 3.124447415e-04
Blocking_2 energy: 1.907779272e-01 +- 2.400667048e-04
Blocking_3 energy: 1.903628805e-01 +- 1.766010374e-04
Final blocking energy: 1.906554453e-01 +- 1.201278368e-04
Blocking analysis done (in 0.303113192 s).

One-body density done (in 0.749262167 s).

Mesh plot done (in 206.277319 s).

=========================================
