=========================================
               VMC RUN LOG               
=========================================
Date and time             : 2026-08-18 16:04:48
-----------------------------------------
[ SYSTEM & MODELS ]
Hamiltonian               : LennardJonesHO
WF Train Type             : EllipticGaussian
WaveFunction              : LJGaussian
Solver                    : SwappingMH
useUmrigarDrift           : true
preferAnalytic            : true
numberOfThreads           : 16
-----------------------------------------
[ PHYSICAL PARAMETERS ]
dimensions (D)            : 3
particles (N)             : 2
kinetic_factor            : 0.1
min_dist                  : 0.1
max_radius                : 10
omega                     : 0.111803
omega_z                   : 0.027951
LJsigma                   : 1
LJenEps                   : 1
LJalpha                   : 0.05
LJGaussian_loc_Ken_method : 0
rep_a_factor              : 0.0043
rep_strength              : inf
maxStrength               : 1
pre-optimization params   : [ 4.5, 0, 1.1 ]
param-optimization mask   : [ true, false, true ]
use_jsonParams            : true
json params               : [ 4.44071045, 0, 0.942333984 ]
-----------------------------------------
[ MONTE CARLO & OPTIMIZATION ENGINES ]
optimizer                 : NLOPT_NELDERMEAD
time Step                 : 0.1
Equilibr. Steps           : 500000
optimizationMCsteps       : 8000000
NLOPT_tol                 : 1e-05
Adam_lr                   : 0.01
Adam_nSteps               : 120
Adam_min_improvement      : 0.01
Adam_max_patience         : 20
varOpt_weight             : 0.05
Final MC Steps            : 2^27 (134217728)
-----------------------------------------
[ PARAMETER MESH ]
lower bounds              : [ 3, 0, 0.8 ]
upper bounds              : [ 5, 0, 1.5 ]
number of points          : [ 10, 1, 10 ]
Mesh MC Steps             : 2^23 (8388608)
-----------------------------------------
[ NEURAL NETWORK ]
Nhid                      : 10
Activation Func           : tanh
NN Learning Rate          : 0.05
Pretrain Steps            : 200
Energy Steps              : 1100
Adiab Steps               : 100
Adam_ktol                 : 0.99
max_patience              : 80
min_improvement           : 0.02
helpDecay                 : 0.4
-----------------------------------------
[ OBSERVABLES & MISC ]
1bodyDens. Steps          : 10000000
1bodyDens. rMax           : 5.5
1bodyDens. nBins          : 100
Seed                      : 0
=========================================
Called toggles            : [ false, true, false, false ]
=========================================

FinalMC energy: 1.689656952e-01 +- 1.545968789e-05
Acceptance ratio: 9.029328078e-01
FinalMC done (in 15.1402803 s).

Blocking_0 energy: 1.690400775e-01 +- 7.256222210e-05
Blocking_1 energy: 1.689170704e-01 +- 7.474606563e-05
Blocking_2 energy: 1.690202420e-01 +- 7.948906528e-05
Blocking_3 energy: 1.688558574e-01 +- 8.157707904e-05
Blocking_4 energy: 1.689971700e-01 +- 7.972060172e-05
Blocking_5 energy: 1.689733786e-01 +- 7.643226059e-05
Blocking_6 energy: 1.689140998e-01 +- 7.674070814e-05
Blocking_7 energy: 1.690342204e-01 +- 7.256792337e-05
Blocking_8 energy: 1.688596644e-01 +- 8.298203081e-05
Blocking_9 energy: 1.688657660e-01 +- 8.177590343e-05
Blocking_10 energy: 1.690801403e-01 +- 7.336572742e-05
Blocking_11 energy: 1.688596644e-01 +- 8.298203081e-05
Blocking_12 energy: 1.687926542e-01 +- 7.901845686e-05
Blocking_13 energy: 1.690981657e-01 +- 7.477940221e-05
Blocking_14 energy: 1.690810576e-01 +- 7.550241418e-05
Blocking_15 energy: 1.690618951e-01 +- 8.833905677e-05
Final blocking energy: 1.689656952e-01 +- 1.960152144e-05
Blocking analysis done (in 0.972949157 s).

=========================================
