=========================================
               VMC RUN LOG               
=========================================
Date and time             : 2026-08-09 14:46:19
-----------------------------------------
[ SYSTEM & MODELS ]
Hamiltonian               : LennardJonesHO_noInteraction
WF Train Type             : EllipticGaussian
WaveFunction              : LJGaussian
Solver                    : MetropolisHastings
preferAnalytic            : true
-----------------------------------------
[ PHYSICAL PARAMETERS ]
dimensions (D)            : 3
particles (N)             : 2
min_dist                  : 1
max_radius                : 10000
omega                     : 1
omega_z                   : 2.8
LJsigma                   : 0.5
LJenEps                   : 5
LJalpha                   : 1
LJGaussian_loc_Ken_method : 0
rep_a_factor              : 0.05
rep_strength              : inf
maxStrength               : 1
pre-optimization params   : [ 1, 0, 5 ]
param-optimization mask   : [ true, false, false ]
-----------------------------------------
[ MONTE CARLO & OPTIMIZATION ENGINES ]
time Step                 : 0.15
Equilibr. Steps           : 10000
BFGS MC Steps             : 10000
BFGS_tol                  : 1e-05
Final MC Steps            : 2^23 (8388608)
-----------------------------------------
[ PARAMETER MESH ]
lower bounds              : [ 0.1, 0, 5 ]
upper bounds              : [ 2.1, 0, 5 ]
number of points          : [ 20, 1, 1 ]
Mesh MC Steps             : 2^18 (262144)
-----------------------------------------
[ NEURAL NETWORK ]
Nhid                      : 10
Activation Func           : tanh
Learning Rate             : 0.05
Pretrain Steps            : 200
Energy Steps              : 1100
Adiab Steps               : 100
Adam_ktol                 : 0.99
max_patience              : 80
min_improvement           : 0.02
helpDecay                 : 0.4
-----------------------------------------
[ OBSERVABLES & MISC ]
1bodyDens. Steps          : 100000
1bodyDens. rMax           : 3.5
1bodyDens. nBins          : 50
Seed                      : 0
=========================================

Initial parameters: 1, 	0, 	5, 	
Optimal parameters: 0.01, 	0, 	5, 	
VMC Optimization done (in 0.35213469 s).

FinalMC energy: -2.193330199e+03 +- 1.966804542e-01
Acceptance ratio: 0.000000000e+00
FinalMC done (in 3.67921841 s).

Blocking_0 energy: -2.041889934e+03 +- 4.357468697e-08
Blocking_1 energy: -1.715061822e+03 +- 8.424649423e-09
Blocking_2 energy: -1.857011901e+03 +- 2.466902060e-08
Blocking_3 energy: -3.159357139e+03 +- 2.645833774e-08
Final blocking energy: -2.193330199e+03 +- 1.431418064e-08
Blocking analysis done (in 0.122101664 s).

Mesh plot done (in 2.62736496 s).

=========================================
