=========================================
               VMC RUN LOG               
=========================================
Date and time             : 2026-08-24 22:51:39
-----------------------------------------
[ SYSTEM & MODELS ]
Hamiltonian               : LennardJonesHO
WF Train Type             : LJGaussian
WaveFunction              : LJGaussian
Solver                    : SwappingMH
useUmrigarDrift           : true
preferAnalytic            : true
numberOfThreads           : 4
-----------------------------------------
[ PHYSICAL PARAMETERS ]
dimensions (D)            : 3
particles (N)             : 18
kinetic_factor            : 0.1
min_dist                  : 0.1
max_radius                : 10
omega                     : 0.111803
omega_z                   : 0.027951
LJsigma                   : 1
LJenEps                   : 1
LJalpha                   : 0.4
LJGaussian_loc_Ken_method : 0
rep_a_factor              : 0.0043
rep_strength              : inf
maxStrength               : 1
pre-optimization params   : [ 4, 1.112, 1.07 ]
param-optimization mask   : [ true, true, true ]
use_jsonParams            : true
json params               : [ 4, 0, 0 ]
-----------------------------------------
[ MONTE CARLO & OPTIMIZATION ENGINES ]
optimizer                 : NLOPT_NELDERMEAD
time Step                 : 0.1
Equilibr. Steps           : 500000
optimizationMCsteps       : 10000000
NLOPT_tol                 : 1e-05
Adam_lr                   : 0.03
Adam_nSteps               : 200
Adam_min_improvement      : 0.0001
Adam_max_patience         : 30
varOpt_weight             : 0.05
Final MC Steps            : 2^27 (134217728)
LJ_request_Ekin           : false
-----------------------------------------
[ PARAMETER MESH ]
lower bounds              : [ 2, 1.112, 0.9 ]
upper bounds              : [ 7, 1.112, 1.8 ]
number of points          : [ 20, 1, 6 ]
Mesh MC Steps             : 2^23 (8388608)
-----------------------------------------
[ NEURAL NETWORK ]
Nhid                      : 12
Activation Func           : tanh
NN Learning Rate          : 0.1
Pretrain Steps            : 1000
Energy Steps              : 4000
Adiab Steps               : 1500
Adam_ktol                 : 0.99
max_patience              : 50
min_improvement           : 0.02
helpDecay                 : 0.05
-----------------------------------------
[ OBSERVABLES & MISC ]
Normalize by nParticles   : true
1bodyDens. Steps          : 15000000
1bodyDens. rMax           : 9
1bodyDens. nBins          : 150
Seed                      : 0
=========================================
Called toggles            : [ true, true, true, true ]
=========================================

Initial parameters: 4, 	1.112, 	1.07, 	
Optimal parameters: 3.95663245, 	1.12423292, 	1.07991916, 	
VMC Optimization done (in 10850.1553 s).

FinalMC energy: 1.113515519e+00 +- 7.687322719e-05
Acceptance ratio: 9.034922272e-01
FinalMC done (in 1516.24349 s).

Blocking_0 energy: 1.113255583e+00 +- 7.776555882e-04
Blocking_1 energy: 1.113074331e+00 +- 8.022802282e-04
Blocking_2 energy: 1.112479968e+00 +- 7.982502504e-04
Blocking_3 energy: 1.115252195e+00 +- 7.837065409e-04
Final blocking energy: 1.113515519e+00 +- 3.952689893e-04
Blocking analysis done (in 3.12065713 s).

Spatial distribution done (in 86.4035336 s).

Mesh plot done (in 11679.6027 s).

=========================================
