=========================================
               VMC RUN LOG               
=========================================
Date and time             : 2026-09-04 00:48:41
-----------------------------------------
[ SYSTEM & MODELS ]
Hamiltonian               : LennardJonesHO_noInteraction
WF Train Type             : LJGaussian
WaveFunction              : LJGaussian
Solver                    : SwappingMH
enSamplerType             : Separate
useUmrigarDrift           : true
preferAnalytic            : true
numberOfThreads           : 4
-----------------------------------------
[ PHYSICAL PARAMETERS ]
dimensions (D)            : 3
particles (N)             : 2
kinetic_factor            : 0.1
min_dist                  : 0.1
max_radius                : 10
omega                     : 0.111803
omega_z                   : 0.027951
LJsigma                   : 1
LJenEps                   : 1
LJalpha                   : 1
LJGaussian_loc_Ken_method : 0
rep_a_factor              : 0.0043
rep_strength              : inf
maxStrength               : 1
pre-optimization params   : [ 4.2, 0, 0 ]
param-optimization mask   : [ true, false, false ]
use_jsonParams            : true
json params               : [ 4, 0, 0 ]
-----------------------------------------
[ MONTE CARLO & OPTIMIZATION ENGINES ]
optimizer                 : NLOPT_BFGS
log_grads                 : true
time Step                 : 0.1
Equilibr. Steps           : 500000
optimizationMCsteps       : 10000000
autoMCincr_wait           : 100
Final MC Steps            : 2^22 (4194304)
NLOPT_tol                 : 1e-05
Adam_lr                   : 0.03
Adam_nSteps               : 1000
Adam_min_improvement      : 0.0001
Adam_max_patience         : 300
NelderMead first guess    : + [ 0.5, 0.05, 0.05 ]
varOpt_weight             : 0.0005
LJ_request_Ekin           : false
log_blocking              : true
-----------------------------------------
[ PARAMETER MESH ]
lower bounds              : [ 2, 0, 0 ]
upper bounds              : [ 7, 0, 0 ]
number of points          : [ 5, 1, 1 ]
Mesh MC Steps             : 2^23 (8388608)
-----------------------------------------
[ NEURAL NETWORK ]
Nhid                      : 12
Activation Func           : tanh
NN Learning Rate          : 0.1
Pretrain Steps            : 1000
Energy Steps              : 4000
Adiab Steps               : 1500
Adam_ktol                 : 0.99
max_patience              : 50
min_improvement           : 0.02
helpDecay                 : 0.05
-----------------------------------------
[ OBSERVABLES & MISC ]
Normalize by nParticles   : true
calc_normalized_PCF       : true
PCF reference params      : [ 16, 0, 0 ]
1bodyDens. Steps          : 15000000
1bodyDens. rMax           : 9
1bodyDens. nBins          : 150
Seed                      : 0
=========================================
Called toggles            : [ false, true, false, false ]
=========================================

FinalMC energy: 1.499994645e-01 +- 1.510072594e-10
Acceptance ratio: 9.055316448e-01
Printing specials:
energies[0]:   1.4999946448427e-01
energies_var[0]:   9.5643521006531e-14
energies[1]:   7.4948182193976e-02
energies_var[1]:   1.8786345246592e-03
energies[2]:   7.5051282290290e-02
energies_var[2]:   1.8786077155881e-03
energies[3]:   0.0000000000000e+00
energies_var[3]:   0.0000000000000e+00
FinalMC done (in 3.022235211 s).

Blocking_0 energy: 1.499994647e-01 +- 1.204915301e-09
Blocking_1 energy: 1.499994643e-01 +- 1.256320146e-09
Blocking_2 energy: 1.499994643e-01 +- 1.198642161e-09
Blocking_3 energy: 1.499994646e-01 +- 1.174295146e-09
Final blocking energy: 1.499994645e-01 +- 6.044560215e-10
Blocking analysis done (in 0.074567509 s).

=========================================
