=========================================
               VMC RUN LOG               
=========================================
Date and time             : 2026-08-06 16:11:33
-----------------------------------------
[ SYSTEM & MODELS ]
Hamiltonian               : LennardJonesHO
WF Train Type             : EllipticGaussian
WaveFunction              : LJGaussian
Solver                    : MetropolisHastings
preferAnalytic            : true
-----------------------------------------
[ PHYSICAL PARAMETERS ]
dimensions (D)            : 1
particles (N)             : 2
omega                     : 1
omega_z                   : 1
LJsigma                   : 1
LJenEps                   : 5
LJalpha                   : 1
LJGaussian_loc_Ken_method : 0
rep_a_factor              : 0.05
rep_strength              : inf
maxStrength               : 1
pre-optimization params   : [ 1, 1, 0.001 ]
param-optimization mask   : [ true, true, true ]
-----------------------------------------
[ MONTE CARLO & OPTIMIZATION ENGINES ]
time Step                 : 0.15
Equilibr. Steps           : 10000
BFGS MC Steps             : 1000000
BFGS_tol                  : 1e-05
Final MC Steps            : 2^23 (8388608)
-----------------------------------------
[ NEURAL NETWORK ]
Nhid                      : 10
Activation Func           : tanh
Learning Rate             : 0.05
Pretrain Steps            : 200
Energy Steps              : 1100
Adiab Steps               : 100
Adam_ktol                 : 0.99
max_patience              : 80
min_improvement           : 0.02
helpDecay                 : 0.4
-----------------------------------------
[ OBSERVABLES & MISC ]
1bodyDens. Steps          : 100000
1bodyDens. rMax           : 3.5
1bodyDens. nBins          : 50
Seed                      : 0
=========================================

Initial parameters: 1, 	1, 	0.001, 	
Optimal parameters: 1.96578239, 	1.00000995, 	10, 	
VMC Optimization done (in 3.34616902 s).

FinalMC energy: -2.588254063e+11 +- 1.547827583e+08
Acceptance ratio: 6.518236399e-01
FinalMC done (in 1.94756437 s).

Blocking_0 energy: 3.205628584e+00 +- 1.161844086e-02
Blocking_1 energy: 3.216958678e+00 +- 1.190403455e-02
Blocking_2 energy: -1.035301625e+12 +- 1.232025146e+01
Blocking_3 energy: 3.214109048e+00 +- 1.366143300e-02
Final blocking energy: -2.588254063e+11 +- 3.080067567e+00
Blocking analysis done (in 0.123703659 s).

One-body density done (in 0.045718985 s).

=========================================
