=========================================
               VMC RUN LOG               
=========================================
Date and time             : 2026-08-19 23:43:33
-----------------------------------------
[ SYSTEM & MODELS ]
Hamiltonian               : LennardJonesHO
WF Train Type             : EllipticGaussian
WaveFunction              : LJGaussian
Solver                    : SwappingMH
useUmrigarDrift           : true
preferAnalytic            : true
numberOfThreads           : 4
-----------------------------------------
[ PHYSICAL PARAMETERS ]
dimensions (D)            : 3
particles (N)             : 8
kinetic_factor            : 0.1
min_dist                  : 0.1
max_radius                : 10
omega                     : 0.027951
omega_z                   : 0.111803
LJsigma                   : 1
LJenEps                   : 1
LJalpha                   : 1
LJGaussian_loc_Ken_method : 0
rep_a_factor              : 0.0043
rep_strength              : inf
maxStrength               : 1
pre-optimization params   : [ 16, 1, 1 ]
param-optimization mask   : [ true, true, true ]
use_jsonParams            : true
json params               : [ 8, 1.16283293, 1.16611027 ]
-----------------------------------------
[ MONTE CARLO & OPTIMIZATION ENGINES ]
optimizer                 : NLOPT_NELDERMEAD
time Step                 : 0.1
Equilibr. Steps           : 500000
optimizationMCsteps       : 8000000
NLOPT_tol                 : 1e-05
Adam_lr                   : 0.04
Adam_nSteps               : 200
Adam_min_improvement      : 0.01
Adam_max_patience         : 20
varOpt_weight             : 0.05
Final MC Steps            : 2^27 (134217728)
-----------------------------------------
[ PARAMETER MESH ]
lower bounds              : [ 6.5, 1, 1.2 ]
upper bounds              : [ 18, 1.2, 1.2 ]
number of points          : [ 20, 4, 4 ]
Mesh MC Steps             : 2^25 (33554432)
-----------------------------------------
[ NEURAL NETWORK ]
Nhid                      : 10
Activation Func           : tanh
NN Learning Rate          : 0.05
Pretrain Steps            : 200
Energy Steps              : 1100
Adiab Steps               : 100
Adam_ktol                 : 0.99
max_patience              : 80
min_improvement           : 0.02
helpDecay                 : 0.4
-----------------------------------------
[ OBSERVABLES & MISC ]
1bodyDens. Steps          : 10000000
1bodyDens. rMax           : 5.5
1bodyDens. nBins          : 100
Seed                      : 0
=========================================
Called toggles            : [ true, true, true, true ]
=========================================

Initial parameters: 16, 	1, 	1, 	
Optimal parameters: 0.406819759, 	1.11602018, 	1.18397888, 	
VMC Optimization done (in 4142.43336 s).

FinalMC energy: -4.685067014e+02 +- 1.669265481e-03
Acceptance ratio: 0.000000000e+00
FinalMC done (in 458.241991 s).

Blocking_0 energy: -4.562158146e+02 +- 5.120921287e-08
Blocking_1 energy: -4.932139317e+02 +- 1.065724007e-07
Blocking_2 energy: -4.441689052e+02 +- 5.088051580e-08
Blocking_3 energy: -4.804281540e+02 +- 8.248187555e-08
Final blocking energy: -4.685067014e+02 +- 3.821987928e-08
Blocking analysis done (in 2.14917675 s).

One-body density done (in 18.6492262 s).

Mesh plot done (in 36827.9782 s).

=========================================
