=========================================
               VMC RUN LOG               
=========================================
Date and time             : 2026-08-25 23:03:24
-----------------------------------------
[ SYSTEM & MODELS ]
Hamiltonian               : LennardJonesHO
WF Train Type             : LJGaussian
WaveFunction              : LJGaussian
Solver                    : SwappingMH
useUmrigarDrift           : true
preferAnalytic            : true
numberOfThreads           : 16
-----------------------------------------
[ PHYSICAL PARAMETERS ]
dimensions (D)            : 3
particles (N)             : 6
kinetic_factor            : 0.1
min_dist                  : 0.1
max_radius                : 10
omega                     : 0.027951
omega_z                   : 0.027951
LJsigma                   : 1
LJenEps                   : 1
LJalpha                   : 1
LJGaussian_loc_Ken_method : 0
rep_a_factor              : 0.0043
rep_strength              : inf
maxStrength               : 1
pre-optimization params   : [ 3.5038, 1.1241, 1.1228 ]
param-optimization mask   : [ true, true, true ]
use_jsonParams            : true
json params               : [ 4, 0, 0 ]
-----------------------------------------
[ MONTE CARLO & OPTIMIZATION ENGINES ]
optimizer                 : NLOPT_NELDERMEAD
time Step                 : 0.1
Equilibr. Steps           : 500000
optimizationMCsteps       : 10000000
Final MC Steps            : 2^27 (134217728)
NLOPT_tol                 : 1e-05
Adam_lr                   : 0.03
Adam_nSteps               : 200
Adam_min_improvement      : 0.0001
Adam_max_patience         : 30
NelderMead first guess    : + [ 0.5, 0.05, 0.05 ]
varOpt_weight             : 0.05
LJ_request_Ekin           : false
-----------------------------------------
[ PARAMETER MESH ]
lower bounds              : [ 3, 1, 1 ]
upper bounds              : [ 5, 1.2, 1.2 ]
number of points          : [ 8, 5, 5 ]
Mesh MC Steps             : 2^23 (8388608)
-----------------------------------------
[ NEURAL NETWORK ]
Nhid                      : 12
Activation Func           : tanh
NN Learning Rate          : 0.1
Pretrain Steps            : 1000
Energy Steps              : 4000
Adiab Steps               : 1500
Adam_ktol                 : 0.99
max_patience              : 50
min_improvement           : 0.02
helpDecay                 : 0.05
-----------------------------------------
[ OBSERVABLES & MISC ]
Normalize by nParticles   : true
1bodyDens. Steps          : 15000000
1bodyDens. rMax           : 9
1bodyDens. nBins          : 150
Seed                      : 0
=========================================
Called toggles            : [ true, true, true, true ]
=========================================

Initial parameters: 3.5038, 	1.1241, 	1.1228, 	
Optimal parameters: 3.41179939, 	1.12361828, 	1.1207307, 	
VMC Optimization done (in 1393.64049 s).

FinalMC energy: -4.156066680e-03 +- 1.695008647e-05
Acceptance ratio: 9.057872668e-01
FinalMC done (in 108.046177 s).

Blocking_0 energy: -4.108763759e-03 +- 2.278648317e-04
Blocking_1 energy: -4.127534491e-03 +- 2.419384502e-04
Blocking_2 energy: -4.255609173e-03 +- 2.425254889e-04
Blocking_3 energy: -4.290005548e-03 +- 2.490166806e-04
Blocking_4 energy: -4.044645817e-03 +- 2.417260315e-04
Blocking_5 energy: -4.421442810e-03 +- 2.447269387e-04
Blocking_6 energy: -4.319208341e-03 +- 2.326202855e-04
Blocking_7 energy: -4.047099548e-03 +- 2.335341240e-04
Blocking_8 energy: -4.089740103e-03 +- 2.359885995e-04
Blocking_9 energy: -4.109893794e-03 +- 2.517831411e-04
Blocking_10 energy: -4.565263626e-03 +- 2.220773462e-04
Blocking_11 energy: -4.350116451e-03 +- 2.546942698e-04
Blocking_12 energy: -4.216040513e-03 +- 2.355227848e-04
Blocking_13 energy: -3.843017562e-03 +- 2.331420555e-04
Blocking_14 energy: -3.625600189e-03 +- 2.433860299e-04
Blocking_15 energy: -4.083085156e-03 +- 2.425361590e-04
Final blocking energy: -4.156066680e-03 +- 5.992890594e-05
Blocking analysis done (in 1.05083787 s).

Spatial distribution done (in 12.5744518 s).

Mesh plot done (in 1593.57666 s).

=========================================
