=========================================
               VMC RUN LOG               
=========================================
Date and time             : 2026-08-10 15:55:25
-----------------------------------------
[ SYSTEM & MODELS ]
Hamiltonian               : LennardJonesHO
WF Train Type             : EllipticGaussian
WaveFunction              : LJGaussian
Solver                    : MetropolisHastings
preferAnalytic            : true
-----------------------------------------
[ PHYSICAL PARAMETERS ]
dimensions (D)            : 3
particles (N)             : 2
min_dist                  : 1
max_radius                : 1e+06
omega                     : 0.111803
omega_z                   : 0.027951
LJsigma                   : 1
LJenEps                   : 1
LJalpha                   : 1
LJGaussian_loc_Ken_method : 0
rep_a_factor              : 0.05
rep_strength              : inf
maxStrength               : 1
pre-optimization params   : [ 4, 1, 5 ]
param-optimization mask   : [ true, true, false ]
-----------------------------------------
[ MONTE CARLO & OPTIMIZATION ENGINES ]
time Step                 : 0.1
Equilibr. Steps           : 50000
BFGS MC Steps             : 1000000
BFGS_tol                  : 1e-05
Final MC Steps            : 2^23 (8388608)
-----------------------------------------
[ PARAMETER MESH ]
lower bounds              : [ 3, 0.95, 5 ]
upper bounds              : [ 4.5, 1.25, 5 ]
number of points          : [ 9, 9, 1 ]
Mesh MC Steps             : 2^21 (2097152)
-----------------------------------------
[ NEURAL NETWORK ]
Nhid                      : 10
Activation Func           : tanh
Learning Rate             : 0.05
Pretrain Steps            : 200
Energy Steps              : 1100
Adiab Steps               : 100
Adam_ktol                 : 0.99
max_patience              : 80
min_improvement           : 0.02
helpDecay                 : 0.4
-----------------------------------------
[ OBSERVABLES & MISC ]
1bodyDens. Steps          : 500000
1bodyDens. rMax           : 4.5
1bodyDens. nBins          : 70
Seed                      : 0
=========================================

Initial parameters: 4, 	1, 	5, 	
Optimal parameters: 3.93411953, 	1.06933935, 	5, 	
VMC Optimization done (in 6.07768115 s).

FinalMC energy: 1.314561533e-01 +- 3.784029685e-05
Acceptance ratio: 9.102307558e-01
FinalMC done (in 3.07831423 s).

Blocking_0 energy: 1.335297146e-01 +- 1.789419994e-03
Blocking_1 energy: 1.308151805e-01 +- 4.012498716e-04
Blocking_2 energy: 1.310033601e-01 +- 7.151811899e-04
Blocking_3 energy: 1.304763581e-01 +- 2.502369856e-04
Final blocking energy: 1.314561533e-01 +- 4.960549400e-04
Blocking analysis done (in 0.123607123 s).

One-body density done (in 0.381194159 s).

Mesh plot done (in 66.1162599 s).

=========================================
