=========================================
               VMC RUN LOG               
=========================================
Date and time             : 2026-08-18 17:49:42
-----------------------------------------
[ SYSTEM & MODELS ]
Hamiltonian               : LennardJonesHO_noInteraction
WF Train Type             : EllipticGaussian
WaveFunction              : LJGaussian
Solver                    : SwappingMH
useUmrigarDrift           : true
preferAnalytic            : true
numberOfThreads           : 16
-----------------------------------------
[ PHYSICAL PARAMETERS ]
dimensions (D)            : 3
particles (N)             : 6
kinetic_factor            : 0.1
min_dist                  : 0.1
max_radius                : 10
omega                     : 0.111803
omega_z                   : 0.027951
LJsigma                   : 1
LJenEps                   : 1
LJalpha                   : 0.05
LJGaussian_loc_Ken_method : 0
rep_a_factor              : 0.0043
rep_strength              : inf
maxStrength               : 1
pre-optimization params   : [ 4, 0, 0 ]
param-optimization mask   : [ true, false, false ]
use_jsonParams            : true
json params               : [ 4.6, 0, 1.01 ]
-----------------------------------------
[ MONTE CARLO & OPTIMIZATION ENGINES ]
optimizer                 : NLOPT_BFGS
time Step                 : 0.1
Equilibr. Steps           : 500000
optimizationMCsteps       : 8000000
NLOPT_tol                 : 1e-05
Adam_lr                   : 0.01
Adam_nSteps               : 120
Adam_min_improvement      : 0.01
Adam_max_patience         : 20
varOpt_weight             : 0.05
Final MC Steps            : 2^27 (134217728)
-----------------------------------------
[ PARAMETER MESH ]
lower bounds              : [ 2, 0, 0 ]
upper bounds              : [ 6, 0, 1 ]
number of points          : [ 10, 1, 1 ]
Mesh MC Steps             : 2^23 (8388608)
-----------------------------------------
[ NEURAL NETWORK ]
Nhid                      : 10
Activation Func           : tanh
NN Learning Rate          : 0.05
Pretrain Steps            : 200
Energy Steps              : 1100
Adiab Steps               : 100
Adam_ktol                 : 0.99
max_patience              : 80
min_improvement           : 0.02
helpDecay                 : 0.4
-----------------------------------------
[ OBSERVABLES & MISC ]
1bodyDens. Steps          : 10000000
1bodyDens. rMax           : 5.5
1bodyDens. nBins          : 100
Seed                      : 0
=========================================
Called toggles            : [ true, true, true, true ]
=========================================

Initial parameters: 4, 	0, 	0, 	
Optimal parameters: 4, 	0, 	0, 	
VMC Optimization done (in 124.89504 s).

FinalMC energy: 4.499983942e-01 +- 4.621344427e-11
Acceptance ratio: 9.056819230e-01
FinalMC done (in 123.410919 s).

Blocking_0 energy: 4.499983936e-01 +- 1.199963280e-09
Blocking_1 energy: 4.499983956e-01 +- 1.127779508e-09
Blocking_2 energy: 4.499983938e-01 +- 1.152444328e-09
Blocking_3 energy: 4.499983924e-01 +- 1.132624275e-09
Blocking_4 energy: 4.499983946e-01 +- 1.128953289e-09
Blocking_5 energy: 4.499983945e-01 +- 1.157138295e-09
Blocking_6 energy: 4.499983937e-01 +- 1.147542498e-09
Blocking_7 energy: 4.499983934e-01 +- 1.143562522e-09
Blocking_8 energy: 4.499983960e-01 +- 1.153222547e-09
Blocking_9 energy: 4.499983946e-01 +- 1.131168302e-09
Blocking_10 energy: 4.499983941e-01 +- 1.132758696e-09
Blocking_11 energy: 4.499983951e-01 +- 1.151267137e-09
Blocking_12 energy: 4.499983913e-01 +- 1.169970456e-09
Blocking_13 energy: 4.499983930e-01 +- 1.126523912e-09
Blocking_14 energy: 4.499983964e-01 +- 1.188578308e-09
Blocking_15 energy: 4.499983947e-01 +- 1.113746373e-09
Final blocking energy: 4.499983942e-01 +- 2.868873662e-10
Blocking analysis done (in 1.23751042 s).

One-body density done (in 9.14743835 s).

Mesh plot done (in 85.1390301 s).

=========================================
