=========================================
               VMC RUN LOG               
=========================================
Date and time             : 2026-08-12 18:08:44
-----------------------------------------
[ SYSTEM & MODELS ]
Hamiltonian               : LennardJonesHO
WF Train Type             : EllipticGaussian
WaveFunction              : LJGaussian
Solver                    : SwappingMH
preferAnalytic            : true
-----------------------------------------
[ PHYSICAL PARAMETERS ]
dimensions (D)            : 3
particles (N)             : 4
min_dist                  : 1
max_radius                : 1e+06
omega                     : 0.111803
omega_z                   : 0.027951
LJsigma                   : 1
LJenEps                   : 1
LJalpha                   : 1
LJGaussian_loc_Ken_method : 0
rep_a_factor              : 0.01
rep_strength              : inf
maxStrength               : 1
pre-optimization params   : [ 4, 1, 5 ]
param-optimization mask   : [ true, true, false ]
use_jsonParams            : true
json params               : [ 3.98009743, 1.12619699, 5 ]
-----------------------------------------
[ MONTE CARLO & OPTIMIZATION ENGINES ]
optimizer                 : Adam
time Step                 : 0.1
Equilibr. Steps           : 200000
optimizationMCsteps       : 1000000
BFGS_tol                  : 1e-08
Adam_lr                   : 0.02
Adam_nSteps               : 250
Adam_min_improvement      : 0.01
Adam_max_patience         : 40
varOpt_weight             : 0.05
Final MC Steps            : 2^27 (134217728)
-----------------------------------------
[ PARAMETER MESH ]
lower bounds              : [ 1.5, 0.95, 5 ]
upper bounds              : [ 4.5, 1.25, 5 ]
number of points          : [ 9, 9, 1 ]
Mesh MC Steps             : 2^21 (2097152)
-----------------------------------------
[ NEURAL NETWORK ]
Nhid                      : 10
Activation Func           : tanh
NN Learning Rate          : 0.05
Pretrain Steps            : 200
Energy Steps              : 1100
Adiab Steps               : 100
Adam_ktol                 : 0.99
max_patience              : 80
min_improvement           : 0.02
helpDecay                 : 0.4
-----------------------------------------
[ OBSERVABLES & MISC ]
1bodyDens. Steps          : 10000000
1bodyDens. rMax           : 5.5
1bodyDens. nBins          : 100
Seed                      : 0
=========================================
Called toggles            : [ true, true, true, true ]
=========================================

Initial parameters: 4, 	1, 	5, 	
Optimal parameters: 2.72493934, 	1.07203589, 	5, 	
VMC Optimization done (in 421.191223 s).

FinalMC energy: 1.550433449e-01 +- 1.870194814e-05
Acceptance ratio: 9.090815336e-01
FinalMC done (in 120.105487 s).

Blocking_0 energy: 1.570900061e-01 +- 1.048668195e-04
Blocking_1 energy: 1.497695239e-01 +- 8.157391136e-05
Blocking_2 energy: 1.573130144e-01 +- 1.047323469e-04
Blocking_3 energy: 1.560008351e-01 +- 1.005809514e-04
Final blocking energy: 1.550433449e-01 +- 4.920413163e-05
Blocking analysis done (in 2.08951217 s).

One-body density done (in 13.0790899 s).

Mesh plot done (in 175.25623 s).

=========================================
