=========================================
               VMC RUN LOG               
=========================================
Date and time             : 2026-09-04 17:22:44
-----------------------------------------
[ SYSTEM & MODELS ]
Hamiltonian               : LennardJonesHO
WF Train Type             : LJGaussian
WaveFunction              : LJGaussian
Solver                    : SwappingMH
enSamplerType             : Separate
useUmrigarDrift           : true
preferAnalytic            : true
numberOfThreads           : 4
-----------------------------------------
[ PHYSICAL PARAMETERS ]
dimensions (D)            : 3
particles (N)             : 12
kinetic_factor            : 0.1
min_dist                  : 0.1
max_radius                : 10
omega                     : 0.111803
omega_z                   : 0.027951
LJsigma                   : 1
LJenEps                   : 1
LJalpha                   : 0.05
LJGaussian_loc_Ken_method : 0
rep_a_factor              : 0.0043
rep_strength              : inf
maxStrength               : 1
pre-optimization params   : [ 4, 0, 1 ]
param-optimization mask   : [ true, false, true ]
use_jsonParams            : true
json params               : [ 5.3442, 1.1185, 0.9454 ]
-----------------------------------------
[ MONTE CARLO & OPTIMIZATION ENGINES ]
optimizer                 : NLOPT_BFGS
log_grads                 : true
time Step                 : 0.1
Equilibr. Steps           : 500000
optimizationMCsteps       : 8000000
autoMCincr_wait           : 100
Final MC Steps            : 2^24 (16777216)
NLOPT_tol                 : 1e-05
Adam_lr                   : 0.03
Adam_nSteps               : 1000
Adam_min_improvement      : 0.0001
Adam_max_patience         : 300
NelderMead first guess    : + [ 0.5, 0.05, 0.05 ]
varOpt_weight             : 0.0005
LJ_request_Ekin           : false
log_blocking              : true
-----------------------------------------
[ PARAMETER MESH ]
lower bounds              : [ 2, 0, 0 ]
upper bounds              : [ 7, 0, 0 ]
number of points          : [ 5, 1, 1 ]
Mesh MC Steps             : 2^23 (8388608)
-----------------------------------------
[ NEURAL NETWORK ]
Nhid                      : 12
Activation Func           : tanh
NN Learning Rate          : 0.1
Pretrain Steps            : 1000
Energy Steps              : 4000
Adiab Steps               : 1500
Adam_ktol                 : 0.99
max_patience              : 50
min_improvement           : 0.02
helpDecay                 : 0.05
-----------------------------------------
[ OBSERVABLES & MISC ]
Normalize by nParticles   : true
calc_normalized_PCF       : true
PCF reference params      : [ 16, 0, 0 ]
1bodyDens. Steps          : 20000000
1bodyDens. rMax           : 9
1bodyDens. nBins          : 150
uncorrRefDraws            : 30000000
Seed                      : 0
=========================================
Called toggles            : [ false, true, false, false ]
=========================================

FinalMC energy: 1.104203439e+00 +- 2.200192835e-04
Acceptance ratio: 8.975856304e-01
Printing specials:
energies[0]:   1.1042034386440e+00
energies_var[0]:   8.1215961067987e-01
energies[1]:   1.0955996035209e+00
energies_var[1]:   3.0917658834164e+00
energies[2]:   7.0844416724452e-01
energies_var[2]:   1.9515550898778e-02
energies[3]:  -7.0084969332640e-01
energies_var[3]:   1.7823525868018e+00
energies[4]:   1.0093612050298e-03
energies_var[4]:   2.6864948290730e-01
FinalMC done (in 89.89123725 s).

Blocking_0 energy: 1.105123480e+00 +- 1.536101661e-03
Blocking_1 energy: 1.104647464e+00 +- 1.729727066e-03
Blocking_2 energy: 1.103642076e+00 +- 1.786277908e-03
Blocking_3 energy: 1.103400735e+00 +- 1.601288760e-03
Final blocking energy: 1.104203439e+00 +- 8.331595920e-04
Blocking analysis done (in 0.336024996 s).

=========================================
