=========================================
               VMC RUN LOG               
=========================================
Date and time             : 2026-08-06 16:23:49
-----------------------------------------
[ SYSTEM & MODELS ]
Hamiltonian               : LennardJonesHO
WF Train Type             : EllipticGaussian
WaveFunction              : LJGaussian
Solver                    : MetropolisHastings
preferAnalytic            : true
-----------------------------------------
[ PHYSICAL PARAMETERS ]
dimensions (D)            : 1
particles (N)             : 2
omega                     : 1
omega_z                   : 1
LJsigma                   : 1
LJenEps                   : 5
LJalpha                   : 1
LJGaussian_loc_Ken_method : 0
rep_a_factor              : 0.05
rep_strength              : inf
maxStrength               : 1
pre-optimization params   : [ 1, 1, 2 ]
param-optimization mask   : [ true, true, false ]
-----------------------------------------
[ MONTE CARLO & OPTIMIZATION ENGINES ]
time Step                 : 0.15
Equilibr. Steps           : 10000
BFGS MC Steps             : 1000000
BFGS_tol                  : 1e-05
Final MC Steps            : 2^23 (8388608)
-----------------------------------------
[ NEURAL NETWORK ]
Nhid                      : 10
Activation Func           : tanh
Learning Rate             : 0.05
Pretrain Steps            : 200
Energy Steps              : 1100
Adiab Steps               : 100
Adam_ktol                 : 0.99
max_patience              : 80
min_improvement           : 0.02
helpDecay                 : 0.4
-----------------------------------------
[ OBSERVABLES & MISC ]
1bodyDens. Steps          : 100000
1bodyDens. rMax           : 3.5
1bodyDens. nBins          : 50
Seed                      : 0
=========================================

Initial parameters: 1, 	1, 	2, 	
Optimal parameters: 1000, 	7199.53767, 	2, 	
VMC Optimization done (in 6.54696912 s).

FinalMC energy: -3.922092040e+13 +- 1.008205741e+10
Acceptance ratio: 0.000000000e+00
FinalMC done (in 2.01379289 s).

Blocking_0 energy: -2.091559557e+13 +- 7.219531250e+01
Blocking_1 energy: -5.970674450e+13 +- 8.354804688e+02
Blocking_2 energy: -1.705365455e+12 +- 4.137976074e+01
Blocking_3 energy: -7.455597608e+13 +- 5.789453125e+02
Final blocking energy: -3.922092040e+13 +- 2.549668773e+02
Blocking analysis done (in 0.158493006 s).

One-body density done (in 0.042794047 s).

=========================================
