=========================================
               VMC RUN LOG               
=========================================
Date and time    : 2026-08-05 19:46:29
-----------------------------------------
[ SYSTEM & MODELS ]
Hamiltonian      : HarmonicOscillator
WF Train Type    : EllipticGaussian
WaveFunction     : EllipticGaussian
Solver           : MetropolisHastings
preferAnalytic   : false
-----------------------------------------
[ PHYSICAL PARAMETERS ]
dimensions (D)   : 3
particles (N)    : 10
omega            : 1
omega_z          : 1
rep_a_factor     : 0.0043
rep_strength     : inf
maxStrength      : 1
-----------------------------------------
[ MONTE CARLO & OPTIMIZATION ]
time Step        : 0.15
Equilibr. Steps  : 10000
BFGS MC Steps    : 1000000
BFGS_tol         : 1e-05
Final MC Steps   : 2^20 (1.04858e+06)
-----------------------------------------
[ NEURAL NETWORK ]
Nhid             : 10
Activation Func  : tanh
Learning Rate    : 0.05
Pretrain Steps   : 200
Energy Steps     : 1100
Adiab Steps      : 100
Adam_ktol        : 0.99
max_patience     : 80
min_improvement  : 0.02
helpDecay        : 0.4
-----------------------------------------
[ OBSERVABLES & MISC ]
1bodyDens. Steps : 100000
1bodyDens. rMax  : 3.5
1bodyDens. nBins : 50
Seed             : 0
=========================================

Initial parameters: 0.48, 	1.2, 	
Optimal parameters: 0.500012539, 	1.00000579, 	
VMC Optimization done (in 33.8264057 s).

FinalMC energy: 1.499999910e+01 +- 1.125025035e-07
Acceptance ratio: 9.738712311e-01
FinalMC done (in 1.13909469 s).

Blocking_0 energy: 1.500000019e+01 +- 1.728154084e-06
Blocking_1 energy: 1.499999652e+01 +- 1.788753534e-06
Blocking_2 energy: 1.499999900e+01 +- 1.871284471e-06
Blocking_3 energy: 1.500000070e+01 +- 1.752871741e-06
Final blocking energy: 1.499999910e+01 +- 8.930432748e-07
Blocking analysis done (in 0.013173697 s).

One-body density done (in 0.09963528 s).

=========================================
