=========================================
               VMC RUN LOG               
=========================================
Date and time             : 2026-08-18 17:09:32
-----------------------------------------
[ SYSTEM & MODELS ]
Hamiltonian               : LennardJonesHO_noInteraction
WF Train Type             : EllipticGaussian
WaveFunction              : LJGaussian
Solver                    : MetropolisHastings
useUmrigarDrift           : true
preferAnalytic            : true
numberOfThreads           : 16
-----------------------------------------
[ PHYSICAL PARAMETERS ]
dimensions (D)            : 3
particles (N)             : 2
kinetic_factor            : 0.1
min_dist                  : 0.1
max_radius                : 10
omega                     : 0.111803
omega_z                   : 0.027951
LJsigma                   : 1
LJenEps                   : 1
LJalpha                   : 0.05
LJGaussian_loc_Ken_method : 0
rep_a_factor              : 0.0043
rep_strength              : inf
maxStrength               : 1
pre-optimization params   : [ 4, 0, 0 ]
param-optimization mask   : [ true, false, false ]
use_jsonParams            : true
json params               : [ 4.6, 0, 1.01 ]
-----------------------------------------
[ MONTE CARLO & OPTIMIZATION ENGINES ]
optimizer                 : NLOPT_NELDERMEAD
time Step                 : 0.1
Equilibr. Steps           : 500000
optimizationMCsteps       : 8000000
NLOPT_tol                 : 1e-05
Adam_lr                   : 0.01
Adam_nSteps               : 120
Adam_min_improvement      : 0.01
Adam_max_patience         : 20
varOpt_weight             : 0.05
Final MC Steps            : 2^27 (134217728)
-----------------------------------------
[ PARAMETER MESH ]
lower bounds              : [ 1, 0, 0 ]
upper bounds              : [ 6, 0, 1 ]
number of points          : [ 50, 1, 1 ]
Mesh MC Steps             : 2^23 (8388608)
-----------------------------------------
[ NEURAL NETWORK ]
Nhid                      : 10
Activation Func           : tanh
NN Learning Rate          : 0.05
Pretrain Steps            : 200
Energy Steps              : 1100
Adiab Steps               : 100
Adam_ktol                 : 0.99
max_patience              : 80
min_improvement           : 0.02
helpDecay                 : 0.4
-----------------------------------------
[ OBSERVABLES & MISC ]
1bodyDens. Steps          : 10000000
1bodyDens. rMax           : 5.5
1bodyDens. nBins          : 100
Seed                      : 0
=========================================
Called toggles            : [ true, true, true, true ]
=========================================

Initial parameters: 4, 	0, 	0, 	
Optimal parameters: 4.00234375, 	0, 	0, 	
VMC Optimization done (in 51.4514586 s).

FinalMC energy: 1.499995023e-01 +- 4.347549309e-09
Acceptance ratio: 9.074254408e-01
FinalMC done (in 31.7297564 s).

Blocking_0 energy: 1.499995451e-01 +- 5.977045036e-08
Blocking_1 energy: 1.499994812e-01 +- 5.812719862e-08
Blocking_2 energy: 1.499994481e-01 +- 5.881052359e-08
Blocking_3 energy: 1.499995470e-01 +- 5.854227858e-08
Blocking_4 energy: 1.499995131e-01 +- 5.808844047e-08
Blocking_5 energy: 1.499994481e-01 +- 5.881052359e-08
Blocking_6 energy: 1.499993811e-01 +- 5.902653377e-08
Blocking_7 energy: 1.499995151e-01 +- 5.944624986e-08
Blocking_8 energy: 1.499995343e-01 +- 5.866790216e-08
Blocking_9 energy: 1.499995343e-01 +- 5.866790216e-08
Blocking_10 energy: 1.499995294e-01 +- 5.916249242e-08
Blocking_11 energy: 1.499994902e-01 +- 5.895196845e-08
Blocking_12 energy: 1.499995410e-01 +- 5.880020070e-08
Blocking_13 energy: 1.499995992e-01 +- 6.067299251e-08
Blocking_14 energy: 1.499994074e-01 +- 5.765536114e-08
Blocking_15 energy: 1.499995217e-01 +- 5.886229219e-08
Final blocking energy: 1.499995023e-01 +- 1.472071421e-08
Blocking analysis done (in 1.16825104 s).

One-body density done (in 4.05134157 s).

Mesh plot done (in 147.133223 s).

=========================================
