=========================================
               VMC RUN LOG               
=========================================
Date and time    : 2026-08-04 16:50:45
-----------------------------------------
[ SYSTEM & MODELS ]
Hamiltonian      : RepulsiveHO
WF Train Type    : EllipticGaussian
WaveFunction     : EllipticGaussian
Solver           : MetropolisHastings
preferAnalytic   : false
useCache         : false
-----------------------------------------
[ PHYSICAL PARAMETERS ]
dimensions (D)   : 3
particles (N)    : 2
omega            : 1
omega_z          : 2.8243
rep_a_factor     : 0.0043
rep_strength     : inf
maxStrength      : 1
-----------------------------------------
[ MONTE CARLO & OPTIMIZATION ]
time Step        : 0.15
Equilibr. Steps  : 10000
BFGS MC Steps    : 1000000
BFGS_tol         : 1e-05
Final MC Steps   : 2^16 (65536)
-----------------------------------------
[ NEURAL NETWORK ]
Nhid             : 12
Activation Func  : tanh
Learning Rate    : 0.05
Pretrain Steps   : 1000
Energy Steps     : 3000
Adiab Steps      : 1000
Adam_ktol        : 0.99
max_patience     : 80
min_improvement  : 0.02
helpDecay        : 0.4
-----------------------------------------
[ OBSERVABLES & MISC ]
1bodyDens. Steps : 5000000
1bodyDens. rMax  : 3.5
1bodyDens. nBins : 50
Seed             : 0
=========================================

Initial parameters: 0.6, 	2.9, 	
Optimal parameters: 0.502988321, 	2.79685699, 	
VMC Optimization done (in 7.12528931 s).

FinalMC energy: 4.824200829e+00 +- 5.222237600e-05
Acceptance ratio: 9.299011230e-01
FinalMC done (in 0.024283161 s).

Blocking_0 energy: 4.824412921e+00 +- 4.077413185e-04
Blocking_1 energy: 4.824431115e+00 +- 4.001901685e-04
Blocking_2 energy: 4.824573773e+00 +- 3.765365640e-04
Blocking_3 energy: 4.823927211e+00 +- 4.270675491e-04
Blocking_4 energy: 4.823532163e+00 +- 4.092997474e-04
Blocking_5 energy: 4.824172630e+00 +- 3.743555361e-04
Blocking_6 energy: 4.824135986e+00 +- 3.515206861e-04
Blocking_7 energy: 4.824420836e+00 +- 3.343565857e-04
Final blocking energy: 4.824200829e+00 +- 1.365650657e-04
Blocking analysis done (in 0.003258895 s).

One-body density done (in 1.61070455 s).

=========================================
