=========================================
               VMC RUN LOG               
=========================================
Date and time             : 2026-09-04 22:00:45
-----------------------------------------
[ SYSTEM & MODELS ]
Hamiltonian               : LennardJonesHO
WF Train Type             : LJGaussian
WaveFunction              : LJGaussian
Solver                    : SwappingMH
enSamplerType             : Separate
useUmrigarDrift           : true
preferAnalytic            : true
numberOfThreads           : 4
-----------------------------------------
[ PHYSICAL PARAMETERS ]
dimensions (D)            : 3
particles (N)             : 12
kinetic_factor            : 0.1
min_dist                  : 0.1
max_radius                : 10
omega                     : 0.027951
omega_z                   : 0.027951
LJsigma                   : 1
LJenEps                   : 1
LJalpha                   : 0.4
LJGaussian_loc_Ken_method : 0
rep_a_factor              : 0.0043
rep_strength              : inf
maxStrength               : 1
pre-optimization params   : [ 4, 0, 1 ]
param-optimization mask   : [ true, false, true ]
use_jsonParams            : true
json params               : [ 9.0017, 1.1025, 1.0835 ]
-----------------------------------------
[ MONTE CARLO & OPTIMIZATION ENGINES ]
optimizer                 : NLOPT_BFGS
log_grads                 : true
time Step                 : 0.1
Equilibr. Steps           : 500000
optimizationMCsteps       : 8000000
autoMCincr_wait           : 100
Final MC Steps            : 2^24 (16777216)
NLOPT_tol                 : 1e-05
Adam_lr                   : 0.03
Adam_nSteps               : 1000
Adam_min_improvement      : 0.0001
Adam_max_patience         : 300
NelderMead first guess    : + [ 0.5, 0.05, 0.05 ]
varOpt_weight             : 0.0005
LJ_request_Ekin           : false
log_blocking              : true
-----------------------------------------
[ PARAMETER MESH ]
lower bounds              : [ 2, 0, 0 ]
upper bounds              : [ 7, 0, 0 ]
number of points          : [ 5, 1, 1 ]
Mesh MC Steps             : 2^23 (8388608)
-----------------------------------------
[ NEURAL NETWORK ]
Nhid                      : 12
Activation Func           : tanh
NN Learning Rate          : 0.1
Pretrain Steps            : 1000
Energy Steps              : 4000
Adiab Steps               : 1500
Adam_ktol                 : 0.99
max_patience              : 50
min_improvement           : 0.02
helpDecay                 : 0.05
-----------------------------------------
[ OBSERVABLES & MISC ]
Normalize by nParticles   : true
calc_normalized_PCF       : true
PCF reference params      : [ 16, 0, 0 ]
1bodyDens. Steps          : 20000000
1bodyDens. rMax           : 9
1bodyDens. nBins          : 150
uncorrRefDraws            : 30000000
Seed                      : 0
=========================================
Called toggles            : [ false, true, false, false ]
=========================================

FinalMC energy: 1.245820732e-01 +- 1.033968811e-04
Acceptance ratio: 9.068362713e-01
Printing specials:
energies[0]:   1.2458207320081e-01
energies_var[0]:   1.7936379062817e-01
energies[1]:   6.0479256488017e-01
energies_var[1]:   1.3595460444364e+00
energies[2]:   7.0314587232935e-02
energies_var[2]:   2.1709419604153e-04
energies[3]:  -3.7391218616359e-01
energies_var[3]:   1.1058070012213e+00
energies[4]:  -1.7661289274870e-01
energies_var[4]:   3.3191355318676e-01
FinalMC done (in 98.114784804 s).

Blocking_0 energy: 1.249213263e-01 +- 6.903512472e-04
Blocking_1 energy: 1.241819077e-01 +- 7.531561377e-04
Blocking_2 energy: 1.245870605e-01 +- 6.513194430e-04
Blocking_3 energy: 1.246379982e-01 +- 6.250871601e-04
Final blocking energy: 1.245820732e-01 +- 3.408427044e-04
Blocking analysis done (in 0.285474305 s).

=========================================
