=========================================
               VMC RUN LOG               
=========================================
Date and time             : 2026-08-16 17:30:33
-----------------------------------------
[ SYSTEM & MODELS ]
Hamiltonian               : LennardJonesHO
WF Train Type             : EllipticGaussian
WaveFunction              : LJGaussian
Solver                    : SwappingMH
useUmrigarDrift           : true
preferAnalytic            : true
numberOfThreads           : 16
-----------------------------------------
[ PHYSICAL PARAMETERS ]
dimensions (D)            : 3
particles (N)             : 4
kinetic_factor            : 0.1
min_dist                  : 0.1
max_radius                : 10
omega                     : 0.111803
omega_z                   : 0.027951
LJsigma                   : 1
LJenEps                   : 1
LJalpha                   : 1
LJGaussian_loc_Ken_method : 0
rep_a_factor              : 0.0043
rep_strength              : inf
maxStrength               : 1
pre-optimization params   : [ 4, 1, 1 ]
param-optimization mask   : [ true, true, true ]
use_jsonParams            : true
json params               : [ 3.47841797, 0, 1.12333984 ]
-----------------------------------------
[ MONTE CARLO & OPTIMIZATION ENGINES ]
optimizer                 : NLOPT_NELDERMEAD
time Step                 : 0.1
Equilibr. Steps           : 500000
optimizationMCsteps       : 8000000
NLOPT_tol                 : 1e-05
Adam_lr                   : 0.01
Adam_nSteps               : 120
Adam_min_improvement      : 0.01
Adam_max_patience         : 20
varOpt_weight             : 0.05
Final MC Steps            : 2^27 (134217728)
-----------------------------------------
[ PARAMETER MESH ]
lower bounds              : [ 2, 0.8, 0.8 ]
upper bounds              : [ 5, 1.5, 1.5 ]
number of points          : [ 10, 10, 10 ]
Mesh MC Steps             : 2^23 (8388608)
-----------------------------------------
[ NEURAL NETWORK ]
Nhid                      : 10
Activation Func           : tanh
NN Learning Rate          : 0.05
Pretrain Steps            : 200
Energy Steps              : 1100
Adiab Steps               : 100
Adam_ktol                 : 0.99
max_patience              : 80
min_improvement           : 0.02
helpDecay                 : 0.4
-----------------------------------------
[ OBSERVABLES & MISC ]
1bodyDens. Steps          : 10000000
1bodyDens. rMax           : 5.5
1bodyDens. nBins          : 100
Seed                      : 0
=========================================
Called toggles            : [ true, true, true, true ]
=========================================

Initial parameters: 4, 	1, 	1, 	
Optimal parameters: 3.92018343, 	1.11457716, 	1.11934954, 	
VMC Optimization done (in 435.950036 s).

FinalMC energy: 2.079260942e-01 +- 1.197580397e-05
Acceptance ratio: 9.028371722e-01
FinalMC done (in 62.5102878 s).

Blocking_0 energy: 2.081685825e-01 +- 1.384249885e-04
Blocking_1 energy: 2.078121422e-01 +- 1.336750798e-04
Blocking_2 energy: 2.082490109e-01 +- 1.342645540e-04
Blocking_3 energy: 2.079546922e-01 +- 1.315596600e-04
Blocking_4 energy: 2.079924515e-01 +- 1.389304821e-04
Blocking_5 energy: 2.080787993e-01 +- 1.364648780e-04
Blocking_6 energy: 2.080590846e-01 +- 1.392600201e-04
Blocking_7 energy: 2.078627439e-01 +- 1.403969600e-04
Blocking_8 energy: 2.078475376e-01 +- 1.327369841e-04
Blocking_9 energy: 2.078357002e-01 +- 1.407950641e-04
Blocking_10 energy: 2.078560259e-01 +- 1.301514594e-04
Blocking_11 energy: 2.077597387e-01 +- 1.386984916e-04
Blocking_12 energy: 2.079118683e-01 +- 1.342937809e-04
Blocking_13 energy: 2.078961076e-01 +- 1.418817945e-04
Blocking_14 energy: 2.077515541e-01 +- 1.309215010e-04
Blocking_15 energy: 2.077814680e-01 +- 1.392888318e-04
Final blocking energy: 2.079260942e-01 +- 3.410235814e-05
Blocking analysis done (in 1.23868319 s).

One-body density done (in 6.24391353 s).

Mesh plot done (in 5255.416 s).

=========================================
