=========================================
               VMC RUN LOG               
=========================================
Date and time             : 2026-09-04 22:03:47
-----------------------------------------
[ SYSTEM & MODELS ]
Hamiltonian               : LennardJonesHO
WF Train Type             : LJGaussian
WaveFunction              : LJGaussian
Solver                    : SwappingMH
enSamplerType             : Separate
useUmrigarDrift           : true
preferAnalytic            : true
numberOfThreads           : 4
-----------------------------------------
[ PHYSICAL PARAMETERS ]
dimensions (D)            : 3
particles (N)             : 4
kinetic_factor            : 0.1
min_dist                  : 0.1
max_radius                : 10
omega                     : 0.027951
omega_z                   : 0.027951
LJsigma                   : 1
LJenEps                   : 1
LJalpha                   : 0.05
LJGaussian_loc_Ken_method : 0
rep_a_factor              : 0.0043
rep_strength              : inf
maxStrength               : 1
pre-optimization params   : [ 4, 0, 1 ]
param-optimization mask   : [ true, false, true ]
use_jsonParams            : true
json params               : [ 16.842, 1.1051, 0.9411 ]
-----------------------------------------
[ MONTE CARLO & OPTIMIZATION ENGINES ]
optimizer                 : NLOPT_BFGS
log_grads                 : true
time Step                 : 0.1
Equilibr. Steps           : 500000
optimizationMCsteps       : 8000000
autoMCincr_wait           : 100
Final MC Steps            : 2^24 (16777216)
NLOPT_tol                 : 1e-05
Adam_lr                   : 0.03
Adam_nSteps               : 1000
Adam_min_improvement      : 0.0001
Adam_max_patience         : 300
NelderMead first guess    : + [ 0.5, 0.05, 0.05 ]
varOpt_weight             : 0.0005
LJ_request_Ekin           : false
log_blocking              : true
-----------------------------------------
[ PARAMETER MESH ]
lower bounds              : [ 2, 0, 0 ]
upper bounds              : [ 7, 0, 0 ]
number of points          : [ 5, 1, 1 ]
Mesh MC Steps             : 2^23 (8388608)
-----------------------------------------
[ NEURAL NETWORK ]
Nhid                      : 12
Activation Func           : tanh
NN Learning Rate          : 0.1
Pretrain Steps            : 1000
Energy Steps              : 4000
Adiab Steps               : 1500
Adam_ktol                 : 0.99
max_patience              : 50
min_improvement           : 0.02
helpDecay                 : 0.05
-----------------------------------------
[ OBSERVABLES & MISC ]
Normalize by nParticles   : true
calc_normalized_PCF       : true
PCF reference params      : [ 16, 0, 0 ]
1bodyDens. Steps          : 20000000
1bodyDens. rMax           : 9
1bodyDens. nBins          : 150
uncorrRefDraws            : 30000000
Seed                      : 0
=========================================
Called toggles            : [ false, true, false, false ]
=========================================

FinalMC energy: 7.870529894e-02 +- 3.558958400e-05
Acceptance ratio: 9.016090035e-01
Printing specials:
energies[0]:   7.8705298938260e-02
energies_var[0]:   2.1250331987204e-02
energies[1]:   5.0730827048623e-02
energies_var[1]:   6.4494910901660e-02
energies[2]:   3.9891401896001e-02
energies_var[2]:   2.5879056137580e-04
energies[3]:  -1.1766212543090e-02
energies_var[3]:   3.1245582201060e-02
energies[4]:  -1.5071746327416e-04
energies_var[4]:   7.5837521238318e-03
FinalMC done (in 16.35177285 s).

Blocking_0 energy: 7.870031474e-02 +- 1.121878722e-04
Blocking_1 energy: 7.871494824e-02 +- 1.356052406e-04
Blocking_2 energy: 7.873771546e-02 +- 1.267659826e-04
Blocking_3 energy: 7.866821731e-02 +- 1.194602924e-04
Final blocking energy: 7.870529894e-02 +- 6.190480381e-05
Blocking analysis done (in 0.310011405 s).

=========================================
