=========================================
               VMC RUN LOG               
=========================================
Date and time    : 2026-08-06 13:13:55
-----------------------------------------
[ SYSTEM & MODELS ]
Hamiltonian      : LennardJonesHO
WF Train Type    : EllipticGaussian
WaveFunction     : LJGaussian
Solver           : MetropolisHastings
preferAnalytic   : false
-----------------------------------------
[ PHYSICAL PARAMETERS ]
dimensions (D)   : 1
particles (N)    : 2
omega            : 1
omega_z          : 1
LJsigma          : 1
LJenEps          : 5
LJalpha          : 1
rep_a_factor     : 0.05
rep_strength     : inf
maxStrength      : 1
-----------------------------------------
[ MONTE CARLO & OPTIMIZATION ]
time Step        : 0.15
Equilibr. Steps  : 10000
BFGS MC Steps    : 1000000
BFGS_tol         : 1e-05
Final MC Steps   : 2^23 (8.38861e+06)
-----------------------------------------
[ NEURAL NETWORK ]
Nhid             : 10
Activation Func  : tanh
Learning Rate    : 0.05
Pretrain Steps   : 200
Energy Steps     : 1100
Adiab Steps      : 100
Adam_ktol        : 0.99
max_patience     : 80
min_improvement  : 0.02
helpDecay        : 0.4
-----------------------------------------
[ OBSERVABLES & MISC ]
1bodyDens. Steps : 100000
1bodyDens. rMax  : 3.5
1bodyDens. nBins : 50
Seed             : 0
=========================================

Initial parameters: 1, 	1, 	1, 	
Optimal parameters: 1.30865808, 	1.6060113, 	1.6655867, 	
VMC Optimization done (in 12.616438 s).

FinalMC energy: 8.255671488e+01 +- 1.109074118e+00
Acceptance ratio: 9.445270300e-01
FinalMC done (in 3.14209714 s).

Blocking_0 energy: 9.473483554e+01 +- 2.746533824e+01
Blocking_1 energy: 8.546957081e+01 +- 1.424685281e+01
Blocking_2 energy: 7.104476059e+01 +- 4.481761725e+00
Blocking_3 energy: 7.897769257e+01 +- 1.343622110e+01
Final blocking energy: 8.255671488e+01 +- 8.507114101e+00
Blocking analysis done (in 0.181752548 s).

One-body density done (in 0.055085215 s).

=========================================
