=========================================
               VMC RUN LOG               
=========================================
Date and time             : 2026-08-10 16:04:08
-----------------------------------------
[ SYSTEM & MODELS ]
Hamiltonian               : LennardJonesHO
WF Train Type             : EllipticGaussian
WaveFunction              : LJGaussian
Solver                    : MetropolisHastings
preferAnalytic            : true
-----------------------------------------
[ PHYSICAL PARAMETERS ]
dimensions (D)            : 3
particles (N)             : 6
min_dist                  : 1
max_radius                : 1e+06
omega                     : 0.111803
omega_z                   : 0.027951
LJsigma                   : 1
LJenEps                   : 1
LJalpha                   : 1
LJGaussian_loc_Ken_method : 0
rep_a_factor              : 0.05
rep_strength              : inf
maxStrength               : 1
pre-optimization params   : [ 4, 1, 5 ]
param-optimization mask   : [ true, true, false ]
-----------------------------------------
[ MONTE CARLO & OPTIMIZATION ENGINES ]
time Step                 : 0.1
Equilibr. Steps           : 50000
BFGS MC Steps             : 1000000
BFGS_tol                  : 1e-05
Final MC Steps            : 2^23 (8388608)
-----------------------------------------
[ PARAMETER MESH ]
lower bounds              : [ 3, 0.95, 5 ]
upper bounds              : [ 4.5, 1.25, 5 ]
number of points          : [ 9, 9, 1 ]
Mesh MC Steps             : 2^21 (2097152)
-----------------------------------------
[ NEURAL NETWORK ]
Nhid                      : 10
Activation Func           : tanh
Learning Rate             : 0.05
Pretrain Steps            : 200
Energy Steps              : 1100
Adiab Steps               : 100
Adam_ktol                 : 0.99
max_patience              : 80
min_improvement           : 0.02
helpDecay                 : 0.4
-----------------------------------------
[ OBSERVABLES & MISC ]
1bodyDens. Steps          : 500000
1bodyDens. rMax           : 4.5
1bodyDens. nBins          : 70
Seed                      : 0
=========================================

Initial parameters: 4, 	1, 	5, 	
Optimal parameters: 3.9995367, 	1.09113235, 	5, 	
VMC Optimization done (in 52.4770501 s).

FinalMC energy: 2.353393712e-01 +- 1.438610912e-04
Acceptance ratio: 9.121022224e-01
FinalMC done (in 15.5978265 s).

Blocking_0 energy: 2.324506062e-01 +- 2.376006045e-03
Blocking_1 energy: 2.318769592e-01 +- 2.023802225e-03
Blocking_2 energy: 2.305046632e-01 +- 3.393136194e-03
Blocking_3 energy: 2.465252562e-01 +- 8.674732476e-03
Final blocking energy: 2.353393712e-01 +- 2.455930793e-03
Blocking analysis done (in 0.127595921 s).

One-body density done (in 1.16847639 s).

Mesh plot done (in 321.523895 s).

=========================================
