=========================================
               VMC RUN LOG               
=========================================
Date and time             : 2026-08-15 11:48:46
-----------------------------------------
[ SYSTEM & MODELS ]
Hamiltonian               : LennardJonesHO
WF Train Type             : EllipticGaussian
WaveFunction              : LJGaussian
Solver                    : SwappingMH
useUmrigarDrift           : true
preferAnalytic            : true
numberOfThreads           : 4
-----------------------------------------
[ PHYSICAL PARAMETERS ]
dimensions (D)            : 3
particles (N)             : 6
kinetic_factor            : 0.1
min_dist                  : 0.1
max_radius                : 10
omega                     : 0.111803
omega_z                   : 0.027951
LJsigma                   : 1
LJenEps                   : 1
LJalpha                   : 0.05
LJGaussian_loc_Ken_method : 0
rep_a_factor              : 0.0043
rep_strength              : inf
maxStrength               : 1
pre-optimization params   : [ 4.6, 1, 1 ]
param-optimization mask   : [ true, true, true ]
use_jsonParams            : true
json params               : [ 3.47841797, 0, 1.12333984 ]
-----------------------------------------
[ MONTE CARLO & OPTIMIZATION ENGINES ]
optimizer                 : NLOPT_NELDERMEAD
time Step                 : 0.1
Equilibr. Steps           : 500000
optimizationMCsteps       : 8000000
NLOPT_tol                 : 1e-05
Adam_lr                   : 0.01
Adam_nSteps               : 120
Adam_min_improvement      : 0.01
Adam_max_patience         : 20
varOpt_weight             : 0.05
Final MC Steps            : 2^27 (134217728)
-----------------------------------------
[ PARAMETER MESH ]
lower bounds              : [ 2, 0.8, 0.8 ]
upper bounds              : [ 6, 2, 2 ]
number of points          : [ 10, 10, 10 ]
Mesh MC Steps             : 2^24 (16777216)
-----------------------------------------
[ NEURAL NETWORK ]
Nhid                      : 10
Activation Func           : tanh
NN Learning Rate          : 0.05
Pretrain Steps            : 200
Energy Steps              : 1100
Adiab Steps               : 100
Adam_ktol                 : 0.99
max_patience              : 80
min_improvement           : 0.02
helpDecay                 : 0.4
-----------------------------------------
[ OBSERVABLES & MISC ]
1bodyDens. Steps          : 10000000
1bodyDens. rMax           : 5.5
1bodyDens. nBins          : 100
Seed                      : 0
=========================================
Called toggles            : [ true, true, true, true ]
=========================================

Initial parameters: 4.6, 	1, 	1, 	
Optimal parameters: 4.4305816, 	1.11882032, 	0.940067876, 	
VMC Optimization done (in 2176.53652 s).

FinalMC energy: 5.258754930e-01 +- 4.753900128e-05
Acceptance ratio: 9.059453905e-01
FinalMC done (in 183.009148 s).

Blocking_0 energy: 5.256689002e-01 +- 2.436153772e-04
Blocking_1 energy: 5.256383723e-01 +- 2.502936832e-04
Blocking_2 energy: 5.257054079e-01 +- 2.841098195e-04
Blocking_3 energy: 5.264892917e-01 +- 2.358587646e-04
Final blocking energy: 5.258754930e-01 +- 1.270686641e-04
Blocking analysis done (in 2.13111517 s).

One-body density done (in 13.8603715 s).

Mesh plot done (in 23839.8643 s).

=========================================
