=========================================
               VMC RUN LOG               
=========================================
Date and time             : 2026-08-18 22:47:56
-----------------------------------------
[ SYSTEM & MODELS ]
Hamiltonian               : LennardJonesHO
WF Train Type             : EllipticGaussian
WaveFunction              : LJGaussian
Solver                    : SwappingMH
useUmrigarDrift           : true
preferAnalytic            : true
numberOfThreads           : 16
-----------------------------------------
[ PHYSICAL PARAMETERS ]
dimensions (D)            : 3
particles (N)             : 4
kinetic_factor            : 0.1
min_dist                  : 0.1
max_radius                : 10
omega                     : 0.027951
omega_z                   : 0.111803
LJsigma                   : 1
LJenEps                   : 1
LJalpha                   : 0.05
LJGaussian_loc_Ken_method : 0
rep_a_factor              : 0.0043
rep_strength              : inf
maxStrength               : 1
pre-optimization params   : [ 16, 1, 1 ]
param-optimization mask   : [ true, true, true ]
use_jsonParams            : true
json params               : [ 4.6, 0, 1.01 ]
-----------------------------------------
[ MONTE CARLO & OPTIMIZATION ENGINES ]
optimizer                 : NLOPT_NELDERMEAD
time Step                 : 0.1
Equilibr. Steps           : 500000
optimizationMCsteps       : 8000000
NLOPT_tol                 : 1e-05
Adam_lr                   : 0.01
Adam_nSteps               : 120
Adam_min_improvement      : 0.01
Adam_max_patience         : 20
varOpt_weight             : 0.05
Final MC Steps            : 2^27 (134217728)
-----------------------------------------
[ PARAMETER MESH ]
lower bounds              : [ 15, 0.8, 0.8 ]
upper bounds              : [ 18, 1.5, 1.5 ]
number of points          : [ 10, 10, 10 ]
Mesh MC Steps             : 2^23 (8388608)
-----------------------------------------
[ NEURAL NETWORK ]
Nhid                      : 10
Activation Func           : tanh
NN Learning Rate          : 0.05
Pretrain Steps            : 200
Energy Steps              : 1100
Adiab Steps               : 100
Adam_ktol                 : 0.99
max_patience              : 80
min_improvement           : 0.02
helpDecay                 : 0.4
-----------------------------------------
[ OBSERVABLES & MISC ]
1bodyDens. Steps          : 10000000
1bodyDens. rMax           : 5.5
1bodyDens. nBins          : 100
Seed                      : 0
=========================================
Called toggles            : [ true, true, true, true ]
=========================================

Initial parameters: 16, 	1, 	1, 	
Optimal parameters: 15.9486689, 	1.1044917, 	1.03266963, 	
VMC Optimization done (in 430.865822 s).

FinalMC energy: 7.895733000e-02 +- 1.528373442e-05
Acceptance ratio: 9.033040479e-01
FinalMC done (in 59.0320672 s).

Blocking_0 energy: 7.893507625e-02 +- 1.046008851e-04
Blocking_1 energy: 7.883710325e-02 +- 1.104815631e-04
Blocking_2 energy: 7.889026773e-02 +- 1.046954150e-04
Blocking_3 energy: 7.903483284e-02 +- 1.114987316e-04
Blocking_4 energy: 7.886556565e-02 +- 1.273827016e-04
Blocking_5 energy: 7.898805247e-02 +- 1.038583385e-04
Blocking_6 energy: 7.876271741e-02 +- 1.079791956e-04
Blocking_7 energy: 7.894796795e-02 +- 1.186742804e-04
Blocking_8 energy: 7.900527884e-02 +- 1.061573983e-04
Blocking_9 energy: 7.880573367e-02 +- 1.106513285e-04
Blocking_10 energy: 7.907670367e-02 +- 1.092844040e-04
Blocking_11 energy: 7.905612424e-02 +- 9.374494308e-05
Blocking_12 energy: 7.911705601e-02 +- 1.043374834e-04
Blocking_13 energy: 7.905940073e-02 +- 1.093312641e-04
Blocking_14 energy: 7.899588857e-02 +- 1.078146417e-04
Blocking_15 energy: 7.893951072e-02 +- 1.218702244e-04
Final blocking energy: 7.895733000e-02 +- 2.744717270e-05
Blocking analysis done (in 1.10172131 s).

One-body density done (in 6.05271277 s).

Mesh plot done (in 4563.51918 s).

=========================================
