=========================================
               VMC RUN LOG               
=========================================
Date and time    : 2026-08-05 19:47:44
-----------------------------------------
[ SYSTEM & MODELS ]
Hamiltonian      : HarmonicOscillator
WF Train Type    : EllipticGaussian
WaveFunction     : EllipticGaussian
Solver           : MetropolisHastings
preferAnalytic   : true
-----------------------------------------
[ PHYSICAL PARAMETERS ]
dimensions (D)   : 3
particles (N)    : 10
omega            : 1
omega_z          : 1
rep_a_factor     : 0.0043
rep_strength     : inf
maxStrength      : 1
-----------------------------------------
[ MONTE CARLO & OPTIMIZATION ]
time Step        : 0.15
Equilibr. Steps  : 10000
BFGS MC Steps    : 1000000
BFGS_tol         : 1e-05
Final MC Steps   : 2^20 (1.04858e+06)
-----------------------------------------
[ NEURAL NETWORK ]
Nhid             : 10
Activation Func  : tanh
Learning Rate    : 0.05
Pretrain Steps   : 200
Energy Steps     : 1100
Adiab Steps      : 100
Adam_ktol        : 0.99
max_patience     : 80
min_improvement  : 0.02
helpDecay        : 0.4
-----------------------------------------
[ OBSERVABLES & MISC ]
1bodyDens. Steps : 100000
1bodyDens. rMax  : 3.5
1bodyDens. nBins : 50
Seed             : 0
=========================================

Initial parameters: 0.48, 	1.2, 	
Optimal parameters: 0.500703737, 	0.999555201, 	
VMC Optimization done (in 6.76828529 s).

FinalMC energy: 1.499991487e+01 +- 4.848416318e-06
Acceptance ratio: 9.736423492e-01
FinalMC done (in 0.153877531 s).

Blocking_0 energy: 1.500003789e+01 +- 7.594128952e-05
Blocking_1 energy: 1.499980101e+01 +- 7.666309636e-05
Blocking_2 energy: 1.499986714e+01 +- 7.647832733e-05
Blocking_3 energy: 1.499995343e+01 +- 7.798087304e-05
Final blocking energy: 1.499991487e+01 +- 3.838477962e-05
Blocking analysis done (in 0.013857503 s).

One-body density done (in 0.04644981 s).

=========================================
