=========================================
               VMC RUN LOG               
=========================================
Date and time             : 2026-08-13 20:20:39
-----------------------------------------
[ SYSTEM & MODELS ]
Hamiltonian               : LennardJonesHO
WF Train Type             : EllipticGaussian
WaveFunction              : LJGaussian
Solver                    : SwappingMH
preferAnalytic            : false
-----------------------------------------
[ PHYSICAL PARAMETERS ]
dimensions (D)            : 3
particles (N)             : 8
min_dist                  : 0.01
max_radius                : 1e+06
omega                     : 0.111803
omega_z                   : 0.027951
LJsigma                   : 1
LJenEps                   : 1
LJalpha                   : 0.4
LJGaussian_loc_Ken_method : 0
rep_a_factor              : 0.01
rep_strength              : inf
maxStrength               : 1
pre-optimization params   : [ 4, 1, 1 ]
param-optimization mask   : [ true, true, true ]
use_jsonParams            : true
json params               : [ 6, 1, 1 ]
-----------------------------------------
[ MONTE CARLO & OPTIMIZATION ENGINES ]
optimizer                 : NLOPT_NELDERMEAD
time Step                 : 0.1
Equilibr. Steps           : 200000
optimizationMCsteps       : 6000000
NLOPT_tol                 : 1e-06
Adam_lr                   : 0.02
Adam_nSteps               : 100
Adam_min_improvement      : 0.01
Adam_max_patience         : 40
varOpt_weight             : 0.05
Final MC Steps            : 2^27 (134217728)
-----------------------------------------
[ PARAMETER MESH ]
lower bounds              : [ 2, 0.8, 0.8 ]
upper bounds              : [ 5, 1.5, 1.5 ]
number of points          : [ 8, 8, 8 ]
Mesh MC Steps             : 2^21 (2097152)
-----------------------------------------
[ NEURAL NETWORK ]
Nhid                      : 10
Activation Func           : tanh
NN Learning Rate          : 0.05
Pretrain Steps            : 200
Energy Steps              : 1100
Adiab Steps               : 100
Adam_ktol                 : 0.99
max_patience              : 80
min_improvement           : 0.02
helpDecay                 : 0.4
-----------------------------------------
[ OBSERVABLES & MISC ]
1bodyDens. Steps          : 10000000
1bodyDens. rMax           : 5.5
1bodyDens. nBins          : 100
Seed                      : 0
=========================================
Called toggles            : [ true, true, true, true ]
=========================================

Initial parameters: 4, 	1, 	1, 	
Optimal parameters: 4.05699957, 	1.03085263, 	1.00778738, 	
VMC Optimization done (in 2309.91397 s).

FinalMC energy: 4.841757484e-01 +- 5.568342293e-05
Acceptance ratio: 9.042491838e-01
FinalMC done (in 443.660307 s).

Blocking_0 energy: 4.748205008e-01 +- 3.434004137e-04
Blocking_1 energy: 4.883435637e-01 +- 3.901873456e-04
Blocking_2 energy: 4.899610221e-01 +- 3.853738053e-04
Blocking_3 energy: 4.835779068e-01 +- 3.685079984e-04
Final blocking energy: 4.841757484e-01 +- 1.861587232e-04
Blocking analysis done (in 1.93439538 s).

One-body density done (in 22.3797616 s).

Mesh plot done (in 3966.64653 s).

=========================================
