=========================================
               VMC RUN LOG               
=========================================
Date and time             : 2026-09-04 21:53:54
-----------------------------------------
[ SYSTEM & MODELS ]
Hamiltonian               : LennardJonesHO
WF Train Type             : LJGaussian
WaveFunction              : LJGaussian
Solver                    : SwappingMH
enSamplerType             : Separate
useUmrigarDrift           : true
preferAnalytic            : true
numberOfThreads           : 4
-----------------------------------------
[ PHYSICAL PARAMETERS ]
dimensions (D)            : 3
particles (N)             : 6
kinetic_factor            : 0.1
min_dist                  : 0.1
max_radius                : 10
omega                     : 0.027951
omega_z                   : 0.027951
LJsigma                   : 1
LJenEps                   : 1
LJalpha                   : 1
LJGaussian_loc_Ken_method : 0
rep_a_factor              : 0.0043
rep_strength              : inf
maxStrength               : 1
pre-optimization params   : [ 4, 0, 1 ]
param-optimization mask   : [ true, false, true ]
use_jsonParams            : true
json params               : [ 3.4118, 1.1236, 1.1207 ]
-----------------------------------------
[ MONTE CARLO & OPTIMIZATION ENGINES ]
optimizer                 : NLOPT_BFGS
log_grads                 : true
time Step                 : 0.1
Equilibr. Steps           : 500000
optimizationMCsteps       : 8000000
autoMCincr_wait           : 100
Final MC Steps            : 2^24 (16777216)
NLOPT_tol                 : 1e-05
Adam_lr                   : 0.03
Adam_nSteps               : 1000
Adam_min_improvement      : 0.0001
Adam_max_patience         : 300
NelderMead first guess    : + [ 0.5, 0.05, 0.05 ]
varOpt_weight             : 0.0005
LJ_request_Ekin           : false
log_blocking              : true
-----------------------------------------
[ PARAMETER MESH ]
lower bounds              : [ 2, 0, 0 ]
upper bounds              : [ 7, 0, 0 ]
number of points          : [ 5, 1, 1 ]
Mesh MC Steps             : 2^23 (8388608)
-----------------------------------------
[ NEURAL NETWORK ]
Nhid                      : 12
Activation Func           : tanh
NN Learning Rate          : 0.1
Pretrain Steps            : 1000
Energy Steps              : 4000
Adiab Steps               : 1500
Adam_ktol                 : 0.99
max_patience              : 50
min_improvement           : 0.02
helpDecay                 : 0.05
-----------------------------------------
[ OBSERVABLES & MISC ]
Normalize by nParticles   : true
calc_normalized_PCF       : true
PCF reference params      : [ 16, 0, 0 ]
1bodyDens. Steps          : 20000000
1bodyDens. rMax           : 9
1bodyDens. nBins          : 150
uncorrRefDraws            : 30000000
Seed                      : 0
=========================================
Called toggles            : [ false, true, false, false ]
=========================================

FinalMC energy: -4.073041414e-03 +- 4.738364578e-05
Acceptance ratio: 9.079913497e-01
Printing specials:
energies[0]:  -4.0730414135210e-03
energies_var[0]:   3.7668371249850e-02
energies[1]:   6.1677223411717e-01
energies_var[1]:   1.2558780433244e+00
energies[2]:   1.4209897050650e-02
energies_var[2]:   1.5604370189461e-05
energies[3]:  -2.5367186153303e-01
energies_var[3]:   6.3269265510975e-01
energies[4]:  -3.8138331104831e-01
energies_var[4]:   9.1509032959007e-01
FinalMC done (in 29.459885463 s).

Blocking_0 energy: -4.114807768e-03 +- 3.505601173e-04
Blocking_1 energy: -4.277987301e-03 +- 3.472197767e-04
Blocking_2 energy: -4.078138372e-03 +- 3.411660712e-04
Blocking_3 energy: -3.821232213e-03 +- 3.565402487e-04
Final blocking energy: -4.073041414e-03 +- 1.744579473e-04
Blocking analysis done (in 0.290091518 s).

=========================================
