=========================================
               VMC RUN LOG               
=========================================
Date and time    : 2026-08-05 20:00:25
-----------------------------------------
[ SYSTEM & MODELS ]
Hamiltonian      : RepulsiveHO
WF Train Type    : EllipticGaussian
WaveFunction     : RepEllipticGaussian
Solver           : MetropolisHastings
preferAnalytic   : true
-----------------------------------------
[ PHYSICAL PARAMETERS ]
dimensions (D)   : 3
particles (N)    : 10
omega            : 1
omega_z          : 2.824
rep_a_factor     : 0.05
rep_strength     : inf
maxStrength      : 1
-----------------------------------------
[ MONTE CARLO & OPTIMIZATION ]
time Step        : 0.15
Equilibr. Steps  : 10000
BFGS MC Steps    : 100000
BFGS_tol         : 1e-05
Final MC Steps   : 2^20 (1.04858e+06)
-----------------------------------------
[ NEURAL NETWORK ]
Nhid             : 10
Activation Func  : tanh
Learning Rate    : 0.05
Pretrain Steps   : 200
Energy Steps     : 1100
Adiab Steps      : 100
Adam_ktol        : 0.99
max_patience     : 80
min_improvement  : 0.02
helpDecay        : 0.4
-----------------------------------------
[ OBSERVABLES & MISC ]
1bodyDens. Steps : 100000
1bodyDens. rMax  : 3.5
1bodyDens. nBins : 50
Seed             : 0
=========================================

Initial parameters: 0.5, 	2.82, 	
Optimal parameters: 0.48055393, 	2.82232873, 	
VMC Optimization done (in 38.8472072 s).

FinalMC energy: 2.680933833e+01 +- 4.669902912e-04
Acceptance ratio: 9.115600586e-01
FinalMC done (in 15.2043527 s).

Blocking_0 energy: 2.681971869e+01 +- 5.523367981e-03
Blocking_1 energy: 2.680384620e+01 +- 5.561813486e-03
Blocking_2 energy: 2.680544125e+01 +- 5.210735131e-03
Blocking_3 energy: 2.680834718e+01 +- 6.223021472e-03
Final blocking energy: 2.680933833e+01 +- 2.820894361e-03
Blocking analysis done (in 0.014072199 s).

One-body density done (in 1.12180557 s).

=========================================
