=========================================
               VMC RUN LOG               
=========================================
Date and time             : 2026-08-10 14:31:18
-----------------------------------------
[ SYSTEM & MODELS ]
Hamiltonian               : LennardJonesHO
WF Train Type             : EllipticGaussian
WaveFunction              : LJGaussian
Solver                    : MetropolisHastings
preferAnalytic            : true
-----------------------------------------
[ PHYSICAL PARAMETERS ]
dimensions (D)            : 3
particles (N)             : 4
min_dist                  : 1
max_radius                : 1e+06
omega                     : 0.111803
omega_z                   : 0.027951
LJsigma                   : 1
LJenEps                   : 1
LJalpha                   : 1
LJGaussian_loc_Ken_method : 0
rep_a_factor              : 0.05
rep_strength              : inf
maxStrength               : 1
pre-optimization params   : [ 4, 1, 5 ]
param-optimization mask   : [ true, true, false ]
-----------------------------------------
[ MONTE CARLO & OPTIMIZATION ENGINES ]
time Step                 : 0.85
Equilibr. Steps           : 50000
BFGS MC Steps             : 1000000
BFGS_tol                  : 1e-05
Final MC Steps            : 2^23 (8388608)
-----------------------------------------
[ PARAMETER MESH ]
lower bounds              : [ 3, 0.95, 5 ]
upper bounds              : [ 4.2, 1.6, 5 ]
number of points          : [ 8, 12, 1 ]
Mesh MC Steps             : 2^21 (2097152)
-----------------------------------------
[ NEURAL NETWORK ]
Nhid                      : 10
Activation Func           : tanh
Learning Rate             : 0.05
Pretrain Steps            : 200
Energy Steps              : 1100
Adiab Steps               : 100
Adam_ktol                 : 0.99
max_patience              : 80
min_improvement           : 0.02
helpDecay                 : 0.4
-----------------------------------------
[ OBSERVABLES & MISC ]
1bodyDens. Steps          : 500000
1bodyDens. rMax           : 4.5
1bodyDens. nBins          : 70
Seed                      : 0
=========================================

Initial parameters: 4, 	1, 	5, 	
Optimal parameters: 3.98882469, 	1.73064288, 	5, 	
VMC Optimization done (in 38.1262989 s).

FinalMC energy: -1.473683253e+02 +- 1.575398171e-02
Acceptance ratio: 2.369855642e-01
FinalMC done (in 8.56775019 s).

Blocking_0 energy: -1.964598944e+02 +- 2.393041476e-02
Blocking_1 energy: -1.264002495e+02 +- 1.891811910e-02
Blocking_2 energy: -1.836576442e+02 +- 1.799158109e-09
Blocking_3 energy: -8.295551335e+01 +- 1.118935442e-02
Final blocking energy: -1.473683253e+02 +- 8.123121449e-03
Blocking analysis done (in 0.140000008 s).

One-body density done (in 0.73284154 s).

Mesh plot done (in 194.723351 s).

=========================================
