=========================================
               VMC RUN LOG               
=========================================
Date and time             : 2026-08-26 18:00:34
-----------------------------------------
[ SYSTEM & MODELS ]
Hamiltonian               : LennardJonesHO
WF Train Type             : LJGaussian
WaveFunction              : NN_envelope
Solver                    : SwappingMH
useUmrigarDrift           : true
preferAnalytic            : true
numberOfThreads           : 16
-----------------------------------------
[ PHYSICAL PARAMETERS ]
dimensions (D)            : 3
particles (N)             : 2
kinetic_factor            : 0.1
min_dist                  : 0.1
max_radius                : 10
omega                     : 0.027951
omega_z                   : 0.027951
LJsigma                   : 1
LJenEps                   : 1
LJalpha                   : 0.4
LJGaussian_loc_Ken_method : 0
rep_a_factor              : 0.0043
rep_strength              : inf
maxStrength               : 1
pre-optimization params   : [ 16, 0, 0 ]
param-optimization mask   : [ true, true, true ]
use_jsonParams            : false
json params               : [ 13.651, 0, 1.113 ]
-----------------------------------------
[ MONTE CARLO & OPTIMIZATION ENGINES ]
optimizer                 : NLOPT_NELDERMEAD
time Step                 : 0.1
Equilibr. Steps           : 500
optimizationMCsteps       : 7000
Final MC Steps            : 2^20 (1048576)
NLOPT_tol                 : 1e-05
Adam_lr                   : 0.03
Adam_nSteps               : 200
Adam_min_improvement      : 0.0001
Adam_max_patience         : 100
NelderMead first guess    : + [ 0.5, 0.05, 0.05 ]
varOpt_weight             : 0.2
LJ_request_Ekin           : false
-----------------------------------------
[ PARAMETER MESH ]
lower bounds              : [ 10, 1, 1 ]
upper bounds              : [ 14, 1.2, 1.2 ]
number of points          : [ 8, 5, 5 ]
Mesh MC Steps             : 2^23 (8388608)
-----------------------------------------
[ NEURAL NETWORK ]
Nhid                      : 25
Activation Func           : tanh
NN Learning Rate          : 0.1
Pretrain Steps            : 2000
Energy Steps              : 2500
Adiab Steps               : 1000
Adam_ktol                 : 0.999
max_patience              : 80
min_improvement           : 0.002
helpDecay                 : 0.03
-----------------------------------------
[ OBSERVABLES & MISC ]
Normalize by nParticles   : true
1bodyDens. Steps          : 500000
1bodyDens. rMax           : 9
1bodyDens. nBins          : 150
Seed                      : 0
=========================================
Called toggles            : [ true, true, true, false ]
=========================================

Initial parameters for psi_train: 16, 	0, 	0, 	
Optimal parameters: -0.000254619015, 	-2.41912274, 	-2.75499215, 	-5.33218946, 	-8.49253554, 	-9.5968357, 	-14.8734681, 	-0.287830774, 	2.01124345, 	-9.03251691, 	-1.60056533, 	-0.022735862, 	-12.0594107, 	-1.96758699, 	1.06675207, 	2.12467659, 	0.0884042506, 	-1.55275445, 	17.0827927, 	-4.01171611, 	-3.21793145, 	6.60998382, 	-7.58545618, 	1.75408484, 	-4.40382279, 	-0.753454012, 	0.235925288, 	-4.16031276, 	4.41409424, 	4.84083285, 	2.09968761, 	9.67372234, 	7.5635567, 	16.0139766, 	1.69827356, 	13.3748136, 	-3.73368194, 	4.42211149, 	3.19185582, 	-1.34890823, 	1.21909866, 	0.193678275, 	-10.2945447, 	-8.33839295, 	-6.3662719, 	2.8051397, 	15.3638372, 	5.7901718, 	-4.08137756, 	-0.0322998144, 	0.353230536, 	1.89537691, 	1.68563293, 	0.290878292, 	-5.53341755, 	-3.22982672, 	-7.89985343, 	7.14004323, 	1.41087289, 	-1.79322488, 	-13.5176305, 	-3.11315655, 	-6.3866008, 	-4.29687013, 	0.981937843, 	6.59464798, 	-0.294886623, 	6.88772574, 	9.00554286, 	0.104454044, 	-5.60402882, 	-11.3850599, 	-4.6379028, 	-3.43285815, 	-7.49867765, 	-0.957203654, 	-8.14458749, 	4.75360149, 	-2.22380059, 	5.32563102, 	-6.87920236, 	-5.09103651, 	-0.233048471, 	-4.19433546, 	-16.2865712, 	6.79059249, 	-0.260181274, 	0.726749834, 	0.0583254967, 	0.0456076353, 	-4.32345882, 	0.142198142, 	-0.130384355, 	3.0378906, 	-8.07783642, 	1.87740953, 	0.234588573, 	-2.08313582, 	3.73137135, 	0.204495532, 	-0.333892084, 	9.32816717, 	-2.43415277, 	4.19525094, 	-7.55789068, 	5.23096982, 	-3.91504442, 	1.0200242, 	-1.00048651, 	2.14968221, 	-4.97698122, 	-0.323628273, 	-1.17051286, 	-3.93443719, 	0.667178578, 	0.406965042, 	0.122381839, 	12.8441684, 	-3.09134766, 	6.26998213, 	-2.05818944, 	-7.05186765, 	-2.09517201, 	-0.835468961, 	-0.954908718, 	0.479602316, 	-2.83851121, 	3.82057, 	-0.171907684, 	1.14330213, 	-5.60346904, 	0.717336699, 	0.160971238, 	4.35439955, 	-9.01248451, 	-3.37779422, 	1.85516539, 	-1.5682176, 	8.44378663, 	-1.57055052, 	-2.89800616, 	-0.289420133, 	-9.84643048, 	4.5101609, 	-13.8226814, 	-1.12873209, 	0.0129129831, 	0.150859442, 	4.93645491, 	-0.218464176, 	-1.25513885, 	-5.86580087, 	6.36134502, 	14.1663747, 	-32.7422751, 	26.6464666, 	33.8253569, 	6.86820523, 	-18.7489122, 	-31.5365213, 	-28.8702489, 	-16.0184015, 	-8.22961677, 	25.8057653, 	21.153149, 	-31.4354563, 	18.7934509, 	26.1864158, 	1.62266553, 	-24.8371279, 	29.8780481, 	28.4769161, 	0.29750373, 	-10.7865899, 	14.4091426, 	-22.3582805, 	0.234764401, 	1.03756874, 	0.198154588, 	5.87171107, 	-5.3598486, 	-6.0823448, 	-0.221771558, 	3.53783614, 	5.36372232, 	5.15667694, 	3.41002499, 	2.19913464, 	-3.48620492, 	-2.81616114, 	4.37851775, 	-9.75728393, 	-6.32865257, 	-3.95959106, 	4.04100061, 	-4.01675404, 	-5.76197627, 	2.71607953, 	1.64717715, 	0.272939783, 	7.53282267, 	
NN_VMC Optimization done (in 9912.42055 s).

FinalMC energy: 1.642080084e+00 +- 9.825938694e-03
Acceptance ratio: 9.714117050e-01
FinalMC done (in 200.783212 s).

Blocking_0 energy: 1.081105472e+00 +- 1.066613471e-01
Blocking_1 energy: 1.124295440e+00 +- 9.078285041e-01
Blocking_2 energy: 2.053775041e+00 +- 1.226856949e-01
Blocking_3 energy: 8.237328024e-01 +- 8.744988291e-02
Blocking_4 energy: 1.131844733e+00 +- 1.546140702e-01
Blocking_5 energy: 1.953300880e+00 +- 1.234430884e-01
Blocking_6 energy: 1.371657708e+00 +- 1.896741365e-01
Blocking_7 energy: 1.459894450e+00 +- 1.649209269e-01
Blocking_8 energy: 1.812188994e+00 +- 2.677569365e-01
Blocking_9 energy: 2.168132152e+00 +- 1.469146764e-01
Blocking_10 energy: 2.783041041e+00 +- 3.205736589e-01
Blocking_11 energy: 1.950933359e+00 +- 8.264346786e-02
Blocking_12 energy: 1.845233133e+00 +- 5.352304720e-01
Blocking_13 energy: 1.815754193e+00 +- 1.098819013e-01
Blocking_14 energy: 1.808362086e+00 +- 1.576497169e-01
Blocking_15 energy: 1.090029858e+00 +- 1.052033754e-01
Final blocking energy: 1.642080084e+00 +- 7.649268197e-02
Blocking analysis done (in 0.005884104 s).

Spatial distribution done (in 55.7915064 s).

=========================================
