=========================================
               VMC RUN LOG               
=========================================
Date and time             : 2026-08-09 15:17:36
-----------------------------------------
[ SYSTEM & MODELS ]
Hamiltonian               : LennardJonesHO
WF Train Type             : EllipticGaussian
WaveFunction              : LJGaussian
Solver                    : MetropolisHastings
preferAnalytic            : true
-----------------------------------------
[ PHYSICAL PARAMETERS ]
dimensions (D)            : 3
particles (N)             : 2
min_dist                  : 1
max_radius                : 10000
omega                     : 1
omega_z                   : 2.8
LJsigma                   : 0.5
LJenEps                   : 5
LJalpha                   : 1
LJGaussian_loc_Ken_method : 0
rep_a_factor              : 0.05
rep_strength              : inf
maxStrength               : 1
pre-optimization params   : [ 1, 0, 5 ]
param-optimization mask   : [ true, false, false ]
-----------------------------------------
[ MONTE CARLO & OPTIMIZATION ENGINES ]
time Step                 : 0.15
Equilibr. Steps           : 10000
BFGS MC Steps             : 1000000
BFGS_tol                  : 1e-05
Final MC Steps            : 2^23 (8388608)
-----------------------------------------
[ PARAMETER MESH ]
lower bounds              : [ 0.4, 0, 5 ]
upper bounds              : [ 0.6, 0, 5 ]
number of points          : [ 30, 1, 1 ]
Mesh MC Steps             : 2^21 (2097152)
-----------------------------------------
[ NEURAL NETWORK ]
Nhid                      : 10
Activation Func           : tanh
Learning Rate             : 0.05
Pretrain Steps            : 200
Energy Steps              : 1100
Adiab Steps               : 100
Adam_ktol                 : 0.99
max_patience              : 80
min_improvement           : 0.02
helpDecay                 : 0.4
-----------------------------------------
[ OBSERVABLES & MISC ]
1bodyDens. Steps          : 100000
1bodyDens. rMax           : 3.5
1bodyDens. nBins          : 50
Seed                      : 0
=========================================

Initial parameters: 1, 	0, 	5, 	
Optimal parameters: 50, 	0, 	5, 	
VMC Optimization done (in 0.987841434 s).

FinalMC energy: 3.548468954e+05 +- 3.000380945e+05
Acceptance ratio: 9.999300241e-01
FinalMC done (in 3.73351815 s).

Blocking_0 energy: 1.218180865e+06 +- 1.184638815e+06
Blocking_1 energy: 1.963649179e+05 +- 1.923203832e+05
Blocking_2 energy: 2.779380723e+03 +- 2.568535484e+03
Blocking_3 energy: 2.062417692e+03 +- 1.547597988e+03
Final blocking energy: 3.548468954e+05 +- 3.000380439e+05
Blocking analysis done (in 0.125862064 s).

One-body density done (in 0.065787137 s).

Mesh plot done (in 32.7200142 s).

=========================================
