=========================================
               VMC RUN LOG               
=========================================
Date and time             : 2026-09-04 17:11:08
-----------------------------------------
[ SYSTEM & MODELS ]
Hamiltonian               : LennardJonesHO
WF Train Type             : LJGaussian
WaveFunction              : LJGaussian
Solver                    : SwappingMH
enSamplerType             : Separate
useUmrigarDrift           : true
preferAnalytic            : true
numberOfThreads           : 4
-----------------------------------------
[ PHYSICAL PARAMETERS ]
dimensions (D)            : 3
particles (N)             : 12
kinetic_factor            : 0.1
min_dist                  : 0.1
max_radius                : 10
omega                     : 0.111803
omega_z                   : 0.027951
LJsigma                   : 1
LJenEps                   : 1
LJalpha                   : 1
LJGaussian_loc_Ken_method : 0
rep_a_factor              : 0.0043
rep_strength              : inf
maxStrength               : 1
pre-optimization params   : [ 4, 0, 1 ]
param-optimization mask   : [ true, false, true ]
use_jsonParams            : true
json params               : [ 2.032, 1.131, 1.1313 ]
-----------------------------------------
[ MONTE CARLO & OPTIMIZATION ENGINES ]
optimizer                 : NLOPT_BFGS
log_grads                 : true
time Step                 : 0.1
Equilibr. Steps           : 500000
optimizationMCsteps       : 8000000
autoMCincr_wait           : 100
Final MC Steps            : 2^24 (16777216)
NLOPT_tol                 : 1e-05
Adam_lr                   : 0.03
Adam_nSteps               : 1000
Adam_min_improvement      : 0.0001
Adam_max_patience         : 300
NelderMead first guess    : + [ 0.5, 0.05, 0.05 ]
varOpt_weight             : 0.0005
LJ_request_Ekin           : false
log_blocking              : true
-----------------------------------------
[ PARAMETER MESH ]
lower bounds              : [ 2, 0, 0 ]
upper bounds              : [ 7, 0, 0 ]
number of points          : [ 5, 1, 1 ]
Mesh MC Steps             : 2^23 (8388608)
-----------------------------------------
[ NEURAL NETWORK ]
Nhid                      : 12
Activation Func           : tanh
NN Learning Rate          : 0.1
Pretrain Steps            : 1000
Energy Steps              : 4000
Adiab Steps               : 1500
Adam_ktol                 : 0.99
max_patience              : 50
min_improvement           : 0.02
helpDecay                 : 0.05
-----------------------------------------
[ OBSERVABLES & MISC ]
Normalize by nParticles   : true
calc_normalized_PCF       : true
PCF reference params      : [ 16, 0, 0 ]
1bodyDens. Steps          : 20000000
1bodyDens. rMax           : 9
1bodyDens. nBins          : 150
uncorrRefDraws            : 30000000
Seed                      : 0
=========================================
Called toggles            : [ false, true, false, false ]
=========================================

FinalMC energy: -1.735219864e-01 +- 1.450608175e-04
Acceptance ratio: 8.977106214e-01
Printing specials:
energies[0]:  -1.7352198637514e-01
energies_var[0]:   3.5303692966824e-01
energies[1]:   3.3033631069149e+00
energies_var[1]:   1.0337194198244e+01
energies[2]:   3.6499044625465e-01
energies_var[2]:   3.0114943854610e-03
energies[3]:  -1.7439366691299e+00
energies_var[3]:   5.0273744521055e+00
energies[4]:  -2.0979388704148e+00
energies_var[4]:   5.7922492448955e+00
FinalMC done (in 91.826318681 s).

Blocking_0 energy: -1.739132470e-01 +- 1.355272455e-03
Blocking_1 energy: -1.742592893e-01 +- 1.373790640e-03
Blocking_2 energy: -1.721700028e-01 +- 1.372892270e-03
Blocking_3 energy: -1.737454064e-01 +- 1.431373251e-03
Final blocking energy: -1.735219864e-01 +- 6.918149463e-04
Blocking analysis done (in 0.280053243 s).

=========================================
