=========================================
               VMC RUN LOG               
=========================================
Date and time             : 2026-08-06 15:30:56
-----------------------------------------
[ SYSTEM & MODELS ]
Hamiltonian               : LennardJonesHO
WF Train Type             : EllipticGaussian
WaveFunction              : LJGaussian
Solver                    : MetropolisHastings
preferAnalytic            : false
-----------------------------------------
[ PHYSICAL PARAMETERS ]
dimensions (D)            : 1
particles (N)             : 1
omega                     : 1
omega_z                   : 1
LJsigma                   : 1
LJenEps                   : 5
LJalpha                   : 1
LJGaussian_loc_Ken_method : 2
rep_a_factor              : 0.05
rep_strength              : inf
maxStrength               : 1
pre-optimization params   : [ 0.9, 1, 1 ]
param-optimization mask   : [ true, false, false ]
-----------------------------------------
[ MONTE CARLO & OPTIMIZATION ENGINES ]
time Step                 : 0.15
Equilibr. Steps           : 10000
BFGS MC Steps             : 1000000
BFGS_tol                  : 1e-05
Final MC Steps            : 2^23 (8388608)
-----------------------------------------
[ NEURAL NETWORK ]
Nhid                      : 10
Activation Func           : tanh
Learning Rate             : 0.05
Pretrain Steps            : 200
Energy Steps              : 1100
Adiab Steps               : 100
Adam_ktol                 : 0.99
max_patience              : 80
min_improvement           : 0.02
helpDecay                 : 0.4
-----------------------------------------
[ OBSERVABLES & MISC ]
1bodyDens. Steps          : 100000
1bodyDens. rMax           : 3.5
1bodyDens. nBins          : 50
Seed                      : 0
=========================================

FinalMC energy: 4.991208555e-01 +- 2.436394310e-04
Acceptance ratio: 9.868872166e-01
FinalMC done (in 0.919877575 s).

Blocking_0 energy: 4.975830942e-01 +- 1.189711978e-03
Blocking_1 energy: 4.973247515e-01 +- 1.186990946e-03
Blocking_2 energy: 5.025341525e-01 +- 1.173815782e-03
Blocking_3 energy: 4.990414239e-01 +- 1.183343979e-03
Final blocking energy: 4.991208555e-01 +- 5.917404708e-04
Blocking analysis done (in 0.12338977 s).

=========================================
