=========================================
               VMC RUN LOG               
=========================================
Date and time             : 2026-09-04 17:20:30
-----------------------------------------
[ SYSTEM & MODELS ]
Hamiltonian               : LennardJonesHO
WF Train Type             : LJGaussian
WaveFunction              : LJGaussian
Solver                    : SwappingMH
enSamplerType             : Separate
useUmrigarDrift           : true
preferAnalytic            : true
numberOfThreads           : 4
-----------------------------------------
[ PHYSICAL PARAMETERS ]
dimensions (D)            : 3
particles (N)             : 6
kinetic_factor            : 0.1
min_dist                  : 0.1
max_radius                : 10
omega                     : 0.111803
omega_z                   : 0.027951
LJsigma                   : 1
LJenEps                   : 1
LJalpha                   : 0.05
LJGaussian_loc_Ken_method : 0
rep_a_factor              : 0.0043
rep_strength              : inf
maxStrength               : 1
pre-optimization params   : [ 4, 0, 1 ]
param-optimization mask   : [ true, false, true ]
use_jsonParams            : true
json params               : [ 4.7884, 1.1097, 0.9817 ]
-----------------------------------------
[ MONTE CARLO & OPTIMIZATION ENGINES ]
optimizer                 : NLOPT_BFGS
log_grads                 : true
time Step                 : 0.1
Equilibr. Steps           : 500000
optimizationMCsteps       : 8000000
autoMCincr_wait           : 100
Final MC Steps            : 2^24 (16777216)
NLOPT_tol                 : 1e-05
Adam_lr                   : 0.03
Adam_nSteps               : 1000
Adam_min_improvement      : 0.0001
Adam_max_patience         : 300
NelderMead first guess    : + [ 0.5, 0.05, 0.05 ]
varOpt_weight             : 0.0005
LJ_request_Ekin           : false
log_blocking              : true
-----------------------------------------
[ PARAMETER MESH ]
lower bounds              : [ 2, 0, 0 ]
upper bounds              : [ 7, 0, 0 ]
number of points          : [ 5, 1, 1 ]
Mesh MC Steps             : 2^23 (8388608)
-----------------------------------------
[ NEURAL NETWORK ]
Nhid                      : 12
Activation Func           : tanh
NN Learning Rate          : 0.1
Pretrain Steps            : 1000
Energy Steps              : 4000
Adiab Steps               : 1500
Adam_ktol                 : 0.99
max_patience              : 50
min_improvement           : 0.02
helpDecay                 : 0.05
-----------------------------------------
[ OBSERVABLES & MISC ]
Normalize by nParticles   : true
calc_normalized_PCF       : true
PCF reference params      : [ 16, 0, 0 ]
1bodyDens. Steps          : 20000000
1bodyDens. rMax           : 9
1bodyDens. nBins          : 150
uncorrRefDraws            : 30000000
Seed                      : 0
=========================================
Called toggles            : [ false, true, false, false ]
=========================================

FinalMC energy: 5.227780255e-01 +- 1.373959293e-04
Acceptance ratio: 8.978999257e-01
Printing specials:
energies[0]:   5.2277802545742e-01
energies_var[0]:   3.1671426721201e-01
energies[1]:   4.0871917157667e-01
energies_var[1]:   8.5646883587415e-01
energies[2]:   2.9689267755611e-01
energies_var[2]:   7.8901191243627e-03
energies[3]:  -1.7618147119037e-01
energies_var[3]:   5.4723537631754e-01
energies[4]:  -6.6523524849831e-03
energies_var[4]:   3.3168114981478e-02
FinalMC done (in 29.669804176 s).

Blocking_0 energy: 5.213681272e-01 +- 8.520521119e-04
Blocking_1 energy: 5.237948305e-01 +- 6.437981867e-04
Blocking_2 energy: 5.230160542e-01 +- 6.433045933e-04
Blocking_3 energy: 5.229330899e-01 +- 6.338677654e-04
Final blocking energy: 5.227780255e-01 +- 3.496514381e-04
Blocking analysis done (in 0.290013084 s).

=========================================
