=========================================
               VMC RUN LOG               
=========================================
Date and time             : 2026-08-09 14:17:22
-----------------------------------------
[ SYSTEM & MODELS ]
Hamiltonian               : LennardJonesHO_noInteraction
WF Train Type             : EllipticGaussian
WaveFunction              : LJGaussian
Solver                    : MetropolisHastings
preferAnalytic            : true
-----------------------------------------
[ PHYSICAL PARAMETERS ]
dimensions (D)            : 3
particles (N)             : 10
min_dist                  : 1
max_radius                : 10000
omega                     : 1
omega_z                   : 2.8
LJsigma                   : 0.5
LJenEps                   : 5
LJalpha                   : 1
LJGaussian_loc_Ken_method : 0
rep_a_factor              : 0.05
rep_strength              : inf
maxStrength               : 1
pre-optimization params   : [ 1, 0.5, 5 ]
param-optimization mask   : [ false, true, false ]
-----------------------------------------
[ MONTE CARLO & OPTIMIZATION ENGINES ]
time Step                 : 0.15
Equilibr. Steps           : 10000
BFGS MC Steps             : 10000
BFGS_tol                  : 1e-05
Final MC Steps            : 2^23 (8388608)
-----------------------------------------
[ PARAMETER MESH ]
lower bounds              : [ 1, 0.1, 5 ]
upper bounds              : [ 1, 10, 5 ]
number of points          : [ 1, 10, 1 ]
Mesh MC Steps             : 2^17 (131072)
-----------------------------------------
[ NEURAL NETWORK ]
Nhid                      : 10
Activation Func           : tanh
Learning Rate             : 0.05
Pretrain Steps            : 200
Energy Steps              : 1100
Adiab Steps               : 100
Adam_ktol                 : 0.99
max_patience              : 80
min_improvement           : 0.02
helpDecay                 : 0.4
-----------------------------------------
[ OBSERVABLES & MISC ]
1bodyDens. Steps          : 100000
1bodyDens. rMax           : 3.5
1bodyDens. nBins          : 50
Seed                      : 0
=========================================

FinalMC energy: 1.888311624e+01 +- 1.424944262e-03
Acceptance ratio: 9.048544168e-01
FinalMC done (in 38.9759091 s).

Blocking_0 energy: 1.882162005e+01 +- 1.312864411e-01
Blocking_1 energy: 1.878206469e+01 +- 1.535033922e-01
Blocking_2 energy: 1.901319150e+01 +- 3.209751235e-02
Blocking_3 energy: 1.891558873e+01 +- 6.309015809e-02
Final blocking energy: 1.888311624e+01 +- 5.350819994e-02
Blocking analysis done (in 0.129955496 s).

Mesh plot done (in 6.87909783 s).

=========================================
