=========================================
               VMC RUN LOG               
=========================================
Date and time             : 2026-08-18 16:03:17
-----------------------------------------
[ SYSTEM & MODELS ]
Hamiltonian               : LennardJonesHO
WF Train Type             : EllipticGaussian
WaveFunction              : LJGaussian
Solver                    : SwappingMH
useUmrigarDrift           : true
preferAnalytic            : true
numberOfThreads           : 16
-----------------------------------------
[ PHYSICAL PARAMETERS ]
dimensions (D)            : 3
particles (N)             : 2
kinetic_factor            : 0.1
min_dist                  : 0.1
max_radius                : 10
omega                     : 0.111803
omega_z                   : 0.027951
LJsigma                   : 1
LJenEps                   : 1
LJalpha                   : 0.05
LJGaussian_loc_Ken_method : 0
rep_a_factor              : 0.0043
rep_strength              : inf
maxStrength               : 1
pre-optimization params   : [ 4.5, 0, 1.1 ]
param-optimization mask   : [ true, false, true ]
use_jsonParams            : true
json params               : [ 4.6, 0, 1.01 ]
-----------------------------------------
[ MONTE CARLO & OPTIMIZATION ENGINES ]
optimizer                 : NLOPT_NELDERMEAD
time Step                 : 0.1
Equilibr. Steps           : 500000
optimizationMCsteps       : 8000000
NLOPT_tol                 : 1e-05
Adam_lr                   : 0.01
Adam_nSteps               : 120
Adam_min_improvement      : 0.01
Adam_max_patience         : 20
varOpt_weight             : 0.05
Final MC Steps            : 2^27 (134217728)
-----------------------------------------
[ PARAMETER MESH ]
lower bounds              : [ 3, 0, 0.8 ]
upper bounds              : [ 5, 0, 1.5 ]
number of points          : [ 10, 1, 10 ]
Mesh MC Steps             : 2^23 (8388608)
-----------------------------------------
[ NEURAL NETWORK ]
Nhid                      : 10
Activation Func           : tanh
NN Learning Rate          : 0.05
Pretrain Steps            : 200
Energy Steps              : 1100
Adiab Steps               : 100
Adam_ktol                 : 0.99
max_patience              : 80
min_improvement           : 0.02
helpDecay                 : 0.4
-----------------------------------------
[ OBSERVABLES & MISC ]
1bodyDens. Steps          : 10000000
1bodyDens. rMax           : 5.5
1bodyDens. nBins          : 100
Seed                      : 0
=========================================
Called toggles            : [ false, true, false, false ]
=========================================

FinalMC energy: 1.686737079e-01 +- 1.907434156e-05
Acceptance ratio: 9.071932063e-01
FinalMC done (in 15.8845707 s).

Blocking_0 energy: 1.687053154e-01 +- 8.749547914e-05
Blocking_1 energy: 1.687940051e-01 +- 8.767641899e-05
Blocking_2 energy: 1.685497579e-01 +- 9.229501349e-05
Blocking_3 energy: 1.684438112e-01 +- 9.843678158e-05
Blocking_4 energy: 1.685647481e-01 +- 1.020517693e-04
Blocking_5 energy: 1.686705215e-01 +- 9.876004206e-05
Blocking_6 energy: 1.686330216e-01 +- 8.965553698e-05
Blocking_7 energy: 1.687522993e-01 +- 9.989735984e-05
Blocking_8 energy: 1.687134213e-01 +- 8.727763476e-05
Blocking_9 energy: 1.686207952e-01 +- 9.123456906e-05
Blocking_10 energy: 1.687546641e-01 +- 8.669000670e-05
Blocking_11 energy: 1.685480987e-01 +- 9.772200299e-05
Blocking_12 energy: 1.687745887e-01 +- 8.654272161e-05
Blocking_13 energy: 1.688193169e-01 +- 8.238756492e-05
Blocking_14 energy: 1.687312279e-01 +- 8.731521556e-05
Blocking_15 energy: 1.687037332e-01 +- 8.232679411e-05
Final blocking energy: 1.686737079e-01 +- 2.282930638e-05
Blocking analysis done (in 1.06098163 s).

=========================================
