=========================================
               VMC RUN LOG               
=========================================
Date and time             : 2026-08-20 14:25:18
-----------------------------------------
[ SYSTEM & MODELS ]
Hamiltonian               : LennardJonesHO
WF Train Type             : EllipticGaussian
WaveFunction              : LJGaussian
Solver                    : SwappingMH
useUmrigarDrift           : true
preferAnalytic            : true
numberOfThreads           : 4
-----------------------------------------
[ PHYSICAL PARAMETERS ]
dimensions (D)            : 3
particles (N)             : 8
kinetic_factor            : 0.1
min_dist                  : 0.1
max_radius                : 10
omega                     : 0.027951
omega_z                   : 0.111803
LJsigma                   : 1
LJenEps                   : 1
LJalpha                   : 1
LJGaussian_loc_Ken_method : 0
rep_a_factor              : 0.0043
rep_strength              : inf
maxStrength               : 1
pre-optimization params   : [ 16, 1, 1 ]
param-optimization mask   : [ true, true, true ]
use_jsonParams            : true
json params               : [ 8, 1.16283293, 1.16611027 ]
-----------------------------------------
[ MONTE CARLO & OPTIMIZATION ENGINES ]
optimizer                 : NLOPT_NELDERMEAD
time Step                 : 0.1
Equilibr. Steps           : 500000
optimizationMCsteps       : 8000000
NLOPT_tol                 : 1e-05
Adam_lr                   : 0.04
Adam_nSteps               : 200
Adam_min_improvement      : 0.01
Adam_max_patience         : 20
varOpt_weight             : 0.05
Final MC Steps            : 2^27 (134217728)
-----------------------------------------
[ PARAMETER MESH ]
lower bounds              : [ 1, 1, 1.3 ]
upper bounds              : [ 17, 1, 1.3 ]
number of points          : [ 16, 3, 3 ]
Mesh MC Steps             : 2^23 (8388608)
-----------------------------------------
[ NEURAL NETWORK ]
Nhid                      : 10
Activation Func           : tanh
NN Learning Rate          : 0.05
Pretrain Steps            : 200
Energy Steps              : 1100
Adiab Steps               : 100
Adam_ktol                 : 0.99
max_patience              : 80
min_improvement           : 0.02
helpDecay                 : 0.4
-----------------------------------------
[ OBSERVABLES & MISC ]
1bodyDens. Steps          : 10000000
1bodyDens. rMax           : 5.5
1bodyDens. nBins          : 100
Seed                      : 0
=========================================
Called toggles            : [ true, true, true, true ]
=========================================

Initial parameters: 16, 	1, 	1, 	
Optimal parameters: 2.77005518, 	1.12957833, 	1.12675067, 	
VMC Optimization done (in 8301.86464 s).

FinalMC energy: -1.282160114e-01 +- 2.362132714e-05
Acceptance ratio: 9.080031738e-01
FinalMC done (in 428.352165 s).

Blocking_0 energy: -1.283014502e-01 +- 2.030133229e-04
Blocking_1 energy: -1.283624990e-01 +- 2.046065397e-04
Blocking_2 energy: -1.279580610e-01 +- 2.060514420e-04
Blocking_3 energy: -1.282420356e-01 +- 2.018592272e-04
Final blocking energy: -1.282160114e-01 +- 1.019444057e-04
Blocking analysis done (in 4.49760188 s).

One-body density done (in 22.4251282 s).

Mesh plot done (in 3415.51293 s).

=========================================
