=========================================
               VMC RUN LOG               
=========================================
Date and time             : 2026-08-18 02:01:49
-----------------------------------------
[ SYSTEM & MODELS ]
Hamiltonian               : LennardJonesHO
WF Train Type             : EllipticGaussian
WaveFunction              : LJGaussian
Solver                    : SwappingMH
useUmrigarDrift           : true
preferAnalytic            : true
numberOfThreads           : 16
-----------------------------------------
[ PHYSICAL PARAMETERS ]
dimensions (D)            : 3
particles (N)             : 2
kinetic_factor            : 0.1
min_dist                  : 0.1
max_radius                : 10
omega                     : 0.111803
omega_z                   : 0.027951
LJsigma                   : 1
LJenEps                   : 1
LJalpha                   : 1
LJGaussian_loc_Ken_method : 0
rep_a_factor              : 0.0043
rep_strength              : inf
maxStrength               : 1
pre-optimization params   : [ 3.5, 0, 1.1 ]
param-optimization mask   : [ true, false, true ]
use_jsonParams            : true
json params               : [ 3.47841797, 0, 1.12333984 ]
-----------------------------------------
[ MONTE CARLO & OPTIMIZATION ENGINES ]
optimizer                 : NLOPT_NELDERMEAD
time Step                 : 0.1
Equilibr. Steps           : 500000
optimizationMCsteps       : 8000000
NLOPT_tol                 : 1e-05
Adam_lr                   : 0.01
Adam_nSteps               : 120
Adam_min_improvement      : 0.01
Adam_max_patience         : 20
varOpt_weight             : 0.05
Final MC Steps            : 2^27 (134217728)
-----------------------------------------
[ PARAMETER MESH ]
lower bounds              : [ 1, 0, 0.8 ]
upper bounds              : [ 5, 0, 1.5 ]
number of points          : [ 20, 1, 10 ]
Mesh MC Steps             : 2^23 (8388608)
-----------------------------------------
[ NEURAL NETWORK ]
Nhid                      : 10
Activation Func           : tanh
NN Learning Rate          : 0.05
Pretrain Steps            : 200
Energy Steps              : 1100
Adiab Steps               : 100
Adam_ktol                 : 0.99
max_patience              : 80
min_improvement           : 0.02
helpDecay                 : 0.4
-----------------------------------------
[ OBSERVABLES & MISC ]
1bodyDens. Steps          : 10000000
1bodyDens. rMax           : 5.5
1bodyDens. nBins          : 100
Seed                      : 0
=========================================
Called toggles            : [ true, true, true, true ]
=========================================

Initial parameters: 3.5, 	0, 	1.1, 	
Optimal parameters: 3.46763916, 	0, 	1.1213623, 	
VMC Optimization done (in 6127.17005 s).

FinalMC energy: 1.323264869e-01 +- 4.055038804e-06
Acceptance ratio: 9.065684602e-01
FinalMC done (in 26.8722151 s).

Blocking_0 energy: 1.323403638e-01 +- 2.722004746e-05
Blocking_1 energy: 1.323502125e-01 +- 2.699992700e-05
Blocking_2 energy: 1.323039748e-01 +- 2.799750845e-05
Blocking_3 energy: 1.323481345e-01 +- 2.860103147e-05
Blocking_4 energy: 1.323315373e-01 +- 2.737002024e-05
Blocking_5 energy: 1.323329131e-01 +- 2.749105294e-05
Blocking_6 energy: 1.323493539e-01 +- 2.813786780e-05
Blocking_7 energy: 1.323176195e-01 +- 2.823529812e-05
Blocking_8 energy: 1.323344439e-01 +- 2.717979979e-05
Blocking_9 energy: 1.323317059e-01 +- 2.695540677e-05
Blocking_10 energy: 1.323090978e-01 +- 2.699179836e-05
Blocking_11 energy: 1.323230800e-01 +- 2.765005435e-05
Blocking_12 energy: 1.323073475e-01 +- 2.765795955e-05
Blocking_13 energy: 1.323378720e-01 +- 2.833602467e-05
Blocking_14 energy: 1.323030285e-01 +- 2.791564887e-05
Blocking_15 energy: 1.323031060e-01 +- 2.673179255e-05
Final blocking energy: 1.323264869e-01 +- 6.899342572e-06
Blocking analysis done (in 1.08256447 s).

One-body density done (in 3.69021726 s).

Mesh plot done (in 489.696852 s).

=========================================
