=========================================
               VMC RUN LOG               
=========================================
Date and time             : 2026-08-26 14:44:16
-----------------------------------------
[ SYSTEM & MODELS ]
Hamiltonian               : LennardJonesHO
WF Train Type             : LJGaussian
WaveFunction              : NN_envelope
Solver                    : SwappingMH
useUmrigarDrift           : true
preferAnalytic            : true
numberOfThreads           : 16
-----------------------------------------
[ PHYSICAL PARAMETERS ]
dimensions (D)            : 3
particles (N)             : 2
kinetic_factor            : 0.1
min_dist                  : 0.1
max_radius                : 10
omega                     : 0.027951
omega_z                   : 0.027951
LJsigma                   : 1
LJenEps                   : 1
LJalpha                   : 0.4
LJGaussian_loc_Ken_method : 0
rep_a_factor              : 0.0043
rep_strength              : inf
maxStrength               : 1
pre-optimization params   : [ 16, 0, 0 ]
param-optimization mask   : [ true, true, true ]
use_jsonParams            : true
json params               : [ 4, 0, 0 ]
-----------------------------------------
[ MONTE CARLO & OPTIMIZATION ENGINES ]
optimizer                 : NLOPT_NELDERMEAD
time Step                 : 0.1
Equilibr. Steps           : 500
optimizationMCsteps       : 3000
Final MC Steps            : 2^20 (1048576)
NLOPT_tol                 : 1e-05
Adam_lr                   : 0.03
Adam_nSteps               : 200
Adam_min_improvement      : 0.0001
Adam_max_patience         : 30
NelderMead first guess    : + [ 0.5, 0.05, 0.05 ]
varOpt_weight             : 0.05
LJ_request_Ekin           : false
-----------------------------------------
[ PARAMETER MESH ]
lower bounds              : [ 10, 1, 1 ]
upper bounds              : [ 14, 1.2, 1.2 ]
number of points          : [ 8, 5, 5 ]
Mesh MC Steps             : 2^23 (8388608)
-----------------------------------------
[ NEURAL NETWORK ]
Nhid                      : 18
Activation Func           : tanh
NN Learning Rate          : 0.1
Pretrain Steps            : 500
Energy Steps              : 1500
Adiab Steps               : 500
Adam_ktol                 : 0.999
max_patience              : 50
min_improvement           : 0.02
helpDecay                 : 0.03
-----------------------------------------
[ OBSERVABLES & MISC ]
Normalize by nParticles   : true
1bodyDens. Steps          : 1000000
1bodyDens. rMax           : 9
1bodyDens. nBins          : 150
Seed                      : 0
=========================================
Called toggles            : [ true, true, true, false ]
=========================================

Initial parameters for psi_train: 16, 	0, 	0, 	
Optimal parameters: -0.0255202849, 	-1.23181744, 	-1.03796843, 	1.23614332, 	0.797405692, 	0.143340529, 	1.37354189, 	2.051033, 	-0.559411666, 	0.846102968, 	-0.142932377, 	-1.52976353, 	-1.95506469, 	2.68126041, 	0.380460893, 	0.139771289, 	0.844662188, 	0.526210337, 	1.22740777, 	0.103907253, 	-0.216300686, 	-0.447371934, 	0.0486364324, 	0.0521705942, 	-0.0841231455, 	-0.0621118348, 	1.2724597, 	0.127041844, 	0.108666983, 	-0.1189486, 	0.257155404, 	1.08802518, 	-0.537094351, 	-0.0891725969, 	0.128422164, 	-0.414660106, 	-0.0900023246, 	2.50172078, 	1.65034924, 	-2.89440599, 	-4.3916092, 	-0.801990832, 	-1.53019322, 	-4.05011029, 	-2.10736267, 	-1.08010352, 	-0.0259806289, 	2.71956314, 	1.93400059, 	-3.76556709, 	-3.86962165, 	-0.850780522, 	-1.61428642, 	-1.26270623, 	-2.87920538, 	1.25866429, 	1.38189086, 	-1.49829772, 	-1.62405851, 	-0.232033339, 	-0.443211904, 	-1.91243448, 	-1.08645382, 	-0.971624795, 	0.366515882, 	1.69505659, 	0.829728857, 	-1.42665424, 	-2.42751519, 	-1.5545385, 	-0.931188473, 	-0.463919314, 	-2.06426043, 	-0.00177023168, 	-0.525950502, 	-0.343493157, 	2.18124967, 	0.194438843, 	0.540559983, 	1.45549081, 	1.00243468, 	-0.108043575, 	0.163180549, 	0.326229442, 	-0.449654703, 	0.875591795, 	0.196254912, 	0.386545172, 	0.136957055, 	-0.374856477, 	0.32171832, 	-2.37283388, 	-1.29140939, 	2.11046706, 	2.93002391, 	0.59466129, 	1.44846457, 	3.08802869, 	1.43182477, 	1.2896988, 	-0.175265205, 	-2.41259553, 	-2.47388893, 	3.39136201, 	2.49835719, 	0.167808405, 	1.39283177, 	0.411295832, 	2.51750094, 	-1.4871372, 	0.527651625, 	-5.62494345, 	-4.00605788, 	1.73174294, 	-5.0102614, 	-4.72007006, 	-3.12597492, 	2.53187268, 	5.82918032, 	-0.30705073, 	2.48136676, 	-5.41368969, 	-2.22450163, 	-0.755506174, 	-4.76427204, 	3.75870953, 	-0.309153353, 	0.591423659, 	0.211188113, 	-1.1356221, 	-1.90403098, 	-0.920065094, 	-0.920213891, 	-0.936072893, 	-0.183209144, 	-0.368703161, 	0.32594773, 	1.50306253, 	0.553412136, 	-0.874327144, 	-1.26650949, 	-0.142426485, 	0.0911454801, 	-0.241361106, 	-1.09256666, 	
NN_VMC Optimization done (in 2548.53543 s).

FinalMC energy: 5.726486174e-02 +- 1.094181233e-04
Acceptance ratio: 9.996461868e-01
FinalMC done (in 191.393187 s).

Blocking_0 energy: 5.776831539e-02 +- 1.498751869e-03
Blocking_1 energy: 6.008782049e-02 +- 1.416913591e-03
Blocking_2 energy: 5.776831539e-02 +- 1.498751869e-03
Blocking_3 energy: 6.001225550e-02 +- 1.523831045e-03
Blocking_4 energy: 5.709722468e-02 +- 1.486274383e-03
Blocking_5 energy: 5.560623344e-02 +- 1.155707484e-03
Blocking_6 energy: 5.545064755e-02 +- 1.151226910e-03
Blocking_7 energy: 5.434857791e-02 +- 2.701226997e-03
Blocking_8 energy: 5.676737321e-02 +- 1.548309161e-03
Blocking_9 energy: 5.378674474e-02 +- 3.575965736e-03
Blocking_10 energy: 5.769644225e-02 +- 1.582469878e-03
Blocking_11 energy: 5.603601268e-02 +- 1.491048049e-03
Blocking_12 energy: 5.531193130e-02 +- 1.235191123e-03
Blocking_13 energy: 5.753809785e-02 +- 2.862683528e-03
Blocking_14 energy: 6.067005756e-02 +- 1.636831308e-03
Blocking_15 energy: 6.029173790e-02 +- 1.522957717e-03
Final blocking energy: 5.726486174e-02 +- 4.661190330e-04
Blocking analysis done (in 0.005139481 s).

Spatial distribution done (in 112.722933 s).

=========================================
