=========================================
               VMC RUN LOG               
=========================================
Date and time             : 2026-08-09 16:36:55
-----------------------------------------
[ SYSTEM & MODELS ]
Hamiltonian               : LennardJonesHO_noInteraction
WF Train Type             : EllipticGaussian
WaveFunction              : LJGaussian
Solver                    : MetropolisHastings
preferAnalytic            : true
-----------------------------------------
[ PHYSICAL PARAMETERS ]
dimensions (D)            : 3
particles (N)             : 2
min_dist                  : 1
max_radius                : 1e+06
omega                     : 0.111803
omega_z                   : 0.027951
LJsigma                   : 1
LJenEps                   : 1
LJalpha                   : 1
LJGaussian_loc_Ken_method : 0
rep_a_factor              : 0.05
rep_strength              : inf
maxStrength               : 1
pre-optimization params   : [ 2, 0, 5 ]
param-optimization mask   : [ true, false, false ]
-----------------------------------------
[ MONTE CARLO & OPTIMIZATION ENGINES ]
time Step                 : 0.15
Equilibr. Steps           : 10000
BFGS MC Steps             : 1000000
BFGS_tol                  : 1e-05
Final MC Steps            : 2^23 (8388608)
-----------------------------------------
[ PARAMETER MESH ]
lower bounds              : [ 3, 0, 5 ]
upper bounds              : [ 21, 0, 5 ]
number of points          : [ 18, 1, 1 ]
Mesh MC Steps             : 2^19 (524288)
-----------------------------------------
[ NEURAL NETWORK ]
Nhid                      : 10
Activation Func           : tanh
Learning Rate             : 0.05
Pretrain Steps            : 200
Energy Steps              : 1100
Adiab Steps               : 100
Adam_ktol                 : 0.99
max_patience              : 80
min_improvement           : 0.02
helpDecay                 : 0.4
-----------------------------------------
[ OBSERVABLES & MISC ]
1bodyDens. Steps          : 100000
1bodyDens. rMax           : 3.5
1bodyDens. nBins          : 50
Seed                      : 0
=========================================

Initial parameters: 2, 	0, 	5, 	
Optimal parameters: 3.99293112, 	0, 	5, 	
VMC Optimization done (in 10.5664552 s).

FinalMC energy: 1.500000014e-01 +- 5.291337221e-08
Acceptance ratio: 9.967464209e-01
FinalMC done (in 3.51550672 s).

Blocking_0 energy: 1.499998724e-01 +- 7.580469489e-07
Blocking_1 energy: 1.500003453e-01 +- 7.509814033e-07
Blocking_2 energy: 1.500004471e-01 +- 7.785150995e-07
Blocking_3 energy: 1.499993408e-01 +- 7.574555754e-07
Final blocking energy: 1.500000014e-01 +- 3.806600315e-07
Blocking analysis done (in 0.116799657 s).

One-body density done (in 0.066302403 s).

Mesh plot done (in 4.24735203 s).

=========================================
