=========================================
               VMC RUN LOG               
=========================================
Date and time             : 2026-09-04 21:59:49
-----------------------------------------
[ SYSTEM & MODELS ]
Hamiltonian               : LennardJonesHO
WF Train Type             : LJGaussian
WaveFunction              : LJGaussian
Solver                    : SwappingMH
enSamplerType             : Separate
useUmrigarDrift           : true
preferAnalytic            : true
numberOfThreads           : 4
-----------------------------------------
[ PHYSICAL PARAMETERS ]
dimensions (D)            : 3
particles (N)             : 8
kinetic_factor            : 0.1
min_dist                  : 0.1
max_radius                : 10
omega                     : 0.027951
omega_z                   : 0.027951
LJsigma                   : 1
LJenEps                   : 1
LJalpha                   : 0.4
LJGaussian_loc_Ken_method : 0
rep_a_factor              : 0.0043
rep_strength              : inf
maxStrength               : 1
pre-optimization params   : [ 4, 0, 1 ]
param-optimization mask   : [ true, false, true ]
use_jsonParams            : true
json params               : [ 11.424, 1.1106, 1.0706 ]
-----------------------------------------
[ MONTE CARLO & OPTIMIZATION ENGINES ]
optimizer                 : NLOPT_BFGS
log_grads                 : true
time Step                 : 0.1
Equilibr. Steps           : 500000
optimizationMCsteps       : 8000000
autoMCincr_wait           : 100
Final MC Steps            : 2^24 (16777216)
NLOPT_tol                 : 1e-05
Adam_lr                   : 0.03
Adam_nSteps               : 1000
Adam_min_improvement      : 0.0001
Adam_max_patience         : 300
NelderMead first guess    : + [ 0.5, 0.05, 0.05 ]
varOpt_weight             : 0.0005
LJ_request_Ekin           : false
log_blocking              : true
-----------------------------------------
[ PARAMETER MESH ]
lower bounds              : [ 2, 0, 0 ]
upper bounds              : [ 7, 0, 0 ]
number of points          : [ 5, 1, 1 ]
Mesh MC Steps             : 2^23 (8388608)
-----------------------------------------
[ NEURAL NETWORK ]
Nhid                      : 12
Activation Func           : tanh
NN Learning Rate          : 0.1
Pretrain Steps            : 1000
Energy Steps              : 4000
Adiab Steps               : 1500
Adam_ktol                 : 0.99
max_patience              : 50
min_improvement           : 0.02
helpDecay                 : 0.05
-----------------------------------------
[ OBSERVABLES & MISC ]
Normalize by nParticles   : true
calc_normalized_PCF       : true
PCF reference params      : [ 16, 0, 0 ]
1bodyDens. Steps          : 20000000
1bodyDens. rMax           : 9
1bodyDens. nBins          : 150
uncorrRefDraws            : 30000000
Seed                      : 0
=========================================
Called toggles            : [ false, true, false, false ]
=========================================

FinalMC energy: 1.145916468e-01 +- 4.443065781e-05
Acceptance ratio: 9.111667275e-01
Printing specials:
energies[0]:   1.1459164678929e-01
energies_var[0]:   3.3119622824636e-02
energies[1]:   2.3447469962276e-01
energies_var[1]:   4.4336159991486e-01
energies[2]:   5.6465341180507e-02
energies_var[2]:   2.3525946323168e-04
energies[3]:  -1.1616829709571e-01
energies_var[3]:   2.9226205005930e-01
energies[4]:  -6.0180096918270e-02
energies_var[4]:   1.4477720172276e-01
FinalMC done (in 50.766726394 s).

Blocking_0 energy: 1.148452270e-01 +- 2.300315273e-04
Blocking_1 energy: 1.145267959e-01 +- 2.391069953e-04
Blocking_2 energy: 1.144086586e-01 +- 2.431305547e-04
Blocking_3 energy: 1.145859057e-01 +- 2.458774856e-04
Final blocking energy: 1.145916468e-01 +- 1.198057968e-04
Blocking analysis done (in 0.283355785 s).

=========================================
