=========================================
               VMC RUN LOG               
=========================================
Date and time             : 2026-08-20 18:09:22
-----------------------------------------
[ SYSTEM & MODELS ]
Hamiltonian               : LennardJonesHO
WF Train Type             : EllipticGaussian
WaveFunction              : LJGaussian
Solver                    : SwappingMH
useUmrigarDrift           : true
preferAnalytic            : true
numberOfThreads           : 16
-----------------------------------------
[ PHYSICAL PARAMETERS ]
dimensions (D)            : 3
particles (N)             : 4
kinetic_factor            : 0.1
min_dist                  : 0.1
max_radius                : 10
omega                     : 0.027951
omega_z                   : 0.111803
LJsigma                   : 1
LJenEps                   : 1
LJalpha                   : 1
LJGaussian_loc_Ken_method : 0
rep_a_factor              : 0.0043
rep_strength              : inf
maxStrength               : 1
pre-optimization params   : [ 16, 1.1, 1.1 ]
param-optimization mask   : [ true, true, true ]
use_jsonParams            : true
json params               : [ 8, 1.16283293, 1.16611027 ]
-----------------------------------------
[ MONTE CARLO & OPTIMIZATION ENGINES ]
optimizer                 : NLOPT_NELDERMEAD
time Step                 : 0.1
Equilibr. Steps           : 500000
optimizationMCsteps       : 8000000
NLOPT_tol                 : 1e-05
Adam_lr                   : 0.04
Adam_nSteps               : 200
Adam_min_improvement      : 0.01
Adam_max_patience         : 20
varOpt_weight             : 0.05
Final MC Steps            : 2^27 (134217728)
-----------------------------------------
[ PARAMETER MESH ]
lower bounds              : [ 1, 1, 1 ]
upper bounds              : [ 17, 1.3, 1.3 ]
number of points          : [ 32, 3, 3 ]
Mesh MC Steps             : 2^23 (8388608)
-----------------------------------------
[ NEURAL NETWORK ]
Nhid                      : 10
Activation Func           : tanh
NN Learning Rate          : 0.05
Pretrain Steps            : 200
Energy Steps              : 1100
Adiab Steps               : 100
Adam_ktol                 : 0.99
max_patience              : 80
min_improvement           : 0.02
helpDecay                 : 0.4
-----------------------------------------
[ OBSERVABLES & MISC ]
1bodyDens. Steps          : 10000000
1bodyDens. rMax           : 5.5
1bodyDens. nBins          : 100
Seed                      : 0
=========================================
Called toggles            : [ true, true, true, true ]
=========================================

Initial parameters: 16, 	1.1, 	1.1, 	
Optimal parameters: 7.4787178, 	1.11276204, 	1.11647641, 	
VMC Optimization done (in 11024.1787 s).

FinalMC energy: 4.600007307e-02 +- 8.363091722e-06
Acceptance ratio: 9.022713676e-01
FinalMC done (in 59.6702777 s).

Blocking_0 energy: 4.597798326e-02 +- 8.422465458e-05
Blocking_1 energy: 4.604872679e-02 +- 8.486148779e-05
Blocking_2 energy: 4.608599655e-02 +- 8.107959636e-05
Blocking_3 energy: 4.592835508e-02 +- 8.703472527e-05
Blocking_4 energy: 4.605571192e-02 +- 8.067915211e-05
Blocking_5 energy: 4.583250408e-02 +- 8.406112876e-05
Blocking_6 energy: 4.610984094e-02 +- 8.202918650e-05
Blocking_7 energy: 4.589022214e-02 +- 7.942587158e-05
Blocking_8 energy: 4.597954553e-02 +- 7.994537120e-05
Blocking_9 energy: 4.597648121e-02 +- 7.965026095e-05
Blocking_10 energy: 4.596180284e-02 +- 7.850997839e-05
Blocking_11 energy: 4.613014327e-02 +- 8.157025568e-05
Blocking_12 energy: 4.611823321e-02 +- 8.354442094e-05
Blocking_13 energy: 4.597191909e-02 +- 8.096899936e-05
Blocking_14 energy: 4.598916370e-02 +- 7.927098963e-05
Blocking_15 energy: 4.594453950e-02 +- 7.869643278e-05
Final blocking energy: 4.600007307e-02 +- 2.040818632e-05
Blocking analysis done (in 1.08722112 s).

One-body density done (in 5.98654349 s).

Mesh plot done (in 1371.26875 s).

=========================================
