=========================================
               VMC RUN LOG               
=========================================
Date and time             : 2026-09-04 01:24:16
-----------------------------------------
[ SYSTEM & MODELS ]
Hamiltonian               : LennardJonesHO
WF Train Type             : LJGaussian
WaveFunction              : LJGaussian
Solver                    : SwappingMH
enSamplerType             : Separate
useUmrigarDrift           : true
preferAnalytic            : true
numberOfThreads           : 4
-----------------------------------------
[ PHYSICAL PARAMETERS ]
dimensions (D)            : 3
particles (N)             : 12
kinetic_factor            : 0.1
min_dist                  : 0.1
max_radius                : 10
omega                     : 0.111803
omega_z                   : 0.027951
LJsigma                   : 1
LJenEps                   : 1
LJalpha                   : 1
LJGaussian_loc_Ken_method : 0
rep_a_factor              : 0.0043
rep_strength              : inf
maxStrength               : 1
pre-optimization params   : [ 4, 0, 1 ]
param-optimization mask   : [ true, false, true ]
use_jsonParams            : true
json params               : [ 2.032, 1.131, 1.1313 ]
-----------------------------------------
[ MONTE CARLO & OPTIMIZATION ENGINES ]
optimizer                 : NLOPT_BFGS
log_grads                 : true
time Step                 : 0.1
Equilibr. Steps           : 500000
optimizationMCsteps       : 8000000
autoMCincr_wait           : 100
Final MC Steps            : 2^27 (134217728)
NLOPT_tol                 : 1e-05
Adam_lr                   : 0.03
Adam_nSteps               : 1000
Adam_min_improvement      : 0.0001
Adam_max_patience         : 300
NelderMead first guess    : + [ 0.5, 0.05, 0.05 ]
varOpt_weight             : 0.0005
LJ_request_Ekin           : false
log_blocking              : true
-----------------------------------------
[ PARAMETER MESH ]
lower bounds              : [ 2, 0, 0 ]
upper bounds              : [ 7, 0, 0 ]
number of points          : [ 5, 1, 1 ]
Mesh MC Steps             : 2^23 (8388608)
-----------------------------------------
[ NEURAL NETWORK ]
Nhid                      : 12
Activation Func           : tanh
NN Learning Rate          : 0.1
Pretrain Steps            : 1000
Energy Steps              : 4000
Adiab Steps               : 1500
Adam_ktol                 : 0.99
max_patience              : 50
min_improvement           : 0.02
helpDecay                 : 0.05
-----------------------------------------
[ OBSERVABLES & MISC ]
Normalize by nParticles   : true
calc_normalized_PCF       : true
PCF reference params      : [ 16, 0, 0 ]
1bodyDens. Steps          : 15000000
1bodyDens. rMax           : 9
1bodyDens. nBins          : 150
Seed                      : 0
=========================================
Called toggles            : [ false, true, false, false ]
=========================================

FinalMC energy: -1.729753955e-01 +- 5.135893424e-05
Acceptance ratio: 9.065955132e-01
Printing specials:
energies[0]:  -1.7297539551217e-01
energies_var[0]:   3.5403148673876e-01
energies[1]:   3.3047070228346e+00
energies_var[1]:   1.0349731378371e+01
energies[2]:   3.6498037064782e-01
energies_var[2]:   3.0114894644438e-03
energies[3]:  -3.8426627889946e+00
energies_var[3]:   1.0900728425303e+01
FinalMC done (in 692.82111437 s).

Blocking_0 energy: -1.731198105e-01 +- 5.224273497e-04
Blocking_1 energy: -1.731801215e-01 +- 4.942225405e-04
Blocking_2 energy: -1.723902900e-01 +- 5.054724230e-04
Blocking_3 energy: -1.732113600e-01 +- 4.989455444e-04
Final blocking energy: -1.729753955e-01 +- 2.526899387e-04
Blocking analysis done (in 2.49420018 s).

=========================================
