=========================================
               VMC RUN LOG               
=========================================
Date and time             : 2026-08-06 15:26:30
-----------------------------------------
[ SYSTEM & MODELS ]
Hamiltonian               : LennardJonesHO
WF Train Type             : EllipticGaussian
WaveFunction              : LJGaussian
Solver                    : MetropolisHastings
preferAnalytic            : false
-----------------------------------------
[ PHYSICAL PARAMETERS ]
dimensions (D)            : 1
particles (N)             : 2
omega                     : 1
omega_z                   : 1
LJsigma                   : 1
LJenEps                   : 5
LJalpha                   : 1
LJGaussian_loc_Ken_method : 0
rep_a_factor              : 0.05
rep_strength              : inf
maxStrength               : 1
pre-optimization params   : [ 1, 	1, 	1 ]
param-optimization mask   : [ true, 	false, 	false ]
]
-----------------------------------------
[ MONTE CARLO & OPTIMIZATION ENGINES ]
time Step                 : 0.15
Equilibr. Steps           : 10000
BFGS MC Steps             : 1000000
BFGS_tol                  : 1e-05
Final MC Steps            : 2^23 (8388608)
-----------------------------------------
[ NEURAL NETWORK ]
Nhid                      : 10
Activation Func           : tanh
Learning Rate             : 0.05
Pretrain Steps            : 200
Energy Steps              : 1100
Adiab Steps               : 100
Adam_ktol                 : 0.99
max_patience              : 80
min_improvement           : 0.02
helpDecay                 : 0.4
-----------------------------------------
[ OBSERVABLES & MISC ]
1bodyDens. Steps          : 100000
1bodyDens. rMax           : 3.5
1bodyDens. nBins          : 50
Seed                      : 0
=========================================

Initial parameters: 1, 	1, 	1, 	
Optimal parameters: 100, 	1, 	1, 	
VMC Optimization done (in 2.85729835 s).

FinalMC energy: 8.506028456e+05 +- 6.872526288e+04
Acceptance ratio: 9.976644516e-01
FinalMC done (in 3.07120944 s).

Blocking_0 energy: 1.729419487e+05 +- 7.032223309e+04
Blocking_1 energy: 2.864932926e+06 +- 2.744062075e+06
Blocking_2 energy: 1.647343560e+05 +- 7.473244121e+04
Blocking_3 energy: 1.998021512e+05 +- 6.113529762e+04
Final blocking energy: 8.506028456e+05 +- 6.866651454e+05
Blocking analysis done (in 0.175801545 s).

One-body density done (in 0.070291418 s).

=========================================
