=========================================
               VMC RUN LOG               
=========================================
Date and time             : 2026-08-31 18:37:13
-----------------------------------------
[ SYSTEM & MODELS ]
Hamiltonian               : LennardJonesHO
WF Train Type             : LJGaussian
WaveFunction              : LJGaussian
Solver                    : SwappingMH
useUmrigarDrift           : true
preferAnalytic            : true
numberOfThreads           : 16
-----------------------------------------
[ PHYSICAL PARAMETERS ]
dimensions (D)            : 3
particles (N)             : 4
kinetic_factor            : 0.1
min_dist                  : 0.1
max_radius                : 10
omega                     : 0.111803
omega_z                   : 0.027951
LJsigma                   : 1
LJenEps                   : 1
LJalpha                   : 0.05
LJGaussian_loc_Ken_method : 0
rep_a_factor              : 0.0043
rep_strength              : inf
maxStrength               : 1
pre-optimization params   : [ 4.7, 1.12, 1 ]
param-optimization mask   : [ true, true, true ]
use_jsonParams            : true
json params               : [ 1.9532, 1.1334, 1.1337 ]
-----------------------------------------
[ MONTE CARLO & OPTIMIZATION ENGINES ]
optimizer                 : NLOPT_NELDERMEAD
log_grads                 : false
time Step                 : 0.1
Equilibr. Steps           : 500000
optimizationMCsteps       : 8000000
Final MC Steps            : 2^27 (134217728)
NLOPT_tol                 : 1e-05
Adam_lr                   : 0.03
Adam_nSteps               : 120
Adam_min_improvement      : 0.0001
Adam_max_patience         : 40
NelderMead first guess    : + [ 0.5, 0.05, 0.05 ]
varOpt_weight             : 0.05
LJ_request_Ekin           : false
log_blocking              : true
-----------------------------------------
[ PARAMETER MESH ]
lower bounds              : [ 4.3, 1.117, 0.95 ]
upper bounds              : [ 5.1, 1.117, 0.95 ]
number of points          : [ 10, 1, 1 ]
Mesh MC Steps             : 2^23 (8388608)
-----------------------------------------
[ NEURAL NETWORK ]
Nhid                      : 12
Activation Func           : tanh
NN Learning Rate          : 0.1
Pretrain Steps            : 1000
Energy Steps              : 4000
Adiab Steps               : 1500
Adam_ktol                 : 0.99
max_patience              : 50
min_improvement           : 0.02
helpDecay                 : 0.05
-----------------------------------------
[ OBSERVABLES & MISC ]
Normalize by nParticles   : true
calc_normalized_PCF       : true
PCF reference params      : [ 4, 0, 0 ]
1bodyDens. Steps          : 15000000
1bodyDens. rMax           : 9
1bodyDens. nBins          : 150
Seed                      : 0
=========================================
Called toggles            : [ true, true, true, false ]
=========================================

Initial parameters: 4.7, 	1.12, 	1, 	
Optimal parameters: 4.88546048, 	1.12376544, 	0.93447913, 	
VMC Optimization done (in 596.71577 s).

FinalMC energy: 3.438169797e-01 +- 2.766380318e-05
Acceptance ratio: 9.056359604e-01
FinalMC done (in 55.5983718 s).

Blocking_0 energy: 3.436313955e-01 +- 2.342539001e-04
Blocking_1 energy: 3.441470850e-01 +- 2.074223695e-04
Blocking_2 energy: 3.435923842e-01 +- 2.498299006e-04
Blocking_3 energy: 3.440533464e-01 +- 2.095057981e-04
Blocking_4 energy: 3.440620330e-01 +- 2.043377440e-04
Blocking_5 energy: 3.437829934e-01 +- 2.199687030e-04
Blocking_6 energy: 3.439413163e-01 +- 2.219345556e-04
Blocking_7 energy: 3.436221684e-01 +- 2.168062949e-04
Blocking_8 energy: 3.437712008e-01 +- 2.106541678e-04
Blocking_9 energy: 3.433851191e-01 +- 2.458770966e-04
Blocking_10 energy: 3.436641237e-01 +- 2.206418171e-04
Blocking_11 energy: 3.436533526e-01 +- 2.411167518e-04
Blocking_12 energy: 3.439899326e-01 +- 2.167042657e-04
Blocking_13 energy: 3.436550868e-01 +- 2.296723252e-04
Blocking_14 energy: 3.440044314e-01 +- 2.239372360e-04
Blocking_15 energy: 3.441157050e-01 +- 2.113784338e-04
Final blocking energy: 3.438169797e-01 +- 5.578965505e-05
Blocking analysis done (in 1.24193132 s).

Spatial distribution done (in 17.5567152 s).

=========================================
