=========================================
               VMC RUN LOG               
=========================================
Date and time             : 2026-08-09 14:30:23
-----------------------------------------
[ SYSTEM & MODELS ]
Hamiltonian               : LennardJonesHO_noInteraction
WF Train Type             : EllipticGaussian
WaveFunction              : LJGaussian
Solver                    : MetropolisHastings
preferAnalytic            : true
-----------------------------------------
[ PHYSICAL PARAMETERS ]
dimensions (D)            : 3
particles (N)             : 2
min_dist                  : 1
max_radius                : 10000
omega                     : 1
omega_z                   : 2.8
LJsigma                   : 0.5
LJenEps                   : 5
LJalpha                   : 1
LJGaussian_loc_Ken_method : 0
rep_a_factor              : 0.05
rep_strength              : inf
maxStrength               : 1
pre-optimization params   : [ 1, 0, 5 ]
param-optimization mask   : [ true, false, false ]
-----------------------------------------
[ MONTE CARLO & OPTIMIZATION ENGINES ]
time Step                 : 0.15
Equilibr. Steps           : 10000
BFGS MC Steps             : 10000
BFGS_tol                  : 1e-05
Final MC Steps            : 2^23 (8388608)
-----------------------------------------
[ PARAMETER MESH ]
lower bounds              : [ 0.8, 0, 5 ]
upper bounds              : [ 1.3, 0, 5 ]
number of points          : [ 5, 1, 1 ]
Mesh MC Steps             : 2^17 (131072)
-----------------------------------------
[ NEURAL NETWORK ]
Nhid                      : 10
Activation Func           : tanh
Learning Rate             : 0.05
Pretrain Steps            : 200
Energy Steps              : 1100
Adiab Steps               : 100
Adam_ktol                 : 0.99
max_patience              : 80
min_improvement           : 0.02
helpDecay                 : 0.4
-----------------------------------------
[ OBSERVABLES & MISC ]
1bodyDens. Steps          : 100000
1bodyDens. rMax           : 3.5
1bodyDens. nBins          : 50
Seed                      : 0
=========================================

FinalMC energy: 1.874815408e+00 +- 2.242159209e-04
Acceptance ratio: 9.738450050e-01
FinalMC done (in 3.56544938 s).

Blocking_0 energy: 1.875148108e+00 +- 1.635165015e-03
Blocking_1 energy: 1.876071178e+00 +- 1.604616372e-03
Blocking_2 energy: 1.872838832e+00 +- 1.587837355e-03
Blocking_3 energy: 1.875203513e+00 +- 1.598550529e-03
Final blocking energy: 1.874815408e+00 +- 8.033192697e-04
Blocking analysis done (in 0.119678201 s).

=========================================
