=========================================
               VMC RUN LOG               
=========================================
Date and time             : 2026-09-04 22:04:26
-----------------------------------------
[ SYSTEM & MODELS ]
Hamiltonian               : LennardJonesHO
WF Train Type             : LJGaussian
WaveFunction              : LJGaussian
Solver                    : SwappingMH
enSamplerType             : Separate
useUmrigarDrift           : true
preferAnalytic            : true
numberOfThreads           : 4
-----------------------------------------
[ PHYSICAL PARAMETERS ]
dimensions (D)            : 3
particles (N)             : 6
kinetic_factor            : 0.1
min_dist                  : 0.1
max_radius                : 10
omega                     : 0.027951
omega_z                   : 0.027951
LJsigma                   : 1
LJenEps                   : 1
LJalpha                   : 0.05
LJGaussian_loc_Ken_method : 0
rep_a_factor              : 0.0043
rep_strength              : inf
maxStrength               : 1
pre-optimization params   : [ 4, 0, 1 ]
param-optimization mask   : [ true, false, true ]
use_jsonParams            : true
json params               : [ 16.417, 1.1083, 0.9875 ]
-----------------------------------------
[ MONTE CARLO & OPTIMIZATION ENGINES ]
optimizer                 : NLOPT_BFGS
log_grads                 : true
time Step                 : 0.1
Equilibr. Steps           : 500000
optimizationMCsteps       : 8000000
autoMCincr_wait           : 100
Final MC Steps            : 2^24 (16777216)
NLOPT_tol                 : 1e-05
Adam_lr                   : 0.03
Adam_nSteps               : 1000
Adam_min_improvement      : 0.0001
Adam_max_patience         : 300
NelderMead first guess    : + [ 0.5, 0.05, 0.05 ]
varOpt_weight             : 0.0005
LJ_request_Ekin           : false
log_blocking              : true
-----------------------------------------
[ PARAMETER MESH ]
lower bounds              : [ 2, 0, 0 ]
upper bounds              : [ 7, 0, 0 ]
number of points          : [ 5, 1, 1 ]
Mesh MC Steps             : 2^23 (8388608)
-----------------------------------------
[ NEURAL NETWORK ]
Nhid                      : 12
Activation Func           : tanh
NN Learning Rate          : 0.1
Pretrain Steps            : 1000
Energy Steps              : 4000
Adiab Steps               : 1500
Adam_ktol                 : 0.99
max_patience              : 50
min_improvement           : 0.02
helpDecay                 : 0.05
-----------------------------------------
[ OBSERVABLES & MISC ]
Normalize by nParticles   : true
calc_normalized_PCF       : true
PCF reference params      : [ 16, 0, 0 ]
1bodyDens. Steps          : 20000000
1bodyDens. rMax           : 9
1bodyDens. nBins          : 150
uncorrRefDraws            : 30000000
Seed                      : 0
=========================================
Called toggles            : [ false, true, false, false ]
=========================================

FinalMC energy: 1.156766178e-01 +- 6.573981997e-05
Acceptance ratio: 9.072676301e-01
Printing specials:
energies[0]:   1.1567661784329e-01
energies_var[0]:   7.2506495862858e-02
energies[1]:   9.4759268690483e-02
energies_var[1]:   1.6394973172862e-01
energies[2]:   5.8966861767611e-02
energies_var[2]:   3.6804542069878e-04
energies[3]:  -3.6382142551377e-02
energies_var[3]:   8.5231535197188e-02
energies[4]:  -1.6673700634319e-03
energies_var[4]:   6.2058365533106e-03
FinalMC done (in 29.32453314 s).

Blocking_0 energy: 1.155234121e-01 +- 4.065472616e-04
Blocking_1 energy: 1.151041761e-01 +- 3.818544701e-04
Blocking_2 energy: 1.158672831e-01 +- 2.297230480e-04
Blocking_3 energy: 1.162116001e-01 +- 2.302510966e-04
Final blocking energy: 1.156766178e-01 +- 1.614159531e-04
Blocking analysis done (in 0.345756593 s).

=========================================
