=========================================
               VMC RUN LOG               
=========================================
Date and time             : 2026-08-18 17:13:40
-----------------------------------------
[ SYSTEM & MODELS ]
Hamiltonian               : LennardJonesHO_noInteraction
WF Train Type             : EllipticGaussian
WaveFunction              : LJGaussian
Solver                    : SwappingMH
useUmrigarDrift           : true
preferAnalytic            : true
numberOfThreads           : 16
-----------------------------------------
[ PHYSICAL PARAMETERS ]
dimensions (D)            : 3
particles (N)             : 2
kinetic_factor            : 0.1
min_dist                  : 0.1
max_radius                : 10
omega                     : 0.111803
omega_z                   : 0.027951
LJsigma                   : 1
LJenEps                   : 1
LJalpha                   : 0.05
LJGaussian_loc_Ken_method : 0
rep_a_factor              : 0.0043
rep_strength              : inf
maxStrength               : 1
pre-optimization params   : [ 4, 0, 0 ]
param-optimization mask   : [ true, false, false ]
use_jsonParams            : true
json params               : [ 4.6, 0, 1.01 ]
-----------------------------------------
[ MONTE CARLO & OPTIMIZATION ENGINES ]
optimizer                 : NLOPT_NELDERMEAD
time Step                 : 0.1
Equilibr. Steps           : 500000
optimizationMCsteps       : 8000000
NLOPT_tol                 : 1e-05
Adam_lr                   : 0.01
Adam_nSteps               : 120
Adam_min_improvement      : 0.01
Adam_max_patience         : 20
varOpt_weight             : 0.05
Final MC Steps            : 2^27 (134217728)
-----------------------------------------
[ PARAMETER MESH ]
lower bounds              : [ 2, 0, 0 ]
upper bounds              : [ 6, 0, 1 ]
number of points          : [ 10, 1, 1 ]
Mesh MC Steps             : 2^23 (8388608)
-----------------------------------------
[ NEURAL NETWORK ]
Nhid                      : 10
Activation Func           : tanh
NN Learning Rate          : 0.05
Pretrain Steps            : 200
Energy Steps              : 1100
Adiab Steps               : 100
Adam_ktol                 : 0.99
max_patience              : 80
min_improvement           : 0.02
helpDecay                 : 0.4
-----------------------------------------
[ OBSERVABLES & MISC ]
1bodyDens. Steps          : 10000000
1bodyDens. rMax           : 5.5
1bodyDens. nBins          : 100
Seed                      : 0
=========================================
Called toggles            : [ true, true, true, true ]
=========================================

Initial parameters: 4, 	0, 	0, 	
Optimal parameters: 3.99765625, 	0, 	0, 	
VMC Optimization done (in 76.3179583 s).

FinalMC energy: 1.499994801e-01 +- 4.401901164e-09
Acceptance ratio: 9.029998928e-01
FinalMC done (in 33.1192306 s).

Blocking_0 energy: 1.499993755e-01 +- 6.201447514e-08
Blocking_1 energy: 1.499995395e-01 +- 6.034960621e-08
Blocking_2 energy: 1.499995298e-01 +- 6.211752788e-08
Blocking_3 energy: 1.499995077e-01 +- 6.331012826e-08
Blocking_4 energy: 1.499994528e-01 +- 6.009620509e-08
Blocking_5 energy: 1.499995122e-01 +- 6.161848608e-08
Blocking_6 energy: 1.499995632e-01 +- 6.166519209e-08
Blocking_7 energy: 1.499994169e-01 +- 6.111922945e-08
Blocking_8 energy: 1.499994180e-01 +- 5.897636618e-08
Blocking_9 energy: 1.499995250e-01 +- 6.337657276e-08
Blocking_10 energy: 1.499993804e-01 +- 6.362369607e-08
Blocking_11 energy: 1.499993864e-01 +- 6.254713798e-08
Blocking_12 energy: 1.499996366e-01 +- 6.134804778e-08
Blocking_13 energy: 1.499995123e-01 +- 6.204013858e-08
Blocking_14 energy: 1.499994512e-01 +- 6.073988482e-08
Blocking_15 energy: 1.499994735e-01 +- 6.146642878e-08
Final blocking energy: 1.499994801e-01 +- 1.541561147e-08
Blocking analysis done (in 1.05237729 s).

One-body density done (in 3.67320025 s).

Mesh plot done (in 28.5090495 s).

=========================================
