=========================================
               VMC RUN LOG               
=========================================
Date and time    : 2026-08-05 19:59:21
-----------------------------------------
[ SYSTEM & MODELS ]
Hamiltonian      : RepulsiveHO
WF Train Type    : EllipticGaussian
WaveFunction     : RepEllipticGaussian
Solver           : MetropolisHastings
preferAnalytic   : true
-----------------------------------------
[ PHYSICAL PARAMETERS ]
dimensions (D)   : 3
particles (N)    : 10
omega            : 1
omega_z          : 2.824
rep_a_factor     : 0.05
rep_strength     : inf
maxStrength      : 1
-----------------------------------------
[ MONTE CARLO & OPTIMIZATION ]
time Step        : 0.15
Equilibr. Steps  : 10000
BFGS MC Steps    : 100000
BFGS_tol         : 1e-05
Final MC Steps   : 2^20 (1.04858e+06)
-----------------------------------------
[ NEURAL NETWORK ]
Nhid             : 10
Activation Func  : tanh
Learning Rate    : 0.05
Pretrain Steps   : 200
Energy Steps     : 1100
Adiab Steps      : 100
Adam_ktol        : 0.99
max_patience     : 80
min_improvement  : 0.02
helpDecay        : 0.4
-----------------------------------------
[ OBSERVABLES & MISC ]
1bodyDens. Steps : 100000
1bodyDens. rMax  : 3.5
1bodyDens. nBins : 50
Seed             : 0
=========================================

Initial parameters: 0.5, 	2.82, 	
Optimal parameters: 0.478676365, 	2.82034198, 	
VMC Optimization done (in 31.1689887 s).

FinalMC energy: 2.680632423e+01 +- 4.887170457e-04
Acceptance ratio: 9.119052887e-01
FinalMC done (in 15.8092125 s).

Blocking_0 energy: 2.681462736e+01 +- 1.226061077e-02
Blocking_1 energy: 2.680741345e+01 +- 5.413109784e-03
Blocking_2 energy: 2.679690744e+01 +- 5.440757852e-03
Blocking_3 energy: 2.680634865e+01 +- 5.587836440e-03
Final blocking energy: 2.680632423e+01 +- 3.876613342e-03
Blocking analysis done (in 0.014468796 s).

One-body density done (in 1.07432161 s).

=========================================
