=========================================
               VMC RUN LOG               
=========================================
Date and time             : 2026-08-14 18:22:06
-----------------------------------------
[ SYSTEM & MODELS ]
Hamiltonian               : LennardJonesHO
WF Train Type             : EllipticGaussian
WaveFunction              : LJGaussian
Solver                    : SwappingMH
useUmrigarDrift           : false
preferAnalytic            : true
numberOfThreads           : 4
-----------------------------------------
[ PHYSICAL PARAMETERS ]
dimensions (D)            : 3
particles (N)             : 2
kinetic_factor            : 0.1
min_dist                  : 0.1
max_radius                : 10
omega                     : 0.111803
omega_z                   : 0.027951
LJsigma                   : 1
LJenEps                   : 1
LJalpha                   : 1
LJGaussian_loc_Ken_method : 0
rep_a_factor              : 0.0043
rep_strength              : inf
maxStrength               : 1
pre-optimization params   : [ 4, 0, 1 ]
param-optimization mask   : [ true, false, true ]
use_jsonParams            : true
json params               : [ 3, 0, 0 ]
-----------------------------------------
[ MONTE CARLO & OPTIMIZATION ENGINES ]
optimizer                 : NLOPT_BFGS
time Step                 : 0.1
Equilibr. Steps           : 500000
optimizationMCsteps       : 9000000
NLOPT_tol                 : 1e-06
Adam_lr                   : 0.08
Adam_nSteps               : 100
Adam_min_improvement      : 0.01
Adam_max_patience         : 40
varOpt_weight             : 0.05
Final MC Steps            : 2^26 (67108864)
-----------------------------------------
[ PARAMETER MESH ]
lower bounds              : [ 3, 0, 0.5 ]
upper bounds              : [ 5, 0, 1.5 ]
number of points          : [ 10, 1, 10 ]
Mesh MC Steps             : 2^22 (4194304)
-----------------------------------------
[ NEURAL NETWORK ]
Nhid                      : 10
Activation Func           : tanh
NN Learning Rate          : 0.05
Pretrain Steps            : 200
Energy Steps              : 1100
Adiab Steps               : 100
Adam_ktol                 : 0.99
max_patience              : 80
min_improvement           : 0.02
helpDecay                 : 0.4
-----------------------------------------
[ OBSERVABLES & MISC ]
1bodyDens. Steps          : 10000000
1bodyDens. rMax           : 5.5
1bodyDens. nBins          : 100
Seed                      : 0
=========================================
Called toggles            : [ true, true, true, true ]
=========================================

Initial parameters: 4, 	0, 	1, 	
Optimal parameters: 3.98511987, 	0, 	1.08842909, 	
VMC Optimization done (in 79.213753 s).

FinalMC energy: 1.327366098e-01 +- 1.119742612e-05
Acceptance ratio: 9.069902152e-01
FinalMC done (in 24.5878494 s).

Blocking_0 energy: 1.317435292e-01 +- 1.899818683e-04
Blocking_1 energy: 1.321527846e-01 +- 3.074891666e-04
Blocking_2 energy: 1.354209838e-01 +- 2.995018999e-03
Blocking_3 energy: 1.316291417e-01 +- 9.703539682e-05
Final blocking energy: 1.327366098e-01 +- 7.545775875e-04
Blocking analysis done (in 1.04729435 s).

One-body density done (in 5.82515977 s).

Mesh plot done (in 197.288037 s).

=========================================
