=========================================
               VMC RUN LOG               
=========================================
Date and time             : 2026-09-04 21:58:33
-----------------------------------------
[ SYSTEM & MODELS ]
Hamiltonian               : LennardJonesHO
WF Train Type             : LJGaussian
WaveFunction              : LJGaussian
Solver                    : SwappingMH
enSamplerType             : Separate
useUmrigarDrift           : true
preferAnalytic            : true
numberOfThreads           : 4
-----------------------------------------
[ PHYSICAL PARAMETERS ]
dimensions (D)            : 3
particles (N)             : 4
kinetic_factor            : 0.1
min_dist                  : 0.1
max_radius                : 10
omega                     : 0.027951
omega_z                   : 0.027951
LJsigma                   : 1
LJenEps                   : 1
LJalpha                   : 0.4
LJGaussian_loc_Ken_method : 0
rep_a_factor              : 0.0043
rep_strength              : inf
maxStrength               : 1
pre-optimization params   : [ 4, 0, 1 ]
param-optimization mask   : [ true, false, true ]
use_jsonParams            : true
json params               : [ 15.36, 1.1156, 1.0697 ]
-----------------------------------------
[ MONTE CARLO & OPTIMIZATION ENGINES ]
optimizer                 : NLOPT_BFGS
log_grads                 : true
time Step                 : 0.1
Equilibr. Steps           : 500000
optimizationMCsteps       : 8000000
autoMCincr_wait           : 100
Final MC Steps            : 2^24 (16777216)
NLOPT_tol                 : 1e-05
Adam_lr                   : 0.03
Adam_nSteps               : 1000
Adam_min_improvement      : 0.0001
Adam_max_patience         : 300
NelderMead first guess    : + [ 0.5, 0.05, 0.05 ]
varOpt_weight             : 0.0005
LJ_request_Ekin           : false
log_blocking              : true
-----------------------------------------
[ PARAMETER MESH ]
lower bounds              : [ 2, 0, 0 ]
upper bounds              : [ 7, 0, 0 ]
number of points          : [ 5, 1, 1 ]
Mesh MC Steps             : 2^23 (8388608)
-----------------------------------------
[ NEURAL NETWORK ]
Nhid                      : 12
Activation Func           : tanh
NN Learning Rate          : 0.1
Pretrain Steps            : 1000
Energy Steps              : 4000
Adiab Steps               : 1500
Adam_ktol                 : 0.99
max_patience              : 50
min_improvement           : 0.02
helpDecay                 : 0.05
-----------------------------------------
[ OBSERVABLES & MISC ]
Normalize by nParticles   : true
calc_normalized_PCF       : true
PCF reference params      : [ 16, 0, 0 ]
1bodyDens. Steps          : 20000000
1bodyDens. rMax           : 9
1bodyDens. nBins          : 150
uncorrRefDraws            : 30000000
Seed                      : 0
=========================================
Called toggles            : [ false, true, false, false ]
=========================================

FinalMC energy: 7.048793390e-02 +- 1.541866417e-05
Acceptance ratio: 9.033328295e-01
Printing specials:
energies[0]:   7.0487933896551e-02
energies_var[0]:   3.9885348814358e-03
energies[1]:   5.7608740070653e-02
energies_var[1]:   6.6772014905330e-02
energies[2]:   3.6622557966353e-02
energies_var[2]:   2.1574419524608e-04
energies[3]:  -1.3317176145969e-02
energies_var[3]:   3.4743780908190e-02
energies[4]:  -1.0426187994486e-02
energies_var[4]:   2.4269254505603e-02
FinalMC done (in 15.670157819 s).

Blocking_0 energy: 7.054283859e-02 +- 5.612603448e-05
Blocking_1 energy: 7.047040344e-02 +- 5.189372457e-05
Blocking_2 energy: 7.038772129e-02 +- 5.707375947e-05
Blocking_3 energy: 7.055077227e-02 +- 5.354326208e-05
Final blocking energy: 7.048793390e-02 +- 2.734888632e-05
Blocking analysis done (in 0.289015969 s).

=========================================
