=========================================
               VMC RUN LOG               
=========================================
Date and time             : 2026-08-08 12:22:37
-----------------------------------------
[ SYSTEM & MODELS ]
Hamiltonian               : LennardJonesHO
WF Train Type             : EllipticGaussian
WaveFunction              : LJGaussian
Solver                    : MetropolisHastings
preferAnalytic            : true
-----------------------------------------
[ PHYSICAL PARAMETERS ]
dimensions (D)            : 1
particles (N)             : 2
omega                     : 1
omega_z                   : 1
LJsigma                   : 1
LJenEps                   : 5
LJalpha                   : 1
LJGaussian_loc_Ken_method : 0
rep_a_factor              : 0.05
rep_strength              : inf
maxStrength               : 1
pre-optimization params   : [ 1, 1, 5 ]
param-optimization mask   : [ false, true, false ]
-----------------------------------------
[ MONTE CARLO & OPTIMIZATION ENGINES ]
time Step                 : 0.15
Equilibr. Steps           : 10000
BFGS MC Steps             : 1000000
BFGS_tol                  : 1e-05
Final MC Steps            : 2^23 (8388608)
-----------------------------------------
[ NEURAL NETWORK ]
Nhid                      : 10
Activation Func           : tanh
Learning Rate             : 0.05
Pretrain Steps            : 200
Energy Steps              : 1100
Adiab Steps               : 100
Adam_ktol                 : 0.99
max_patience              : 80
min_improvement           : 0.02
helpDecay                 : 0.4
-----------------------------------------
[ OBSERVABLES & MISC ]
1bodyDens. Steps          : 100000
1bodyDens. rMax           : 3.5
1bodyDens. nBins          : 50
Seed                      : 0
=========================================

Initial parameters: 1, 	1, 	5, 	
Optimal parameters: 1, 	53.4183263, 	5, 	
VMC Optimization done (in 3.5837436 s).

FinalMC energy: -2.280417746e+12 +- 1.363563199e+09
Acceptance ratio: 0.000000000e+00
FinalMC done (in 2.10981873 s).

Blocking_0 energy: -6.205363094e+06 +- 8.826423436e-05
Blocking_1 energy: -1.044150956e+07 +- 4.176888615e-05
Blocking_2 energy: -8.468397000e+08 +- 6.825625896e-03
Blocking_3 energy: -9.120807495e+12 +- 1.475292969e+02
Final blocking energy: -2.280417746e+12 +- 3.688232426e+01
Blocking analysis done (in 0.12926253 s).

One-body density done (in 0.045696859 s).

=========================================
