=========================================
               VMC RUN LOG               
=========================================
Date and time             : 2026-08-06 15:29:06
-----------------------------------------
[ SYSTEM & MODELS ]
Hamiltonian               : LennardJonesHO
WF Train Type             : EllipticGaussian
WaveFunction              : LJGaussian
Solver                    : MetropolisHastings
preferAnalytic            : false
-----------------------------------------
[ PHYSICAL PARAMETERS ]
dimensions (D)            : 1
particles (N)             : 1
omega                     : 1
omega_z                   : 1
LJsigma                   : 1
LJenEps                   : 5
LJalpha                   : 1
LJGaussian_loc_Ken_method : 1
rep_a_factor              : 0.05
rep_strength              : inf
maxStrength               : 1
pre-optimization params   : [ 0.9, 1, 1 ]
param-optimization mask   : [ true, false, false ]
-----------------------------------------
[ MONTE CARLO & OPTIMIZATION ENGINES ]
time Step                 : 0.15
Equilibr. Steps           : 10000
BFGS MC Steps             : 1000000
BFGS_tol                  : 1e-05
Final MC Steps            : 2^23 (8388608)
-----------------------------------------
[ NEURAL NETWORK ]
Nhid                      : 10
Activation Func           : tanh
Learning Rate             : 0.05
Pretrain Steps            : 200
Energy Steps              : 1100
Adiab Steps               : 100
Adam_ktol                 : 0.99
max_patience              : 80
min_improvement           : 0.02
helpDecay                 : 0.4
-----------------------------------------
[ OBSERVABLES & MISC ]
1bodyDens. Steps          : 100000
1bodyDens. rMax           : 3.5
1bodyDens. nBins          : 50
Seed                      : 0
=========================================

Initial parameters: 0.9, 	1, 	1, 	
Optimal parameters: 0.9, 	1, 	1, 	
VMC Optimization done (in 1.35849912 s).

FinalMC energy: 5.026798925e-01 +- 1.099652871e-04
Acceptance ratio: 9.846655130e-01
FinalMC done (in 0.91930515 s).

Blocking_0 energy: 5.030435011e-01 +- 5.083674266e-04
Blocking_1 energy: 5.024783638e-01 +- 5.092886640e-04
Blocking_2 energy: 5.023056505e-01 +- 4.987810654e-04
Blocking_3 energy: 5.028920546e-01 +- 4.981716692e-04
Final blocking energy: 5.026798925e-01 +- 2.518394760e-04
Blocking analysis done (in 0.119994854 s).

One-body density done (in 0.029940389 s).

=========================================
