=========================================
               VMC RUN LOG               
=========================================
Date and time             : 2026-09-01 20:09:33
-----------------------------------------
[ SYSTEM & MODELS ]
Hamiltonian               : LennardJonesHO
WF Train Type             : LJGaussian
WaveFunction              : LJGaussian
Solver                    : SwappingMH
useUmrigarDrift           : true
preferAnalytic            : true
numberOfThreads           : 16
-----------------------------------------
[ PHYSICAL PARAMETERS ]
dimensions (D)            : 3
particles (N)             : 12
kinetic_factor            : 0.1
min_dist                  : 0.1
max_radius                : 10
omega                     : 0.027951
omega_z                   : 0.027951
LJsigma                   : 1
LJenEps                   : 1
LJalpha                   : 0.4
LJGaussian_loc_Ken_method : 0
rep_a_factor              : 0.0043
rep_strength              : inf
maxStrength               : 1
pre-optimization params   : [ 9, 1, 1 ]
param-optimization mask   : [ true, true, true ]
use_jsonParams            : true
json params               : [ 4.8579, 1.1174, 0.9481 ]
-----------------------------------------
[ MONTE CARLO & OPTIMIZATION ENGINES ]
optimizer                 : Adam
log_grads                 : true
time Step                 : 0.1
Equilibr. Steps           : 500000
optimizationMCsteps       : 500000
autoMCincr_wait           : 500
Final MC Steps            : 2^27 (134217728)
NLOPT_tol                 : 1e-05
Adam_lr                   : 0.05
Adam_nSteps               : 1000
Adam_min_improvement      : 0.001
Adam_max_patience         : 300
NelderMead first guess    : + [ 0.5, 0.05, 0.05 ]
varOpt_weight             : 0.0005
LJ_request_Ekin           : false
log_blocking              : true
-----------------------------------------
[ PARAMETER MESH ]
lower bounds              : [ 1.8, 1, 1 ]
upper bounds              : [ 2.2, 1.24, 1.24 ]
number of points          : [ 4, 6, 6 ]
Mesh MC Steps             : 2^20 (1048576)
-----------------------------------------
[ NEURAL NETWORK ]
Nhid                      : 12
Activation Func           : tanh
NN Learning Rate          : 0.1
Pretrain Steps            : 1000
Energy Steps              : 4000
Adiab Steps               : 1500
Adam_ktol                 : 0.99
max_patience              : 50
min_improvement           : 0.02
helpDecay                 : 0.05
-----------------------------------------
[ OBSERVABLES & MISC ]
Normalize by nParticles   : true
calc_normalized_PCF       : true
PCF reference params      : [ 4, 0, 0 ]
1bodyDens. Steps          : 15000000
1bodyDens. rMax           : 9
1bodyDens. nBins          : 150
Seed                      : 0
=========================================
Called toggles            : [ true, true, true, false ]
=========================================

Initial parameters: 9, 	1, 	1, 	
Optimal parameters: 9.05968109, 	1.10112386, 	1.08141367, 	
VMC Optimization done (in 4787.82228 s).

FinalMC energy: 1.247830672e-01 +- 3.706036954e-05
Acceptance ratio: 9.073151350e-01
FinalMC done (in 380.987788 s).

Blocking_0 energy: 1.244968258e-01 +- 5.153279338e-04
Blocking_1 energy: 1.247090050e-01 +- 4.815043488e-04
Blocking_2 energy: 1.240446596e-01 +- 4.857488053e-04
Blocking_3 energy: 1.255564541e-01 +- 4.835687757e-04
Blocking_4 energy: 1.238219813e-01 +- 4.830213796e-04
Blocking_5 energy: 1.246936621e-01 +- 4.693296283e-04
Blocking_6 energy: 1.248460878e-01 +- 4.624640038e-04
Blocking_7 energy: 1.248342717e-01 +- 4.899897325e-04
Blocking_8 energy: 1.245215966e-01 +- 5.303623965e-04
Blocking_9 energy: 1.248096026e-01 +- 5.092334444e-04
Blocking_10 energy: 1.244871521e-01 +- 5.016499912e-04
Blocking_11 energy: 1.251787717e-01 +- 4.633882445e-04
Blocking_12 energy: 1.244385219e-01 +- 4.745894188e-04
Blocking_13 energy: 1.256156363e-01 +- 4.905814349e-04
Blocking_14 energy: 1.240446596e-01 +- 4.857488053e-04
Blocking_15 energy: 1.264301868e-01 +- 4.701645948e-04
Final blocking energy: 1.247830672e-01 +- 1.219092754e-04
Blocking analysis done (in 1.28467749 s).

Spatial distribution done (in 56.7493336 s).

=========================================
