=========================================
               VMC RUN LOG               
=========================================
Date and time             : 2026-08-25 12:25:12
-----------------------------------------
[ SYSTEM & MODELS ]
Hamiltonian               : LennardJonesHO_noInteraction
WF Train Type             : LJGaussian
WaveFunction              : LJGaussian
Solver                    : SwappingMH
useUmrigarDrift           : true
preferAnalytic            : true
numberOfThreads           : 16
-----------------------------------------
[ PHYSICAL PARAMETERS ]
dimensions (D)            : 3
particles (N)             : 6
kinetic_factor            : 0.1
min_dist                  : 0.1
max_radius                : 10
omega                     : 0.027951
omega_z                   : 0.111803
LJsigma                   : 1
LJenEps                   : 1
LJalpha                   : 0.4
LJGaussian_loc_Ken_method : 0
rep_a_factor              : 0.0043
rep_strength              : inf
maxStrength               : 1
pre-optimization params   : [ 16, 1.1, 1 ]
param-optimization mask   : [ true, true, true ]
use_jsonParams            : true
json params               : [ 4, 0, 0 ]
-----------------------------------------
[ MONTE CARLO & OPTIMIZATION ENGINES ]
optimizer                 : NLOPT_NELDERMEAD
time Step                 : 0.1
Equilibr. Steps           : 500000
optimizationMCsteps       : 8000000
NLOPT_tol                 : 1e-05
Adam_lr                   : 0.03
Adam_nSteps               : 200
Adam_min_improvement      : 0.0001
Adam_max_patience         : 30
varOpt_weight             : 0.05
Final MC Steps            : 2^27 (134217728)
LJ_request_Ekin           : false
-----------------------------------------
[ PARAMETER MESH ]
lower bounds              : [ 12, 1, 1 ]
upper bounds              : [ 14, 1.2, 1.2 ]
number of points          : [ 8, 5, 5 ]
Mesh MC Steps             : 2^23 (8388608)
-----------------------------------------
[ NEURAL NETWORK ]
Nhid                      : 12
Activation Func           : tanh
NN Learning Rate          : 0.1
Pretrain Steps            : 1000
Energy Steps              : 4000
Adiab Steps               : 1500
Adam_ktol                 : 0.99
max_patience              : 50
min_improvement           : 0.02
helpDecay                 : 0.05
-----------------------------------------
[ OBSERVABLES & MISC ]
Normalize by nParticles   : true
1bodyDens. Steps          : 15000000
1bodyDens. rMax           : 9
1bodyDens. nBins          : 150
Seed                      : 0
=========================================
Called toggles            : [ true, true, true, true ]
=========================================

Initial parameters: 16, 	1.1, 	1, 	
Optimal parameters: 23.224572, 	1.32206631, 	0.264835772, 	
VMC Optimization done (in 406.839742 s).

FinalMC energy: 1.375170953e-01 +- 4.264590779e-05
Acceptance ratio: 9.076726288e-01
FinalMC done (in 93.3485385 s).

Blocking_0 energy: 1.373274114e-01 +- 2.804631660e-04
Blocking_1 energy: 1.374021574e-01 +- 3.509924067e-04
Blocking_2 energy: 1.376549930e-01 +- 2.364727238e-04
Blocking_3 energy: 1.371308903e-01 +- 2.702349865e-04
Blocking_4 energy: 1.375020036e-01 +- 2.112731306e-04
Blocking_5 energy: 1.376440574e-01 +- 4.119873488e-04
Blocking_6 energy: 1.376527839e-01 +- 2.229491440e-04
Blocking_7 energy: 1.377422649e-01 +- 1.924760887e-04
Blocking_8 energy: 1.381816750e-01 +- 2.085595936e-04
Blocking_9 energy: 1.375153702e-01 +- 2.068534283e-04
Blocking_10 energy: 1.373421715e-01 +- 3.036702272e-04
Blocking_11 energy: 1.357859476e-01 +- 1.460289514e-03
Blocking_12 energy: 1.379250169e-01 +- 2.654471990e-04
Blocking_13 energy: 1.376512926e-01 +- 1.994529458e-04
Blocking_14 energy: 1.381782194e-01 +- 2.380102171e-04
Blocking_15 energy: 1.376372691e-01 +- 2.798778167e-04
Final blocking energy: 1.375170953e-01 +- 1.115952420e-04
Blocking analysis done (in 1.09933982 s).

Spatial distribution done (in 13.1241184 s).

Mesh plot done (in 1440.20435 s).

=========================================
