=========================================
               VMC RUN LOG               
=========================================
Date and time             : 2026-08-09 14:23:50
-----------------------------------------
[ SYSTEM & MODELS ]
Hamiltonian               : LennardJonesHO_noInteraction
WF Train Type             : EllipticGaussian
WaveFunction              : LJGaussian
Solver                    : MetropolisHastings
preferAnalytic            : true
-----------------------------------------
[ PHYSICAL PARAMETERS ]
dimensions (D)            : 3
particles (N)             : 2
min_dist                  : 1
max_radius                : 10000
omega                     : 1
omega_z                   : 2.8
LJsigma                   : 0.5
LJenEps                   : 5
LJalpha                   : 1
LJGaussian_loc_Ken_method : 2
rep_a_factor              : 0.05
rep_strength              : inf
maxStrength               : 1
pre-optimization params   : [ 1, 0, 5 ]
param-optimization mask   : [ true, false, false ]
-----------------------------------------
[ MONTE CARLO & OPTIMIZATION ENGINES ]
time Step                 : 0.15
Equilibr. Steps           : 10000
BFGS MC Steps             : 10000
BFGS_tol                  : 1e-05
Final MC Steps            : 2^23 (8388608)
-----------------------------------------
[ PARAMETER MESH ]
lower bounds              : [ 1, 0.1, 5 ]
upper bounds              : [ 1, 10, 5 ]
number of points          : [ 1, 10, 1 ]
Mesh MC Steps             : 2^17 (131072)
-----------------------------------------
[ NEURAL NETWORK ]
Nhid                      : 10
Activation Func           : tanh
Learning Rate             : 0.05
Pretrain Steps            : 200
Energy Steps              : 1100
Adiab Steps               : 100
Adam_ktol                 : 0.99
max_patience              : 80
min_improvement           : 0.02
helpDecay                 : 0.4
-----------------------------------------
[ OBSERVABLES & MISC ]
1bodyDens. Steps          : 100000
1bodyDens. rMax           : 3.5
1bodyDens. nBins          : 50
Seed                      : 0
=========================================

Initial parameters: 1, 	0, 	5, 	
Optimal parameters: 0.999564864, 	0, 	5, 	
VMC Optimization done (in 0.314507978 s).

FinalMC energy: 1.873459942e+00 +- 3.734134459e-04
Acceptance ratio: 9.738720655e-01
FinalMC done (in 3.39406624 s).

Blocking_0 energy: 1.877827644e+00 +- 2.683615764e-03
Blocking_1 energy: 1.872087632e+00 +- 2.663426471e-03
Blocking_2 energy: 1.874822340e+00 +- 2.634826399e-03
Blocking_3 energy: 1.869102151e+00 +- 2.628897064e-03
Final blocking energy: 1.873459942e+00 +- 1.326391818e-03
Blocking analysis done (in 0.127158613 s).

One-body density done (in 0.065913907 s).

Mesh plot done (in 0.619480565 s).

=========================================
