=========================================
               VMC RUN LOG               
=========================================
Date and time             : 2026-08-31 23:22:26
-----------------------------------------
[ SYSTEM & MODELS ]
Hamiltonian               : LennardJonesHO
WF Train Type             : LJGaussian
WaveFunction              : LJGaussian
Solver                    : SwappingMH
useUmrigarDrift           : true
preferAnalytic            : true
numberOfThreads           : 4
-----------------------------------------
[ PHYSICAL PARAMETERS ]
dimensions (D)            : 3
particles (N)             : 6
kinetic_factor            : 0.1
min_dist                  : 0.1
max_radius                : 10
omega                     : 0.111803
omega_z                   : 0.027951
LJsigma                   : 1
LJenEps                   : 1
LJalpha                   : 0.05
LJGaussian_loc_Ken_method : 0
rep_a_factor              : 0.0043
rep_strength              : inf
maxStrength               : 1
pre-optimization params   : [ 5.3, 1.1, 1 ]
param-optimization mask   : [ true, false, true ]
use_jsonParams            : true
json params               : [ 5, 1.119, 0.94 ]
-----------------------------------------
[ MONTE CARLO & OPTIMIZATION ENGINES ]
optimizer                 : NLOPT_NELDERMEAD
log_grads                 : false
time Step                 : 0.1
Equilibr. Steps           : 500000
optimizationMCsteps       : 10000000
Final MC Steps            : 2^27 (134217728)
NLOPT_tol                 : 1e-05
Adam_lr                   : 0.03
Adam_nSteps               : 120
Adam_min_improvement      : 0.0001
Adam_max_patience         : 40
NelderMead first guess    : + [ 0.5, 0.05, 0.05 ]
varOpt_weight             : 0.05
LJ_request_Ekin           : false
log_blocking              : true
-----------------------------------------
[ PARAMETER MESH ]
lower bounds              : [ 2, 1, 1 ]
upper bounds              : [ 3.5, 1.2, 1.2 ]
number of points          : [ 5, 5, 5 ]
Mesh MC Steps             : 2^23 (8388608)
-----------------------------------------
[ NEURAL NETWORK ]
Nhid                      : 12
Activation Func           : tanh
NN Learning Rate          : 0.1
Pretrain Steps            : 1000
Energy Steps              : 4000
Adiab Steps               : 1500
Adam_ktol                 : 0.99
max_patience              : 50
min_improvement           : 0.02
helpDecay                 : 0.05
-----------------------------------------
[ OBSERVABLES & MISC ]
Normalize by nParticles   : true
calc_normalized_PCF       : true
PCF reference params      : [ 4, 0, 0 ]
1bodyDens. Steps          : 15000000
1bodyDens. rMax           : 9
1bodyDens. nBins          : 150
Seed                      : 0
=========================================
Called toggles            : [ false, true, false, false ]
=========================================

FinalMC energy: 5.241712776e-01 +- 4.219201893e-05
Acceptance ratio: 9.120331258e-01
FinalMC done (in 193.888122 s).

Blocking_0 energy: 5.241767591e-01 +- 2.409576477e-04
Blocking_1 energy: 5.244007857e-01 +- 2.190888993e-04
Blocking_2 energy: 5.241613473e-01 +- 2.216447695e-04
Blocking_3 energy: 5.239462185e-01 +- 2.297134064e-04
Final blocking energy: 5.241712776e-01 +- 1.140052594e-04
Blocking analysis done (in 2.35993327 s).

=========================================
