=========================================
               VMC RUN LOG               
=========================================
Date and time             : 2026-08-21 09:48:30
-----------------------------------------
[ SYSTEM & MODELS ]
Hamiltonian               : LennardJonesHO
WF Train Type             : EllipticGaussian
WaveFunction              : LJGaussian
Solver                    : SwappingMH
useUmrigarDrift           : true
preferAnalytic            : true
numberOfThreads           : 16
-----------------------------------------
[ PHYSICAL PARAMETERS ]
dimensions (D)            : 3
particles (N)             : 6
kinetic_factor            : 0.1
min_dist                  : 0.1
max_radius                : 10
omega                     : 0.027951
omega_z                   : 0.111803
LJsigma                   : 1
LJenEps                   : 1
LJalpha                   : 0.4
LJGaussian_loc_Ken_method : 0
rep_a_factor              : 0.0043
rep_strength              : inf
maxStrength               : 1
pre-optimization params   : [ 16, 1, 1 ]
param-optimization mask   : [ true, true, true ]
use_jsonParams            : true
json params               : [ 8, 1.16283293, 1.16611027 ]
-----------------------------------------
[ MONTE CARLO & OPTIMIZATION ENGINES ]
optimizer                 : NLOPT_NELDERMEAD
time Step                 : 0.1
Equilibr. Steps           : 500000
optimizationMCsteps       : 8000000
NLOPT_tol                 : 1e-05
Adam_lr                   : 0.04
Adam_nSteps               : 200
Adam_min_improvement      : 0.01
Adam_max_patience         : 20
varOpt_weight             : 0.05
Final MC Steps            : 2^27 (134217728)
-----------------------------------------
[ PARAMETER MESH ]
lower bounds              : [ 12, 1, 1 ]
upper bounds              : [ 20, 1.3, 1.3 ]
number of points          : [ 16, 5, 5 ]
Mesh MC Steps             : 2^23 (8388608)
-----------------------------------------
[ NEURAL NETWORK ]
Nhid                      : 10
Activation Func           : tanh
NN Learning Rate          : 0.05
Pretrain Steps            : 200
Energy Steps              : 1100
Adiab Steps               : 100
Adam_ktol                 : 0.99
max_patience              : 80
min_improvement           : 0.02
helpDecay                 : 0.4
-----------------------------------------
[ OBSERVABLES & MISC ]
1bodyDens. Steps          : 10000000
1bodyDens. rMax           : 5.5
1bodyDens. nBins          : 100
Seed                      : 0
=========================================
Called toggles            : [ true, true, true, true ]
=========================================

Initial parameters: 16, 	1, 	1, 	
Optimal parameters: 12.8609288, 	1.10530128, 	1.05721503, 	
VMC Optimization done (in 4733.59548 s).

FinalMC energy: 9.651078356e-02 +- 1.004911869e-05
Acceptance ratio: 9.056559354e-01
FinalMC done (in 109.300965 s).

Blocking_0 energy: 9.657676543e-02 +- 9.389102827e-05
Blocking_1 energy: 9.656026111e-02 +- 9.345753615e-05
Blocking_2 energy: 9.645378436e-02 +- 9.183595126e-05
Blocking_3 energy: 9.666267358e-02 +- 9.292598859e-05
Blocking_4 energy: 9.646633953e-02 +- 9.607896105e-05
Blocking_5 energy: 9.650759269e-02 +- 9.725447417e-05
Blocking_6 energy: 9.654324464e-02 +- 9.525927125e-05
Blocking_7 energy: 9.653591871e-02 +- 9.179956261e-05
Blocking_8 energy: 9.652945864e-02 +- 9.367953942e-05
Blocking_9 energy: 9.653679879e-02 +- 8.853611764e-05
Blocking_10 energy: 9.645552209e-02 +- 9.286561974e-05
Blocking_11 energy: 9.649276405e-02 +- 9.747236287e-05
Blocking_12 energy: 9.646384656e-02 +- 8.920724582e-05
Blocking_13 energy: 9.647607079e-02 +- 8.543231960e-05
Blocking_14 energy: 9.647097358e-02 +- 9.521697314e-05
Blocking_15 energy: 9.644052248e-02 +- 8.779909217e-05
Final blocking energy: 9.651078356e-02 +- 2.318244193e-05
Blocking analysis done (in 1.16626611 s).

One-body density done (in 8.20940746 s).

Mesh plot done (in 3408.53734 s).

=========================================
