=========================================
               VMC RUN LOG               
=========================================
Date and time             : 2026-08-14 21:21:17
-----------------------------------------
[ SYSTEM & MODELS ]
Hamiltonian               : LennardJonesHO
WF Train Type             : EllipticGaussian
WaveFunction              : LJGaussian
Solver                    : SwappingMH
useUmrigarDrift           : true
preferAnalytic            : true
numberOfThreads           : 4
-----------------------------------------
[ PHYSICAL PARAMETERS ]
dimensions (D)            : 3
particles (N)             : 2
kinetic_factor            : 0.1
min_dist                  : 0.1
max_radius                : 10
omega                     : 0.111803
omega_z                   : 0.027951
LJsigma                   : 1
LJenEps                   : 1
LJalpha                   : 1
LJGaussian_loc_Ken_method : 0
rep_a_factor              : 0.0043
rep_strength              : inf
maxStrength               : 1
pre-optimization params   : [ 4, 0, 1 ]
param-optimization mask   : [ true, false, true ]
use_jsonParams            : true
json params               : [ 3.47841797, 0, 1.12333984 ]
-----------------------------------------
[ MONTE CARLO & OPTIMIZATION ENGINES ]
optimizer                 : Adam
time Step                 : 0.1
Equilibr. Steps           : 500000
optimizationMCsteps       : 3000000
NLOPT_tol                 : 0.001
Adam_lr                   : 0.03
Adam_nSteps               : 120
Adam_min_improvement      : 0.01
Adam_max_patience         : 30
varOpt_weight             : 0.05
Final MC Steps            : 2^26 (67108864)
-----------------------------------------
[ PARAMETER MESH ]
lower bounds              : [ 3, 0, 0.92 ]
upper bounds              : [ 5, 0, 1.3 ]
number of points          : [ 5, 1, 8 ]
Mesh MC Steps             : 2^22 (4194304)
-----------------------------------------
[ NEURAL NETWORK ]
Nhid                      : 10
Activation Func           : tanh
NN Learning Rate          : 0.05
Pretrain Steps            : 200
Energy Steps              : 1100
Adiab Steps               : 100
Adam_ktol                 : 0.99
max_patience              : 80
min_improvement           : 0.02
helpDecay                 : 0.4
-----------------------------------------
[ OBSERVABLES & MISC ]
1bodyDens. Steps          : 10000000
1bodyDens. rMax           : 5.5
1bodyDens. nBins          : 100
Seed                      : 0
=========================================
Called toggles            : [ true, true, true, true ]
=========================================

Initial parameters: 4, 	0, 	1, 	
Optimal parameters: 3.55033684, 	0, 	1.11799859, 	
VMC Optimization done (in 385.530529 s).

FinalMC energy: 1.323381880e-01 +- 6.621219432e-06
Acceptance ratio: 9.047562033e-01
FinalMC done (in 27.5452476 s).

Blocking_0 energy: 1.323104385e-01 +- 2.079099563e-05
Blocking_1 energy: 1.323539993e-01 +- 2.037737557e-05
Blocking_2 energy: 1.323638077e-01 +- 2.131622429e-05
Blocking_3 energy: 1.323245064e-01 +- 2.110856936e-05
Final blocking energy: 1.323381880e-01 +- 1.045064607e-05
Blocking analysis done (in 1.17230187 s).

One-body density done (in 6.3054737 s).

Mesh plot done (in 80.5899416 s).

=========================================
