=========================================
               VMC RUN LOG               
=========================================
Date and time    : 2026-08-05 19:50:54
-----------------------------------------
[ SYSTEM & MODELS ]
Hamiltonian      : HarmonicOscillator
WF Train Type    : EllipticGaussian
WaveFunction     : EllipticGaussian
Solver           : MetropolisHastings
preferAnalytic   : true
-----------------------------------------
[ PHYSICAL PARAMETERS ]
dimensions (D)   : 3
particles (N)    : 10
omega            : 1
omega_z          : 2.824
rep_a_factor     : 0.0043
rep_strength     : inf
maxStrength      : 1
-----------------------------------------
[ MONTE CARLO & OPTIMIZATION ]
time Step        : 0.15
Equilibr. Steps  : 10000
BFGS MC Steps    : 1000000
BFGS_tol         : 1e-05
Final MC Steps   : 2^20 (1.04858e+06)
-----------------------------------------
[ NEURAL NETWORK ]
Nhid             : 10
Activation Func  : tanh
Learning Rate    : 0.05
Pretrain Steps   : 200
Energy Steps     : 1100
Adiab Steps      : 100
Adam_ktol        : 0.99
max_patience     : 80
min_improvement  : 0.02
helpDecay        : 0.4
-----------------------------------------
[ OBSERVABLES & MISC ]
1bodyDens. Steps : 100000
1bodyDens. rMax  : 3.5
1bodyDens. nBins : 50
Seed             : 0
=========================================

Initial parameters: 0.48, 	3, 	
Optimal parameters: 0.499748296, 	0.998248182, 	
VMC Optimization done (in 6.51498013 s).

FinalMC energy: 1.500003335e+01 +- 5.176631306e-06
Acceptance ratio: 9.736175537e-01
FinalMC done (in 0.173537383 s).

Blocking_0 energy: 1.499992728e+01 +- 7.896524597e-05
Blocking_1 energy: 1.500008860e+01 +- 8.731213765e-05
Blocking_2 energy: 1.500006348e+01 +- 7.795331830e-05
Blocking_3 energy: 1.500005403e+01 +- 8.054388113e-05
Final blocking energy: 1.500003335e+01 +- 4.063784879e-05
Blocking analysis done (in 0.013536207 s).

One-body density done (in 0.048643623 s).

=========================================
