=========================================
               VMC RUN LOG               
=========================================
Date and time             : 2026-08-21 23:04:36
-----------------------------------------
[ SYSTEM & MODELS ]
Hamiltonian               : LennardJonesHO
WF Train Type             : LJGaussian
WaveFunction              : NN_envelope
Solver                    : SwappingMH
useUmrigarDrift           : true
preferAnalytic            : true
numberOfThreads           : 1
-----------------------------------------
[ PHYSICAL PARAMETERS ]
dimensions (D)            : 3
particles (N)             : 2
kinetic_factor            : 0.1
min_dist                  : 0.1
max_radius                : 10
omega                     : 0.111803
omega_z                   : 0.027951
LJsigma                   : 1
LJenEps                   : 1
LJalpha                   : 1
LJGaussian_loc_Ken_method : 0
rep_a_factor              : 0.0043
rep_strength              : inf
maxStrength               : 1
pre-optimization params   : [ 3.5, 0, 1.1 ]
param-optimization mask   : [ true, true, true ]
use_jsonParams            : false
json params               : [ 4, 0, 1.1 ]
-----------------------------------------
[ MONTE CARLO & OPTIMIZATION ENGINES ]
optimizer                 : NLOPT_NELDERMEAD
time Step                 : 0.1
Equilibr. Steps           : 1000
optimizationMCsteps       : 5000
NLOPT_tol                 : 1e-05
Adam_lr                   : 0.04
Adam_nSteps               : 50
Adam_min_improvement      : 0.01
Adam_max_patience         : 20
varOpt_weight             : 0.05
Final MC Steps            : 2^22 (4194304)
-----------------------------------------
[ PARAMETER MESH ]
lower bounds              : [ 15, 0, 0.75 ]
upper bounds              : [ 23, 0, 1.25 ]
number of points          : [ 16, 1, 10 ]
Mesh MC Steps             : 2^23 (8388608)
-----------------------------------------
[ NEURAL NETWORK ]
Nhid                      : 10
Activation Func           : tanh
NN Learning Rate          : 0.05
Pretrain Steps            : 100
Energy Steps              : 200
Adiab Steps               : 50
Adam_ktol                 : 0.99
max_patience              : 80
min_improvement           : 0.02
helpDecay                 : 0.4
-----------------------------------------
[ OBSERVABLES & MISC ]
Normalize by nParticles   : 0
1bodyDens. Steps          : 10000000
1bodyDens. rMax           : 5.5
1bodyDens. nBins          : 100
Seed                      : 0
=========================================
Called toggles            : [ false, true, false, false ]
=========================================

