=========================================
               VMC RUN LOG               
=========================================
Date and time             : 2026-08-20 13:41:47
-----------------------------------------
[ SYSTEM & MODELS ]
Hamiltonian               : LennardJonesHO
WF Train Type             : EllipticGaussian
WaveFunction              : LJGaussian
Solver                    : SwappingMH
useUmrigarDrift           : true
preferAnalytic            : true
numberOfThreads           : 16
-----------------------------------------
[ PHYSICAL PARAMETERS ]
dimensions (D)            : 3
particles (N)             : 6
kinetic_factor            : 0.1
min_dist                  : 0.1
max_radius                : 10
omega                     : 0.027951
omega_z                   : 0.111803
LJsigma                   : 1
LJenEps                   : 1
LJalpha                   : 1
LJGaussian_loc_Ken_method : 0
rep_a_factor              : 0.0043
rep_strength              : inf
maxStrength               : 1
pre-optimization params   : [ 16, 1.1, 1.1 ]
param-optimization mask   : [ true, true, true ]
use_jsonParams            : true
json params               : [ 8, 1.16283293, 1.16611027 ]
-----------------------------------------
[ MONTE CARLO & OPTIMIZATION ENGINES ]
optimizer                 : NLOPT_NELDERMEAD
time Step                 : 0.1
Equilibr. Steps           : 500000
optimizationMCsteps       : 8000000
NLOPT_tol                 : 1e-05
Adam_lr                   : 0.04
Adam_nSteps               : 200
Adam_min_improvement      : 0.01
Adam_max_patience         : 20
varOpt_weight             : 0.05
Final MC Steps            : 2^27 (134217728)
-----------------------------------------
[ PARAMETER MESH ]
lower bounds              : [ 1, 1, 1.3 ]
upper bounds              : [ 17, 1, 1.3 ]
number of points          : [ 16, 3, 3 ]
Mesh MC Steps             : 2^23 (8388608)
-----------------------------------------
[ NEURAL NETWORK ]
Nhid                      : 10
Activation Func           : tanh
NN Learning Rate          : 0.05
Pretrain Steps            : 200
Energy Steps              : 1100
Adiab Steps               : 100
Adam_ktol                 : 0.99
max_patience              : 80
min_improvement           : 0.02
helpDecay                 : 0.4
-----------------------------------------
[ OBSERVABLES & MISC ]
1bodyDens. Steps          : 10000000
1bodyDens. rMax           : 5.5
1bodyDens. nBins          : 100
Seed                      : 0
=========================================
Called toggles            : [ true, true, true, true ]
=========================================

Initial parameters: 16, 	1.1, 	1.1, 	
Optimal parameters: 3.6367411, 	1.11848271, 	1.12316779, 	
VMC Optimization done (in 1811.34946 s).

FinalMC energy: -4.138081327e-03 +- 1.673284573e-05
Acceptance ratio: 9.034395218e-01
FinalMC done (in 106.235528 s).

Blocking_0 energy: -4.198098852e-03 +- 2.334604321e-04
Blocking_1 energy: -3.730878376e-03 +- 2.287969816e-04
Blocking_2 energy: -4.402586742e-03 +- 2.027137401e-04
Blocking_3 energy: -4.175649768e-03 +- 2.306602115e-04
Blocking_4 energy: -3.958100682e-03 +- 2.392215377e-04
Blocking_5 energy: -4.124693893e-03 +- 2.268163918e-04
Blocking_6 energy: -3.784831310e-03 +- 2.305458722e-04
Blocking_7 energy: -4.553823245e-03 +- 2.270702178e-04
Blocking_8 energy: -3.888716902e-03 +- 2.333549318e-04
Blocking_9 energy: -4.185215303e-03 +- 2.274814492e-04
Blocking_10 energy: -4.545057224e-03 +- 2.265961724e-04
Blocking_11 energy: -3.906568174e-03 +- 2.279248600e-04
Blocking_12 energy: -4.007396126e-03 +- 2.475952759e-04
Blocking_13 energy: -4.803078953e-03 +- 2.389267491e-04
Blocking_14 energy: -3.627544948e-03 +- 2.304282636e-04
Blocking_15 energy: -4.317060729e-03 +- 2.242437683e-04
Final blocking energy: -4.138081327e-03 +- 5.747973467e-05
