=========================================
               VMC RUN LOG               
=========================================
Date and time             : 2026-08-21 20:12:19
-----------------------------------------
[ SYSTEM & MODELS ]
Hamiltonian               : LennardJonesHO
WF Train Type             : EllipticGaussian
WaveFunction              : LJGaussian
Solver                    : SwappingMH
useUmrigarDrift           : true
preferAnalytic            : true
numberOfThreads           : 16
-----------------------------------------
[ PHYSICAL PARAMETERS ]
dimensions (D)            : 3
particles (N)             : 2
kinetic_factor            : 0.1
min_dist                  : 0.1
max_radius                : 10
omega                     : 0.027951
omega_z                   : 0.111803
LJsigma                   : 1
LJenEps                   : 1
LJalpha                   : 0.05
LJGaussian_loc_Ken_method : 0
rep_a_factor              : 0.0043
rep_strength              : inf
maxStrength               : 1
pre-optimization params   : [ 16, 0, 1 ]
param-optimization mask   : [ true, false, true ]
use_jsonParams            : true
json params               : [ 8, 1.16283293, 1.16611027 ]
-----------------------------------------
[ MONTE CARLO & OPTIMIZATION ENGINES ]
optimizer                 : NLOPT_NELDERMEAD
time Step                 : 0.1
Equilibr. Steps           : 500000
optimizationMCsteps       : 8000000
NLOPT_tol                 : 1e-05
Adam_lr                   : 0.04
Adam_nSteps               : 200
Adam_min_improvement      : 0.01
Adam_max_patience         : 20
varOpt_weight             : 0.05
Final MC Steps            : 2^27 (134217728)
-----------------------------------------
[ PARAMETER MESH ]
lower bounds              : [ 15, 0, 0.75 ]
upper bounds              : [ 23, 0, 1.25 ]
number of points          : [ 16, 1, 10 ]
Mesh MC Steps             : 2^23 (8388608)
-----------------------------------------
[ NEURAL NETWORK ]
Nhid                      : 10
Activation Func           : tanh
NN Learning Rate          : 0.05
Pretrain Steps            : 200
Energy Steps              : 1100
Adiab Steps               : 100
Adam_ktol                 : 0.99
max_patience              : 80
min_improvement           : 0.02
helpDecay                 : 0.4
-----------------------------------------
[ OBSERVABLES & MISC ]
Normalize by nParticles   : 0
1bodyDens. Steps          : 10000000
1bodyDens. rMax           : 5.5
1bodyDens. nBins          : 100
Seed                      : 0
=========================================
Called toggles            : [ true, true, true, true ]
=========================================

Initial parameters: 16, 	0, 	1, 	
Optimal parameters: 16.4980469, 	0, 	0.975878906, 	
VMC Optimization done (in 437.627695 s).

FinalMC energy: 4.000745220e-02 +- 6.419687449e-06
Acceptance ratio: 9.071154892e-01
FinalMC done (in 29.1150852 s).

Blocking_0 energy: 3.994825905e-02 +- 3.123990737e-05
Blocking_1 energy: 4.000887683e-02 +- 3.260193512e-05
Blocking_2 energy: 3.998479863e-02 +- 3.152980940e-05
Blocking_3 energy: 3.999774924e-02 +- 2.711823897e-05
Blocking_4 energy: 3.999204805e-02 +- 2.778184694e-05
Blocking_5 energy: 4.005782036e-02 +- 2.695498187e-05
Blocking_6 energy: 4.002814939e-02 +- 2.588153469e-05
Blocking_7 energy: 3.999901355e-02 +- 2.980919133e-05
Blocking_8 energy: 3.999458656e-02 +- 2.952245000e-05
Blocking_9 energy: 4.006720245e-02 +- 2.790126021e-05
Blocking_10 energy: 4.001565144e-02 +- 2.723191287e-05
Blocking_11 energy: 3.999838704e-02 +- 3.131845091e-05
Blocking_12 energy: 4.003031067e-02 +- 2.678299505e-05
Blocking_13 energy: 4.001724120e-02 +- 2.983430239e-05
Blocking_14 energy: 3.998545626e-02 +- 3.172803299e-05
Blocking_15 energy: 3.999368440e-02 +- 3.476346159e-05
Final blocking energy: 4.000745220e-02 +- 7.400445544e-06
Blocking analysis done (in 1.17931359 s).

One-body density done (in 3.65943808 s).

Mesh plot done (in 413.764256 s).

=========================================
