=========================================
               VMC RUN LOG               
=========================================
Date and time             : 2026-08-21 13:14:12
-----------------------------------------
[ SYSTEM & MODELS ]
Hamiltonian               : LennardJonesHO
WF Train Type             : EllipticGaussian
WaveFunction              : LJGaussian
Solver                    : SwappingMH
useUmrigarDrift           : true
preferAnalytic            : true
numberOfThreads           : 16
-----------------------------------------
[ PHYSICAL PARAMETERS ]
dimensions (D)            : 3
particles (N)             : 4
kinetic_factor            : 0.1
min_dist                  : 0.1
max_radius                : 10
omega                     : 0.027951
omega_z                   : 0.111803
LJsigma                   : 1
LJenEps                   : 1
LJalpha                   : 0.4
LJGaussian_loc_Ken_method : 0
rep_a_factor              : 0.0043
rep_strength              : inf
maxStrength               : 1
pre-optimization params   : [ 16, 1.1, 1.1 ]
param-optimization mask   : [ true, true, true ]
use_jsonParams            : true
json params               : [ 8, 1.16283293, 1.16611027 ]
-----------------------------------------
[ MONTE CARLO & OPTIMIZATION ENGINES ]
optimizer                 : NLOPT_NELDERMEAD
time Step                 : 0.1
Equilibr. Steps           : 500000
optimizationMCsteps       : 8000000
NLOPT_tol                 : 1e-05
Adam_lr                   : 0.04
Adam_nSteps               : 200
Adam_min_improvement      : 0.01
Adam_max_patience         : 20
varOpt_weight             : 0.05
Final MC Steps            : 2^27 (134217728)
-----------------------------------------
[ PARAMETER MESH ]
lower bounds              : [ 12, 1, 1 ]
upper bounds              : [ 17, 1.3, 1.3 ]
number of points          : [ 10, 5, 5 ]
Mesh MC Steps             : 2^23 (8388608)
-----------------------------------------
[ NEURAL NETWORK ]
Nhid                      : 10
Activation Func           : tanh
NN Learning Rate          : 0.05
Pretrain Steps            : 200
Energy Steps              : 1100
Adiab Steps               : 100
Adam_ktol                 : 0.99
max_patience              : 80
min_improvement           : 0.02
helpDecay                 : 0.4
-----------------------------------------
[ OBSERVABLES & MISC ]
1bodyDens. Steps          : 10000000
1bodyDens. rMax           : 5.5
1bodyDens. nBins          : 100
Seed                      : 0
=========================================
Called toggles            : [ true, true, true, true ]
=========================================

Initial parameters: 16, 	1.1, 	1.1, 	
Optimal parameters: 15.9420391, 	1.11666047, 	1.06135831, 	
VMC Optimization done (in 11029.8923 s).

FinalMC energy: 7.066706266e-02 +- 4.545555796e-06
Acceptance ratio: 9.072809070e-01
FinalMC done (in 58.6875053 s).

Blocking_0 energy: 7.063000945e-02 +- 4.026619284e-05
Blocking_1 energy: 7.061555071e-02 +- 3.275178865e-05
Blocking_2 energy: 7.062077079e-02 +- 3.425537062e-05
Blocking_3 energy: 7.069743990e-02 +- 3.520012096e-05
Blocking_4 energy: 7.070434985e-02 +- 3.049592208e-05
Blocking_5 energy: 7.068466032e-02 +- 3.225921746e-05
Blocking_6 energy: 7.068846453e-02 +- 3.328982302e-05
Blocking_7 energy: 7.072408959e-02 +- 3.436883049e-05
Blocking_8 energy: 7.064244983e-02 +- 3.112296814e-05
Blocking_9 energy: 7.064940393e-02 +- 3.290209418e-05
Blocking_10 energy: 7.064997681e-02 +- 3.209348948e-05
Blocking_11 energy: 7.064144887e-02 +- 3.343868243e-05
Blocking_12 energy: 7.068958965e-02 +- 3.220915886e-05
Blocking_13 energy: 7.059062639e-02 +- 3.826644075e-05
Blocking_14 energy: 7.075551798e-02 +- 3.115608251e-05
Blocking_15 energy: 7.068865389e-02 +- 3.250495818e-05
Final blocking energy: 7.066706266e-02 +- 8.407344436e-06
Blocking analysis done (in 1.24384333 s).

One-body density done (in 6.2232974 s).

Mesh plot done (in 1217.94318 s).

=========================================
