=========================================
               VMC RUN LOG               
=========================================
Date and time             : 2026-08-26 15:46:24
-----------------------------------------
[ SYSTEM & MODELS ]
Hamiltonian               : LennardJonesHO
WF Train Type             : LJGaussian
WaveFunction              : NN_envelope
Solver                    : SwappingMH
useUmrigarDrift           : true
preferAnalytic            : true
numberOfThreads           : 16
-----------------------------------------
[ PHYSICAL PARAMETERS ]
dimensions (D)            : 3
particles (N)             : 2
kinetic_factor            : 0.1
min_dist                  : 0.1
max_radius                : 10
omega                     : 0.027951
omega_z                   : 0.027951
LJsigma                   : 1
LJenEps                   : 1
LJalpha                   : 0.4
LJGaussian_loc_Ken_method : 0
rep_a_factor              : 0.0043
rep_strength              : inf
maxStrength               : 1
pre-optimization params   : [ 16, 0, 0 ]
param-optimization mask   : [ true, true, true ]
use_jsonParams            : false
json params               : [ 13.651, 0, 1.113 ]
-----------------------------------------
[ MONTE CARLO & OPTIMIZATION ENGINES ]
optimizer                 : NLOPT_NELDERMEAD
time Step                 : 0.1
Equilibr. Steps           : 500
optimizationMCsteps       : 5000
Final MC Steps            : 2^20 (1048576)
NLOPT_tol                 : 1e-05
Adam_lr                   : 0.03
Adam_nSteps               : 200
Adam_min_improvement      : 0.0001
Adam_max_patience         : 100
NelderMead first guess    : + [ 0.5, 0.05, 0.05 ]
varOpt_weight             : 0.05
LJ_request_Ekin           : false
-----------------------------------------
[ PARAMETER MESH ]
lower bounds              : [ 10, 1, 1 ]
upper bounds              : [ 14, 1.2, 1.2 ]
number of points          : [ 8, 5, 5 ]
Mesh MC Steps             : 2^23 (8388608)
-----------------------------------------
[ NEURAL NETWORK ]
Nhid                      : 25
Activation Func           : tanh
NN Learning Rate          : 0.1
Pretrain Steps            : 2000
Energy Steps              : 2500
Adiab Steps               : 1000
Adam_ktol                 : 0.999
max_patience              : 80
min_improvement           : 0.002
helpDecay                 : 0.03
-----------------------------------------
[ OBSERVABLES & MISC ]
Normalize by nParticles   : true
1bodyDens. Steps          : 500000
1bodyDens. rMax           : 9
1bodyDens. nBins          : 150
Seed                      : 0
=========================================
Called toggles            : [ true, true, true, false ]
=========================================

Initial parameters for psi_train: 16, 	0, 	0, 	
Optimal parameters: 0.0059995259, 	2.17572145, 	2.98361231, 	-1.27972061, 	4.99138594, 	2.70226289, 	-2.51344005, 	1.960785, 	-0.0302581405, 	-3.95781791, 	-0.477903249, 	0.733000785, 	-0.0380024494, 	-4.16847928, 	-4.87327936, 	0.957929532, 	-5.34320162, 	2.02107298, 	2.67584274, 	7.09492378, 	-2.70791239, 	-0.324245079, 	-2.21932299, 	0.345307872, 	-0.0927626576, 	2.8640158, 	-0.0406550553, 	4.37309142, 	3.3097229, 	1.52872756, 	0.613447436, 	-4.84165915, 	1.78922497, 	0.148882972, 	-2.35558662, 	0.231497061, 	-1.2681112, 	1.11553303, 	-3.3244525, 	-3.76930437, 	0.357889707, 	3.72789698, 	-0.462162802, 	5.44788834, 	-1.09806855, 	1.44981607, 	0.976248938, 	-7.02607482, 	-6.97191687, 	-0.291898074, 	0.370574484, 	7.5533192, 	-0.603414937, 	-3.49952024, 	-3.4348772, 	1.78670022, 	-1.41360256, 	6.05700653, 	5.61811079, 	0.316580489, 	-8.29595798, 	0.15098459, 	0.966326815, 	-2.75915105, 	-2.48730171, 	1.88584851, 	-5.01002607, 	1.6988879, 	-1.84449927, 	4.66223247, 	0.51803375, 	-0.915371614, 	-3.32599491, 	-0.50678354, 	0.174032226, 	-3.42457804, 	0.26550646, 	2.55456049, 	-0.632724537, 	-2.0020066, 	6.57251029, 	0.0223228265, 	-1.99205312, 	0.610243787, 	3.33353701, 	-1.90022401, 	-0.730794493, 	-0.448963328, 	4.52305018, 	-1.15738578, 	3.53830385, 	-2.71469421, 	0.371081135, 	3.0432327, 	5.24831177, 	-2.25809079, 	-0.252702088, 	0.0523133414, 	3.22508448, 	-0.011965929, 	-0.774331815, 	0.133515935, 	3.3578359, 	1.18896515, 	-3.58095127, 	0.335040513, 	3.4566416, 	-0.173460625, 	-4.25905469, 	1.25546987, 	-5.78523087, 	-0.082286471, 	-1.04560011, 	2.97889488, 	3.56605926, 	6.60413357, 	1.29577028, 	-0.332924705, 	-5.98641707, 	-1.09690066, 	-0.140791953, 	-0.173511372, 	2.54348283, 	0.103337659, 	-1.21784956, 	-7.2833568, 	1.0984508, 	4.56600988, 	-0.444085748, 	6.11053117, 	2.07639284, 	4.19330958, 	2.93766814, 	0.621516496, 	7.15034053, 	-3.97666183, 	-0.902222484, 	-1.21206826, 	2.3062791, 	-3.55679806, 	3.07339298, 	0.80286189, 	-0.195283733, 	-1.60696486, 	-1.51955882, 	0.921287643, 	-0.911795992, 	-4.93725257, 	5.01356141, 	0.446729309, 	-1.3283621, 	-9.34909316, 	5.38528512, 	-16.774755, 	-5.20485495, 	5.62132607, 	-0.6570786, 	-14.4780147, 	-14.2277607, 	11.8165782, 	-5.13069022, 	20.0258817, 	18.2927022, 	5.75954356, 	-9.87265956, 	2.27660724, 	9.0647111, 	14.5566604, 	-1.11906283, 	-1.94286063, 	15.3837359, 	14.851151, 	7.21445757, 	7.95279979, 	-17.1897276, 	-9.98385928, 	-4.12234786, 	1.56848766, 	-8.50250596, 	-1.10764501, 	1.46748142, 	-1.65591037, 	-4.91233023, 	-7.00053774, 	3.46522196, 	-4.17250372, 	8.37403306, 	9.77810843, 	-0.668926712, 	-6.57351022, 	-0.549275362, 	3.6631587, 	9.76253145, 	0.25012636, 	-3.0869207, 	7.41344037, 	7.42968098, 	2.82180892, 	5.45990063, 	-9.18817535, 	-4.33708927, 	
NN_VMC Optimization done (in 7247.53038 s).

FinalMC energy: 1.094998192e+03 +- 7.019229081e+02
Acceptance ratio: 9.983673096e-01
FinalMC done (in 205.583161 s).

Blocking_0 energy: 9.848907633e+03 +- 9.842620016e+03
Blocking_1 energy: 4.854883630e-02 +- 1.557113482e-02
Blocking_2 energy: -8.179768551e-03 +- 6.306432568e-02
Blocking_3 energy: 5.058217346e+00 +- 4.734532701e+00
Blocking_4 energy: 8.988711055e-02 +- 1.208599438e-02
Blocking_5 energy: 8.462307860e-02 +- 6.513855964e-03
Blocking_6 energy: 4.146700802e-01 +- 3.210419528e-01
Blocking_7 energy: 9.210001379e-02 +- 7.236547154e-03
Blocking_8 energy: 2.922443751e-02 +- 3.164311293e-02
Blocking_9 energy: 7.498582665e-02 +- 9.810871070e-03
Blocking_10 energy: 2.625315725e-03 +- 3.733903258e-02
Blocking_11 energy: 1.854980751e-01 +- 1.341859728e-01
Blocking_12 energy: 3.914335565e-02 +- 3.027574281e-02
Blocking_13 energy: 7.664778464e+03 +- 7.648519266e+03
Blocking_14 energy: 7.487590236e-02 +- 1.145536974e-02
Blocking_15 energy: 9.875879411e-02 +- 8.031426563e-03
Final blocking energy: 1.094998192e+03 +- 7.790645389e+02
Blocking analysis done (in 0.008314077 s).

Spatial distribution done (in 57.5996977 s).

=========================================
