=========================================
               VMC RUN LOG               
=========================================
Date and time    : 2026-08-06 12:25:40
-----------------------------------------
[ SYSTEM & MODELS ]
Hamiltonian      : LennardJonesHO
WF Train Type    : EllipticGaussian
WaveFunction     : LJGaussian
Solver           : MetropolisHastings
preferAnalytic   : false
-----------------------------------------
[ PHYSICAL PARAMETERS ]
dimensions (D)   : 1
particles (N)    : 2
omega            : 1
omega_z          : 1
LJsigma          : 1
LJenEps          : 5
LJalpha          : 1
rep_a_factor     : 0.05
rep_strength     : inf
maxStrength      : 1
-----------------------------------------
[ MONTE CARLO & OPTIMIZATION ]
time Step        : 0.15
Equilibr. Steps  : 10000
BFGS MC Steps    : 1000000
BFGS_tol         : 1e-05
Final MC Steps   : 2^23 (8.38861e+06)
-----------------------------------------
[ NEURAL NETWORK ]
Nhid             : 10
Activation Func  : tanh
Learning Rate    : 0.05
Pretrain Steps   : 200
Energy Steps     : 1100
Adiab Steps      : 100
Adam_ktol        : 0.99
max_patience     : 80
min_improvement  : 0.02
helpDecay        : 0.4
-----------------------------------------
[ OBSERVABLES & MISC ]
1bodyDens. Steps : 100000
1bodyDens. rMax  : 3.5
1bodyDens. nBins : 50
Seed             : 0
=========================================

Initial parameters: 1, 	1, 	1, 	
Optimal parameters: 1.53508185, 	2.97863198, 	5, 	
VMC Optimization done (in 7.09731607 s).

FinalMC energy: -3.166672164e+03 +- 1.290645148e+00
Acceptance ratio: 2.309834957e-01
FinalMC done (in 2.39409291 s).

Blocking_0 energy: 4.339766329e+00 +- 2.853602972e-03
Blocking_1 energy: -1.177815299e+03 +- 1.384663820e-09
Blocking_2 energy: -1.967003533e+03 +- 2.072617448e-07
Blocking_3 energy: -9.526209591e+03 +- 8.111439312e-06
Final blocking energy: -3.166672164e+03 +- 7.134036271e-04
Blocking analysis done (in 0.117531929 s).

One-body density done (in 0.050500998 s).

=========================================
