=========================================
               VMC RUN LOG               
=========================================
Date and time             : 2026-08-09 17:41:56
-----------------------------------------
[ SYSTEM & MODELS ]
Hamiltonian               : LennardJonesHO
WF Train Type             : EllipticGaussian
WaveFunction              : LJGaussian
Solver                    : MetropolisHastings
preferAnalytic            : true
-----------------------------------------
[ PHYSICAL PARAMETERS ]
dimensions (D)            : 3
particles (N)             : 6
min_dist                  : 1
max_radius                : 1e+06
omega                     : 0.111803
omega_z                   : 0.027951
LJsigma                   : 1
LJenEps                   : 1
LJalpha                   : 1
LJGaussian_loc_Ken_method : 0
rep_a_factor              : 0.05
rep_strength              : inf
maxStrength               : 1
pre-optimization params   : [ 4, 1, 5 ]
param-optimization mask   : [ true, true, false ]
-----------------------------------------
[ MONTE CARLO & OPTIMIZATION ENGINES ]
time Step                 : 0.85
Equilibr. Steps           : 10000
BFGS MC Steps             : 1000000
BFGS_tol                  : 1e-05
Final MC Steps            : 2^23 (8388608)
-----------------------------------------
[ PARAMETER MESH ]
lower bounds              : [ 3, 1.05, 5 ]
upper bounds              : [ 4.2, 1.2, 5 ]
number of points          : [ 10, 10, 1 ]
Mesh MC Steps             : 2^20 (1048576)
-----------------------------------------
[ NEURAL NETWORK ]
Nhid                      : 10
Activation Func           : tanh
Learning Rate             : 0.05
Pretrain Steps            : 200
Energy Steps              : 1100
Adiab Steps               : 100
Adam_ktol                 : 0.99
max_patience              : 80
min_improvement           : 0.02
helpDecay                 : 0.4
-----------------------------------------
[ OBSERVABLES & MISC ]
1bodyDens. Steps          : 500000
1bodyDens. rMax           : 4.5
1bodyDens. nBins          : 70
Seed                      : 0
=========================================

Initial parameters: 4, 	1, 	5, 	
Optimal parameters: 3.95863351, 	1.97827685, 	5, 	
VMC Optimization done (in 76.9947153 s).

FinalMC energy: -1.234705993e+03 +- 2.484287280e-01
Acceptance ratio: 2.694988251e-02
FinalMC done (in 15.3211727 s).

Blocking_0 energy: -7.147449727e+02 +- 1.672973018e-08
Blocking_1 energy: -5.032134835e+02 +- 8.199457112e-09
Blocking_2 energy: -1.369605136e+03 +- 6.577726509e+00
Blocking_3 energy: -2.351260379e+03 +- 3.749941197e+00
Final blocking energy: -1.234705993e+03 +- 1.892890399e+00
Blocking analysis done (in 0.118350111 s).

One-body density done (in 1.07930288 s).

Mesh plot done (in 201.750283 s).

=========================================
