=========================================
               VMC RUN LOG               
=========================================
Date and time             : 2026-08-10 15:58:29
-----------------------------------------
[ SYSTEM & MODELS ]
Hamiltonian               : LennardJonesHO
WF Train Type             : EllipticGaussian
WaveFunction              : LJGaussian
Solver                    : MetropolisHastings
preferAnalytic            : true
-----------------------------------------
[ PHYSICAL PARAMETERS ]
dimensions (D)            : 3
particles (N)             : 4
min_dist                  : 1
max_radius                : 1e+06
omega                     : 0.111803
omega_z                   : 0.027951
LJsigma                   : 1
LJenEps                   : 1
LJalpha                   : 1
LJGaussian_loc_Ken_method : 0
rep_a_factor              : 0.05
rep_strength              : inf
maxStrength               : 1
pre-optimization params   : [ 4, 1, 5 ]
param-optimization mask   : [ true, true, false ]
-----------------------------------------
[ MONTE CARLO & OPTIMIZATION ENGINES ]
time Step                 : 0.1
Equilibr. Steps           : 50000
BFGS MC Steps             : 1000000
BFGS_tol                  : 1e-05
Final MC Steps            : 2^23 (8388608)
-----------------------------------------
[ PARAMETER MESH ]
lower bounds              : [ 3, 0.95, 5 ]
upper bounds              : [ 4.5, 1.25, 5 ]
number of points          : [ 9, 9, 1 ]
Mesh MC Steps             : 2^21 (2097152)
-----------------------------------------
[ NEURAL NETWORK ]
Nhid                      : 10
Activation Func           : tanh
Learning Rate             : 0.05
Pretrain Steps            : 200
Energy Steps              : 1100
Adiab Steps               : 100
Adam_ktol                 : 0.99
max_patience              : 80
min_improvement           : 0.02
helpDecay                 : 0.4
-----------------------------------------
[ OBSERVABLES & MISC ]
1bodyDens. Steps          : 500000
1bodyDens. rMax           : 4.5
1bodyDens. nBins          : 70
Seed                      : 0
=========================================

Initial parameters: 4, 	1, 	5, 	
Optimal parameters: 3.99326853, 	1.10259844, 	5, 	
VMC Optimization done (in 22.1412998 s).

FinalMC energy: 2.144292772e-01 +- 9.278304712e-05
Acceptance ratio: 9.137606621e-01
FinalMC done (in 7.34472748 s).

Blocking_0 energy: 2.110918663e-01 +- 5.803661434e-03
Blocking_1 energy: 2.059080222e-01 +- 9.998639758e-04
Blocking_2 energy: 2.060162471e-01 +- 7.551749790e-04
Blocking_3 energy: 2.347009730e-01 +- 2.700259912e-02
Final blocking energy: 2.144292772e-01 +- 6.911913909e-03
Blocking analysis done (in 0.117630955 s).

One-body density done (in 0.718199084 s).

Mesh plot done (in 159.416673 s).

=========================================
