=========================================
               VMC RUN LOG               
=========================================
Date and time    : 2026-08-06 13:36:07
-----------------------------------------
[ SYSTEM & MODELS ]
Hamiltonian      : LennardJonesHO
WF Train Type    : EllipticGaussian
WaveFunction     : LJGaussian
Solver           : MetropolisHastings
preferAnalytic   : false
-----------------------------------------
[ PHYSICAL PARAMETERS ]
dimensions (D)   : 1
particles (N)    : 2
omega            : 1
omega_z          : 1
LJsigma          : 1
LJenEps          : 5
LJalpha          : 1
rep_a_factor     : 0.05
rep_strength     : inf
maxStrength      : 1
-----------------------------------------
[ MONTE CARLO & OPTIMIZATION ]
time Step        : 0.15
Equilibr. Steps  : 10000
BFGS MC Steps    : 1000000
BFGS_tol         : 1e-05
Final MC Steps   : 2^23 (8.38861e+06)
-----------------------------------------
[ NEURAL NETWORK ]
Nhid             : 10
Activation Func  : tanh
Learning Rate    : 0.05
Pretrain Steps   : 200
Energy Steps     : 1100
Adiab Steps      : 100
Adam_ktol        : 0.99
max_patience     : 80
min_improvement  : 0.02
helpDecay        : 0.4
-----------------------------------------
[ OBSERVABLES & MISC ]
1bodyDens. Steps : 100000
1bodyDens. rMax  : 3.5
1bodyDens. nBins : 50
Seed             : 0
=========================================

Initial parameters: 1, 	1, 	1, 	
Optimal parameters: 1.3955508, 	2.18641486, 	5, 	
VMC Optimization done (in 10.9430731 s).

FinalMC energy: 3.595411365e+00 +- 1.020110814e-03
Acceptance ratio: 9.059462547e-01
FinalMC done (in 3.13658553 s).

Blocking_0 energy: 3.597994589e+00 +- 4.787530497e-03
Blocking_1 energy: 3.590148228e+00 +- 5.614335823e-03
Blocking_2 energy: 3.595720086e+00 +- 5.506927671e-03
Blocking_3 energy: 3.597782557e+00 +- 4.588176848e-03
Final blocking energy: 3.595411365e+00 +- 2.571707047e-03
Blocking analysis done (in 0.127337168 s).

One-body density done (in 0.051688288 s).

=========================================
