=========================================
               VMC RUN LOG               
=========================================
Date and time    : 2026-08-05 19:51:40
-----------------------------------------
[ SYSTEM & MODELS ]
Hamiltonian      : HarmonicOscillator
WF Train Type    : EllipticGaussian
WaveFunction     : EllipticGaussian
Solver           : MetropolisHastings
preferAnalytic   : true
-----------------------------------------
[ PHYSICAL PARAMETERS ]
dimensions (D)   : 3
particles (N)    : 10
omega            : 1
omega_z          : 2.824
rep_a_factor     : 0.0043
rep_strength     : inf
maxStrength      : 1
-----------------------------------------
[ MONTE CARLO & OPTIMIZATION ]
time Step        : 0.15
Equilibr. Steps  : 10000
BFGS MC Steps    : 1000000
BFGS_tol         : 1e-05
Final MC Steps   : 2^20 (1.04858e+06)
-----------------------------------------
[ NEURAL NETWORK ]
Nhid             : 10
Activation Func  : tanh
Learning Rate    : 0.05
Pretrain Steps   : 200
Energy Steps     : 1100
Adiab Steps      : 100
Adam_ktol        : 0.99
max_patience     : 80
min_improvement  : 0.02
helpDecay        : 0.4
-----------------------------------------
[ OBSERVABLES & MISC ]
1bodyDens. Steps : 100000
1bodyDens. rMax  : 3.5
1bodyDens. nBins : 50
Seed             : 0
=========================================

Initial parameters: 0.5, 	2.82, 	
Optimal parameters: 0.501194621, 	1.00014545, 	
VMC Optimization done (in 6.52267063 s).

FinalMC energy: 1.500008084e+01 +- 9.229586679e-06
Acceptance ratio: 9.736137390e-01
FinalMC done (in 0.167327224 s).

Blocking_0 energy: 1.500004870e+01 +- 1.389999446e-04
Blocking_1 energy: 1.500006418e+01 +- 1.433425201e-04
Blocking_2 energy: 1.500007301e+01 +- 1.592712290e-04
Blocking_3 energy: 1.500013747e+01 +- 1.444361202e-04
Final blocking energy: 1.500008084e+01 +- 7.335580238e-05
Blocking analysis done (in 0.013279393 s).

One-body density done (in 0.046768879 s).

=========================================
