=========================================
               VMC RUN LOG               
=========================================
Date and time             : 2026-08-09 14:47:04
-----------------------------------------
[ SYSTEM & MODELS ]
Hamiltonian               : LennardJonesHO_noInteraction
WF Train Type             : EllipticGaussian
WaveFunction              : LJGaussian
Solver                    : MetropolisHastings
preferAnalytic            : true
-----------------------------------------
[ PHYSICAL PARAMETERS ]
dimensions (D)            : 3
particles (N)             : 2
min_dist                  : 1
max_radius                : 10000
omega                     : 1
omega_z                   : 2.8
LJsigma                   : 0.5
LJenEps                   : 5
LJalpha                   : 1
LJGaussian_loc_Ken_method : 0
rep_a_factor              : 0.05
rep_strength              : inf
maxStrength               : 1
pre-optimization params   : [ 1, 0, 5 ]
param-optimization mask   : [ true, false, false ]
-----------------------------------------
[ MONTE CARLO & OPTIMIZATION ENGINES ]
time Step                 : 0.15
Equilibr. Steps           : 10000
BFGS MC Steps             : 10000
BFGS_tol                  : 1e-05
Final MC Steps            : 2^23 (8388608)
-----------------------------------------
[ PARAMETER MESH ]
lower bounds              : [ 0.01, 0, 5 ]
upper bounds              : [ 0.1, 0, 5 ]
number of points          : [ 30, 1, 1 ]
Mesh MC Steps             : 2^18 (262144)
-----------------------------------------
[ NEURAL NETWORK ]
Nhid                      : 10
Activation Func           : tanh
Learning Rate             : 0.05
Pretrain Steps            : 200
Energy Steps              : 1100
Adiab Steps               : 100
Adam_ktol                 : 0.99
max_patience              : 80
min_improvement           : 0.02
helpDecay                 : 0.4
-----------------------------------------
[ OBSERVABLES & MISC ]
1bodyDens. Steps          : 100000
1bodyDens. rMax           : 3.5
1bodyDens. nBins          : 50
Seed                      : 0
=========================================

Initial parameters: 1, 	0, 	5, 	
Optimal parameters: 0.01, 	0, 	5, 	
VMC Optimization done (in 0.301215792 s).

FinalMC energy: -3.109251260e+03 +- 2.580497915e-01
Acceptance ratio: 0.000000000e+00
FinalMC done (in 3.65525253 s).

Blocking_0 energy: -3.925216644e+03 +- 2.995420800e-08
Blocking_1 energy: -2.107401817e+03 +- 1.162106855e-09
Blocking_2 energy: -3.725452849e+03 +- 6.826644494e-08
Blocking_3 energy: -2.678933730e+03 +- 3.436070983e-08
Final blocking energy: -3.109251260e+03 +- 2.052372249e-08
Blocking analysis done (in 0.126743992 s).

Mesh plot done (in 4.53589729 s).

=========================================
