=========================================
               VMC RUN LOG               
=========================================
Date and time             : 2026-08-10 23:16:28
-----------------------------------------
[ SYSTEM & MODELS ]
Hamiltonian               : LennardJonesHO
WF Train Type             : EllipticGaussian
WaveFunction              : LJGaussian
Solver                    : MetropolisHastings
preferAnalytic            : true
-----------------------------------------
[ PHYSICAL PARAMETERS ]
dimensions (D)            : 3
particles (N)             : 4
min_dist                  : 1
max_radius                : 1e+06
omega                     : 0.111803
omega_z                   : 0.027951
LJsigma                   : 1
LJenEps                   : 1
LJalpha                   : 1
LJGaussian_loc_Ken_method : 0
rep_a_factor              : 0.01
rep_strength              : inf
maxStrength               : 1
pre-optimization params   : [ 4, 1, 5 ]
param-optimization mask   : [ true, true, false ]
-----------------------------------------
[ MONTE CARLO & OPTIMIZATION ENGINES ]
time Step                 : 0.1
Equilibr. Steps           : 200000
BFGS MC Steps             : 10000000
BFGS_tol                  : 1e-05
BFGS_VarOpt_weight        : 0.05
Final MC Steps            : 2^24 (16777216)
-----------------------------------------
[ PARAMETER MESH ]
lower bounds              : [ 1.5, 0.95, 5 ]
upper bounds              : [ 4.5, 1.25, 5 ]
number of points          : [ 9, 9, 1 ]
Mesh MC Steps             : 2^21 (2097152)
-----------------------------------------
[ NEURAL NETWORK ]
Nhid                      : 10
Activation Func           : tanh
Learning Rate             : 0.05
Pretrain Steps            : 200
Energy Steps              : 1100
Adiab Steps               : 100
Adam_ktol                 : 0.99
max_patience              : 80
min_improvement           : 0.02
helpDecay                 : 0.4
-----------------------------------------
[ OBSERVABLES & MISC ]
1bodyDens. Steps          : 500000
1bodyDens. rMax           : 4.5
1bodyDens. nBins          : 70
Seed                      : 0
=========================================

Initial parameters: 4, 	1, 	5, 	
Optimal parameters: 2.70142433, 	1.11772593, 	5, 	
VMC Optimization done (in 272.605828 s).

FinalMC energy: 1.883307932e-01 +- 3.616984895e-05
Acceptance ratio: 8.964266181e-01
FinalMC done (in 15.133552 s).

Blocking_0 energy: 1.881834646e-01 +- 8.914171356e-04
Blocking_1 energy: 1.911841073e-01 +- 2.206889115e-03
Blocking_2 energy: 1.864533982e-01 +- 3.998644719e-04
Blocking_3 energy: 1.875022026e-01 +- 3.627852944e-04
Final blocking energy: 1.883307932e-01 +- 6.101479761e-04
Blocking analysis done (in 0.259872884 s).

One-body density done (in 0.88535182 s).

Mesh plot done (in 173.459573 s).

=========================================
