=========================================
               VMC RUN LOG               
=========================================
Date and time             : 2026-08-12 21:17:48
-----------------------------------------
[ SYSTEM & MODELS ]
Hamiltonian               : LennardJonesHO
WF Train Type             : EllipticGaussian
WaveFunction              : LJGaussian
Solver                    : SwappingMH
preferAnalytic            : true
-----------------------------------------
[ PHYSICAL PARAMETERS ]
dimensions (D)            : 3
particles (N)             : 6
min_dist                  : 1
max_radius                : 1e+06
omega                     : 0.111803
omega_z                   : 0.027951
LJsigma                   : 1
LJenEps                   : 1
LJalpha                   : 0.4
LJGaussian_loc_Ken_method : 0
rep_a_factor              : 0.01
rep_strength              : inf
maxStrength               : 1
pre-optimization params   : [ 4, 1, 1 ]
param-optimization mask   : [ true, true, true ]
use_jsonParams            : true
json params               : [ 3.98009743, 1.12619699, 1 ]
-----------------------------------------
[ MONTE CARLO & OPTIMIZATION ENGINES ]
optimizer                 : Adam
time Step                 : 0.1
Equilibr. Steps           : 200000
optimizationMCsteps       : 1000000
BFGS_tol                  : 1e-08
Adam_lr                   : 0.02
Adam_nSteps               : 350
Adam_min_improvement      : 0.01
Adam_max_patience         : 40
varOpt_weight             : 0.05
Final MC Steps            : 2^27 (134217728)
-----------------------------------------
[ PARAMETER MESH ]
lower bounds              : [ 1.5, 0.95, 0.95 ]
upper bounds              : [ 4.5, 1.25, 1.25 ]
number of points          : [ 9, 5, 5 ]
Mesh MC Steps             : 2^21 (2097152)
-----------------------------------------
[ NEURAL NETWORK ]
Nhid                      : 10
Activation Func           : tanh
NN Learning Rate          : 0.05
Pretrain Steps            : 200
Energy Steps              : 1100
Adiab Steps               : 100
Adam_ktol                 : 0.99
max_patience              : 80
min_improvement           : 0.02
helpDecay                 : 0.4
-----------------------------------------
[ OBSERVABLES & MISC ]
1bodyDens. Steps          : 10000000
1bodyDens. rMax           : 5.5
1bodyDens. nBins          : 100
Seed                      : 0
=========================================
Called toggles            : [ true, true, true, false ]
=========================================

Initial parameters: 4, 	1, 	1, 	
Optimal parameters: 4.84389627, 	1.07599373, 	2.26904459, 	
VMC Optimization done (in 25515.1005 s).

FinalMC energy: 6.432280539e-01 +- 3.237645381e-05
Acceptance ratio: 9.059278965e-01
FinalMC done (in 183.266294 s).

Blocking_0 energy: 6.433619996e-01 +- 2.174425058e-04
Blocking_1 energy: 6.433190670e-01 +- 2.184076912e-04
Blocking_2 energy: 6.430348364e-01 +- 2.181013176e-04
Blocking_3 energy: 6.431963128e-01 +- 2.158781946e-04
Final blocking energy: 6.432280539e-01 +- 1.087298092e-04
Blocking analysis done (in 2.25130221 s).

One-body density done (in 12.9013263 s).

=========================================
