=========================================
               VMC RUN LOG               
=========================================
Date and time             : 2026-08-10 23:49:02
-----------------------------------------
[ SYSTEM & MODELS ]
Hamiltonian               : LennardJonesHO
WF Train Type             : EllipticGaussian
WaveFunction              : LJGaussian
Solver                    : MetropolisHastings
preferAnalytic            : true
-----------------------------------------
[ PHYSICAL PARAMETERS ]
dimensions (D)            : 3
particles (N)             : 2
min_dist                  : 1
max_radius                : 1e+06
omega                     : 0.111803
omega_z                   : 0.027951
LJsigma                   : 1
LJenEps                   : 1
LJalpha                   : 1
LJGaussian_loc_Ken_method : 0
rep_a_factor              : 0.01
rep_strength              : inf
maxStrength               : 1
pre-optimization params   : [ 4, 1, 5 ]
param-optimization mask   : [ true, true, false ]
-----------------------------------------
[ MONTE CARLO & OPTIMIZATION ENGINES ]
time Step                 : 0.1
Equilibr. Steps           : 200000
BFGS MC Steps             : 10000000
BFGS_tol                  : 1e-05
BFGS_VarOpt_weight        : 0.05
Final MC Steps            : 2^24 (16777216)
-----------------------------------------
[ PARAMETER MESH ]
lower bounds              : [ 1.5, 0.95, 5 ]
upper bounds              : [ 4.5, 1.25, 5 ]
number of points          : [ 9, 9, 1 ]
Mesh MC Steps             : 2^21 (2097152)
-----------------------------------------
[ NEURAL NETWORK ]
Nhid                      : 10
Activation Func           : tanh
Learning Rate             : 0.05
Pretrain Steps            : 200
Energy Steps              : 1100
Adiab Steps               : 100
Adam_ktol                 : 0.99
max_patience              : 80
min_improvement           : 0.02
helpDecay                 : 0.4
-----------------------------------------
[ OBSERVABLES & MISC ]
1bodyDens. Steps          : 500000
1bodyDens. rMax           : 4.5
1bodyDens. nBins          : 70
Seed                      : 0
=========================================

Initial parameters: 4, 	1, 	5, 	
Optimal parameters: 3.98009743, 	1.08772072, 	5, 	
VMC Optimization done (in 80.8374255 s).

FinalMC energy: 1.322410169e-01 +- 1.849333451e-05
Acceptance ratio: 9.121913314e-01
FinalMC done (in 6.44605832 s).

Blocking_0 energy: 1.326246448e-01 +- 4.467483004e-04
Blocking_1 energy: 1.322133147e-01 +- 5.367174877e-04
Blocking_2 energy: 1.314229804e-01 +- 1.293476071e-04
Blocking_3 energy: 1.327031278e-01 +- 1.072857328e-03
Final blocking energy: 1.322410169e-01 +- 3.216561979e-04
Blocking analysis done (in 0.253579724 s).

One-body density done (in 0.50055075 s).

Mesh plot done (in 75.6155872 s).

=========================================
