=========================================
               VMC RUN LOG               
=========================================
Date and time             : 2026-08-16 19:26:16
-----------------------------------------
[ SYSTEM & MODELS ]
Hamiltonian               : LennardJonesHO
WF Train Type             : EllipticGaussian
WaveFunction              : LJGaussian
Solver                    : SwappingMH
useUmrigarDrift           : true
preferAnalytic            : true
numberOfThreads           : 16
-----------------------------------------
[ PHYSICAL PARAMETERS ]
dimensions (D)            : 3
particles (N)             : 8
kinetic_factor            : 0.1
min_dist                  : 0.1
max_radius                : 10
omega                     : 0.111803
omega_z                   : 0.027951
LJsigma                   : 1
LJenEps                   : 1
LJalpha                   : 1
LJGaussian_loc_Ken_method : 0
rep_a_factor              : 0.0043
rep_strength              : inf
maxStrength               : 1
pre-optimization params   : [ 4, 1, 1 ]
param-optimization mask   : [ true, true, true ]
use_jsonParams            : true
json params               : [ 3.47841797, 0, 1.12333984 ]
-----------------------------------------
[ MONTE CARLO & OPTIMIZATION ENGINES ]
optimizer                 : NLOPT_NELDERMEAD
time Step                 : 0.1
Equilibr. Steps           : 500000
optimizationMCsteps       : 8000000
NLOPT_tol                 : 1e-05
Adam_lr                   : 0.01
Adam_nSteps               : 120
Adam_min_improvement      : 0.01
Adam_max_patience         : 20
varOpt_weight             : 0.05
Final MC Steps            : 2^27 (134217728)
-----------------------------------------
[ PARAMETER MESH ]
lower bounds              : [ 2, 0.8, 0.8 ]
upper bounds              : [ 5, 1.5, 1.5 ]
number of points          : [ 10, 10, 10 ]
Mesh MC Steps             : 2^23 (8388608)
-----------------------------------------
[ NEURAL NETWORK ]
Nhid                      : 10
Activation Func           : tanh
NN Learning Rate          : 0.05
Pretrain Steps            : 200
Energy Steps              : 1100
Adiab Steps               : 100
Adam_ktol                 : 0.99
max_patience              : 80
min_improvement           : 0.02
helpDecay                 : 0.4
-----------------------------------------
[ OBSERVABLES & MISC ]
1bodyDens. Steps          : 10000000
1bodyDens. rMax           : 5.5
1bodyDens. nBins          : 100
Seed                      : 0
=========================================
Called toggles            : [ true, true, true, true ]
=========================================

Initial parameters: 4, 	1, 	1, 	
Optimal parameters: 2.17521394, 	1.1247124, 	1.13078686, 	
VMC Optimization done (in 1941.79603 s).

FinalMC energy: 9.982890082e-02 +- 2.992400194e-05
Acceptance ratio: 9.003986344e-01
FinalMC done (in 199.079969 s).

Blocking_0 energy: 1.001621724e-01 +- 4.482212966e-04
Blocking_1 energy: 1.001771803e-01 +- 4.842624608e-04
Blocking_2 energy: 9.949037003e-02 +- 4.925791053e-04
Blocking_3 energy: 1.000849400e-01 +- 4.572071224e-04
Blocking_4 energy: 9.967178313e-02 +- 4.632956478e-04
Blocking_5 energy: 9.997129169e-02 +- 4.702019284e-04
Blocking_6 energy: 9.939949166e-02 +- 4.588558627e-04
Blocking_7 energy: 9.935292808e-02 +- 4.399592294e-04
Blocking_8 energy: 9.994397456e-02 +- 4.600343221e-04
Blocking_9 energy: 9.938459510e-02 +- 4.823722482e-04
Blocking_10 energy: 1.000136048e-01 +- 4.627758860e-04
Blocking_11 energy: 1.005041070e-01 +- 4.741139017e-04
Blocking_12 energy: 9.944738718e-02 +- 4.512536204e-04
Blocking_13 energy: 9.997508051e-02 +- 4.729466730e-04
Blocking_14 energy: 9.999578241e-02 +- 4.930734623e-04
Blocking_15 energy: 9.968772435e-02 +- 4.502385116e-04
Final blocking energy: 9.982890082e-02 +- 1.166480943e-04
Blocking analysis done (in 1.17129443 s).

One-body density done (in 11.0991372 s).

Mesh plot done (in 14915.9485 s).

=========================================
