=========================================
               VMC RUN LOG               
=========================================
Date and time             : 2026-08-12 14:57:27
-----------------------------------------
[ SYSTEM & MODELS ]
Hamiltonian               : LennardJonesHO
WF Train Type             : EllipticGaussian
WaveFunction              : LJGaussian
Solver                    : SwappingMH
preferAnalytic            : true
-----------------------------------------
[ PHYSICAL PARAMETERS ]
dimensions (D)            : 3
particles (N)             : 2
min_dist                  : 1
max_radius                : 1e+06
omega                     : 0.111803
omega_z                   : 0.027951
LJsigma                   : 1
LJenEps                   : 1
LJalpha                   : 1
LJGaussian_loc_Ken_method : 0
rep_a_factor              : 0.01
rep_strength              : inf
maxStrength               : 1
pre-optimization params   : [ 4, 1, 5 ]
param-optimization mask   : [ true, true, false ]
use_jsonParams            : true
json params               : [ 3.98009743, 1.12619699, 5 ]
-----------------------------------------
[ MONTE CARLO & OPTIMIZATION ENGINES ]
optimizer                 : Adam
time Step                 : 0.1
Equilibr. Steps           : 200000
optimizationMCsteps       : 5000000
BFGS_tol                  : 1e-08
Adam_lr                   : 0.05
Adam_nMax                 : 200
varOpt_weight             : 0.05
Final MC Steps            : 2^24 (16777216)
-----------------------------------------
[ PARAMETER MESH ]
lower bounds              : [ 1.5, 0.95, 5 ]
upper bounds              : [ 4.5, 1.25, 5 ]
number of points          : [ 9, 9, 1 ]
Mesh MC Steps             : 2^21 (2097152)
-----------------------------------------
[ NEURAL NETWORK ]
Nhid                      : 10
Activation Func           : tanh
NN Learning Rate          : 0.05
Pretrain Steps            : 200
Energy Steps              : 1100
Adiab Steps               : 100
Adam_ktol                 : 0.99
max_patience              : 80
min_improvement           : 0.02
helpDecay                 : 0.4
-----------------------------------------
[ OBSERVABLES & MISC ]
1bodyDens. Steps          : 10000000
1bodyDens. rMax           : 5.5
1bodyDens. nBins          : 100
Seed                      : 0
=========================================
Called toggles            : [ true, true, true, true ]
=========================================

Initial parameters: 4, 	1, 	5, 	
Optimal parameters: 3.36780446, 	0.966095793, 	5, 	
VMC Optimization done (in 996.615553 s).

FinalMC energy: 1.170580107e-01 +- 3.504939857e-05
Acceptance ratio: 9.063313603e-01
FinalMC done (in 6.05029452 s).

Blocking_0 energy: 1.162119422e-01 +- 8.834787985e-05
Blocking_1 energy: 1.177882923e-01 +- 1.109882049e-04
Blocking_2 energy: 1.177688491e-01 +- 1.112624461e-04
Blocking_3 energy: 1.164629593e-01 +- 9.682672506e-05
Final blocking energy: 1.170580107e-01 +- 5.116057815e-05
Blocking analysis done (in 0.291636064 s).

One-body density done (in 6.965518 s).

Mesh plot done (in 81.9322461 s).

=========================================
