=========================================
               VMC RUN LOG               
=========================================
Date and time             : 2026-09-04 21:55:27
-----------------------------------------
[ SYSTEM & MODELS ]
Hamiltonian               : LennardJonesHO
WF Train Type             : LJGaussian
WaveFunction              : LJGaussian
Solver                    : SwappingMH
enSamplerType             : Separate
useUmrigarDrift           : true
preferAnalytic            : true
numberOfThreads           : 4
-----------------------------------------
[ PHYSICAL PARAMETERS ]
dimensions (D)            : 3
particles (N)             : 12
kinetic_factor            : 0.1
min_dist                  : 0.1
max_radius                : 10
omega                     : 0.027951
omega_z                   : 0.027951
LJsigma                   : 1
LJenEps                   : 1
LJalpha                   : 1
LJGaussian_loc_Ken_method : 0
rep_a_factor              : 0.0043
rep_strength              : inf
maxStrength               : 1
pre-optimization params   : [ 4, 0, 1 ]
param-optimization mask   : [ true, false, true ]
use_jsonParams            : true
json params               : [ 2.3599, 1.1301, 1.1314 ]
-----------------------------------------
[ MONTE CARLO & OPTIMIZATION ENGINES ]
optimizer                 : NLOPT_BFGS
log_grads                 : true
time Step                 : 0.1
Equilibr. Steps           : 500000
optimizationMCsteps       : 8000000
autoMCincr_wait           : 100
Final MC Steps            : 2^24 (16777216)
NLOPT_tol                 : 1e-05
Adam_lr                   : 0.03
Adam_nSteps               : 1000
Adam_min_improvement      : 0.0001
Adam_max_patience         : 300
NelderMead first guess    : + [ 0.5, 0.05, 0.05 ]
varOpt_weight             : 0.0005
LJ_request_Ekin           : false
log_blocking              : true
-----------------------------------------
[ PARAMETER MESH ]
lower bounds              : [ 2, 0, 0 ]
upper bounds              : [ 7, 0, 0 ]
number of points          : [ 5, 1, 1 ]
Mesh MC Steps             : 2^23 (8388608)
-----------------------------------------
[ NEURAL NETWORK ]
Nhid                      : 12
Activation Func           : tanh
NN Learning Rate          : 0.1
Pretrain Steps            : 1000
Energy Steps              : 4000
Adiab Steps               : 1500
Adam_ktol                 : 0.99
max_patience              : 50
min_improvement           : 0.02
helpDecay                 : 0.05
-----------------------------------------
[ OBSERVABLES & MISC ]
Normalize by nParticles   : true
calc_normalized_PCF       : true
PCF reference params      : [ 16, 0, 0 ]
1bodyDens. Steps          : 20000000
1bodyDens. rMax           : 9
1bodyDens. nBins          : 150
uncorrRefDraws            : 30000000
Seed                      : 0
=========================================
Called toggles            : [ false, true, false, false ]
=========================================

FinalMC energy: -5.311399375e-01 +- 1.237414924e-04
Acceptance ratio: 8.950130939e-01
Printing specials:
energies[0]:  -5.3113993751387e-01
energies_var[0]:   2.5689200912381e-01
energies[1]:   2.8197409207180e+00
energies_var[1]:   8.4024801463430e+00
energies[2]:   2.5176484070628e-02
energies_var[2]:   1.5590963210571e-05
energies[3]:  -1.5348378493952e+00
energies_var[3]:   3.9570166751871e+00
energies[4]:  -1.8412194929073e+00
energies_var[4]:   4.8674452358056e+00
FinalMC done (in 105.213793402 s).

Blocking_0 energy: -5.301758337e-01 +- 1.243115566e-03
Blocking_1 energy: -5.326902595e-01 +- 1.268863740e-03
Blocking_2 energy: -5.320855738e-01 +- 1.197138098e-03
Blocking_3 energy: -5.296080831e-01 +- 1.167947365e-03
Final blocking energy: -5.311399375e-01 +- 6.099483674e-04
Blocking analysis done (in 0.341604785 s).

=========================================
