=========================================
               VMC RUN LOG               
=========================================
Date and time             : 2026-08-16 17:29:28
-----------------------------------------
[ SYSTEM & MODELS ]
Hamiltonian               : LennardJonesHO
WF Train Type             : EllipticGaussian
WaveFunction              : LJGaussian
Solver                    : SwappingMH
useUmrigarDrift           : true
preferAnalytic            : true
numberOfThreads           : 4
-----------------------------------------
[ PHYSICAL PARAMETERS ]
dimensions (D)            : 3
particles (N)             : 6
kinetic_factor            : 0.1
min_dist                  : 0.1
max_radius                : 10
omega                     : 0.111803
omega_z                   : 0.027951
LJsigma                   : 1
LJenEps                   : 1
LJalpha                   : 1
LJGaussian_loc_Ken_method : 0
rep_a_factor              : 0.0043
rep_strength              : inf
maxStrength               : 1
pre-optimization params   : [ 4, 1, 1 ]
param-optimization mask   : [ true, true, true ]
use_jsonParams            : true
json params               : [ 3.47841797, 0, 1.12333984 ]
-----------------------------------------
[ MONTE CARLO & OPTIMIZATION ENGINES ]
optimizer                 : NLOPT_NELDERMEAD
time Step                 : 0.1
Equilibr. Steps           : 500000
optimizationMCsteps       : 8000000
NLOPT_tol                 : 1e-05
Adam_lr                   : 0.01
Adam_nSteps               : 120
Adam_min_improvement      : 0.01
Adam_max_patience         : 20
varOpt_weight             : 0.05
Final MC Steps            : 2^27 (134217728)
-----------------------------------------
[ PARAMETER MESH ]
lower bounds              : [ 2, 0.8, 0.8 ]
upper bounds              : [ 5, 1.5, 1.5 ]
number of points          : [ 10, 10, 10 ]
Mesh MC Steps             : 2^24 (16777216)
-----------------------------------------
[ NEURAL NETWORK ]
Nhid                      : 10
Activation Func           : tanh
NN Learning Rate          : 0.05
Pretrain Steps            : 200
Energy Steps              : 1100
Adiab Steps               : 100
Adam_ktol                 : 0.99
max_patience              : 80
min_improvement           : 0.02
helpDecay                 : 0.4
-----------------------------------------
[ OBSERVABLES & MISC ]
1bodyDens. Steps          : 10000000
1bodyDens. rMax           : 5.5
1bodyDens. nBins          : 100
Seed                      : 0
=========================================
Called toggles            : [ true, true, true, true ]
=========================================

Initial parameters: 4, 	1, 	1, 	
Optimal parameters: 2.32848143, 	1.12974188, 	1.12717888, 	
VMC Optimization done (in 3043.26186 s).

FinalMC energy: 1.736811098e-01 +- 1.855838180e-05
Acceptance ratio: 9.076071307e-01
FinalMC done (in 197.468556 s).

Blocking_0 energy: 1.735503343e-01 +- 1.250636902e-04
Blocking_1 energy: 1.737303766e-01 +- 1.094300554e-04
Blocking_2 energy: 1.737380890e-01 +- 1.391337800e-04
Blocking_3 energy: 1.737056392e-01 +- 1.267747794e-04
Final blocking energy: 1.736811098e-01 +- 6.277236506e-05
Blocking analysis done (in 2.54313155 s).

One-body density done (in 14.2429522 s).

Mesh plot done (in 24232.3392 s).

=========================================
