=========================================
               VMC RUN LOG               
=========================================
Date and time             : 2026-09-04 22:03:00
-----------------------------------------
[ SYSTEM & MODELS ]
Hamiltonian               : LennardJonesHO
WF Train Type             : LJGaussian
WaveFunction              : LJGaussian
Solver                    : SwappingMH
enSamplerType             : Separate
useUmrigarDrift           : true
preferAnalytic            : true
numberOfThreads           : 4
-----------------------------------------
[ PHYSICAL PARAMETERS ]
dimensions (D)            : 3
particles (N)             : 2
kinetic_factor            : 0.1
min_dist                  : 0.1
max_radius                : 10
omega                     : 0.027951
omega_z                   : 0.027951
LJsigma                   : 1
LJenEps                   : 1
LJalpha                   : 0.05
LJGaussian_loc_Ken_method : 0
rep_a_factor              : 0.0043
rep_strength              : inf
maxStrength               : 1
pre-optimization params   : [ 4, 0, 1 ]
param-optimization mask   : [ true, false, true ]
use_jsonParams            : true
json params               : [ 16.966, 0, 0.9459 ]
-----------------------------------------
[ MONTE CARLO & OPTIMIZATION ENGINES ]
optimizer                 : NLOPT_BFGS
log_grads                 : true
time Step                 : 0.1
Equilibr. Steps           : 500000
optimizationMCsteps       : 8000000
autoMCincr_wait           : 100
Final MC Steps            : 2^24 (16777216)
NLOPT_tol                 : 1e-05
Adam_lr                   : 0.03
Adam_nSteps               : 1000
Adam_min_improvement      : 0.0001
Adam_max_patience         : 300
NelderMead first guess    : + [ 0.5, 0.05, 0.05 ]
varOpt_weight             : 0.0005
LJ_request_Ekin           : false
log_blocking              : true
-----------------------------------------
[ PARAMETER MESH ]
lower bounds              : [ 2, 0, 0 ]
upper bounds              : [ 7, 0, 0 ]
number of points          : [ 5, 1, 1 ]
Mesh MC Steps             : 2^23 (8388608)
-----------------------------------------
[ NEURAL NETWORK ]
Nhid                      : 12
Activation Func           : tanh
NN Learning Rate          : 0.1
Pretrain Steps            : 1000
Energy Steps              : 4000
Adiab Steps               : 1500
Adam_ktol                 : 0.99
max_patience              : 50
min_improvement           : 0.02
helpDecay                 : 0.05
-----------------------------------------
[ OBSERVABLES & MISC ]
Normalize by nParticles   : true
calc_normalized_PCF       : true
PCF reference params      : [ 16, 0, 0 ]
1bodyDens. Steps          : 20000000
1bodyDens. rMax           : 9
1bodyDens. nBins          : 150
uncorrRefDraws            : 30000000
Seed                      : 0
=========================================
Called toggles            : [ false, true, false, false ]
=========================================

FinalMC energy: 3.990509094e-02 +- 1.938559551e-05
Acceptance ratio: 9.030852914e-01
Printing specials:
energies[0]:   3.9905090937817e-02
energies_var[0]:   6.3048998042134e-03
energies[1]:   1.9974702406019e-02
energies_var[1]:   1.4944519946825e-02
energies[2]:   1.9958378274566e-02
energies_var[2]:   1.3144362552316e-04
energies[3]:   0.0000000000000e+00
energies_var[3]:   0.0000000000000e+00
energies[4]:  -2.7989742769190e-05
energies_var[4]:   2.1583761724020e-03
FinalMC done (in 7.868291667 s).

Blocking_0 energy: 3.994988896e-02 +- 4.195242850e-05
Blocking_1 energy: 3.983860596e-02 +- 6.387124299e-05
Blocking_2 energy: 3.998740480e-02 +- 4.419776032e-05
Blocking_3 energy: 3.984446403e-02 +- 4.272410125e-05
Final blocking energy: 3.990509094e-02 +- 2.451827480e-05
Blocking analysis done (in 0.32742091 s).

=========================================
