=========================================
               VMC RUN LOG               
=========================================
Date and time             : 2026-08-10 17:31:04
-----------------------------------------
[ SYSTEM & MODELS ]
Hamiltonian               : LennardJonesHO
WF Train Type             : EllipticGaussian
WaveFunction              : LJGaussian
Solver                    : MetropolisHastings
preferAnalytic            : true
-----------------------------------------
[ PHYSICAL PARAMETERS ]
dimensions (D)            : 3
particles (N)             : 4
min_dist                  : 1
max_radius                : 1e+06
omega                     : 0.111803
omega_z                   : 0.027951
LJsigma                   : 1
LJenEps                   : 1
LJalpha                   : 1
LJGaussian_loc_Ken_method : 0
rep_a_factor              : 0.05
rep_strength              : inf
maxStrength               : 1
pre-optimization params   : [ 4, 1, 5 ]
param-optimization mask   : [ true, true, false ]
-----------------------------------------
[ MONTE CARLO & OPTIMIZATION ENGINES ]
time Step                 : 0.1
Equilibr. Steps           : 50000
BFGS MC Steps             : 5000000
BFGS_tol                  : 1e-05
Final MC Steps            : 2^24 (16777216)
-----------------------------------------
[ PARAMETER MESH ]
lower bounds              : [ 1.5, 0.95, 5 ]
upper bounds              : [ 4.5, 1.25, 5 ]
number of points          : [ 9, 9, 1 ]
Mesh MC Steps             : 2^21 (2097152)
-----------------------------------------
[ NEURAL NETWORK ]
Nhid                      : 10
Activation Func           : tanh
Learning Rate             : 0.05
Pretrain Steps            : 200
Energy Steps              : 1100
Adiab Steps               : 100
Adam_ktol                 : 0.99
max_patience              : 80
min_improvement           : 0.02
helpDecay                 : 0.4
-----------------------------------------
[ OBSERVABLES & MISC ]
1bodyDens. Steps          : 500000
1bodyDens. rMax           : 4.5
1bodyDens. nBins          : 70
Seed                      : 0
=========================================

Initial parameters: 4, 	1, 	5, 	
Optimal parameters: 3.99451507, 	1.096759, 	5, 	
VMC Optimization done (in 153.059399 s).

FinalMC energy: 2.052266289e-01 +- 4.405237823e-05
Acceptance ratio: 9.048681855e-01
FinalMC done (in 15.0636804 s).

Blocking_0 energy: 2.062627649e-01 +- 1.441779827e-03
Blocking_1 energy: 2.055307558e-01 +- 1.314958320e-03
Blocking_2 energy: 2.054471639e-01 +- 1.155719736e-03
Blocking_3 energy: 2.036658309e-01 +- 8.441890365e-04
Final blocking energy: 2.052266289e-01 +- 6.049890335e-04
Blocking analysis done (in 0.261754497 s).

=========================================
