=========================================
               VMC RUN LOG               
=========================================
Date and time             : 2026-08-09 15:32:26
-----------------------------------------
[ SYSTEM & MODELS ]
Hamiltonian               : LennardJonesHO
WF Train Type             : EllipticGaussian
WaveFunction              : LJGaussian
Solver                    : MetropolisHastings
preferAnalytic            : true
-----------------------------------------
[ PHYSICAL PARAMETERS ]
dimensions (D)            : 3
particles (N)             : 4
min_dist                  : 1
max_radius                : 10000
omega                     : 1
omega_z                   : 2.8
LJsigma                   : 0.5
LJenEps                   : 5
LJalpha                   : 1
LJGaussian_loc_Ken_method : 0
rep_a_factor              : 0.05
rep_strength              : inf
maxStrength               : 1
pre-optimization params   : [ 1, 0.5, 5 ]
param-optimization mask   : [ true, false, false ]
-----------------------------------------
[ MONTE CARLO & OPTIMIZATION ENGINES ]
time Step                 : 0.15
Equilibr. Steps           : 10000
BFGS MC Steps             : 1000000
BFGS_tol                  : 1e-05
Final MC Steps            : 2^23 (8388608)
-----------------------------------------
[ PARAMETER MESH ]
lower bounds              : [ 0.3, 0.5, 5 ]
upper bounds              : [ 2.1, 0.5, 5 ]
number of points          : [ 30, 1, 1 ]
Mesh MC Steps             : 2^21 (2097152)
-----------------------------------------
[ NEURAL NETWORK ]
Nhid                      : 10
Activation Func           : tanh
Learning Rate             : 0.05
Pretrain Steps            : 200
Energy Steps              : 1100
Adiab Steps               : 100
Adam_ktol                 : 0.99
max_patience              : 80
min_improvement           : 0.02
helpDecay                 : 0.4
-----------------------------------------
[ OBSERVABLES & MISC ]
1bodyDens. Steps          : 100000
1bodyDens. rMax           : 3.5
1bodyDens. nBins          : 50
Seed                      : 0
=========================================

Initial parameters: 1, 	0.5, 	5, 	
Optimal parameters: 0.606514388, 	0.5, 	5, 	
VMC Optimization done (in 21.6406183 s).

FinalMC energy: 2.822227068e+00 +- 2.551402073e-03
Acceptance ratio: 8.031299114e-01
FinalMC done (in 8.0703737 s).

Blocking_0 energy: 2.828271518e+00 +- 1.282021598e-01
Blocking_1 energy: 2.788472980e+00 +- 9.589987330e-02
Blocking_2 energy: 2.805080036e+00 +- 1.128845688e-01
Blocking_3 energy: 2.867083739e+00 +- 1.062454288e-01
Final blocking energy: 2.822227068e+00 +- 5.571332677e-02
Blocking analysis done (in 0.128099984 s).

One-body density done (in 0.143622382 s).

Mesh plot done (in 59.7468104 s).

=========================================
