=========================================
               VMC RUN LOG               
=========================================
Date and time             : 2026-08-20 23:10:37
-----------------------------------------
[ SYSTEM & MODELS ]
Hamiltonian               : LennardJonesHO
WF Train Type             : EllipticGaussian
WaveFunction              : LJGaussian
Solver                    : SwappingMH
useUmrigarDrift           : true
preferAnalytic            : true
numberOfThreads           : 4
-----------------------------------------
[ PHYSICAL PARAMETERS ]
dimensions (D)            : 3
particles (N)             : 2
kinetic_factor            : 0.1
min_dist                  : 0.1
max_radius                : 10
omega                     : 0.027951
omega_z                   : 0.111803
LJsigma                   : 1
LJenEps                   : 1
LJalpha                   : 1
LJGaussian_loc_Ken_method : 2
rep_a_factor              : 0.0043
rep_strength              : inf
maxStrength               : 1
pre-optimization params   : [ 16, 0, 1 ]
param-optimization mask   : [ true, false, true ]
use_jsonParams            : true
json params               : [ 8, 1.16283293, 1.16611027 ]
-----------------------------------------
[ MONTE CARLO & OPTIMIZATION ENGINES ]
optimizer                 : NLOPT_NELDERMEAD
time Step                 : 0.1
Equilibr. Steps           : 500000
optimizationMCsteps       : 8000000
NLOPT_tol                 : 1e-05
Adam_lr                   : 0.04
Adam_nSteps               : 200
Adam_min_improvement      : 0.01
Adam_max_patience         : 20
varOpt_weight             : 0.05
Final MC Steps            : 2^27 (134217728)
-----------------------------------------
[ PARAMETER MESH ]
lower bounds              : [ 10, 0, 1 ]
upper bounds              : [ 17, 0, 1.3 ]
number of points          : [ 32, 1, 5 ]
Mesh MC Steps             : 2^23 (8388608)
-----------------------------------------
[ NEURAL NETWORK ]
Nhid                      : 10
Activation Func           : tanh
NN Learning Rate          : 0.05
Pretrain Steps            : 200
Energy Steps              : 1100
Adiab Steps               : 100
Adam_ktol                 : 0.99
max_patience              : 80
min_improvement           : 0.02
helpDecay                 : 0.4
-----------------------------------------
[ OBSERVABLES & MISC ]
1bodyDens. Steps          : 10000000
1bodyDens. rMax           : 5.5
1bodyDens. nBins          : 100
Seed                      : 0
=========================================
Called toggles            : [ true, true, true, true ]
=========================================

Initial parameters: 16, 	0, 	1, 	
Optimal parameters: 15.4713135, 	0, 	1.23364258, 	
VMC Optimization done (in 458.602036 s).

FinalMC energy: 3.513220625e-02 +- 1.505426260e-05
Acceptance ratio: 8.965310901e-01
FinalMC done (in 59.862013 s).

Blocking_0 energy: 3.516759683e-02 +- 3.880549733e-05
Blocking_1 energy: 3.515207189e-02 +- 3.859646385e-05
Blocking_2 energy: 3.510121255e-02 +- 3.841148370e-05
Blocking_3 energy: 3.510794371e-02 +- 3.773792575e-05
Final blocking energy: 3.513220625e-02 +- 1.919496478e-05
Blocking analysis done (in 2.45290741 s).

One-body density done (in 6.78437345 s).

Mesh plot done (in 656.971436 s).

=========================================
