=========================================
               VMC RUN LOG               
=========================================
Date and time             : 2026-08-19 23:25:29
-----------------------------------------
[ SYSTEM & MODELS ]
Hamiltonian               : LennardJonesHO
WF Train Type             : EllipticGaussian
WaveFunction              : LJGaussian
Solver                    : SwappingMH
useUmrigarDrift           : true
preferAnalytic            : true
numberOfThreads           : 16
-----------------------------------------
[ PHYSICAL PARAMETERS ]
dimensions (D)            : 3
particles (N)             : 6
kinetic_factor            : 0.1
min_dist                  : 0.1
max_radius                : 10
omega                     : 0.027951
omega_z                   : 0.111803
LJsigma                   : 1
LJenEps                   : 1
LJalpha                   : 0.05
LJGaussian_loc_Ken_method : 0
rep_a_factor              : 0.0043
rep_strength              : inf
maxStrength               : 1
pre-optimization params   : [ 17, 1, 1 ]
param-optimization mask   : [ true, true, true ]
use_jsonParams            : true
json params               : [ 4.6, 0, 1.01 ]
-----------------------------------------
[ MONTE CARLO & OPTIMIZATION ENGINES ]
optimizer                 : NLOPT_NELDERMEAD
time Step                 : 0.1
Equilibr. Steps           : 500000
optimizationMCsteps       : 8000000
NLOPT_tol                 : 1e-05
Adam_lr                   : 0.01
Adam_nSteps               : 120
Adam_min_improvement      : 0.01
Adam_max_patience         : 20
varOpt_weight             : 0.05
Final MC Steps            : 2^27 (134217728)
-----------------------------------------
[ PARAMETER MESH ]
lower bounds              : [ 15, 0.95, 0.95 ]
upper bounds              : [ 20, 1.2, 1.2 ]
number of points          : [ 10, 10, 10 ]
Mesh MC Steps             : 2^23 (8388608)
-----------------------------------------
[ NEURAL NETWORK ]
Nhid                      : 10
Activation Func           : tanh
NN Learning Rate          : 0.05
Pretrain Steps            : 200
Energy Steps              : 1100
Adiab Steps               : 100
Adam_ktol                 : 0.99
max_patience              : 80
min_improvement           : 0.02
helpDecay                 : 0.4
-----------------------------------------
[ OBSERVABLES & MISC ]
1bodyDens. Steps          : 10000000
1bodyDens. rMax           : 5.5
1bodyDens. nBins          : 100
Seed                      : 0
=========================================
Called toggles            : [ true, true, true, true ]
=========================================

Initial parameters: 17, 	1, 	1, 	
Optimal parameters: 18.968036, 	1.09995112, 	1.03583224, 	
VMC Optimization done (in 844.265367 s).

FinalMC energy: 1.171550295e-01 +- 2.184870928e-05
Acceptance ratio: 9.024325609e-01
FinalMC done (in 113.043637 s).

Blocking_0 energy: 1.172826103e-01 +- 2.020694871e-04
Blocking_1 energy: 1.173158318e-01 +- 1.642845323e-04
Blocking_2 energy: 1.171312901e-01 +- 2.027205303e-04
Blocking_3 energy: 1.173132538e-01 +- 1.923141162e-04
Blocking_4 energy: 1.170302548e-01 +- 1.994985964e-04
Blocking_5 energy: 1.169544328e-01 +- 1.994735220e-04
Blocking_6 energy: 1.171826008e-01 +- 1.824250820e-04
Blocking_7 energy: 1.172375898e-01 +- 1.742907765e-04
Blocking_8 energy: 1.171779290e-01 +- 1.801088098e-04
Blocking_9 energy: 1.171085242e-01 +- 2.096176334e-04
Blocking_10 energy: 1.170794029e-01 +- 2.089533554e-04
Blocking_11 energy: 1.167920101e-01 +- 1.952665460e-04
Blocking_12 energy: 1.173314838e-01 +- 1.910432147e-04
Blocking_13 energy: 1.174241152e-01 +- 1.781618008e-04
Blocking_14 energy: 1.172394016e-01 +- 1.836430019e-04
Blocking_15 energy: 1.168797403e-01 +- 2.293570873e-04
Final blocking energy: 1.171550295e-01 +- 4.848828814e-05
Blocking analysis done (in 1.10446166 s).

One-body density done (in 8.71355928 s).

Mesh plot done (in 8350.88341 s).

=========================================
