=========================================
               VMC RUN LOG               
=========================================
Date and time             : 2026-08-10 14:23:08
-----------------------------------------
[ SYSTEM & MODELS ]
Hamiltonian               : LennardJonesHO
WF Train Type             : EllipticGaussian
WaveFunction              : LJGaussian
Solver                    : MetropolisHastings
preferAnalytic            : true
-----------------------------------------
[ PHYSICAL PARAMETERS ]
dimensions (D)            : 3
particles (N)             : 4
min_dist                  : 1
max_radius                : 1e+06
omega                     : 0.111803
omega_z                   : 0.027951
LJsigma                   : 1
LJenEps                   : 1
LJalpha                   : 1
LJGaussian_loc_Ken_method : 0
rep_a_factor              : 0.05
rep_strength              : inf
maxStrength               : 1
pre-optimization params   : [ 4, 1, 5 ]
param-optimization mask   : [ true, true, false ]
-----------------------------------------
[ MONTE CARLO & OPTIMIZATION ENGINES ]
time Step                 : 0.85
Equilibr. Steps           : 50000
BFGS MC Steps             : 1000000
BFGS_tol                  : 1e-05
Final MC Steps            : 2^23 (8388608)
-----------------------------------------
[ PARAMETER MESH ]
lower bounds              : [ 3, 0.91, 5 ]
upper bounds              : [ 4.2, 1.12, 5 ]
number of points          : [ 10, 10, 1 ]
Mesh MC Steps             : 2^21 (2097152)
-----------------------------------------
[ NEURAL NETWORK ]
Nhid                      : 10
Activation Func           : tanh
Learning Rate             : 0.05
Pretrain Steps            : 200
Energy Steps              : 1100
Adiab Steps               : 100
Adam_ktol                 : 0.99
max_patience              : 80
min_improvement           : 0.02
helpDecay                 : 0.4
-----------------------------------------
[ OBSERVABLES & MISC ]
1bodyDens. Steps          : 500000
1bodyDens. rMax           : 4.5
1bodyDens. nBins          : 70
Seed                      : 0
=========================================

Initial parameters: 4, 	1, 	5, 	
Optimal parameters: 3.9840737, 	1.58352522, 	5, 	
VMC Optimization done (in 34.4976909 s).

FinalMC energy: -6.000131070e+01 +- 1.298419382e-02
Acceptance ratio: 3.908946514e-01
FinalMC done (in 8.32147636 s).

Blocking_0 energy: -6.802033413e+01 +- 6.088193678e+00
Blocking_1 energy: -1.009031328e+02 +- 2.558861759e-02
Blocking_2 energy: -1.565156067e+00 +- 1.382236987e+00
Blocking_3 energy: -6.951661980e+01 +- 2.052874863e-01
Final blocking energy: -6.000131070e+01 +- 1.561639344e+00
Blocking analysis done (in 0.131774482 s).

One-body density done (in 0.725394702 s).

Mesh plot done (in 216.623667 s).

=========================================
