=========================================
               VMC RUN LOG               
=========================================
Date and time             : 2026-08-19 12:51:15
-----------------------------------------
[ SYSTEM & MODELS ]
Hamiltonian               : LennardJonesHO
WF Train Type             : EllipticGaussian
WaveFunction              : LJGaussian
Solver                    : SwappingMH
useUmrigarDrift           : true
preferAnalytic            : true
numberOfThreads           : 4
-----------------------------------------
[ PHYSICAL PARAMETERS ]
dimensions (D)            : 3
particles (N)             : 2
kinetic_factor            : 0.1
min_dist                  : 0.1
max_radius                : 10
omega                     : 0.027951
omega_z                   : 0.111803
LJsigma                   : 1
LJenEps                   : 1
LJalpha                   : 1
LJGaussian_loc_Ken_method : 0
rep_a_factor              : 0.0043
rep_strength              : inf
maxStrength               : 1
pre-optimization params   : [ 16, 0, 1.1 ]
param-optimization mask   : [ true, false, true ]
use_jsonParams            : true
json params               : [ 3.47841797, 0, 1.12333984 ]
-----------------------------------------
[ MONTE CARLO & OPTIMIZATION ENGINES ]
optimizer                 : NLOPT_NELDERMEAD
time Step                 : 0.1
Equilibr. Steps           : 500000
optimizationMCsteps       : 8000000
NLOPT_tol                 : 1e-05
Adam_lr                   : 0.04
Adam_nSteps               : 200
Adam_min_improvement      : 0.01
Adam_max_patience         : 20
varOpt_weight             : 0.05
Final MC Steps            : 2^27 (134217728)
-----------------------------------------
[ PARAMETER MESH ]
lower bounds              : [ 13, 0, 1.05 ]
upper bounds              : [ 15, 0, 1.15 ]
number of points          : [ 10, 1, 10 ]
Mesh MC Steps             : 2^25 (33554432)
-----------------------------------------
[ NEURAL NETWORK ]
Nhid                      : 10
Activation Func           : tanh
NN Learning Rate          : 0.05
Pretrain Steps            : 200
Energy Steps              : 1100
Adiab Steps               : 100
Adam_ktol                 : 0.99
max_patience              : 80
min_improvement           : 0.02
helpDecay                 : 0.4
-----------------------------------------
[ OBSERVABLES & MISC ]
1bodyDens. Steps          : 10000000
1bodyDens. rMax           : 5.5
1bodyDens. nBins          : 100
Seed                      : 0
=========================================
Called toggles            : [ true, true, true, true ]
=========================================

Initial parameters: 16, 	0, 	1.1, 	
Optimal parameters: 14.1125, 	0, 	1.10859375, 	
VMC Optimization done (in 1366.67066 s).

FinalMC energy: 3.387478304e-02 +- 2.857755099e-06
Acceptance ratio: 9.096004143e-01
FinalMC done (in 55.8526863 s).

Blocking_0 energy: 3.387867437e-02 +- 8.106361021e-06
Blocking_1 energy: 3.387497442e-02 +- 7.751374809e-06
Blocking_2 energy: 3.387438977e-02 +- 7.889836498e-06
Blocking_3 energy: 3.387109361e-02 +- 7.523019489e-06
Final blocking energy: 3.387478304e-02 +- 3.910260882e-06
Blocking analysis done (in 2.75313777 s).

One-body density done (in 6.87800995 s).

Mesh plot done (in 1446.12201 s).

=========================================
