=========================================
               VMC RUN LOG               
=========================================
Date and time             : 2026-08-08 18:53:30
-----------------------------------------
[ SYSTEM & MODELS ]
Hamiltonian               : LennardJonesHO
WF Train Type             : EllipticGaussian
WaveFunction              : LJGaussian
Solver                    : MetropolisHastings
preferAnalytic            : true
-----------------------------------------
[ PHYSICAL PARAMETERS ]
dimensions (D)            : 3
particles (N)             : 10
omega                     : 1
omega_z                   : 2.8
LJsigma                   : 1
LJenEps                   : 5
LJalpha                   : 1
LJGaussian_loc_Ken_method : 0
rep_a_factor              : 0.05
rep_strength              : inf
maxStrength               : 1
pre-optimization params   : [ 2, 10, 5 ]
param-optimization mask   : [ false, true, false ]
-----------------------------------------
[ MONTE CARLO & OPTIMIZATION ENGINES ]
time Step                 : 0.15
Equilibr. Steps           : 10000
BFGS MC Steps             : 10000
BFGS_tol                  : 1e-05
Final MC Steps            : 2^23 (8388608)
-----------------------------------------
[ NEURAL NETWORK ]
Nhid                      : 10
Activation Func           : tanh
Learning Rate             : 0.05
Pretrain Steps            : 200
Energy Steps              : 1100
Adiab Steps               : 100
Adam_ktol                 : 0.99
max_patience              : 80
min_improvement           : 0.02
helpDecay                 : 0.4
-----------------------------------------
[ OBSERVABLES & MISC ]
1bodyDens. Steps          : 100000
1bodyDens. rMax           : 3.5
1bodyDens. nBins          : 50
Seed                      : 0
=========================================

Initial parameters: 2, 	10, 	5, 	
Optimal parameters: 2, 	7.6251166, 	5, 	
VMC Optimization done (in 3.37212113 s).

FinalMC energy: -2.652793043e+13 +- 1.586316414e+10
Acceptance ratio: 1.167110205e-01
FinalMC done (in 39.0737212 s).

Blocking_0 energy: -4.971936712e+09 +- 9.478282928e-02
Blocking_1 energy: -1.874529711e+04 +- 1.270539660e+00
Blocking_2 energy: -3.841165332e+08 +- 9.117648006e-03
Blocking_3 energy: -1.061063656e+14 +- 6.717187500e+01
Final blocking energy: -2.652793043e+13 +- 1.679598934e+01
Blocking analysis done (in 0.125840113 s).

One-body density done (in 0.493481329 s).

Mesh plot done (in 14.1063124 s).

=========================================
