=========================================
               VMC RUN LOG               
=========================================
Date and time    : 2026-08-04 17:23:33
-----------------------------------------
[ SYSTEM & MODELS ]
Hamiltonian      : RepulsiveHO
WF Train Type    : EllipticGaussian
WaveFunction     : EllipticGaussian
Solver           : MetropolisHastings
preferAnalytic   : false
useCache         : false
-----------------------------------------
[ PHYSICAL PARAMETERS ]
dimensions (D)   : 3
particles (N)    : 2
omega            : 1
omega_z          : 2.8243
rep_a_factor     : 0.0043
rep_strength     : inf
maxStrength      : 1
-----------------------------------------
[ MONTE CARLO & OPTIMIZATION ]
time Step        : 0.15
Equilibr. Steps  : 10000
BFGS MC Steps    : 1000000
BFGS_tol         : 1e-05
Final MC Steps   : 2^16 (65536)
-----------------------------------------
[ NEURAL NETWORK ]
Nhid             : 12
Activation Func  : tanh
Learning Rate    : 0.05
Pretrain Steps   : 1000
Energy Steps     : 3000
Adiab Steps      : 1000
Adam_ktol        : 0.99
max_patience     : 80
min_improvement  : 0.02
helpDecay        : 0.4
-----------------------------------------
[ OBSERVABLES & MISC ]
1bodyDens. Steps : 5000000
1bodyDens. rMax  : 3.5
1bodyDens. nBins : 50
Seed             : 0
=========================================

Initial parameters: 0.6, 	2.9, 	
Optimal parameters: 0.500723271, 	2.82596148, 	
VMC Optimization done (in 8.74707454 s).

FinalMC energy: 4.824380466e+00 +- 2.337722885e-05
Acceptance ratio: 9.301605225e-01
FinalMC done (in 0.022269964 s).

Blocking_0 energy: 4.824349035e+00 +- 1.130963507e-04
Blocking_1 energy: 4.824376183e+00 +- 1.026476485e-04
Blocking_2 energy: 4.824372626e+00 +- 1.077099628e-04
Blocking_3 energy: 4.824424022e+00 +- 1.094171458e-04
Final blocking energy: 4.824380466e+00 +- 5.414152298e-05
Blocking analysis done (in 0.003778794 s).

One-body density done (in 1.75271819 s).

=========================================
