=========================================
               VMC RUN LOG               
=========================================
Date and time             : 2026-08-14 23:08:52
-----------------------------------------
[ SYSTEM & MODELS ]
Hamiltonian               : LennardJonesHO
WF Train Type             : EllipticGaussian
WaveFunction              : LJGaussian
Solver                    : SwappingMH
useUmrigarDrift           : true
preferAnalytic            : true
numberOfThreads           : 4
-----------------------------------------
[ PHYSICAL PARAMETERS ]
dimensions (D)            : 3
particles (N)             : 2
kinetic_factor            : 0.1
min_dist                  : 0.1
max_radius                : 10
omega                     : 0.111803
omega_z                   : 0.027951
LJsigma                   : 1
LJenEps                   : 1
LJalpha                   : 0.05
LJGaussian_loc_Ken_method : 0
rep_a_factor              : 0.0043
rep_strength              : inf
maxStrength               : 1
pre-optimization params   : [ 4, 0, 1 ]
param-optimization mask   : [ true, false, true ]
use_jsonParams            : true
json params               : [ 3.47841797, 0, 1.12333984 ]
-----------------------------------------
[ MONTE CARLO & OPTIMIZATION ENGINES ]
optimizer                 : Adam
time Step                 : 0.1
Equilibr. Steps           : 500000
optimizationMCsteps       : 3000000
NLOPT_tol                 : 1e-05
Adam_lr                   : 0.01
Adam_nSteps               : 120
Adam_min_improvement      : 0.01
Adam_max_patience         : 20
varOpt_weight             : 0.05
Final MC Steps            : 2^26 (67108864)
-----------------------------------------
[ PARAMETER MESH ]
lower bounds              : [ 3, 0, 0.92 ]
upper bounds              : [ 5, 0, 1.3 ]
number of points          : [ 5, 1, 8 ]
Mesh MC Steps             : 2^22 (4194304)
-----------------------------------------
[ NEURAL NETWORK ]
Nhid                      : 10
Activation Func           : tanh
NN Learning Rate          : 0.05
Pretrain Steps            : 200
Energy Steps              : 1100
Adiab Steps               : 100
Adam_ktol                 : 0.99
max_patience              : 80
min_improvement           : 0.02
helpDecay                 : 0.4
-----------------------------------------
[ OBSERVABLES & MISC ]
1bodyDens. Steps          : 10000000
1bodyDens. rMax           : 5.5
1bodyDens. nBins          : 100
Seed                      : 0
=========================================
Called toggles            : [ true, true, true, true ]
=========================================

Initial parameters: 4, 	0, 	1, 	
Optimal parameters: 4.00999999, 	0, 	1.01, 	
VMC Optimization done (in 548.20105 s).

FinalMC energy: 1.705392741e-01 +- 2.943774496e-05
Acceptance ratio: 9.038502276e-01
FinalMC done (in 28.8214686 s).

Blocking_0 energy: 1.703128013e-01 +- 8.064984926e-05
Blocking_1 energy: 1.706206410e-01 +- 7.164767796e-05
Blocking_2 energy: 1.705670148e-01 +- 7.353761899e-05
Blocking_3 energy: 1.706566395e-01 +- 6.850561698e-05
Final blocking energy: 1.705392741e-01 +- 3.686002993e-05
Blocking analysis done (in 1.12615555 s).

One-body density done (in 6.25891537 s).

Mesh plot done (in 85.4316688 s).

=========================================
