=========================================
               VMC RUN LOG               
=========================================
Date and time             : 2026-08-12 21:17:31
-----------------------------------------
[ SYSTEM & MODELS ]
Hamiltonian               : LennardJonesHO
WF Train Type             : EllipticGaussian
WaveFunction              : LJGaussian
Solver                    : SwappingMH
preferAnalytic            : true
-----------------------------------------
[ PHYSICAL PARAMETERS ]
dimensions (D)            : 3
particles (N)             : 4
min_dist                  : 1
max_radius                : 1e+06
omega                     : 0.111803
omega_z                   : 0.027951
LJsigma                   : 1
LJenEps                   : 1
LJalpha                   : 0.4
LJGaussian_loc_Ken_method : 0
rep_a_factor              : 0.01
rep_strength              : inf
maxStrength               : 1
pre-optimization params   : [ 4, 1, 1 ]
param-optimization mask   : [ true, true, true ]
use_jsonParams            : true
json params               : [ 3.98009743, 1.12619699, 5 ]
-----------------------------------------
[ MONTE CARLO & OPTIMIZATION ENGINES ]
optimizer                 : Adam
time Step                 : 0.1
Equilibr. Steps           : 200000
optimizationMCsteps       : 1000000
BFGS_tol                  : 1e-08
Adam_lr                   : 0.02
Adam_nSteps               : 300
Adam_min_improvement      : 0.01
Adam_max_patience         : 40
varOpt_weight             : 0.05
Final MC Steps            : 2^27 (134217728)
-----------------------------------------
[ PARAMETER MESH ]
lower bounds              : [ 1.5, 0.95, 5 ]
upper bounds              : [ 4.5, 1.25, 5 ]
number of points          : [ 9, 9, 1 ]
Mesh MC Steps             : 2^21 (2097152)
-----------------------------------------
[ NEURAL NETWORK ]
Nhid                      : 10
Activation Func           : tanh
NN Learning Rate          : 0.05
Pretrain Steps            : 200
Energy Steps              : 1100
Adiab Steps               : 100
Adam_ktol                 : 0.99
max_patience              : 80
min_improvement           : 0.02
helpDecay                 : 0.4
-----------------------------------------
[ OBSERVABLES & MISC ]
1bodyDens. Steps          : 10000000
1bodyDens. rMax           : 5.5
1bodyDens. nBins          : 100
Seed                      : 0
=========================================
Called toggles            : [ true, true, true, false ]
=========================================

Initial parameters: 4, 	1, 	1, 	
Optimal parameters: 4.91383399, 	1.04665311, 	2.4231276, 	
VMC Optimization done (in 11565.2098 s).

FinalMC energy: 4.204890755e-01 +- 1.872737841e-05
Acceptance ratio: 9.018708766e-01
FinalMC done (in 53.8272352 s).

Blocking_0 energy: 4.198470391e-01 +- 2.045996128e-04
Blocking_1 energy: 4.212930224e-01 +- 1.819990293e-04
Blocking_2 energy: 4.209962011e-01 +- 1.905350216e-04
Blocking_3 energy: 4.205280479e-01 +- 1.919827040e-04
Blocking_4 energy: 4.199531960e-01 +- 2.010159838e-04
Blocking_5 energy: 4.198233411e-01 +- 2.089139516e-04
Blocking_6 energy: 4.204417327e-01 +- 1.912846523e-04
Blocking_7 energy: 4.223254650e-01 +- 1.771740635e-04
Blocking_8 energy: 4.198402998e-01 +- 1.940615063e-04
Blocking_9 energy: 4.190025747e-01 +- 2.181169407e-04
Blocking_10 energy: 4.200941022e-01 +- 1.908633075e-04
Blocking_11 energy: 4.213151623e-01 +- 1.816487076e-04
Blocking_12 energy: 4.205423989e-01 +- 1.913065703e-04
Blocking_13 energy: 4.209611601e-01 +- 1.831612953e-04
Blocking_14 energy: 4.203105416e-01 +- 1.948363729e-04
Blocking_15 energy: 4.205509224e-01 +- 1.904562022e-04
Final blocking energy: 4.204890755e-01 +- 4.838079332e-05
Blocking analysis done (in 1.11934848 s).

One-body density done (in 5.3380718 s).

=========================================
