=========================================
               VMC RUN LOG               
=========================================
Date and time             : 2026-08-31 18:14:57
-----------------------------------------
[ SYSTEM & MODELS ]
Hamiltonian               : LennardJonesHO
WF Train Type             : LJGaussian
WaveFunction              : LJGaussian
Solver                    : SwappingMH
useUmrigarDrift           : true
preferAnalytic            : true
numberOfThreads           : 16
-----------------------------------------
[ PHYSICAL PARAMETERS ]
dimensions (D)            : 3
particles (N)             : 6
kinetic_factor            : 0.1
min_dist                  : 0.1
max_radius                : 10
omega                     : 0.111803
omega_z                   : 0.027951
LJsigma                   : 1
LJenEps                   : 1
LJalpha                   : 0.05
LJGaussian_loc_Ken_method : 0
rep_a_factor              : 0.0043
rep_strength              : inf
maxStrength               : 1
pre-optimization params   : [ 4.8, 1.12, 1 ]
param-optimization mask   : [ true, true, true ]
use_jsonParams            : true
json params               : [ 1.9532, 1.1334, 1.1337 ]
-----------------------------------------
[ MONTE CARLO & OPTIMIZATION ENGINES ]
optimizer                 : NLOPT_NELDERMEAD
log_grads                 : false
time Step                 : 0.1
Equilibr. Steps           : 500000
optimizationMCsteps       : 8000000
Final MC Steps            : 2^27 (134217728)
NLOPT_tol                 : 1e-05
Adam_lr                   : 0.03
Adam_nSteps               : 120
Adam_min_improvement      : 0.0001
Adam_max_patience         : 40
NelderMead first guess    : + [ 0.5, 0.05, 0.05 ]
varOpt_weight             : 0.05
LJ_request_Ekin           : false
log_blocking              : true
-----------------------------------------
[ PARAMETER MESH ]
lower bounds              : [ 4.3, 1.117, 0.95 ]
upper bounds              : [ 5.1, 1.117, 0.95 ]
number of points          : [ 10, 1, 1 ]
Mesh MC Steps             : 2^23 (8388608)
-----------------------------------------
[ NEURAL NETWORK ]
Nhid                      : 12
Activation Func           : tanh
NN Learning Rate          : 0.1
Pretrain Steps            : 1000
Energy Steps              : 4000
Adiab Steps               : 1500
Adam_ktol                 : 0.99
max_patience              : 50
min_improvement           : 0.02
helpDecay                 : 0.05
-----------------------------------------
[ OBSERVABLES & MISC ]
Normalize by nParticles   : true
calc_normalized_PCF       : true
PCF reference params      : [ 4, 0, 0 ]
1bodyDens. Steps          : 15000000
1bodyDens. rMax           : 9
1bodyDens. nBins          : 150
Seed                      : 0
=========================================
Called toggles            : [ true, true, true, false ]
=========================================

Initial parameters: 4.8, 	1.12, 	1, 	
Optimal parameters: 5.10925785, 	1.12606672, 	0.933375815, 	
VMC Optimization done (in 1087.03716 s).

FinalMC energy: 5.259356418e-01 +- 4.064733409e-05
Acceptance ratio: 9.088923112e-01
FinalMC done (in 107.52674 s).

Blocking_0 energy: 5.258653630e-01 +- 4.094493531e-04
Blocking_1 energy: 5.261087218e-01 +- 4.504531387e-04
Blocking_2 energy: 5.255681128e-01 +- 4.988209203e-04
Blocking_3 energy: 5.257637454e-01 +- 4.153096789e-04
Blocking_4 energy: 5.251983901e-01 +- 4.355043986e-04
Blocking_5 energy: 5.263706157e-01 +- 3.932215576e-04
Blocking_6 energy: 5.265193775e-01 +- 4.292150489e-04
Blocking_7 energy: 5.264712011e-01 +- 4.271041717e-04
Blocking_8 energy: 5.264589844e-01 +- 3.990903100e-04
Blocking_9 energy: 5.255011915e-01 +- 4.232888462e-04
Blocking_10 energy: 5.261971962e-01 +- 4.134516106e-04
Blocking_11 energy: 5.256532434e-01 +- 4.632715262e-04
Blocking_12 energy: 5.259328156e-01 +- 4.112379000e-04
Blocking_13 energy: 5.254874474e-01 +- 4.430852266e-04
Blocking_14 energy: 5.256600912e-01 +- 4.195554521e-04
Blocking_15 energy: 5.262137717e-01 +- 3.873626603e-04
Final blocking energy: 5.259356418e-01 +- 1.067693017e-04
Blocking analysis done (in 1.26220372 s).

Spatial distribution done (in 26.0227895 s).

=========================================
