=========================================
               VMC RUN LOG               
=========================================
Date and time             : 2026-08-09 14:26:09
-----------------------------------------
[ SYSTEM & MODELS ]
Hamiltonian               : LennardJonesHO_noInteraction
WF Train Type             : EllipticGaussian
WaveFunction              : LJGaussian
Solver                    : MetropolisHastings
preferAnalytic            : true
-----------------------------------------
[ PHYSICAL PARAMETERS ]
dimensions (D)            : 3
particles (N)             : 2
min_dist                  : 1
max_radius                : 10000
omega                     : 1
omega_z                   : 2.8
LJsigma                   : 0.5
LJenEps                   : 5
LJalpha                   : 1
LJGaussian_loc_Ken_method : 2
rep_a_factor              : 0.05
rep_strength              : inf
maxStrength               : 1
pre-optimization params   : [ 1, 0, 5 ]
param-optimization mask   : [ true, false, false ]
-----------------------------------------
[ MONTE CARLO & OPTIMIZATION ENGINES ]
time Step                 : 0.15
Equilibr. Steps           : 10000
BFGS MC Steps             : 10000
BFGS_tol                  : 1e-05
Final MC Steps            : 2^23 (8388608)
-----------------------------------------
[ PARAMETER MESH ]
lower bounds              : [ 0.8, 0, 5 ]
upper bounds              : [ 1.3, 0, 5 ]
number of points          : [ 5, 1, 1 ]
Mesh MC Steps             : 2^17 (131072)
-----------------------------------------
[ NEURAL NETWORK ]
Nhid                      : 10
Activation Func           : tanh
Learning Rate             : 0.05
Pretrain Steps            : 200
Energy Steps              : 1100
Adiab Steps               : 100
Adam_ktol                 : 0.99
max_patience              : 80
min_improvement           : 0.02
helpDecay                 : 0.4
-----------------------------------------
[ OBSERVABLES & MISC ]
1bodyDens. Steps          : 100000
1bodyDens. rMax           : 3.5
1bodyDens. nBins          : 50
Seed                      : 0
=========================================

Initial parameters: 1, 	0, 	5, 	
Optimal parameters: 0.990009999, 	0, 	5, 	
VMC Optimization done (in 0.705726501 s).

FinalMC energy: 1.859731218e+00 +- 3.704674898e-04
Acceptance ratio: 9.734790325e-01
FinalMC done (in 4.35318676 s).

Blocking_0 energy: 1.861576234e+00 +- 2.646597996e-03
Blocking_1 energy: 1.856665550e+00 +- 2.686277272e-03
Blocking_2 energy: 1.861935673e+00 +- 2.666413361e-03
Blocking_3 energy: 1.858747417e+00 +- 2.614388840e-03
Final blocking energy: 1.859731218e+00 +- 1.326776068e-03
Blocking analysis done (in 0.12982748 s).

One-body density done (in 0.071583189 s).

Mesh plot done (in 0.433821033 s).

=========================================
