=========================================
               VMC RUN LOG               
=========================================
Date and time             : 2026-08-13 21:30:13
-----------------------------------------
[ SYSTEM & MODELS ]
Hamiltonian               : LennardJonesHO
WF Train Type             : EllipticGaussian
WaveFunction              : LJGaussian
Solver                    : SwappingMH
preferAnalytic            : true
-----------------------------------------
[ PHYSICAL PARAMETERS ]
dimensions (D)            : 3
particles (N)             : 2
min_dist                  : 0.01
max_radius                : 1e+06
omega                     : 0.111803
omega_z                   : 0.027951
LJsigma                   : 1
LJenEps                   : 1
LJalpha                   : 0.4
LJGaussian_loc_Ken_method : 0
rep_a_factor              : 0.01
rep_strength              : inf
maxStrength               : 1
pre-optimization params   : [ 4, 1, 1 ]
param-optimization mask   : [ true, true, true ]
use_jsonParams            : true
json params               : [ 3.98009743, 1.12619699, 5 ]
-----------------------------------------
[ MONTE CARLO & OPTIMIZATION ENGINES ]
optimizer                 : NLOPT_NELDERMEAD
time Step                 : 0.1
Equilibr. Steps           : 200000
optimizationMCsteps       : 3000000
NLOPT_tol                 : 1e-05
Adam_lr                   : 0.02
Adam_nSteps               : 300
Adam_min_improvement      : 0.01
Adam_max_patience         : 40
varOpt_weight             : 0.05
Final MC Steps            : 2^27 (134217728)
-----------------------------------------
[ PARAMETER MESH ]
lower bounds              : [ 2, 0.8, 0.8 ]
upper bounds              : [ 5, 1.5, 1.5 ]
number of points          : [ 8, 8, 8 ]
Mesh MC Steps             : 2^21 (2097152)
-----------------------------------------
[ NEURAL NETWORK ]
Nhid                      : 10
Activation Func           : tanh
NN Learning Rate          : 0.05
Pretrain Steps            : 200
Energy Steps              : 1100
Adiab Steps               : 100
Adam_ktol                 : 0.99
max_patience              : 80
min_improvement           : 0.02
helpDecay                 : 0.4
-----------------------------------------
[ OBSERVABLES & MISC ]
1bodyDens. Steps          : 10000000
1bodyDens. rMax           : 5.5
1bodyDens. nBins          : 100
Seed                      : 0
=========================================
Called toggles            : [ true, true, true, true ]
=========================================

Initial parameters: 4, 	1, 	1, 	
Optimal parameters: 3.54563454, 	1.23688469, 	0.920780626, 	
VMC Optimization done (in 47.2871728 s).

FinalMC energy: 1.470244665e-01 +- 8.772926207e-06
Acceptance ratio: 9.038261250e-01
FinalMC done (in 20.0851644 s).

Blocking_0 energy: 1.481488202e-01 +- 5.546621406e-05
Blocking_1 energy: 1.465001257e-01 +- 4.945970536e-05
Blocking_2 energy: 1.466728717e-01 +- 4.833488271e-05
Blocking_3 energy: 1.486592383e-01 +- 5.798936006e-05
Blocking_4 energy: 1.466978396e-01 +- 5.005211675e-05
Blocking_5 energy: 1.451790895e-01 +- 4.263901682e-05
Blocking_6 energy: 1.459339195e-01 +- 4.671333777e-05
Blocking_7 energy: 1.479886082e-01 +- 5.534965354e-05
Blocking_8 energy: 1.470935636e-01 +- 5.112377918e-05
Blocking_9 energy: 1.465220056e-01 +- 4.886549536e-05
Blocking_10 energy: 1.472141232e-01 +- 5.202619875e-05
Blocking_11 energy: 1.470667583e-01 +- 5.143418338e-05
Blocking_12 energy: 1.471972309e-01 +- 5.181584506e-05
Blocking_13 energy: 1.472935151e-01 +- 5.200262556e-05
Blocking_14 energy: 1.462584999e-01 +- 4.799021249e-05
Blocking_15 energy: 1.479652541e-01 +- 5.528443608e-05
Final blocking energy: 1.470244665e-01 +- 1.279237331e-05
Blocking analysis done (in 1.34465905 s).

One-body density done (in 3.37892576 s).

Mesh plot done (in 340.9812 s).

=========================================
