=========================================
               VMC RUN LOG               
=========================================
Date and time    : 2026-08-05 20:53:59
-----------------------------------------
[ SYSTEM & MODELS ]
Hamiltonian      : LennardJonesHO
WF Train Type    : EllipticGaussian
WaveFunction     : LJGaussian
Solver           : MetropolisHastings
preferAnalytic   : true
-----------------------------------------
[ PHYSICAL PARAMETERS ]
dimensions (D)   : 1
particles (N)    : 1
omega            : 1
omega_z          : 1
LJsigma          : 1
LJenEps          : 1
LJalpha          : 1
rep_a_factor     : 0.05
rep_strength     : inf
maxStrength      : 1
-----------------------------------------
[ MONTE CARLO & OPTIMIZATION ]
time Step        : 0.15
Equilibr. Steps  : 10000
BFGS MC Steps    : 500000
BFGS_tol         : 1e-05
Final MC Steps   : 2^20 (1.04858e+06)
-----------------------------------------
[ NEURAL NETWORK ]
Nhid             : 10
Activation Func  : tanh
Learning Rate    : 0.05
Pretrain Steps   : 200
Energy Steps     : 1100
Adiab Steps      : 100
Adam_ktol        : 0.99
max_patience     : 80
min_improvement  : 0.02
helpDecay        : 0.4
-----------------------------------------
[ OBSERVABLES & MISC ]
1bodyDens. Steps : 100000
1bodyDens. rMax  : 3.5
1bodyDens. nBins : 50
Seed             : 0
=========================================

Initial parameters: 1, 	1, 	1, 	
Optimal parameters: 0.01, 	1, 	1, 	
VMC Optimization done (in 1.48144645 s).

FinalMC energy: -4.294968139e+10 +- 9.024357668e+01
Acceptance ratio: 0.000000000e+00
FinalMC done (in 0.131089096 s).

Blocking_0 energy: -4.294968727e+10 +- 1.004180908e-01
Blocking_1 energy: -4.294967566e+10 +- 7.692718506e-02
Blocking_2 energy: -4.294968318e+10 +- 9.434890747e-02
Blocking_3 energy: -4.294967944e+10 +- 4.882812500e-02
Final blocking energy: -4.294968139e+10 +- 4.129731143e-02
Blocking analysis done (in 0.017417586 s).

One-body density done (in 0.032208573 s).

=========================================
