=========================================
               VMC RUN LOG               
=========================================
Date and time             : 2026-08-14 21:58:05
-----------------------------------------
[ SYSTEM & MODELS ]
Hamiltonian               : LennardJonesHO
WF Train Type             : EllipticGaussian
WaveFunction              : LJGaussian
Solver                    : SwappingMH
useUmrigarDrift           : true
preferAnalytic            : true
numberOfThreads           : 4
-----------------------------------------
[ PHYSICAL PARAMETERS ]
dimensions (D)            : 3
particles (N)             : 2
kinetic_factor            : 0.1
min_dist                  : 0.1
max_radius                : 10
omega                     : 0.111803
omega_z                   : 0.027951
LJsigma                   : 1
LJenEps                   : 1
LJalpha                   : 0.4
LJGaussian_loc_Ken_method : 0
rep_a_factor              : 0.0043
rep_strength              : inf
maxStrength               : 1
pre-optimization params   : [ 4, 0, 1 ]
param-optimization mask   : [ true, false, true ]
use_jsonParams            : true
json params               : [ 3.47841797, 0, 1.12333984 ]
-----------------------------------------
[ MONTE CARLO & OPTIMIZATION ENGINES ]
optimizer                 : Adam
time Step                 : 0.1
Equilibr. Steps           : 500000
optimizationMCsteps       : 3000000
NLOPT_tol                 : 1e-05
Adam_lr                   : 0.005
Adam_nSteps               : 120
Adam_min_improvement      : 0.01
Adam_max_patience         : 20
varOpt_weight             : 0.05
Final MC Steps            : 2^26 (67108864)
-----------------------------------------
[ PARAMETER MESH ]
lower bounds              : [ 3, 0, 0.92 ]
upper bounds              : [ 5, 0, 1.3 ]
number of points          : [ 5, 1, 8 ]
Mesh MC Steps             : 2^22 (4194304)
-----------------------------------------
[ NEURAL NETWORK ]
Nhid                      : 10
Activation Func           : tanh
NN Learning Rate          : 0.05
Pretrain Steps            : 200
Energy Steps              : 1100
Adiab Steps               : 100
Adam_ktol                 : 0.99
max_patience              : 80
min_improvement           : 0.02
helpDecay                 : 0.4
-----------------------------------------
[ OBSERVABLES & MISC ]
1bodyDens. Steps          : 10000000
1bodyDens. rMax           : 5.5
1bodyDens. nBins          : 100
Seed                      : 0
=========================================
Called toggles            : [ true, true, true, true ]
=========================================

Initial parameters: 4, 	0, 	1, 	
Optimal parameters: 4.08812154, 	0, 	1.07696509, 	
VMC Optimization done (in 110.602047 s).

FinalMC energy: 1.576198362e-01 +- 1.056338625e-05
Acceptance ratio: 8.921250105e-01
FinalMC done (in 29.7978908 s).

Blocking_0 energy: 1.576091253e-01 +- 2.889955353e-05
Blocking_1 energy: 1.575914534e-01 +- 2.578926301e-05
Blocking_2 energy: 1.576133745e-01 +- 2.589496263e-05
Blocking_3 energy: 1.576653914e-01 +- 2.515381786e-05
Final blocking energy: 1.576198362e-01 +- 1.323710203e-05
Blocking analysis done (in 1.17954403 s).

One-body density done (in 6.50232078 s).

Mesh plot done (in 82.1985315 s).

=========================================
