=========================================
               VMC RUN LOG               
=========================================
Date and time             : 2026-08-18 18:24:49
-----------------------------------------
[ SYSTEM & MODELS ]
Hamiltonian               : LennardJonesHO_noInteraction
WF Train Type             : EllipticGaussian
WaveFunction              : LJGaussian
Solver                    : SwappingMH
useUmrigarDrift           : true
preferAnalytic            : true
numberOfThreads           : 16
-----------------------------------------
[ PHYSICAL PARAMETERS ]
dimensions (D)            : 3
particles (N)             : 4
kinetic_factor            : 0.1
min_dist                  : 0.1
max_radius                : 10
omega                     : 0.027951
omega_z                   : 0.111803
LJsigma                   : 1
LJenEps                   : 1
LJalpha                   : 0.05
LJGaussian_loc_Ken_method : 0
rep_a_factor              : 0.0043
rep_strength              : inf
maxStrength               : 1
pre-optimization params   : [ 16, 0, 0 ]
param-optimization mask   : [ true, false, false ]
use_jsonParams            : true
json params               : [ 4.6, 0, 1.01 ]
-----------------------------------------
[ MONTE CARLO & OPTIMIZATION ENGINES ]
optimizer                 : NLOPT_BFGS
time Step                 : 0.1
Equilibr. Steps           : 500000
optimizationMCsteps       : 8000000
NLOPT_tol                 : 1e-05
Adam_lr                   : 0.01
Adam_nSteps               : 120
Adam_min_improvement      : 0.01
Adam_max_patience         : 20
varOpt_weight             : 0.05
Final MC Steps            : 2^27 (134217728)
-----------------------------------------
[ PARAMETER MESH ]
lower bounds              : [ 14, 0, 0 ]
upper bounds              : [ 18, 0, 0 ]
number of points          : [ 10, 1, 1 ]
Mesh MC Steps             : 2^23 (8388608)
-----------------------------------------
[ NEURAL NETWORK ]
Nhid                      : 10
Activation Func           : tanh
NN Learning Rate          : 0.05
Pretrain Steps            : 200
Energy Steps              : 1100
Adiab Steps               : 100
Adam_ktol                 : 0.99
max_patience              : 80
min_improvement           : 0.02
helpDecay                 : 0.4
-----------------------------------------
[ OBSERVABLES & MISC ]
1bodyDens. Steps          : 10000000
1bodyDens. rMax           : 5.5
1bodyDens. nBins          : 100
Seed                      : 0
=========================================
Called toggles            : [ true, true, true, true ]
=========================================

Initial parameters: 16, 	0, 	0, 	
Optimal parameters: 15.9998203, 	0, 	0, 	
VMC Optimization done (in 55.5337683 s).

FinalMC energy: 7.500040308e-02 +- 1.883133558e-11
Acceptance ratio: 9.077946618e-01
FinalMC done (in 69.8667086 s).

Blocking_0 energy: 7.500040273e-02 +- 4.673785139e-10
Blocking_1 energy: 7.500040314e-02 +- 4.636082133e-10
Blocking_2 energy: 7.500040348e-02 +- 4.545829690e-10
Blocking_3 energy: 7.500040298e-02 +- 4.587744635e-10
Blocking_4 energy: 7.500040315e-02 +- 4.712147715e-10
Blocking_5 energy: 7.500040343e-02 +- 4.529653870e-10
Blocking_6 energy: 7.500040300e-02 +- 4.568300569e-10
Blocking_7 energy: 7.500040229e-02 +- 4.545300654e-10
Blocking_8 energy: 7.500040242e-02 +- 4.764193527e-10
Blocking_9 energy: 7.500040395e-02 +- 4.510513078e-10
Blocking_10 energy: 7.500040264e-02 +- 4.715433026e-10
Blocking_11 energy: 7.500040298e-02 +- 4.383153127e-10
Blocking_12 energy: 7.500040298e-02 +- 4.587744635e-10
Blocking_13 energy: 7.500040389e-02 +- 4.670025796e-10
Blocking_14 energy: 7.500040266e-02 +- 4.438541375e-10
Blocking_15 energy: 7.500040355e-02 +- 4.628639168e-10
Final blocking energy: 7.500040308e-02 +- 1.148660602e-10
Blocking analysis done (in 1.20718498 s).

One-body density done (in 6.51276983 s).

Mesh plot done (in 54.1175169 s).

=========================================
