=========================================
               VMC RUN LOG               
=========================================
Date and time             : 2026-08-08 14:21:43
-----------------------------------------
[ SYSTEM & MODELS ]
Hamiltonian               : RepulsiveHO
WF Train Type             : EllipticGaussian
WaveFunction              : EllipticGaussian
Solver                    : MetropolisHastings
preferAnalytic            : true
-----------------------------------------
[ PHYSICAL PARAMETERS ]
dimensions (D)            : 3
particles (N)             : 1
omega                     : 1
omega_z                   : 2.8
LJsigma                   : 1
LJenEps                   : 5
LJalpha                   : 1
LJGaussian_loc_Ken_method : 0
rep_a_factor              : 0
rep_strength              : inf
maxStrength               : 1
pre-optimization params   : [ 0.4, 2.75 ]
param-optimization mask   : [ true, true ]
-----------------------------------------
[ MONTE CARLO & OPTIMIZATION ENGINES ]
time Step                 : 0.15
Equilibr. Steps           : 10000
BFGS MC Steps             : 1000000
BFGS_tol                  : 1e-05
Final MC Steps            : 2^23 (8388608)
-----------------------------------------
[ NEURAL NETWORK ]
Nhid                      : 10
Activation Func           : tanh
Learning Rate             : 0.05
Pretrain Steps            : 200
Energy Steps              : 1100
Adiab Steps               : 100
Adam_ktol                 : 0.99
max_patience              : 80
min_improvement           : 0.02
helpDecay                 : 0.4
-----------------------------------------
[ OBSERVABLES & MISC ]
1bodyDens. Steps          : 100000
1bodyDens. rMax           : 3.5
1bodyDens. nBins          : 50
Seed                      : 0
=========================================

Initial parameters: 0.4, 	2.75, 	
Optimal parameters: 0.50431451, 	2.76002708, 	
VMC Optimization done (in 2.99937383 s).

FinalMC energy: 2.400059750e+00 +- 4.944883769e-06
Acceptance ratio: 9.328786135e-01
FinalMC done (in 0.891872116 s).

Blocking_0 energy: 2.400087086e+00 +- 1.831565816e-05
Blocking_1 energy: 2.400042659e+00 +- 1.379018552e-05
Blocking_2 energy: 2.400028048e+00 +- 1.829724618e-05
Blocking_3 energy: 2.400081209e+00 +- 1.822938208e-05
Final blocking energy: 2.400059750e+00 +- 8.633988574e-06
Blocking analysis done (in 0.126766572 s).

One-body density done (in 0.036658692 s).

Mesh plot done (in 17.2595604 s).

=========================================
