=========================================
               VMC RUN LOG               
=========================================
Date and time             : 2026-08-09 15:04:17
-----------------------------------------
[ SYSTEM & MODELS ]
Hamiltonian               : LennardJonesHO
WF Train Type             : EllipticGaussian
WaveFunction              : LJGaussian
Solver                    : MetropolisHastings
preferAnalytic            : true
-----------------------------------------
[ PHYSICAL PARAMETERS ]
dimensions (D)            : 3
particles (N)             : 2
min_dist                  : 1
max_radius                : 10000
omega                     : 1
omega_z                   : 2.8
LJsigma                   : 0.5
LJenEps                   : 5
LJalpha                   : 1
LJGaussian_loc_Ken_method : 0
rep_a_factor              : 0.05
rep_strength              : inf
maxStrength               : 1
pre-optimization params   : [ 1, 0, 5 ]
param-optimization mask   : [ true, false, false ]
-----------------------------------------
[ MONTE CARLO & OPTIMIZATION ENGINES ]
time Step                 : 0.15
Equilibr. Steps           : 10000
BFGS MC Steps             : 1000000
BFGS_tol                  : 1e-05
Final MC Steps            : 2^23 (8388608)
-----------------------------------------
[ PARAMETER MESH ]
lower bounds              : [ 0.1, 0, 5 ]
upper bounds              : [ 1.5, 0, 5 ]
number of points          : [ 30, 1, 1 ]
Mesh MC Steps             : 2^18 (262144)
-----------------------------------------
[ NEURAL NETWORK ]
Nhid                      : 10
Activation Func           : tanh
Learning Rate             : 0.05
Pretrain Steps            : 200
Energy Steps              : 1100
Adiab Steps               : 100
Adam_ktol                 : 0.99
max_patience              : 80
min_improvement           : 0.02
helpDecay                 : 0.4
-----------------------------------------
[ OBSERVABLES & MISC ]
1bodyDens. Steps          : 100000
1bodyDens. rMax           : 3.5
1bodyDens. nBins          : 50
Seed                      : 0
=========================================

Initial parameters: 1, 	0, 	5, 	
Optimal parameters: 50, 	0, 	5, 	
VMC Optimization done (in 0.875992556 s).

FinalMC energy: 1.041092557e+10 +- 1.041066947e+10
Acceptance ratio: 9.999226332e-01
FinalMC done (in 3.95126 s).

Blocking_0 energy: 7.201166658e+04 +- 6.190429923e+04
Blocking_1 energy: 4.164269559e+10 +- 4.164267041e+10
Blocking_2 energy: 9.203066523e+05 +- 9.136587985e+05
Blocking_3 energy: 1.436884498e+04 +- 1.397414121e+04
Final blocking energy: 1.041092557e+10 +- 1.041066760e+10
Blocking analysis done (in 0.128987693 s).

One-body density done (in 0.066605597 s).

Mesh plot done (in 3.95886557 s).

=========================================
