=========================================
               VMC RUN LOG               
=========================================
Date and time             : 2026-08-08 18:22:47
-----------------------------------------
[ SYSTEM & MODELS ]
Hamiltonian               : LennardJonesHO
WF Train Type             : EllipticGaussian
WaveFunction              : LJGaussian
Solver                    : MetropolisHastings
preferAnalytic            : true
-----------------------------------------
[ PHYSICAL PARAMETERS ]
dimensions (D)            : 3
particles (N)             : 10
omega                     : 1
omega_z                   : 2.8
LJsigma                   : 1
LJenEps                   : 5
LJalpha                   : 1
LJGaussian_loc_Ken_method : 0
rep_a_factor              : 0.05
rep_strength              : inf
maxStrength               : 1
pre-optimization params   : [ 1, 1, 5 ]
param-optimization mask   : [ true, true, false ]
-----------------------------------------
[ MONTE CARLO & OPTIMIZATION ENGINES ]
time Step                 : 0.15
Equilibr. Steps           : 10000
BFGS MC Steps             : 10000
BFGS_tol                  : 1e-05
Final MC Steps            : 2^23 (8388608)
-----------------------------------------
[ NEURAL NETWORK ]
Nhid                      : 10
Activation Func           : tanh
Learning Rate             : 0.05
Pretrain Steps            : 200
Energy Steps              : 1100
Adiab Steps               : 100
Adam_ktol                 : 0.99
max_patience              : 80
min_improvement           : 0.02
helpDecay                 : 0.4
-----------------------------------------
[ OBSERVABLES & MISC ]
1bodyDens. Steps          : 100000
1bodyDens. rMax           : 3.5
1bodyDens. nBins          : 50
Seed                      : 0
=========================================

Initial parameters: 1, 	1, 	5, 	
Optimal parameters: 246.446459, 	3021.12293, 	5, 	
VMC Optimization done (in 1.4031896 s).

FinalMC energy: nan +- nan
Acceptance ratio: 0.000000000e+00
FinalMC done (in 37.9358964 s).

Blocking_0 energy: nan +- 1.276877688e-161
Blocking_1 energy: -1.180875064e+32 +- 8.379757755e+20
Blocking_2 energy: nan +- 1.276877688e-161
Blocking_3 energy: -2.618383874e+31 +- 5.275088762e+20
Final blocking energy: nan +- 2.475465884e+20
Blocking analysis done (in 0.130407421 s).

One-body density done (in 0.482279831 s).

Mesh plot done (in 16.7223231 s).

=========================================
