=========================================
               VMC RUN LOG               
=========================================
Date and time             : 2026-08-31 19:54:13
-----------------------------------------
[ SYSTEM & MODELS ]
Hamiltonian               : LennardJonesHO
WF Train Type             : LJGaussian
WaveFunction              : LJGaussian
Solver                    : SwappingMH
useUmrigarDrift           : true
preferAnalytic            : true
numberOfThreads           : 16
-----------------------------------------
[ PHYSICAL PARAMETERS ]
dimensions (D)            : 3
particles (N)             : 8
kinetic_factor            : 0.1
min_dist                  : 0.1
max_radius                : 10
omega                     : 0.111803
omega_z                   : 0.027951
LJsigma                   : 1
LJenEps                   : 1
LJalpha                   : 0.05
LJGaussian_loc_Ken_method : 0
rep_a_factor              : 0.0043
rep_strength              : inf
maxStrength               : 1
pre-optimization params   : [ 4.8, 1.12, 1 ]
param-optimization mask   : [ true, true, true ]
use_jsonParams            : true
json params               : [ 4.8579, 1.1174, 0.9481 ]
-----------------------------------------
[ MONTE CARLO & OPTIMIZATION ENGINES ]
optimizer                 : NLOPT_NELDERMEAD
log_grads                 : false
time Step                 : 0.1
Equilibr. Steps           : 500000
optimizationMCsteps       : 12000000
Final MC Steps            : 2^27 (134217728)
NLOPT_tol                 : 1e-05
Adam_lr                   : 0.03
Adam_nSteps               : 120
Adam_min_improvement      : 0.0001
Adam_max_patience         : 40
NelderMead first guess    : + [ 0.5, 0.05, 0.05 ]
varOpt_weight             : 0.05
LJ_request_Ekin           : false
log_blocking              : true
-----------------------------------------
[ PARAMETER MESH ]
lower bounds              : [ 4.3, 1.117, 0.95 ]
upper bounds              : [ 5.1, 1.117, 0.95 ]
number of points          : [ 10, 1, 1 ]
Mesh MC Steps             : 2^23 (8388608)
-----------------------------------------
[ NEURAL NETWORK ]
Nhid                      : 12
Activation Func           : tanh
NN Learning Rate          : 0.1
Pretrain Steps            : 1000
Energy Steps              : 4000
Adiab Steps               : 1500
Adam_ktol                 : 0.99
max_patience              : 50
min_improvement           : 0.02
helpDecay                 : 0.05
-----------------------------------------
[ OBSERVABLES & MISC ]
Normalize by nParticles   : true
calc_normalized_PCF       : true
PCF reference params      : [ 4, 0, 0 ]
1bodyDens. Steps          : 15000000
1bodyDens. rMax           : 9
1bodyDens. nBins          : 150
Seed                      : 0
=========================================
Called toggles            : [ false, true, false, false ]
=========================================

FinalMC energy: 7.096078262e-01 +- 5.780467102e-05
Acceptance ratio: 9.055130184e-01
FinalMC done (in 170.112493 s).

Blocking_0 energy: 7.098287867e-01 +- 7.238459722e-04
Blocking_1 energy: 7.107102786e-01 +- 7.389386623e-04
Blocking_2 energy: 7.093473594e-01 +- 7.582597577e-04
Blocking_3 energy: 7.102540154e-01 +- 6.879747306e-04
Blocking_4 energy: 7.092081836e-01 +- 8.645616755e-04
Blocking_5 energy: 7.095995543e-01 +- 6.815837182e-04
Blocking_6 energy: 7.107102786e-01 +- 7.389386623e-04
Blocking_7 energy: 7.084728700e-01 +- 7.565469791e-04
Blocking_8 energy: 7.091431327e-01 +- 7.600550434e-04
Blocking_9 energy: 7.090276463e-01 +- 7.055614470e-04
Blocking_10 energy: 7.095348583e-01 +- 7.074604265e-04
Blocking_11 energy: 7.101589257e-01 +- 7.220583939e-04
Blocking_12 energy: 7.100819130e-01 +- 7.461331731e-04
Blocking_13 energy: 7.082384540e-01 +- 7.428080741e-04
Blocking_14 energy: 7.099825713e-01 +- 7.222814544e-04
Blocking_15 energy: 7.094263919e-01 +- 7.048324473e-04
Final blocking energy: 7.096078262e-01 +- 1.840621752e-04
Blocking analysis done (in 1.20459454 s).

=========================================
