=========================================
               VMC RUN LOG               
=========================================
Date and time             : 2026-08-09 14:57:01
-----------------------------------------
[ SYSTEM & MODELS ]
Hamiltonian               : LennardJonesHO_noInteraction
WF Train Type             : EllipticGaussian
WaveFunction              : LJGaussian
Solver                    : MetropolisHastings
preferAnalytic            : true
-----------------------------------------
[ PHYSICAL PARAMETERS ]
dimensions (D)            : 3
particles (N)             : 4
min_dist                  : 1
max_radius                : 10000
omega                     : 1
omega_z                   : 2.8
LJsigma                   : 0.5
LJenEps                   : 5
LJalpha                   : 1
LJGaussian_loc_Ken_method : 0
rep_a_factor              : 0.05
rep_strength              : inf
maxStrength               : 1
pre-optimization params   : [ 1, 0, 5 ]
param-optimization mask   : [ true, false, false ]
-----------------------------------------
[ MONTE CARLO & OPTIMIZATION ENGINES ]
time Step                 : 0.15
Equilibr. Steps           : 10000
BFGS MC Steps             : 1000000
BFGS_tol                  : 1e-05
Final MC Steps            : 2^23 (8388608)
-----------------------------------------
[ PARAMETER MESH ]
lower bounds              : [ 0.02, 0, 5 ]
upper bounds              : [ 0.6, 0, 5 ]
number of points          : [ 50, 1, 1 ]
Mesh MC Steps             : 2^18 (262144)
-----------------------------------------
[ NEURAL NETWORK ]
Nhid                      : 10
Activation Func           : tanh
Learning Rate             : 0.05
Pretrain Steps            : 200
Energy Steps              : 1100
Adiab Steps               : 100
Adam_ktol                 : 0.99
max_patience              : 80
min_improvement           : 0.02
helpDecay                 : 0.4
-----------------------------------------
[ OBSERVABLES & MISC ]
1bodyDens. Steps          : 100000
1bodyDens. rMax           : 3.5
1bodyDens. nBins          : 50
Seed                      : 0
=========================================

Initial parameters: 1, 	0, 	5, 	
Optimal parameters: 0.500041359, 	0, 	5, 	
VMC Optimization done (in 16.7534527 s).

FinalMC energy: 3.000000110e+00 +- 3.466600877e-08
Acceptance ratio: 9.262208939e-01
FinalMC done (in 6.95830998 s).

Blocking_0 energy: 2.999999978e+00 +- 2.645455831e-07
Blocking_1 energy: 3.000000069e+00 +- 2.633618923e-07
Blocking_2 energy: 3.000000385e+00 +- 2.677279111e-07
Blocking_3 energy: 3.000000008e+00 +- 2.691958023e-07
Final blocking energy: 3.000000110e+00 +- 1.331090874e-07
Blocking analysis done (in 0.122282517 s).

=========================================
