=========================================
               VMC RUN LOG               
=========================================
Date and time             : 2026-08-09 16:39:16
-----------------------------------------
[ SYSTEM & MODELS ]
Hamiltonian               : LennardJonesHO
WF Train Type             : EllipticGaussian
WaveFunction              : LJGaussian
Solver                    : MetropolisHastings
preferAnalytic            : true
-----------------------------------------
[ PHYSICAL PARAMETERS ]
dimensions (D)            : 3
particles (N)             : 2
min_dist                  : 1
max_radius                : 1e+06
omega                     : 0.111803
omega_z                   : 0.027951
LJsigma                   : 1
LJenEps                   : 1
LJalpha                   : 1
LJGaussian_loc_Ken_method : 0
rep_a_factor              : 0.05
rep_strength              : inf
maxStrength               : 1
pre-optimization params   : [ 4, 1, 5 ]
param-optimization mask   : [ true, false, false ]
-----------------------------------------
[ MONTE CARLO & OPTIMIZATION ENGINES ]
time Step                 : 0.15
Equilibr. Steps           : 10000
BFGS MC Steps             : 1000000
BFGS_tol                  : 1e-05
Final MC Steps            : 2^23 (8388608)
-----------------------------------------
[ PARAMETER MESH ]
lower bounds              : [ 1, 1, 5 ]
upper bounds              : [ 21, 1, 5 ]
number of points          : [ 20, 1, 1 ]
Mesh MC Steps             : 2^19 (524288)
-----------------------------------------
[ NEURAL NETWORK ]
Nhid                      : 10
Activation Func           : tanh
Learning Rate             : 0.05
Pretrain Steps            : 200
Energy Steps              : 1100
Adiab Steps               : 100
Adam_ktol                 : 0.99
max_patience              : 80
min_improvement           : 0.02
helpDecay                 : 0.4
-----------------------------------------
[ OBSERVABLES & MISC ]
1bodyDens. Steps          : 100000
1bodyDens. rMax           : 3.5
1bodyDens. nBins          : 50
Seed                      : 0
=========================================

Initial parameters: 4, 	1, 	5, 	
Optimal parameters: 4.00090198, 	1, 	5, 	
VMC Optimization done (in 7.28158146 s).

FinalMC energy: 1.436326457e-01 +- 2.430533713e-04
Acceptance ratio: 9.879037142e-01
FinalMC done (in 2.79150931 s).

Blocking_0 energy: 1.419541089e-01 +- 1.008705677e-03
Blocking_1 energy: 1.423875889e-01 +- 9.986811791e-04
Blocking_2 energy: 1.465206262e-01 +- 3.444710235e-03
Blocking_3 energy: 1.436682589e-01 +- 1.669982569e-03
Final blocking energy: 1.436326457e-01 +- 1.020714260e-03
Blocking analysis done (in 0.116010836 s).

One-body density done (in 0.075369923 s).

Mesh plot done (in 3.77275721 s).

=========================================
