=========================================
               VMC RUN LOG               
=========================================
Date and time             : 2026-08-09 16:35:24
-----------------------------------------
[ SYSTEM & MODELS ]
Hamiltonian               : LennardJonesHO_noInteraction
WF Train Type             : EllipticGaussian
WaveFunction              : LJGaussian
Solver                    : MetropolisHastings
preferAnalytic            : true
-----------------------------------------
[ PHYSICAL PARAMETERS ]
dimensions (D)            : 3
particles (N)             : 2
min_dist                  : 1
max_radius                : 1e+06
omega                     : 0.027951
omega_z                   : 0.111803
LJsigma                   : 1
LJenEps                   : 1
LJalpha                   : 1
LJGaussian_loc_Ken_method : 0
rep_a_factor              : 0.05
rep_strength              : inf
maxStrength               : 1
pre-optimization params   : [ 2, 0, 5 ]
param-optimization mask   : [ true, false, false ]
-----------------------------------------
[ MONTE CARLO & OPTIMIZATION ENGINES ]
time Step                 : 0.15
Equilibr. Steps           : 10000
BFGS MC Steps             : 1000000
BFGS_tol                  : 1e-05
Final MC Steps            : 2^23 (8388608)
-----------------------------------------
[ PARAMETER MESH ]
lower bounds              : [ 3, 0, 5 ]
upper bounds              : [ 21, 0, 5 ]
number of points          : [ 18, 1, 1 ]
Mesh MC Steps             : 2^19 (524288)
-----------------------------------------
[ NEURAL NETWORK ]
Nhid                      : 10
Activation Func           : tanh
Learning Rate             : 0.05
Pretrain Steps            : 200
Energy Steps              : 1100
Adiab Steps               : 100
Adam_ktol                 : 0.99
max_patience              : 80
min_improvement           : 0.02
helpDecay                 : 0.4
-----------------------------------------
[ OBSERVABLES & MISC ]
1bodyDens. Steps          : 100000
1bodyDens. rMax           : 3.5
1bodyDens. nBins          : 50
Seed                      : 0
=========================================

Initial parameters: 2, 	0, 	5, 	
Optimal parameters: 15.9999041, 	0, 	5, 	
VMC Optimization done (in 6.28660416 s).

FinalMC energy: 3.750020158e-02 +- 6.504101222e-12
Acceptance ratio: 9.995996952e-01
FinalMC done (in 3.71872611 s).

Blocking_0 energy: 3.750020145e-02 +- 1.887756847e-10
Blocking_1 energy: 3.750020126e-02 +- 1.789633888e-10
Blocking_2 energy: 3.750020158e-02 +- 1.798694118e-10
Blocking_3 energy: 3.750020204e-02 +- 1.700568079e-10
Final blocking energy: 3.750020158e-02 +- 8.976931439e-11
Blocking analysis done (in 0.118245837 s).

One-body density done (in 0.066304777 s).

Mesh plot done (in 4.21061993 s).

=========================================
