=========================================
               VMC RUN LOG               
=========================================
Date and time             : 2026-08-21 18:26:50
-----------------------------------------
[ SYSTEM & MODELS ]
Hamiltonian               : LennardJonesHO
WF Train Type             : EllipticGaussian
WaveFunction              : LJGaussian
Solver                    : SwappingMH
useUmrigarDrift           : true
preferAnalytic            : true
numberOfThreads           : 16
-----------------------------------------
[ PHYSICAL PARAMETERS ]
dimensions (D)            : 3
particles (N)             : 8
kinetic_factor            : 0.1
min_dist                  : 0.1
max_radius                : 10
omega                     : 0.027951
omega_z                   : 0.111803
LJsigma                   : 1
LJenEps                   : 1
LJalpha                   : 0.05
LJGaussian_loc_Ken_method : 0
rep_a_factor              : 0.0043
rep_strength              : inf
maxStrength               : 1
pre-optimization params   : [ 16, 1.1, 1 ]
param-optimization mask   : [ true, true, true ]
use_jsonParams            : true
json params               : [ 8, 1.16283293, 1.16611027 ]
-----------------------------------------
[ MONTE CARLO & OPTIMIZATION ENGINES ]
optimizer                 : NLOPT_NELDERMEAD
time Step                 : 0.1
Equilibr. Steps           : 500000
optimizationMCsteps       : 8000000
NLOPT_tol                 : 1e-05
Adam_lr                   : 0.04
Adam_nSteps               : 200
Adam_min_improvement      : 0.01
Adam_max_patience         : 20
varOpt_weight             : 0.05
Final MC Steps            : 2^27 (134217728)
-----------------------------------------
[ PARAMETER MESH ]
lower bounds              : [ 12, 1, 0.75 ]
upper bounds              : [ 17, 1.3, 1.25 ]
number of points          : [ 10, 5, 5 ]
Mesh MC Steps             : 2^23 (8388608)
-----------------------------------------
[ NEURAL NETWORK ]
Nhid                      : 10
Activation Func           : tanh
NN Learning Rate          : 0.05
Pretrain Steps            : 200
Energy Steps              : 1100
Adiab Steps               : 100
Adam_ktol                 : 0.99
max_patience              : 80
min_improvement           : 0.02
helpDecay                 : 0.4
-----------------------------------------
[ OBSERVABLES & MISC ]
Normalize by nParticles   : 0
1bodyDens. Steps          : 10000000
1bodyDens. rMax           : 5.5
1bodyDens. nBins          : 100
Seed                      : 0
=========================================
Called toggles            : [ true, true, true, true ]
=========================================

Initial parameters: 16, 	1.1, 	1, 	
Optimal parameters: 16.1426505, 	1.11918403, 	0.955873843, 	
VMC Optimization done (in 1114.23216 s).

FinalMC energy: 1.525717271e-01 +- 2.658301457e-05
Acceptance ratio: 9.015936926e-01
FinalMC done (in 178.552943 s).

Blocking_0 energy: 1.523352153e-01 +- 3.093266884e-04
Blocking_1 energy: 1.528005928e-01 +- 2.762569482e-04
Blocking_2 energy: 1.523726095e-01 +- 4.486693405e-04
Blocking_3 energy: 1.525528269e-01 +- 2.858921118e-04
Blocking_4 energy: 1.532328153e-01 +- 2.479237540e-04
Blocking_5 energy: 1.523067286e-01 +- 3.621187292e-04
Blocking_6 energy: 1.525105111e-01 +- 3.007238584e-04
Blocking_7 energy: 1.524899438e-01 +- 2.962795604e-04
Blocking_8 energy: 1.527939510e-01 +- 2.713044746e-04
Blocking_9 energy: 1.526050183e-01 +- 2.848507826e-04
Blocking_10 energy: 1.523305434e-01 +- 3.567434780e-04
Blocking_11 energy: 1.525659997e-01 +- 3.088870020e-04
Blocking_12 energy: 1.524899438e-01 +- 2.962795604e-04
Blocking_13 energy: 1.527983385e-01 +- 2.765629758e-04
Blocking_14 energy: 1.527355835e-01 +- 2.578908190e-04
Blocking_15 energy: 1.522270118e-01 +- 4.105814134e-04
Final blocking energy: 1.525717271e-01 +- 7.912185424e-05
Blocking analysis done (in 1.09702524 s).

One-body density done (in 11.232739 s).

Mesh plot done (in 3436.98142 s).

=========================================
